Apparel
Backhand
Balance
Base position
Birdie
BWF
Badminton World Federation
Central position
Challenge
Chasse steps
Clear shot
Court
Drill
Drop shot
Deceptive shot
Defense shot
Drive shot
Doubles
Equipment
Fault
Feather
Footwork
Forehand
Game
Grip
Hand signals
handle
Racket head
Racket handle
Jump smash shot
Kit bag
Line
Line judge
Mat
Match
Mixed doubles
Net
Net shot
Net lift shot
Net kill shot
Net brush shot
Official
Overgrip
Pressure movement
Post or pole
PU overgrip
polyurethane overgrip
Rally
Referee
Racket
Ready position
Running steps
Score
Service
Low service
High service
Service judge
Racket shaft
Shuttle
Shuttlecock
Feathered shuttle
Non-feathered shuttle
Shot
Singles
Racket string
Stroke
Split-step
Smash shot
Strategy
kit bag strap
Shadow drill
Trick shot
racket throat
Towel overgrip
Tactic
Umpire
Undergrip
Waiting position
ace
backcourt
baseline
bird
carry
centre line
forecourt
home position
kill shot
let
lob
passing shot
push shot
racquet
rearcourt
serve
service court
short serve
smash
wood shot