Khadija Abbouda
Abbouda
Soha Abed Elaal
Abed
Elaal
Abed Elaal 
Andrey Viktorovich Abramov
Viktorovich
Abramov
Viktorovich Abramov 
Najmeh Abtin
Abtin
Judith C. "Judi" Adams
Adams
Maureen Adams
Adams
Joanna Jane Agius
Jane
Agius
Jane Agius 
Carolina Aguirre Giraldo
Aguirre
Giraldo
Aguirre Giraldo 
zdemir Akbal
Akbal
Yoshiko Akiyama
Akiyama
Johannes "Johs" Akkerhaugen
Akkerhaugen
Faisal Abdullah AlBasam
Abdullah
Al-Basam
Abdullah Al-Basam 
Mansour Soud AlHamad
Soud
Al-Hamad
Soud Al-Hamad 
Adel Mohamed AlJabrin
Mohamed
Al-Jabrin
Mohamed Al-Jabrin 
Rand Saad Mahmood AlMashhadani
Mahmood
Al-Mashhadani
Mahmood Al-Mashhadani 
Ramn Aldea
Aldea
Giovanna Aldegani
Aldegani
Tjoeij Lin Alienilin
Lin
Alienilin
Lin Alienilin 
Alphonse Allaert
Allaert
Wanda Marie AllanSadegur
Marie
Allan-Sadegur
Marie Allan-Sadegur 
Jos Rubn Almanzor Martnez
Almanzor
Martnez
Almanzor Martnez 
Elif Altnkaynak
Altnkaynak
Luis Antonio lvarez Murillo
lvarez
Murillo
lvarez Murillo 
Miguel Alvario Garca
Alvario
Garca
Alvario Garca 
Ampol Amaluktipituk
Amaluktipituk
Yasemin Ecem Anagz
Ecem
Anagz
Ecem Anagz 
Jos Andrs Anchondo Garca
Anchondo
Garca
Anchondo Garca 
Herluf Juhl Andersen
Juhl
Andersen
Juhl Andersen 
Jonas Lennart Andersson
Lennart
Andersson
Lennart Andersson 
Agneta Liselotte "Lisa" Andersson
Andersson
David J. Anear
Anear
J. Anear 
Serhiy Antonov
Antonov
Mohamad Khairul Anuar
Khairul
Anuar
Khairul Anuar 
Shehzana Anwar
Anwar
Gertrude Appleyard Tuppen
Appleyard
Zlia Mensch Kempner Arci
Kempner
Arci
Kempner Arci 
Ismely Arias Castillo
Arias
Castillo
Arias Castillo 
Ethel Isabel Armitage MacLaren
Armitage
Virginie Arnold
Arnold
Loedmila Arzjannikova
Arzjannikova
Mayumi Asano
Asano
Charles Aubras
Aubras
Miika Juha Ilmari Aulio
Ilmari
Aulio
Ilmari Aulio 
Izzet Avc
Avc
Rafel Aveleyra
Aveleyra
Mariana Avitia Martnez
Avitia
Martnez
Avitia Martnez 
Jorge Azevedo
Azevedo
Ba Yongshan
Yongshan
Ellen Mabel Liederskron Babington Horne
Babington
Robert Ormston Backhouse
Ormston
Backhouse
Ormston Backhouse 
Christa Maria Bckman
Maria
Bckman
Maria Bckman 
Bair Dorzhiyevich Badyonov
Dorzhiyevich
Badyonov
Dorzhiyevich Badyonov 
Andr Baeyens
Baeyens
Richard Henry BagnallOakeley
Henry
Bagnall-Oakeley
Henry Bagnall-Oakeley 
Lamia AlBahnasawy
Al-Bahnasawy
Boris Bal
Bal
Istvn Balzs
Balzs
Laurence Baldauff
Baldauff
Marcel Balthasar
Balthasar
Paul Bamber
Bamber
Dola Banerjee
Banerjee
Rahul Banerjee
Banerjee
Anastasiya Aleksandrovna Bannova
Aleksandrovna
Bannova
Aleksandrovna Bannova 
Elisa Barnard
Barnard
David Paul Barnes
Paul
Barnes
Paul Barnes 
Jack Leonard "Jay" Barrs, Jr.
Barrs,
Jr.
Barrs, Jr. 
Manfred Barth
Barth
Ana Gabriela Bayardo Chan
Bayardo
Chan
Bayardo Chan 
MarieJose Bazin
Bazin
MariePier Beaudet
Beaudet
douard Beaudoin, Jr.
Beaudoin,
Jr.
Beaudoin, Jr. 
Maureen Kay Bechdolt Detro
Bechdolt
ngel Bello
Bello
Viktoriya Vladimirovna Beloslyudtseva
Vladimirovna
Beloslyudtseva
Vladimirovna Beloslyudtseva 
Edgardo R. Berdeguer
Berdeguer
R. Berdeguer 
Tetiana Mykolavna Berezhna
Mykolavna
Berezhna
Mykolavna Berezhna 
Kerstin AnnaLisa Berglund
Anna-Lisa
Berglund
Anna-Lisa Berglund 
Andrei Berki
Berki
Henri Berton
Berton
Nataliya Valentynivna Bilukha
Valentynivna
Bilukha
Valentynivna Bilukha 
Iliana Biridakis
Biridakis
Mihai Brzu
Brzu
Bishindeegiin Urantungalag
Urantungalag
Ronald Proctor "Ron" Bishop
Bishop
Matteo Bisiani
Bisiani
Christine Louise Bjerendal
Louise
Bjerendal
Louise Bjerendal 
Gert Sture Bjerendal
Sture
Bjerendal
Sture Bjerendal 
Gran Melker Bjerendal
Melker
Bjerendal
Melker Bjerendal 
Pierre Blacks
Blacks
Christopher John Blake
John
Blake
John Blake 
Mark A. Blenkarne
Blenkarne
A. Blenkarne 
Sherry Lynn Block Bryant
Block
Ernesto Horacio Boardman Lpez
Boardman
Lpez
Boardman Lpez 
Lucilla Boari
Boari
Adelaide Harriet Matilda BoddamWhetham Manning
Boddam-Whetham
Alexandru Bodnar
Bodnar
Nataliya Dugarnimayevna Bolotova
Dugarnimayevna
Bolotova
Dugarnimayevna Bolotova 
Sverine Bonal
Bonal
Jill Brresen
Brresen
Alf Olov Egil "Olle" Bostrm
Bostrm
Andr Spatz Braun
Spatz
Braun
Spatz Braun 
Aurora Gonzala Bretn Gmez
Bretn
Gmez
Bretn Gmez 
Marisol Bretn Lpez
Bretn
Lpez
Bretn Lpez 
Deonne Ellen Bridger
Ellen
Bridger
Ellen Bridger 
John Henry Bridges
Henry
Bridges
Henry Bridges 
Leidys Milagros Brito
Milagros
Brito
Milagros Brito 
Reginald BrooksKing
Brooks-King
Mackenzie Brown
Brown
Edward Malcolm Bruce
Malcolm
Bruce
Malcolm Bruce 
Julien Louis Brul
Louis
Brul
Louis Brul 
Alan Bryant
Bryant
George Philip "Phil" Bryant
Bryant
Wallace Bryant
Bryant
Martin Bul
Bul
Agata Bulwa
Bulwa
Yehya Bundhun
Bundhun
Nataliya Andrivna Burdeina
Andrivna
Burdeina
Andrivna Burdeina 
Vreny Burger
Burger
Charlotte Burgess
Burgess
John David "J. D." Burnes
Burnes
Ursula Bschking Dannowski
Bschking
Omar Bustani Barrientos
Bustani
Barrientos
Bustani Barrientos 
Nataliya Anatolyevna Butuzova
Anatolyevna
Butuzova
Anatolyevna Butuzova 
Charles Gustave Cabaret
Gustave
Cabaret
Gustave Cabaret 
Luis Francis Mendiola Cabral
Mendiola
Cabral
Mendiola Cabral 
Rachel Anne Cabral
Anne
Cabral
Anne Cabral 
Sylvain Cadieux
Cadieux
Dorothy Cadman Sharpe, WingateSaul
Yssica Camilo Gonzlez
Camilo
Gonzlez
Camilo Gonzlez 
Bernard Wilhelmus Leonard "Berny" Camps
Camps
Marina Canetta Gobbi
Canetta
Gobbi
Canetta Gobbi 
Denis Canuel
Canuel
Cao Hui
Hui
Franca Capetta Birsioli
Capetta
Amos Burr Casselman
Burr
Casselman
Burr Casselman 
Jennifer Germaine Dy Chan
Chan
Dy Chan 
Chan Siu Yuk
Siu
Yuk
Siu Yuk 
Chang HyeJin
Hye-Jin
Jorge Pablo Chapoy Bosque
Chapoy
Bosque
Chapoy Bosque 
Chen LiJu
Li-Ju
Chen Ling
Ling
Chen SzuYuan
Szu-Yuan
Chen YuCheng
Yu-Cheng
Vladimir Andreyevich Chendarov
Andreyevich
Chendarov
Andreyevich Chendarov 
Cheng Chu Sian
Chu
Sian
Chu Sian 
Cheng Ming
Ming
Karma Chhoden
Chhoden
Aurora Eugenia Chin
Eugenia
Chin
Eugenia Chin 
Chin ChiuYueh
Chiu-Yueh
Chiu PingKun
Ping-Kun
Cho ShengLing
Sheng-Ling
Cho YunJeong
Yun-Jeong
Tshering Choden
Choden
Choe OkSil
Ok-Sil
Choi HyeonJu
Hyeon-Ju
Choi MiSun
Mi-Sun
Choi WonTae
Won-Tae
Carina Rosenvinge Christiansen
Rosenvinge
Christiansen
Rosenvinge Christiansen 
Sonam Chuki
Chuki
William A. Clark
Clark
A. Clark 
Edmond Cloetens
Cloetens
Charles Hutton Coates
Hutton
Coates
Hutton Coates 
Robert Cogniaux
Cogniaux
James "Jim" Conroy
Conroy
Alain Convard
Convard
Patricia "Pat" Conway
Conway
Emma C. Cooke
Cooke
C. Cooke 
Geoffrey Cornewall
Cornewall
Gilles Cresto
Cresto
Timothy John "Tim" Cuddihy
Cuddihy
Elias Miguel Cuesta Cobo
Cuesta
Cobo
Cuesta Cobo 
Brenda Cuming
Cuming
Pieter Johan Jozef Maria Custers
Maria
Custers
Maria Custers 
Ida Da Poian Stiz
Poian
Manuela Dachner
Dachner
Miroslava Danzanovna Dagbayeva
Danzanovna
Dagbayeva
Danzanovna Dagbayeva 
Danahuri Dahliana
Dahliana
Dai Xiaoxiang
Xiaoxiang
Niels Dall
Dall
Cyrus Edwin Dallin
Edwin
Dallin
Edwin Dallin 
Jozef "Jos" Daman
Daman
Hamdiah Damanhuri
Damanhuri
Pierrette Dame
Dame
Dhulchand Damor
Damor
Lucas Daniel
Daniel
Atanu Das
Das
Tuyana Norpolovna Dashidorzhiyeva
Norpolovna
Dashidorzhiyeva
Norpolovna Dashidorzhiyeva 
Albert Dauchez
Dauchez
Areneo David
David
Doris Elinor Day Philips
Day
Marcus Vincius Carvalho Lopes D'Almeida
Lopes
D'Almeida
Lopes D'Almeida 
Petrus Godefridus "Piet" de Brouwer
Brouwer
de Brouwer 
Jocelyn de Grandis
Grandis
de Grandis 
Mara Francisca de Gutirrez
Gutirrez
de Gutirrez 
Edmond De Knibber
Knibber
De Knibber 
Patrick De Koning
Koning
De Koning 
JeanLouis S. de la Croix
Croix
la Croix 
Jrme De Mayer
Mayer
De Mayer 
Ana de Sousa
Sousa
de Sousa 
Silvia de Tapia
Tapia
de Tapia 
Zahra Dehghan Abnavi
Dehghan
Abnavi
Dehghan Abnavi 
Louis Delcon
Delcon
Dorji Dema
Dema
Denet
Daniel Desnoyers
Desnoyers
Laishram Bombayla Devi
Bombayla
Devi
Bombayla Devi 
Giuseppina Di Blasi
Blasi
Di Blasi 
Ilario Di Bu
Di Bu 
Asmat Diasamidze
Diasamidze
Mitch Dielemans
Dielemans
Nathalie Dielen
Dielen
Marie LiseLotte Djerf Svensson
Djerf
Rafa Dobrowolski
Dobrowolski
Charlotte "Lottie" Dod
Dod
William Dod
Dod
Sophie Dodmont
Dodmont
Jitka Dolej
Dolej
Doljingiin Demberel
Demberel
Terene Eva "Terry" Donovan
Donovan
Skalzang Dorje
Dorje
Thinley Dorji
Dorji
Dorjsembeegiin Erdenchimeg
Erdenchimeg
Tetiana Mykolavna Dorokhova
Mykolavna
Dorokhova
Mykolavna Dorokhova 
Ane Marcelle Gomes dos Santos
dos
Santos
dos Santos 
Gerard Douis
Douis
Jacques Doyen
Doyen
Druart, Jr.
Jr.
Crispin Nataniel Duenas
Nataniel
Duenas
Nataniel Duenas 
Scott Dumbrell
Dumbrell
Duoji Qiuyun
Qiuyun
Emilio Renato Dutra e Mello
Mello
e Mello 
Samuel Harding Duvall
Harding
Duvall
Harding Duvall 
Sultan Duzelbayev
Duzelbayev
Adrienne Cornelia "Janet" Dykman
Dykman
Iwona DzicioMarcinkiewicz
Dzicio-Marcinkiewicz
Peter Charles Ebden
Charles
Ebden
Charles Ebden 
Juan Carlos Echavarra Dueas
Echavarra
Dueas
Echavarra Dueas 
Mara Victoria Echavarra Dueas
Echavarra
Dueas
Echavarra Dueas 
Benita Jean Edds
Jean
Edds
Jean Edds 
zcan Ediz
Ediz
Pauline Mary Edwards
Mary
Edwards
Mary Edwards 
Riau Ega Agatha
Ega
Agatha
Ega Agatha 
Elif Eki
Eki
Huriye Eki
Eki
Ali Saleh ElGhrari
Saleh
El-Ghrari
Saleh El-Ghrari 
Ahmed Mahmud Muhammad Saleh ElNemr
Saleh
El-Nemr
Saleh El-Nemr 
Robert "Rob" Elder
Elder
Edwin Murry "Ed" Eliason
Eliason
Brady Lee Ellison
Lee
Ellison
Lee Ellison 
Thodore Lon Epin
Lon
Epin
Lon Epin 
Vedat Erbay
Erbay
Nataliya Konstantinovna Erdyniyeva
Konstantinovna
Erdyniyeva
Konstantinovna Erdyniyeva 
Kemal Erer
Erer
Yusuf Gktu Ergin
Gktu
Ergin
Gktu Ergin 
Petra Sofie Ericsson
Sofie
Ericsson
Sofie Ericsson 
Mattias Eriksson
Eriksson
Niklas Eriksson
Eriksson
Kerem Ers
Ers
Kristine Esebua
Esebua
Lynne Avril Evans Thomas
Evans
Elmer Ewert
Ewert
Neroli Susan Fairhall
Susan
Fairhall
Susan Fairhall 
Kate Fairweather Schmidt
Fairweather
Simon John Fairweather
John
Fairweather
John Fairweather 
Ismo Kalevi Falck
Kalevi
Falck
Kalevi Falck 
Fang Yuting
Yuting
Paola Fantato
Fantato
Thomas Faucheron
Faucheron
Albert Pascal Fauvel
Pascal
Fauvel
Pascal Fauvel 
Jackson Campbell Fear
Campbell
Fear
Campbell Fear 
Alexandra Jane "Lexie" Feeney
Feeney
Bruno Felipe
Felipe
Feng Zemin
Zemin
Rachel Dorothy Mary Fenwick Atwell
Fenwick
Antonio Fernndez Fernndez
Fernndez
Fernndez
Fernndez Fernndez 
Teresa Fernndez Surez
Fernndez
Surez
Fernndez Surez 
Giancarlo Ferrari
Ferrari
Victor Louis Fierens
Louis
Fierens
Louis Fierens 
Jasmin Lanaran Figueroa
Lanaran
Figueroa
Lanaran Figueroa 
mile Lon Fisseux
Lon
Fisseux
Lon Fisseux 
Franck Fisseux
Fisseux
Firmin Flamand
Flamand
Florian Floto
Floto
Sbastien Flte
Flte
Fok Ming Shan
Ming
Shan
Ming Shan 
Naomi Anne Folkard
Anne
Folkard
Anne Folkard 
Mrs. C. Priestley Foster
Priestley
Foster
Priestley Foster 
Alexandra Fouace
Fouace
Emmanuel Foulon
Foulon
Irene Franchini
Franchini
Claude Franclet
Franclet
Michele Frangilli
Frangilli
Michael Frankenberg
Frankenberg
Joanne Marie FranksEdens
Marie
Franks-Edens
Marie Franks-Edens 
Edward Williston Frentz
Williston
Frentz
Williston Frentz 
Herrad Frey
Frey
Romeo Frigo
Frigo
Fu Shengjun
Shengjun
Reiko Fujita
Fujita
Fung Yik
Yik
Terushi Furuhashi
Furuhashi
Takaharu Furukawa
Furukawa
Christine Gabillard
Gabillard
Willi Gabriel
Gabriel
JoAnn Galbraith
Galbraith
Marco Galiazzo
Galiazzo
Galinard
Margarita Viktorovna "Rita" Galinovskaya
Galinovskaya
Almudena Gallardo Vicente
Gallardo
Vicente
Gallardo Vicente 
Galsangiin Byambaa
Byambaa
Edward G. "Ed" Gamble
Gamble
Denis Pavlovich Gankin
Pavlovich
Gankin
Pavlovich Gankin 
Emma Vasilyevna Gapchenko
Vasilyevna
Gapchenko
Vasilyevna Gapchenko 
Armin Garnreiter
Garnreiter
Zach Garrett
Garrett
Nadia Gautschi
Gautschi
Mete Gazoz
Gazoz
Rusena Gelanteh
Gelanteh
Jacek Gilewski
Gilewski
Peter J. Gillam
Gillam
J. Gillam 
Romain Girouille
Girouille
Louis Edouard Albert Glineur
Albert
Glineur
Albert Glineur 
Laurence Paul "Larry" Godfrey
Godfrey
Jeannette GoergenPhilip
Goergen-Philip
Gombosrengiin Enkhtaivan
Enkhtaivan
Adolfo Gonzlez Jimenez
Gonzlez
Jimenez
Gonzlez Jimenez 
Luis Gerardo Gonzlez Vsquez
Gonzlez
Vsquez
Gonzlez Vsquez 
Angela Goodall Oakley
Goodall
Iria Grandal Garca
Grandal
Garca
Grandal Garca 
Mary Grant Luding
Grant
Matthew Scott Gray
Scott
Gray
Scott Gray 
Hazel GreenePereira
Greene-Pereira
Grant Brian Greenham
Brian
Greenham
Brian Greenham 
Eugne Franois Grisot
Franois
Grisot
Franois Grisot 
Bertil Martinius Grov
Martinius
Grov
Martinius Grov 
mile Grumiaux
Grumiaux
Gu JaCheong
Ja-Cheong
Gu Xuesong
Xuesong
Asencin Guerra Gonzlez
Guerra
Gonzlez
Guerra Gonzlez 
Emanuele Guidi
Guidi
Damla Gnay
Gnay
Guo Dan
Dan
Doris Haas
Haas
Frantiek Hada
Hada
Steven Leslie Hallard
Leslie
Hallard
Leslie Hallard 
Yuji Hamano
Hamano
Martin Hmor
Hmor
gnes Hamvas
Hamvas
Han SeungHun
Seung-Hun
Han SunHi
Sun-Hi
Lilies Handayani
Handayani
Keith Hanlon
Hanlon
Astrid Hnschen
Hnschen
Hao Wei
Wei
Gary Lee Hardinges
Lee
Hardinges
Lee Hardinges 
Thomas Hardmeier
Hardmeier
Christine Harris
Harris
Sylvia Harris
Harris
Calvin Norris Hartley
Norris
Hartley
Norris Hartley 
Matti Hatava
Hatava
Nami Hayakawa
Hayakawa
Ren Hayakawa
Hayakawa
Yuki Hayashi
Hayashi
Kamaruddin Haziq
Haziq
He Ying
Ying
Robert Walker Heathcote
Walker
Heathcote
Walker Heathcote 
Olivier Heck
Heck
Josephus Heerkens
Heerkens
Minna Kaarina Heinonen Koivisto
Heinonen
Joanna Helbin Pawlik
Helbin
Henri Hyacinthe Helle
Hyacinthe
Helle
Hyacinthe Helle 
Jeff Henckels
Henckels
Leanda Hendricks
Hendricks
Nico Hendrickx
Hendrickx
Lina Herasymenko
Herasymenko
JeanPierre Hritier
Hritier
Joseph Hermans
Hermans
Henri Louis Hrouin, Sr.
Hrouin,
Sr.
Hrouin, Sr. 
Ursula Hess
Hess
WencheLin Mobergslien Hess
Mobergslien
Hess
Mobergslien Hess 
Franciscus Hexspoor
Hexspoor
Seiji Hibino
Hibino
Nathalie Hibon
Hibon
Beatrice Geraldine HillLowe Ruxton, Thompson
Anja Hitzler
Hitzler
Juan Carlos Holgado Romero
Holgado
Romero
Holgado Romero 
Dora Honnywill Neve
Honnywill
Barbora Horkov
Horkov
Matilda "Lida" Howell Scott
Howell
Dmytro Olehovych Hrachov
Olehovych
Hrachov
Olehovych Hrachov 
Hsieh ShengFeng
Sheng-Feng
Htwe San Yu
San
San Yu 
Hu PeiWen
Pei-Wen
Charles Randolph Hubbard
Randolph
Hubbard
Randolph Hubbard 
Justin Grant Huish
Grant
Huish
Grant Huish 
Karen Hultzer
Hultzer
Jan Erik Humlekjr
Erik
Humlekjr
Erik Humlekjr 
Lars Erik Humlekjr
Erik
Humlekjr
Erik Humlekjr 
Scott HunterRussell
Hunter-Russell
Patrick Huston
Huston
Martina Hyde
Hyde
Yukiko Ikeda
Ikeda
Im DongHyeon
Dong-Hyeon
Im HuiSik
Hui-Sik
Alice Ingley
Ingley
Cristina Ioriatti
Ioriatti
Boris Valentinovich Isachenko
Valentinovich
Isachenko
Valentinovich Isachenko 
Hiroko Ishizu
Ishizu
Yu Ishizu
Ishizu
Ivan Yotov Ivanov
Yotov
Ivanov
Yotov Ivanov 
Gun Ylva Marianne Ivarsson Haglund
Ivarsson
Markiyan Volodymyrovych Ivashko
Volodymyrovych
Ivashko
Volodymyrovych Ivashko 
Beata Iwanek Rozwd
Iwanek
Donald Arthur "Don" Jackson
Jackson
Arne Erik Jacobsen
Erik
Jacobsen
Erik Jacobsen 
Jan Jacobsen
Jacobsen
Maja Buskbjerg Jager
Buskbjerg
Jager
Buskbjerg Jager 
Harold Vaughan James
Vaughan
James
Vaughan James 
Jang SunYong
Sun-Yong
Jang YongHo
Yong-Ho
Jantsangiin Gantgs
Gantgs
Jargalyn Otgon
Otgon
Mark Pinlli Javier
Pinlli
Javier
Pinlli Javier 
Sameer Ahmad Jawdat
Ahmad
Jawdat
Ahmad Jawdat 
Youssef Ahmad Jawdat
Ahmad
Jawdat
Ahmad Jawdat 
Oscar Jay
Jay
Melissa Jennison Morgan
Jennison
Hans Arne Jensen
Arne
Jensen
Arne Jensen 
Jeon InSu
In-Su
Jeong JaeHeon
Jae-Heon
Gunnar Jervill
Jervill
Jiang Lin
Lin
Manuel Francisco Jimnez Taravilla
Jimnez
Taravilla
Jimnez Taravilla 
Egil Borgen Johansen
Borgen
Johansen
Borgen Johansen 
Svea MajBritt Johansson
Maj-Britt
Johansson
Maj-Britt Johansson 
Richard Andrew "Butch" Johnson
Johnson
Faye Barbara Lillian Johnstone
Lillian
Johnstone
Lillian Johnstone 
Alfonso Jones Kleiner
Jones
Kleiner
Jones Kleiner 
Carina Margareta Jonsson Sundstrm
Jonsson
Joo HyunJung
Hyun-Jung
Patrick Jopp
Jopp
Ju ChunSam
Chun-Sam
Jubzang Jubzang
Jubzang
Carita AnnMarie Jussila
Ann-Marie
Jussila
Ann-Marie Jussila 
Amornrat Kaewphaitoon
Kaewphaitoon
Detlef Kahlert
Kahlert
Hiroshi Kajikawa
Kajikawa
Georgios Kalogiannidis
Kalogiannidis
Nada Mamaduh Diyab Kamel
Diyab
Kamel
Diyab Kamel 
Jacob Robert "Jake" LindeKaminski 
Linde-Kaminski
Albina Kamoliddinova
Kamoliddinova
Kang UnJu
Un-Ju
Miki Kanie
Kanie
Kao HaoWen
Hao-Wen
Alexandros Karageorgiou
Karageorgiou
Anna Anatolyevna Karasyova
Anatolyevna
Karasyova
Anatolyevna Karasyova 
Karma
Kaori Kawanaka
Kawanaka
Yukari Kawasaki
Kawasaki
Sayoko KawauchiKitabatake
Kawauchi-Kitabatake
Linda Kazienko
Kazienko
Charles John Perry Keene
Perry
Keene
Perry Keene 
Zekiye Keskin atr
Keskin
atr
Keskin atr 
Benjamin F. Keys
Keys
F. Keys 
John Bunyan Keyworth
Bunyan
Keyworth
Bunyan Keyworth 
Wan Mohd Khalmizam Wan Abd Aziz
Abd
Aziz
Abd Aziz 
Yavor Vasilev Khristov
Vasilev
Khristov
Vasilev Khristov 
Ki BoBae
Bo-Bae
Petko Kichev
Kichev
Hideki Kikuchi
Kikuchi
Kim BoRam
Bo-Ram
Kim BubMin
Bub-Min
Kim CheongTae
Cheong-Tae
Kim GyeJong
Gye-Jong
Kim GyeongUk
Gyeong-Uk
Kim HoGyu
Ho-Gyu
Kim HyangMin
Hyang-Min
Kim JinHo
Jin-Ho
Kim JoSun
Jo-Sun
Kim JongHwa
Jong-Hwa
Kim NamSun
Nam-Sun
HaNeul "Sky" Kim
Kim
Kim SuNyeong
Su-Nyeong
Kim WooJin
Woo-Jin
Katrina Jane "Trena" King De Steven
Tmea Kiss
Kiss
Kyoko Kitahara
Kitahara
Raul Kivilo
Kivilo
Katarzyna Klata Kowalska
Klata
Kinue Kodama
Kodama
Misato Koide
Koide
Peter Koprivnikar
Koprivnikar
Edyta Anna Korotkin
Anna
Korotkin
Anna Korotkin 
Ren Philippe Kouassi
Philippe
Kouassi
Philippe Kouassi 
Judit Kovcs
Kovcs
Viktoriya Oleksandrivna Koval
Oleksandrivna
Koval
Oleksandrivna Koval 
Valentyna Ivanivna Kovpan
Ivanivna
Kovpan
Ivanivna Kovpan 
Vitor Augusto Krieger
Augusto
Krieger
Augusto Krieger 
Claudia Kriz
Kriz
Matev Krumpetar
Krumpetar
Richard Krust
Krust
Ku BonChan
Bon-Chan
Okyay Tun Kkkayalar
Tun
Kkkayalar
Tun Kkkayalar 
Deepika Kumari
Kumari
Reena Kumari
Kumari
Maksim Kunda
Kunda
Kuo ChengWei
Cheng-Wei
Taru Kuoppa
Kuoppa
Viktor Kurchenko
Kurchenko
Khatuna KvrivishviliLorig
Kvrivishvili-Lorig
Konrad Kwiecie
Kwiecie
Kwon UnSil
Un-Sil
Kauko Markus Laasonen
Markus
Laasonen
Markus Laasonen 
Kysti Kalevi Laasonen
Kalevi
Laasonen
Kalevi Laasonen 
Lai Chi Hung
Chi
Hung
Chi Hung 
Lai FangMei
Fang-Mei
Changte Lalremsaga
Lalremsaga
Lindsay A. Langston Shriner
Langston
Karin Linna Larsson
Linna
Larsson
Linna Larsson 
Tomas Mikael Larsson
Mikael
Larsson
Mikael Larsson 
Franois Latil
Latil
Lan Fong "Macy" Lau
Lau
Olavi Jaakko Laurila
Jaakko
Laurila
Jaakko Laurila 
Louise Klingenberg Laursen
Klingenberg
Laursen
Klingenberg Laursen 
Le ChienYing
Chien-Ying
Albert le Tyrant
Tyrant
le Tyrant 
Lecomte
Kar Wai "Calvin" Lee
Lee
Lee ChangHwan
Chang-Hwan
Lee EunGyeong
Eun-Gyeong
Lee HanSeop
Han-Seop
Lee SeongJin
Seong-Jin
Lee SeungYun
Seung-Yun
Miranda Leek
Leek
Lucille Goyette Lemay
Goyette
Lemay
Goyette Lemay 
LouisHenry Lemirre
Lemirre
Lilli Margrethe Lentz Christensen
Lentz
Sarah Henrietta Leonard Leonard
Leonard
Irina Leonova
Leonova
Yury Kirillovich Leontyev
Kirillovich
Leontyev
Kirillovich Leontyev 
Paul Louis Eugne Dsir Leroy
Dsir
Leroy
Dsir Leroy 
Natalia Leniak
Leniak
Damien Letulle
Letulle
Kirstin Jean Lewis
Jean
Lewis
Jean Lewis 
Tomasz Antoni Leaski
Antoni
Leaski
Antoni Leaski 
Anna cka Dobrowolska
cka
Rinzi Lham
Lham
Namgyal Lhamu
Lhamu
Aleksandr Li
Li Lingjuan
Lingjuan
Li MyongGum
Myong-Gum
Li Wenquan
Wenquan
Liang Qiang
Qiang
Liang Qiuzhong
Qiuzhong
Dale Lightfoot
Lightfoot
Lin JiaEn
Jia-En
Lin Sang
Sang
Lin ShihChia
Shih-Chia
Lin YaHua
Ya-Hua
Lin YiYin
Yi-Yin
Hasse Pavia Lind
Pavia
Lind
Pavia Lind 
Andrew Matthew Lindsay
Matthew
Lindsay
Matthew Lindsay 
Pia Carmen Maria Lionetti
Maria
Lionetti
Maria Lionetti 
Karina LipiarskaPaka
Lipiarska-Paka
Andreas Lippoldt
Lippoldt
Jari Matti Lipponen
Matti
Lipponen
Matti Lipponen 
Stewart Littlefair
Littlefair
Liu MingHuang
Ming-Huang
Liu PiYu
Pi-Yu
Liu Zhaowu
Zhaowu
Lo Kam Kuen
Kam
Kuen
Kam Kuen 
Yuliya Lobzhenidze
Lobzhenidze
Lockoneco
Begl Lklolu
Lklolu
Alexandra Longov
Longov
Felipe Lpez Garrido
Lpez
Garrido
Lpez Garrido 
Ketevan Losaberidze
Losaberidze
Philippe Loyen
Loyen
Lu JuiChiung
Jui-Chiung
Luo Hengyu
Hengyu
Noel Henry Lynch
Henry
Lynch
Henry Lynch 
Jason "Jay" Lyon
Lyon
Ma Shaorong
Shaorong
Ma Xiangjun
Xiangjun
Franois Arthur Mabillon
Arthur
Mabillon
Arthur Mabillon 
Maria Mczyska Cugowska
Mczyska
Eduardo Avelino Magaa Poot
Magaa
Poot
Magaa Poot 
John Elliott Magera
Elliott
Magera
Elliott Magera 
Laxmirani Majhi
Majhi
Masafumi Makiyama
Makiyama
Elas Javier Malav Burgos 
Malav
Burgos
Malav Burgos 
Joseph "Joe" Malone
Malone
Claudia Mandia
Mandia
Juan Carlos Manjarrez Godnez
Manjarrez
Godnez
Manjarrez Godnez 
David "Dave" Mann
Mann
May Mansour
Mansour
Reem Mansour
Mansour
Henricus Mansvelt
Mansvelt
Muhammad Marbawi Sulaiman
Marbawi
Sulaiman
Marbawi Sulaiman 
Veronika Serhivna Marchenko
Serhivna
Marchenko
Serhivna Marchenko 
Veronique Marrier D'Unienville
Marrier
D'Unienville
Marrier D'Unienville 
Adriana Rosa Martn Lzaro
Martn
Lzaro
Martn Lzaro 
Montserrat Martn Moncusi
Martn
Moncusi
Martn Moncusi 
Edisbel Martnez Rodrguez.
Martnez
Rodrguez.
Martnez Rodrguez. 
Sergey Martynov
Martynov
Frank Marzoch
Marzoch
Alfredo Massazza
Massazza
Zoran Matkovi
Matkovi
Sayami Matsushita
Matsushita
Takayoshi Matsushita
Matsushita
Myfanwy Ann Matthews
Ann
Matthews
Ann Matthews 
Roy Derek Matthews
Derek
Matthews
Derek Matthews 
Safruddin Mawi
Mawi
Louis William Maxson
William
Maxson
William Maxson 
Camilo Mayr
Mayr
Jennifer Mbuta
Mbuta
Dennis J. McComak
McComak
J. McComak 
John McDonald
McDonald
David Fisher McGowan
Fisher
McGowan
Fisher McGowan 
Richard Lee "Rick" McKinney
McKinney
Mara C. Medina
Medina
C. Medina 
Samo Medved
Medved
Shyam Lal Meena
Lal
Meena
Lal Meena 
Alfonso Menndez Valln
Menndez
Valln
Menndez Valln 
Barbara Mensing
Mensing
mile Mercier
Mercier
Pivi Aulikki MeriluotoAaltonen
Aulikki
Meriluoto-Aaltonen
Aulikki Meriluoto-Aaltonen 
Cristbal Antonio Merlos Orellana
Merlos
Orellana
Merlos Orellana 
Jos Ricardo Merlos Orellana
Merlos
Orellana
Merlos Orellana 
Rowel Merto
Merto
Glenn Lee Meyers
Lee
Meyers
Lee Meyers 
Hiroshi Michinaga
Michinaga
Bartosz Mikos
Mikos
David Campbell Milne
Campbell
Milne
Campbell Milne 
Mohammed Emdadul Haque Milon
Haque
Milon
Haque Milon 
Alexandra Mirca
Mirca
Peter Mitterer
Mitterer
Stefan Mlyakov
Mlyakov
Daniel Morillo Prats
Morillo
Prats
Morillo Prats 
Ryuichi Moriya
Moriya
Justyna Mospinek
Mospinek
Eugne Mougin
Mougin
Elena Mousikou
Mousikou
Anna Mozhar
Mozhar
Joseph Walter Muaausa
Walter
Muaausa
Walter Muaausa 
Katherine Gwen Mudge Cardale
Mudge
Lela Viola "Vi" Muir
Muir
Jit Bahadur Muktan
Bahadur
Muktan
Bahadur Muktan 
Axel Mller
Mller
Yekaterina Nikolayevna MulyukTimofeyeva
Nikolayevna
Mulyuk-Timofeyeva
Nikolayevna Mulyuk-Timofeyeva 
Tetiana Stepanivna Muntian
Stepanivna
Muntian
Stepanivna Muntian 
Jorge Luis del Socorro Murillo Sanabria
Murillo
Sanabria
Murillo Sanabria 
Makhlukhanum Musayevna Murzayeva
Musayevna
Murzayeva
Musayevna Murzayeva 
Linda Ann Myers
Ann
Myers
Ann Myers 
Nargis Nabiyeva
Nabiyeva
Saori Nagamine
Nagamine
Thomas Naglieri
Naglieri
Bla Nagy
Nagy
Keiko Nakagomi
Nakagomi
Shinji Nakamoto
Nakamoto
Apostolos Nanos
Nanos
Sawomir Kazimierz Naposzek
Kazimierz
Naposzek
Kazimierz Naposzek 
Francisco Naranjilla
Naranjilla
Michael Naray
Naray
Natalia Nasaridzeakir
Nasaridze-akir
Natjavyn Dariimaa
Dariimaa
Nay Myo Aung
Myo
Aung
Myo Aung 
Simon Stuart Needham
Stuart
Needham
Stuart Needham 
Zahra Nemati
Nemati
Hugh Percy Nesham
Percy
Nesham
Percy Nesham 
Mauro Nespoli
Nespoli
Brd Magnus Nesteng
Magnus
Nesteng
Magnus Nesteng 
Dmitry Vladimirovich Nevmerzhitsky
Vladimirovich
Nevmerzhitsky
Vladimirovich Nevmerzhitsky 
Sybil Fenton Newall
Fenton
Newall
Fenton Newall 
Ng Wing Nga
Wing
Nga
Wing Nga 
Jennifer L. Nichols
Nichols
L. Nichols 
Ole Gammelgaard Nielsen
Gammelgaard
Nielsen
Gammelgaard Nielsen 
Sarah de Oliveira Nikitin
Oliveira
Nikitin
Oliveira Nikitin 
Takanobu Nishi
Nishi
Kiyokazu Nishikawa
Nishikawa
Carla Nolpa Kukla
Nolpa
Muhammad Akmal Nor Hasrin
Nor
Hasrin
Nor Hasrin 
Mats Uno Nordlander
Uno
Nordlander
Uno Nordlander 
Francis Notenboom
Notenboom
Louisa Adelaide Nott Bower Yorke
Bower
Petrus Johannes Nouwens
Johannes
Nouwens
Johannes Nouwens 
Joanna NowickaKwana
Nowicka-Kwana
Wiebke Nulle
Nulle
Laura Nurmsalu
Nurmsalu
Nyamtserengiin Byambasren
Byambasren
O GwangSun
Gwang-Sun
O GyoMun
Gyo-Mun
Patricia Gerardina Obregn Jimnez
Obregn
Jimnez
Obregn Jimnez 
Deborah Lynn "Debra" Ochs Asay
Ochs
Christa ckl
ckl
Jennifer Lynn O'Donnell
Lynn
O'Donnell
Lynn O'Donnell 
Oh JinHyek
Jin-Hyek
Jonathan Ohayon
Ohayon
Iwona Maria Okrzesik
Maria
Okrzesik
Maria Okrzesik 
Zehra ktem
ktem
Naoto Oku
Oku
Toyoko Oku
Oku
Dan Olaru
Olaru
Bernardo de Souza Oliveira
Souza
Oliveira
Souza Oliveira 
Amy Lee Oliver
Lee
Oliver
Lee Oliver 
Hasan Orbay
Orbay
Siegfried Ortmann
Ortmann
Ai Ouchi
Ouchi
Darrell Owen Pace
Owen
Pace
Owen Pace 
Jan Joseph "Joep" Packbiers
Packbiers
Zdenka Padevtov Rouskov
Padevtov
Claudio A. Pafundi
Pafundi
A. Pafundi 
Kateryna Borysivna Palekha
Borysivna
Palekha
Borysivna Palekha 
Helen Palmer
Palmer
Nadejda Palovandova Toma
Palovandova
Donald Djatunas Pandiangan
Djatunas
Pandiangan
Djatunas Pandiangan 
Purnama Pandiangan
Pandiangan
Andrea Parenti
Parenti
Park GyeongMo
Gyeong-Mo
Park SeongHyeon
Seong-Hyeon
Park SeongSu
Seong-Su
Park YeongSuk
Yeong-Suk
Denise Parker Knudson, Smith
Ihor Parkhomenko
Parkhomenko
Reena Prnat
Prnat
David Pasqualucci
Pasqualucci
Gillian Patterson
Patterson
Daniel Pavlov
Pavlov
Anastasiya Vladyslavivna Pavlova
Vladyslavivna
Pavlova
Vladyslavivna Pavlova 
Erna Rahbek Pedersen Wienecke
Pedersen
Miguel Pedraza
Pedraza
Tashi Peljor
Peljor
Catherine Pellen
Pellen
NawangDash Pelzang
Pelzang
John Penrose
Penrose
Francisco Peralta Osorno
Peralta
Osorno
Peralta Osorno 
Yaremis Prez Ruz
Prez
Ruz
Prez Ruz 
Kseniya Vitalyevna Perova
Vitalyevna
Perova
Vitalyevna Perova 
Erika Kristina PerssonNordlander
Kristina
Persson-Nordlander
Kristina Persson-Nordlander 
Stig Magnus Petersson
Magnus
Petersson
Magnus Petersson 
Frdric Adolphe Petit
Adolphe
Petit
Adolphe Petit 
Mikhail Peunov
Peunov
Alla Peunova
Peunova
Cornelia Pfohl Griem
Pfohl
Khatuna PhutkaradzeNarimanidze
Phutkaradze-Narimanidze
Piotr Pitek
Pitek
Jens Gerhard Pieper
Gerhard
Pieper
Gerhard Pieper 
Samuli Piippo
Piippo
Andrs Manuel Pila Solano
Pila
Solano
Pila Solano 
Olga Mikhaylovna Pilipova
Mikhaylovna
Pilipova
Mikhaylovna Pilipova 
Daniel Flipe Pieda Osorio
Pieda
Osorio
Pieda Osorio 
David Anthony Pink
Anthony
Pink
Anthony Pink 
Sylvie Pissis
Pissis
Mari Piuva
Piuva
Wachera Piyapattra
Piyapattra
Pierre Plihon
Plihon
Yelena Plotnikova
Plotnikova
Andrey Podlazov
Podlazov
Jutta Anneli Poikolainen Vhoja
Poikolainen
Tomi Jaakko Poikolainen
Jaakko
Poikolainen
Jaakko Poikolainen 
Lida Peyton "Eliza" Pollock McMillen
Pollock
Nuno Miguel Gio Pombo
Gio
Pombo
Gio Pombo 
Jan Zdzisaw Popowicz
Zdzisaw
Popowicz
Zdzisaw Popowicz 
Leo Portelli
Portelli
Bojan Postrunik
Postrunik
Vallop Potaya
Potaya
Alec Potts
Potts
Katja Brix Poulsen
Brix
Poulsen
Brix Poulsen 
Alfred Poupart
Poupart
Capel George Pett Pownall
Pett
Pownall
Pett Pownall 
Satyadev Prasad
Prasad
Terezia Octavia Preda
Octavia
Preda
Octavia Preda 
Gal Prvost
Prvost
Richard John Priestman
John
Priestman
John Priestman 
Vladlena Priestman Kolesnykova
Priestman
Jos Prieto Escaso
Prieto
Escaso
Prieto Escaso 
Anton Mikhaylovich Prilepov
Mikhaylovich
Prilepov
Mikhaylovich Prilepov 
Oswald Probst
Probst
Jacek Jzef Pro
Jzef
Pro
Jzef Pro 
Evangelia Psarra
Psarra
Adrian Andrs Puentes Prez
Puentes
Prez
Puentes Prez 
Wayne Pullen
Pullen
Hendra Purnama
Purnama
Rina Dewi Puspitasari
Dewi
Puspitasari
Dewi Puspitasari 
Qi Yuhong
Yuhong
Lonce Gaston Quentin
Gaston
Quentin
Gaston Quentin 
Charles Quervel
Quervel
Tommy Leif Erik Quick
Erik
Quick
Erik Quick 
Tarundeep Rai
Rai
Limba Ram
Ram
Robin Ramaekers
Ramaekers
Emilio Ramos Delgado
Ramos
Delgado
Ramos Delgado 
Ulla Margit Rantala Rajakisto
Rantala
Shamoli Ray
Ray
Dominic John Rebelo
John
Rebelo
John Rebelo 
Terrence "Terry" Reilly
Reilly
Carlos Reis
Reis
Ana Mara Rendn Martnez
Rendn
Martnez
Rendn Martnez 
Marinus Jacobus Arnoldus "Tiny" Reniers
Reniers
Erika Reyes Evaristo
Reyes
Evaristo
Reyes Evaristo 
Mara Reyes
Reyes
Henry Barber Richardson
Barber
Richardson
Barber Richardson 
Louis Eugne Richez
Eugne
Richez
Eugne Richez 
Elena Richter
Richter
Ilse Martha RiesHotz
Martha
Ries-Hotz
Martha Ries-Hotz 
Ismael Rivera
Rivera
Alessandro Rivolta
Rivolta
Esther Robertson Candotti
Robertson
Mrs. Norman Robertson
Norman
Robertson
Norman Robertson 
Eileen Robinson
Robinson
Theodore Robinson
Robinson
Jeannot Robitaille
Robitaille
Ika Yuliana Rochmawati
Yuliana
Rochmawati
Yuliana Rochmawati 
Juan Ignacio Rodrguez Libana
Rodrguez
Libana
Rodrguez Libana 
JeanClaude Rohla
Rohla
Ricardo Rojas Mejia
Rojas
Mejia
Rojas Mejia 
Ada Nabila Romn Arroyo
Romn
Arroyo
Romn Arroyo 
Elpida Romantzi
Romantzi
Mara Teresa Romero Martnez
Romero
Martnez
Romero Martnez 
Sigrid Romero Duque
Romero
Duque
Romero Duque 
Gloria M. Rosa
Rosa
M. Rosa 
Marc Ingo Rsicke
Ingo
Rsicke
Ingo Rsicke 
Claude Rousseau
Rousseau
Ruth E. Rowe
Rowe
E. Rowe 
Ru Guang
Guang
Viktor Hennadiyovych Ruban
Hennadiyovych
Ruban
Hennadiyovych Ruban 
Manuel Rubio Estrugas
Rubio
Estrugas
Rubio Estrugas 
Suradi Rukimin
Rukimin
Emily Jane Rushton Ormrod
Rushton
Robert "Rob" Rusnov
Rusnov
Zebinisso Sanginovna Rustamova
Sanginovna
Rustamova
Sanginovna Rustamova 
Luann Marie Ryon
Marie
Ryon
Marie Ryon 
Jan Christian Rytter
Christian
Rytter
Christian Rytter 
Olena Anatolivna Sadovnycha
Anatolivna
Sadovnycha
Anatolivna Sadovnycha 
Luiza Saidiyeva
Saidiyeva
Nurfitriyana SaimanLantang
Saiman-Lantang
Ali Ahmed Salem AlYazidi
Salem
Al-Yazidi
Salem Al-Yazidi 
LouisAlbert Salingr
Salingr
Kevin Sally
Sally
Sambuugiin Oyuuntsetseg
Oyuuntsetseg
Robin David Sampson
David
Sampson
David Sampson 
Natalia Snchez Echeverri
Snchez
Echeverri
Snchez Echeverri 
Jorma Alexander Sandelin
Alexander
Sandelin
Alexander Sandelin 
Carlos Santos, Jr.
Santos,
Jr.
Santos, Jr. 
Ruimondo "Rui" Santos
Santos
Maydenia Sarduy Gonzlez
Sarduy
Gonzlez
Sarduy Gonzlez 
Guendalina Sartori
Sartori
Serdar atir
atir
Minako SatoHokari
Sato-Hokari
Marjory Saunders
Saunders
Dennis Savory
Savory
Majhi Sawaiyan
Sawaiyan
Essam Ismail AlSayed
Ismail
Al-Sayed
Ismail Al-Sayed 
Karen Patricia Scavotto
Patricia
Scavotto
Patricia Scavotto 
Johanna Margrietha "Rieta" Schenk
Schenk
Rudolf "Rudi" Schiffl
Schiffl
Brengre Simone Rolande Schuh
Rolande
Schuh
Rolande Schuh 
Bernhard Schulkowski
Schulkowski
Thomas Foster Scott
Foster
Scott
Foster Scott 
Olqa Senyuk
Senyuk
Seo HyangSun
Hyang-Sun
Kateryna Valerivna Serdiuk Sumko
Serdiuk
Oleksandr Oleksiyovych Serdiuk
Oleksiyovych
Serdiuk
Oleksiyovych Serdiuk 
Juan Ren "Juanjo" Serrano Gutirrez
Serrano
Gutirrez
Serrano Gutirrez 
Auguste Serrurier
Serrurier
Hendra Setijawan
Setijawan
Shagdaryn Byambasren
Byambasren
Sumangala Sharma
Sharma
Shen Jun
Jun
Vadim Shikarev
Shikarev
Ichiro Shimamura
Shimamura
Vitaly Shin
Shin
Kostiantyn Volodymyrovych Shkolniy
Volodymyrovych
Shkolniy
Volodymyrovych Shkolniy 
Shue MeeiShya
Meei-Shya
Margaret Ann Shurrock
Ann
Shurrock
Ann Shurrock 
Lidiya Yurivna Sichenikova
Yurivna
Sichenikova
Yurivna Sichenikova 
Luiz Gustavo Trainini da Silva
Silva
da Silva 
Simos Simonis
Simonis
Sin SongHui
Song-Hui
Mangal Singh Champia
Singh
Champia
Singh Champia 
Sanjeev Kumar Singh
Kumar
Singh
Kumar Singh 
Birgit IngaLena Sjholm Svensson
Sjholm
Jenny Christina Sjwall
Christina
Sjwall
Christina Sjwall 
Melanie Skillman Soltysik, Hull
Jan Roger Skyttester
Roger
Skyttester
Roger Skyttester 
Adriana Gerarda Antonia Maria "Anita" Smits
Smits
John W. Snelling
Snelling
W. Snelling 
Magorzata Sobieraj wienczek
Sobieraj
Sok ChangSuk
Chang-Suk
Son HyeYong
Hye-Yong
Ricardo Soto Pedraza
Soto
Pedraza
Soto Pedraza 
Galen Carter "G. C." Spencer
Spencer
Sante Spigarelli
Spigarelli
Brit Stav Rolseth, Hoen
Inna Yakovlevna Stepanova
Yakovlevna
Stepanova
Yakovlevna Stepanova 
Juan Carlos Stevens Caminero
Stevens
Caminero
Stevens Caminero 
Joseph Thomas Sarsfield Stopford
Sarsfield
Stopford
Sarsfield Stopford 
Johannes Franciscus Stovers
Franciscus
Stovers
Franciscus Stovers 
Tsvetanka Stoycheva
Stoycheva
Klemen trajhar
trajhar
Christian Stubbe
Stubbe
Wijit Suksompong
Suksompong
Leane Suniar
Suniar
Mon Redee Sut Txi
Sut
Txi
Sut Txi 
Gavin Ben Sutherland
Ben
Sutherland
Ben Sutherland 
Cheryl A. Sutton Fowler
Sutton
Katri Johanna Suutari
Johanna
Suutari
Johanna Suutari 
Suvdyn Tuul
Tuul
Sally Svendelin
Svendelin
Tage Rolf Svensson
Rolf
Svensson
Rolf Svensson 
William "Willie" Swords
Swords
Chekrovolu Swuro
Swuro
Hashim Nurul Syafiqah
Nurul
Syafiqah
Nurul Syafiqah 
Viktor Vasylovych Sydoruk
Vasylovych
Sydoruk
Vasylovych Sydoruk 
Carol Sykes Crich
Sykes
Markku Juhani Syrjl
Juhani
Syrjl
Juhani Syrjl 
Maria Szeliga Palczak
Szeliga
Marina Szendey
Szendey
Margit Szobi
Szobi
Jadwiga SzoslerWilejto
Szosler-Wilejto
Irena Szydowska
Szydowska
Wojciech Szymaczyk
Szymaczyk
Pawe Szymczak
Szymczak
Jayanta Talukdar
Talukdar
Tan YaTing
Ya-Ting
Tang Hua
Hua
Grzegorz Targoski
Targoski
Merrellyn Tarr Churchman
Tarr
Wrexham "Wrex" Tarr
Tarr
Karoline Lusitania Tatafu
Lusitania
Tatafu
Lusitania Tatafu 
SioSifa Taumoepeau
Taumoepeau
Michal Taupin
Taupin
Homer Slate Taylor
Slate
Taylor
Slate Taylor 
Leonora Josephine "Leonie" Taylor
Taylor
Mabel Caroline Taylor Brummel
Taylor
Ralph Buren Taylor
Buren
Taylor
Buren Taylor 
Graeme Telford
Telford
Derrick Tenai
Tenai
Karma Tenzin
Tenzin
Simon Duncan Terry
Duncan
Terry
Duncan Terry 
Maria Rachele Testa
Rachele
Testa
Rachele Testa 
Albertine Anne Thackwell
Anne
Thackwell
Anne Thackwell 
Witthaya Thamwong
Thamwong
Adrianus Cornelis "Janus" Theeuwes
Theeuwes
Phoutlamphay Thiamphasone
Thiamphasone
Victor Thibault
Thibault
GeorcyStphanie Thiffeault Picard
Thiffeault
Picard
Thiffeault Picard 
Thin Thin Khaing
Thin
Khaing
Thin Khaing 
William Henry "Will" Thompson
Thompson
Kristina Vladimirovna Timofeyeva
Vladimirovna
Timofeyeva
Vladimirovna Timofeyeva 
Malcolm Geoffrey Todd
Geoffrey
Todd
Geoffrey Todd 
Henrik Kromann Toft
Kromann
Toft
Kromann Toft 
Jessica Tomasi
Tomasi
Elena Tonetta
Tonetta
Lionel Torrs
Torrs
Carole Mary Toy
Mary
Toy
Mary Toy 
Aurore Trayan
Trayan
Michelle Tremelling
Tremelling
Lucien Trepper
Trepper
Charlotte "Lotti" Tschanz
Tschanz
Tsedendorjiin Bazarsren
Bazarsren
Tserendorjiin Dagvadorj
Dagvadorj
Jigme Tshering
Tshering
Lhendup Tshering
Tshering
Pem Tshering
Tshering
Pema Tshering
Tshering
Karma Tshomo
Tshomo
Balzhinima Tsyrenzhapovich Tsyrempilov
Tsyrenzhapovich
Tsyrempilov
Tsyrenzhapovich Tsyrempilov 
Tu ChihChen
Chih-Chen
Maureen Tuimalealiifano
Tuimalealiifano
Margaret Tumusiime
Tumusiime
Yana Tunyantse
Tunyantse
Tommi Tapani Tuovila
Tapani
Tuovila
Tapani Tuovila 
Kuresa Matagisila Tupua
Matagisila
Tupua
Matagisila Tupua 
Paolo Tura
Tura
Yelena Yevgenyeva TutachikovaDostay
Yevgenyeva
Tutachikova-Dostay
Yevgenyeva Tutachikova-Dostay 
Ryan Tyack
Tyack
Ugyen Ugyen
Ugyen
Erika Ulrich
Ulrich
Lisa Unruh
Unruh
Selda nsal
nsal
Kenneth Philip "Ken" Uprichard
Uprichard
Maria Urban
Urban
Hojjatollah Vaezi
Vaezi
Mati Vaikjrv
Vaikjrv
Mara Teresa Valds Estrada
Valds
Estrada
Valds Estrada 
Natalia Valeeva
Valeeva
Alejandra Valencia Trujillo
Valencia
Trujillo
Valencia Trujillo 
Ursula Valenta
Valenta
William George Valentine
George
Valentine
George Valentine 
JeanCharles Valladont
Valladont
Charles Valle
Valle
Wietse Cornelis van Alten
van
Alten
van Alten 
Louis Van Beeck
Van
Beeck
Van Beeck 
Hendrikus "Driekske" van Bussel
van
Bussel
van Bussel 
Louis Van De Perck
Perck
De Perck 
Auguste Van De Verre
Verre
De Verre 
Sjef van den Berg
den
Berg
den Berg 
Willy Van Den Bossche
Den
Bossche
Den Bossche 
Ron Luitjen Lucia van der Hoff
der
Hoff
der Hoff 
Rick Antonius van der Ven
der
Ven
der Ven 
Adriana Francisca Johanna Maria "Sjan" van Dijk Huybrehts
Dijk
Johannes van Gastel
van
Gastel
van Gastel 
Johannes Jacobus "Jo" van Gastel, Jr.
Gastel,
Jr.
Gastel, Jr. 
Jan Baptist Jozef "Tiest" van Gestel
van
Gestel
van Gestel 
Catharina Cornelia Adriana Maria "Carry" van GoolFloris
van
Gool-Floris
van Gool-Floris 
Gerard Theodor Hubert Van Innis
Van
Innis
Van Innis 
Denisse Astrid van Lamoen Gmez
Lamoen
Gmez
Lamoen Gmez 
Adrianus "Janus" van Merrienboer
van
Merrienboer
van Merrienboer 
Edmond Van Moer
Van
Moer
Van Moer 
Jacqueline Johanna Rene Maria van Rozendaalvan Gerven
Rozendaal-van
Gerven
Rozendaal-van Gerven 
MarieClaire Van Stevens
Van
Stevens
Van Stevens 
Pierre Van Thielt
Van
Thielt
Van Thielt 
Franciscus Cornelus Leonardus Wilhelmus "Fred" van Zutphen
van
Zutphen
van Zutphen 
Janetta Vance
Vance
Pranitha Vardhineni
Vardhineni
Mary Vaughan
Vaughan
Foteini Vavatsi
Vavatsi
Milad Vaziri Teymourlouei
Vaziri
Teymourlouei
Vaziri Teymourlouei 
Antonio Vzquez Megido
Vzquez
Megido
Vzquez Megido 
Ferdinand Vega
Vega
Luis Eduardo Vlez Snchez
Vlez
Snchez
Vlez Snchez 
Thierry Venant
Venant
MarieChristine Ventrillon Nungesser
Ventrillon
Raymonda Verlinden
Verlinden
Paul Vermeiren
Vermeiren
Pierre Louis Vernet
Louis
Vernet
Louis Vernet 
Christel Maria Antonia Arnolda Verstegen
Arnolda
Verstegen
Arnolda Verstegen 
Erwin Michael Marinius Chistinus Verstegen
Chistinus
Verstegen
Chistinus Verstegen 
Marnix Vervinck
Vervinck
Pentti Olavi Antero Vikstrm
Antero
Vikstrm
Antero Vikstrm 
Henderikus Arnoldus Martinus "Henk" Vogels
Vogels
Brenda Wadworth Lea, Baily
Jessie Ellen Wadworth Brown
Wadworth
Marion Wagner Kuruc
Wagner
Rodney Wagner
Wagner
Sandra WagnerSachse
Wagner-Sachse
Jane Waller
Waller
Wang ChengPang
Cheng-Pang
Wang Dapeng
Dapeng
Wang Hong
Hong
Wang HuiGyeong
Hui-Gyeong
Wang Jin
Jin
Wang Xiaozhu
Xiaozhu
Kusuma Wardhani
Wardhani
Leroy Denver Watson
Denver
Watson
Denver Watson 
Juan Jos Wedel Carazo
Wedel
Carazo
Wedel Carazo 
Margaret Kate Weedon Macrae, Mercer
Wei ChunHeng
Chun-Heng
Wei PiHsiu
Pi-Hsiu
Wen ChiaLing
Chia-Ling
Edward Burbank Weston
Burbank
Weston
Burbank Weston 
Eric Henry Weston
Henry
Weston
Henry Weston 
Rodney E. "Rod" White
White
Stephanie WhiteArnold
White-Arnold
Nelly WiesWeyrich
Wies-Weyrich
Muhammad Hanif Wijaya
Hanif
Wijaya
Hanif Wijaya 
Doreen Viola Wilber Hansen
Wilber
Susan E. Willcox
Willcox
E. Willcox 
Theodorus "Theo" Willems
Willems
Hilda Williams
Williams
John Chester Williams
Chester
Williams
Chester Williams 
Robert W. Williams, Jr.
Williams,
Jr.
Williams, Jr. 
Alison Jane Williamson Conaghan
Williamson
Alan James "Al" Wills
Wills
Lillian Sarah Wilson Barton
Wilson
Win Thi Thi
Thi
Thi
Thi Thi 
Harry Wittig
Wittig
Krzysztof Wosik
Wosik
Jakob Wolfensberger
Wolfensberger
WongLau So Han
Han
So Han 
Ina Mary Wood
Mary
Wood
Mary Wood 
Charles Sherman Woodruff
Sherman
Woodruff
Sherman Woodruff 
Emily Woodruff Smiley
Woodruff
Taylor Worth
Worth
Wu HuiJu
Hui-Ju
Wu Jiaxin
Jiaxin
Wu TsungYi
Tsung-Yi
Wu Yanan
Yanan
Jacob Wukie
Wukie
Victor Steven "Vic" Wunderle
Wunderle
Daniel Rezende Xavier
Rezende
Xavier
Rezende Xavier 
Xing Yu
Xu Jing
Jing
Xue Haifeng
Haifeng
Olga Olegovna Yakusheva
Olegovna
Yakusheva
Olegovna Yakusheva 
Hiroshi Yamamoto
Yamamoto
Kyoko Yamazaki
Yamazaki
Yang Bo
Yang ChunChi
Chun-Chi
Yang Jianping
Jianping
Yao Yawen
Yawen
Oleksandr Yatsenko
Yatsenko
Yen ManSung
Man-Sung
Vladimir Nikolayevich Yesheyev
Nikolayevich
Yesheyev
Nikolayevich Yesheyev 
Valeriy Yevetskiy
Yevetskiy
Basilisa Ygnalaga
Ygnalaga
Yong Fujun
Fujun
Henriette Youanga
Youanga
Maged Youssef
Youssef
Yu GuanLin
Guan-Lin
Yu Hui
Hui
Yuan ShuChi
Shu-Chi
Shu Kee "Steve" Yuen
Yuen
Yun HyeYeong
Hye-Yeong
Yun MiJin
Mi-Jin
Yun OkHui
Ok-Hui
Yun YeongSuk
Yeong-Suk
Stanislav Vyacheslavovich Zabrodsky
Vyacheslavovich
Zabrodsky
Vyacheslavovich Zabrodsky 
Olga Dmitriyevna ZabuginaMoroz
Dmitriyevna
Zabugina-Moroz
Dmitriyevna Zabugina-Moroz 
Sherab Zam
Zam
Zhang Juanjuan
Juanjuan
Zhang Zheng
Zheng
