Jyri Tapani Aalto
Tapani
Aalto
Tapani Aalto 
Zarinah Abdullah
Abdullah
Pablo Abin Vicen
Abin
Vicen
Abin Vicen 
Christopher Thomas "Chris" Adcock
Adcock
  Gabrielle Marie "Gabby" Adcock White
Adcock
Juliette Chantal AhWan
Chantal
Ah-Wan
Chantal Ah-Wan 
Tontowi Ahmad
Ahmad
Mohammad Ahsan
Ahsan
Kayode Akinsanya
Akinsanya
Silvia Albrecht
Albrecht
Agnese Allegrini
Allegrini
Savitree Amitrapai
Amitrapai
Jim Ronny Andersen
Ronny
Andersen
Ronny Andersen 
Marina Vladimirovna Andrievskaia
Vladimirovna
Andrievskaia
Vladimirovna Andrievskaia 
Ellen Angelinawaty
Angelinawaty
Deyanira Angulo Chias
Angulo
Chias
Angulo Chias 
JanEric Antonsson
Antonsson
Andrey Mikhaylovich Antropov
Mikhaylovich
Antropov
Mikhaylovich Antropov 
Michael Ludwig Hariyanto Arbi
Hariyanto
Arbi
Hariyanto Arbi 
Simon David Archer
David
Archer
David Archer 
Jacco Arends
Arends
Antonius Budi Ariantho
Budi
Ariantho
Budi Ariantho 
Manu Attri
Attri
Kamila Anna Augustyn
Anna
Augustyn
Anna Augustyn 
Viktor Axelsen
Axelsen
Hans Peter Christian Axelsson
Christian
Axelsson
Christian Axelsson 
Howard Bach
Bach
Bae YeonJu
Yeon-Ju
Boena Bk Siemieniec
Florin Balaban
Balaban
Elisabeth Baldauf
Baldauf
David Phillip Bamford
Phillip
Bamford
Phillip Bamford 
Bang SuHyeon
Su-Hyeon
Imogen Bankier
Bankier
Bao Chunlai
Chunlai
zge Bayrak
Bayrak
Stephan Beeharry
Beeharry
Catrine Bengtsson
Bengtsson
Maria Bengtsson
Bengtsson
Mike Beres
Beres
Lars Fredrik Bergstrm
Fredrik
Bergstrm
Fredrik Bergstrm 
Deepankar Bhattacharya
Bhattacharya
Madhumita Bisht
Bisht
Michael "Mike" Bitten
Bitten
Peter Grant Blackburn
Grant
Blackburn
Grant Blackburn 
Robert James Blair
James
Blair
James Blair 
Lorena Blanco Z.
Blanco
Blanco Z. 
J. Bryan Blanshard
Bryan
Blanshard
Bryan Blanshard 
Mathias Boe
Boe
Margit Linna Borg Hasseblad
Borg
Yasen Khermaniev Borisov
Khermaniev
Borisov
Khermaniev Borisov 
Christian Bsiger
Bsiger
Chantal Botts
Botts
Philippe Bourret
Bourret
Julie Jane Bradbury
Jane
Bradbury
Jane Bradbury 
Oscar Brandon
Brandon
Ashley John Brehaut
John
Brehaut
John Brehaut 
Stuart Charles Brehaut
Charles
Brehaut
Charles Brehaut 
Mary Alexandra "Alex" Bruce
Bruce
Christiaan Gerrit Herman "Chris" Bruil
Bruil
Lotte BruilJonathans
Bruil-Jonathans
Sigit Budiarto
Budiarto
Alexander Alan Budikusuma Wiratama
Budikusuma
Wiratama
Budikusuma Wiratama 
Porntip Buranaprasertsuk
Buranaprasertsuk
Cai Yun
Yun
Lisa Jayne Campbell
Jayne
Campbell
Jayne Campbell 
Erin Carroll
Carroll
Stewart James Carson
James
Carson
James Carson 
Mario Carulla Schultz
Carulla
Schultz
Carulla Schultz 
Rhonda Maree Cator
Maree
Cator
Maree Cator 
Chai Biao
Biao
Chan Chia Fong
Chia
Fong
Chia Fong 
Chan Chong Ming
Chong
Ming
Chong Ming 
Oi Ni "Emmy" Chan
Chan
Chan Kin Ngai
Kin
Ngai
Kin Ngai 
Chan Peng Soon
Peng
Soon
Peng Soon 
Chan Siu Kwong
Siu
Kwong
Siu Kwong 
Chan YaLin
Ya-Lin
Alvent Yulianto Chandra
Yulianto
Chandra
Yulianto Chandra 
Chang JengShyuang
Jeng-Shyuang
Chang YeNa
Ye-Na
Sathinee Chankrachangwong
Chankrachangwong
Somharuthai Charoensiri
Charoensiri
Chau Hoi Wah
Hoi
Wah
Hoi Wah 
Matthew Chau
Chau
Cheah Soon Kit
Soon
Kit
Soon Kit 
Chen Hong
Hong
Chen Hongyong
Hongyong
Chen HungLing
Hung-Ling
Chen Jin
Jin
Chen Kang
Kang
Chen LiChin
Li-Chin
Chen Lin
Lin
Chen Long
Long
Chen Qiqiu
Qiqiu
HsuanYu "Wendy" Chen
Chen
Chen Xingdong
Xingdong
Chen Ying
Ying
Cheng ShaoChieh
Shao-Chieh
Cheng WenHsing
Wen-Hsing
Vlada Anatolyevna Chernyavskaya
Anatolyevna
Chernyavskaya
Anatolyevna Chernyavskaya 
Chew Choon Eng
Choon
Eng
Choon Eng 
Phillip Hung Chew
Hung
Chew
Hung Chew 
Teeranun Chiangta
Chiangta
Chien YuChin
Yu-Chin
Chien YuHsiu
Yu-Hsiu
Chin Eei Hui
Eei
Hui
Eei Hui 
Nyuk Lian "Leanne" Choo
Choo
Choong Tan Fook
Tan
Fook
Tan Fook 
Chou TienChen
Tien-Chen
Jeanine Cicognini
Cicognini
douard Clarisse
Clarisse
Anthony Ian Clark
Ian
Clark
Ian Clark 
Gillian Margaret Clark
Margaret
Clark
Margaret Clark 
Milaine Cloutier
Cloutier
Eline Olga Coene
Olga
Coene
Olga Coene 
Denis Constantin
Constantin
Craig Richard Cooper
Richard
Cooper
Richard Cooper 
Kevin Haroldo Cordn Buezo
Cordn
Buezo
Cordn Buezo 
Astrid Crabo Lundquist
Crabo
Jane Louise Crabtree
Louise
Crabtree
Louise Crabtree 
Jos Antonio Crespo Ortiz
Crespo
Ortiz
Crespo Ortiz 
Georgie Winsley Cupidon
Winsley
Cupidon
Winsley Cupidon 
Adam Cwalina
Cwalina
Andrew Robert Dabeka
Robert
Dabeka
Robert Dabeka 
Dai Yun
Yun
Andrea Dak
Dak
Grace Daniel
Daniel
Joanne Davies
Davies
James "Jaimie" Dawson
Dawson
Martine de Souza
Souza
de Souza 
Christoffel Cornelius "Chris" Dednam
Dednam
Roelof Jakobus Dednam
Jakobus
Dednam
Jakobus Dednam 
Virginie Delvingt
Delvingt
SiAn Deng
Deng
Travis Philip Denney
Philip
Denney
Philip Denney 
Valiyaveetil Diju
Diju
Sandra Dimbour
Dimbour
Emiliya Dimitrova
Dimitrova
Lidya Djaelawijaya
Djaelawijaya
Dong Jiong
Jiong
Vladyslav Heorhiyovych Druzhchenko
Heorhiyovych
Druzhchenko
Heorhiyovych Druzhchenko 
Du Jing
Jing
Adrian Dziko
Dziko
Michelle Claire Edwards
Claire
Edwards
Claire Edwards 
Susan Egelstaff Hughes
Egelstaff
Edwin Ekiring
Ekiring
Sujitra Ekmongkolpaisarn
Ekmongkolpaisarn
Marcus John Ellis
John
Ellis
John Ellis 
Gail Elizabeth Emms
Elizabeth
Emms
Elizabeth Emms 
Hiroyuki Endo
Endo
Hian Eng
Eng
Kenneth Erichsen
Erichsen
Jens Dyrlv Eriksen
Dyrlv
Eriksen
Dyrlv Eriksen 
Scott Evans
Evans
Lindaweni Fanetri
Fanetri
Fang ChiehMin
Chieh-Min
Monika Fasungova
Fasungova
Ricardo Fernandes
Fernandes
Diana Filipova
Filipova
Aadjijatmiko Finarsih H.
Finarsih
Finarsih H. 
Adrianti Firdasari
Firdasari
Renee Kimberly Flavell
Kimberly
Flavell
Kimberly Flavell 
Foo Kok Keong
Kok
Keong
Kok Keong 
Eileen Karen Lee Chin Foo Kune
Foo
Kune
Foo Kune 
Kate Jessica Kim Lee Foo Kune
Foo
Kune
Foo Kune 
Csilla Frin
Frin
Linda Jean French
Jean
French
Jean French 
Stefan Frey
Frey
Fu Haifeng
Haifeng
Hannes Fuchs
Fuchs
Michael Fuchs
Fuchs
Mizuki Fujii
Fujii
Bertrand Gallet
Gallet
Dean Robert Galt
Robert
Galt
Robert Galt 
Gang GyeongJin
Gyeong-Jin
Grace Gao
Gao
Gao Ling
Ling
Ge Cheng
Cheng
Ge Fei
Fei
Anne Gibson
Gibson
Kirsty Gilmour
Gilmour
Gir YeongA
Yeong-A
Martin Giuffre
Giuffre
Go SeongHyeon
Seong-Hyeon
Goh Liu Ying
Liu
Ying
Liu Ying 
Goh V Shem
Shem
V Shem 
Johanna Goliszewski
Goliszewski
Stuart Gomez
Gomez
Gong Ruina
Ruina
Gong Zhichao
Zhichao
Andy Brian Goode
Brian
Goode
Brian Goode 
Pulella Gopichand
Gopichand
Gillian Carol Gowers
Carol
Gowers
Carol Gowers 
Nicole Grether
Grether
Gu Juan
Juan
Gu Jun
Jun
Guan Weizhen
Weizhen
Osleini Guerrero Velasco
Guerrero
Velasco
Guerrero Velasco 
Rudy Gunawan
Gunawan
Tony Gunawan
Gunawan
Guo Zhendong
Zhendong
Abhinn Shyam Gupta
Shyam
Gupta
Shyam Gupta 
Jwala Gutta
Gutta
Ha JeongEun
Jeong-Eun
Ha TaeGwon
Tae-Gwon
Luluk Hadiyanto
Hadiyanto
Darren James Hall
James
Hall
James Hall 
Tracey Jayne Hallam
Jayne
Hallam
Jayne Hallam 
rni r Hallgrmson
Hallgrmson
r Hallgrmson 
Han Jingna
Jingna
Qi "Kevin" Han
Han
Han SangHun
Sang-Hun
Jacek Hankiewicz
Hankiewicz
Martin Lundgaard Hansen
Lundgaard
Hansen
Lundgaard Hansen 
Boena Haracz Wojtkowska
Haracz
Sarah Louise Hardaker
Louise
Hardaker
Louise Hardaker 
Pernille Harder
Harder
Amanda Jane Hardy
Jane
Hardy
Jane Hardy 
KerryLee Harrington
Harrington
Kerrin Charters Harrison
Charters
Harrison
Charters Harrison 
Andrea Harsgi
Harsgi
Eddy Hartono Arbie
Hartono
Arbie
Hartono Arbie 
Trikus Haryanto
Haryanto
Mohamed Roslin Hashim
Roslin
Hashim
Roslin Hashim 
Kenichi Hayakawa
Hayakawa
He Hanbin
Hanbin
Yi Ming "Tim" He
Christine Rayoni Head
Rayoni
Head
Rayoni Head 
Michael Helber
Helber
Hendrawan
Robbyn M. Hermitage
Hermitage
M. Hermitage 
Taufik Hidayat
Hidayat
Eriko Hirose
Hirose
Murray Ian Hocking
Ian
Hocking
Ian Hocking 
Jon HolstChristensen
Holst-Christensen
Hong Wei
Wei
Kah Mun "Vivian" Hoo
Hoo
Kristof Hopp
Hopp
Hadia Mohamed Hosny ElSaid Mohamed Tawfiq ElSayyid
Tawfiq
El-Sayyid
Tawfiq El-Sayyid 
Peter Heg Gade Birkeholm Christensen
Birkeholm
Christensen
Birkeholm Christensen 
PoulErik Hyer Larsen Engel Hyer
Larysa Valerivna Hryha
Valerivna
Hryha
Valerivna Hryha 
Hsieh YuHsing
Yu-Hsing
Hsu JenHao
Jen-Hao
Hu Yun
Yun
Huang ChiaChi
Chia-Chi
Huang Hua
Hua
Huang Nanyan
Nanyan
Huang Sui
Sui
Huang Zhanzhong
Zhanzhong
David Gerard M. Humble
Humble
M. Humble 
Christopher John "Chris" Hunt
Hunt
Henri Mikael Hurskainen
Mikael
Hurskainen
Mikael Hurskainen 
Hwang HyeYeong
Hye-Yeong
Hwang JiMan
Ji-Man
Hwang SeonHo
Seon-Ho
Hwang YuMi
Yu-Mi
Takako Ida
Ida
Satomi Igawa
Igawa
Shintaro Ikeda
Ikeda
Im BangEon
Bang-Eon
Im GyeongJin
Gyeong-Jin
Ragna Bjrg Inglfsdttir
Bjrg
Inglfsdttir
Bjrg Inglfsdttir 
Ratchanok Intanon
Intanon
Bodin Isara
Isara
Ivan Dobrev Ivanov
Dobrev
Ivanov
Dobrev Ivanov 
Vladimir Aleksandrovich Ivanov
Aleksandrovich
Ivanov
Aleksandrovich Ivanov 
Yoshiko Iwata
Iwata
Christian Jakobsen
Jakobsen
Dorian Lance James
Lance
James
Lance James 
Jang HyeOk
Hye-Ok
Pontus Eero Jntti
Eero
Jntti
Eero Jntti 
Sabrina Jaquet
Jaquet
Meiliana Jauhari
Jauhari
Thilini Sunari Jayasinghe
Sunari
Jayasinghe
Sunari Jayasinghe 
MarieJosephe JeanPierre
Jean-Pierre
Jeng ShwuZen
Shwu-Zen
Sharon Tina "Tammy" Jenkins
Jenkins
Pernille Dupont Jensen
Dupont
Jensen
Dupont Jensen 
Jeon JaeYeon
Jae-Yeon
Jeong GyeongEun
Gyeong-Eun
Jeong JaeHui
Jae-Hui
Jeong JaeSeong
Jae-Seong
Jeong SoYeong
So-Yeong
Ji Xinpeng
Xinpeng
Jiang Xin
Xin
Jiang Yanmei
Yanmei
Kimiko Jinnai
Jinnai
Christopher Hendrik "Chris" Jogis
Jogis
Sven Tomas Johansson
Tomas
Johansson
Tomas Johansson 
Kenneth Jonassen
Jonassen
Maneepong Jongjit
Jongjit
PrGunnar Jnsson
Jnsson
Bjrn Joppien
Joppien
Praveen Jordan
Jordan
Ann Jrgensen Nielsen
Jrgensen
AnnLou Ernst Jrgensen
Ernst
Jrgensen
Ernst Jrgensen 
Jan stergaard Jrgensen
stergaard
Jrgensen
stergaard Jrgensen 
Kamilla Rytter Juhl
Rytter
Juhl
Rytter Juhl 
Denyse Alice Julien
Alice
Julien
Alice Julien 
Reika Kakiiwa
Kakiiwa
Nikhil Kanetkar
Kanetkar
Denny Kwan Kantono
Kwan
Kantono
Kwan Kantono 
Ella Aleksandrovna Karachkova Diehl
Karachkova
Jenny Maria Karlsson
Maria
Karlsson
Maria Karlsson 
Niluka Karunaratne
Karunaratne
Parupalli Kashyap
Kashyap
Anil Kaul
Kaul
Naoki Kawamae
Kawamae
Kenta Kazuno
Kazuno
Michael Keck
Keck
Erwin Kehlhoffner
Kehlhoffner
Donna Victoria Kellogg
Victoria
Kellogg
Victoria Kellogg 
Abdul Hamid Khan
Hamid
Khan
Hamid Khan 
Viktoriya Khristova
Khristova
Srikanth Kidambi
Kidambi
Markis Kido
Kido
Kim DongMun
Dong-Mun
Kim GiJung
Gi-Jung
Kim HaNa
Ha-Na
Kim HakGyun
Hak-Gyun
Kim JiHyeon
Ji-Hyeon
Kim MiHyang
Mi-Hyang
Kim MinJeong
Min-Jeong
Kim MunSu
Mun-Su
Kim SaRang
Sa-Rang
Kim SinYeong
Sin-Yeong
Kim YongHyeon
Yong-Hyeon
Ingo Kindervater
Kindervater
Helene Green Helene Gram Kirkegaard
Kirkegaard
Kittipon Kittikul
Kittikul
Joy Ellen Kitzmiller
Ellen
Kitzmiller
Ellen Kitzmiller 
Line Kjrsfeldt
Kjrsfeldt
Peter Knowles
Knowles
Jrgen Koch
Koch
Leng Kang "Donald" Koh
Koh
Harumi Kohara
Kohara
Diana Khristova KolevaTsvetanova
Khristova
Koleva-Tsvetanova
Khristova Koleva-Tsvetanova 
Olga Anatolyevna Konon
Anatolyevna
Konon
Anatolyevna Konon 
Koo Kien Keat
Kien
Keat
Kien Keat 
Sompol Kookasemkit
Kookasemkit
Wai Chee "Louisa" Koon
Koon
Mikhail Mikhaylovich Korshuk
Mikhaylovich
Korshuk
Mikhaylovich Korshuk 
Nadeida "Nadia" KostiuczykZieba
Kostiuczyk-Zieba
Petr Koukal
Koukal
Katarzyna Boena Krasowska
Boena
Krasowska
Boena Krasowska 
Anton Kriel
Kriel
Lena Frier Kristiansen
Frier
Kristiansen
Frier Kristiansen 
Broddi Kristjnsson
Kristjnsson
Stephan Kuhl
Kuhl
Ruud Kuijten
Kuijten
Vimal Kumar
Kumar
Sony Dwi Kuncoro
Dwi
Kuncoro
Dwi Kuncoro 
Ayane Kurihara
Kurihara
Sarwendah Kusumawardhani Sukiran
Kusumawardhani
Sukiran
Kusumawardhani Sukiran 
Sara Blengsli Kvrn
Blengsli
Kvrn
Blengsli Kvrn 
Eva Lacinov
Lacinov
Michael Lahnsteiner
Lahnsteiner
Ville Lng
Lng
Christopher Phillip "Chris" Langridge
Langridge
Delphine Lansac
Lansac
Anna Lao
Lao
Jesper Alsing Larsen
Alsing
Larsen
Alsing Larsen 
Nabil Lasmari
Lasmari
Jim Laugesen
Laugesen
Thomas Laybourn
Laybourn
L Ngc Nguyn Nhung
Nguyn
Nhung
Nguyn Nhung 
Benjamin W. "Benny" Lee
Lee
Lee Chong Wei
Chong
Wei
Chong Wei 
Lee DongKeun
Dong-Keun
Lee DongSu
Dong-Su
Eva Lee
Lee
Lee GwangJin
Gwang-Jin
Lee GyeongWon
Gyeong-Won
Lee HeungSun
Heung-Sun
Lee HyeonIl
Hyeon-Il
Lee HyoJeong
Hyo-Jeong
Lee JaeJin
Jae-Jin
Chun Hei "Reginald" Lee
Lee
Lee SangBok
Sang-Bok
Lee ShengMu
Sheng-Mu
Lee SoHee
So-Hee
Lee Wan Wah
Wan
Wah
Wan Wah 
Lee YongDae
Yong-Dae
Lee Yujia
Yujia
Dennis Paul Andrew Lens
Andrew
Lens
Andrew Lens 
Brice Leverdez
Leverdez
Li Li
Man Shan "Michelle" Li
Li Wing Mui
Wing
Mui
Wing Mui 
Li Xuerui
Xuerui
Li Yongbo
Yongbo
Liang Xiaoyu
Xiaoyu
Hans Robert Liljequist
Robert
Liljequist
Robert Liljequist 
Amparo Lim
Lim
Flandy Limpele
Limpele
Lin Dan
Dan
Lin Yanfen
Yanfen
Ling Wan Ting
Wan
Ting
Wan Ting 
Liu EnHung
En-Hung
Liu Jianjun
Jianjun
Liu Jun
Jun
Liu Yong
Yong
Sergio Llopis Sols
Llopis
Sols
Llopis Sols 
Valrie "Val" Loker
Loker
Deyana Gresye Susanti Lomban
Susanti
Lomban
Susanti Lomban 
Micha Andrzej ogosz
Andrzej
ogosz
Andrzej ogosz 
Lu Lan
Lan
Kellie Louise Lucas
Louise
Lucas
Louise Lucas 
Kristina LudkovGavnholt
Ludkov-Gavnholt
Tania Luiz
Luiz
Thomas Haubro Lund
Haubro
Lund
Haubro Lund 
Luo Ying
Ying
Luo Yu
Ma Jin
Jin
Fumihiko Machida
Machida
Miyuki Maeda
Maeda
Chloe Noelle Magee
Noelle
Magee
Noelle Magee 
Christine Kajumba Magnusson Gandrup
Magnusson
Nitya Krishinda Maheswari
Krishinda
Maheswari
Krishinda Maheswari 
Marleve Mario Mainaky
Mario
Mainaky
Mario Mainaky 
Rexy Ronald Mainaky
Ronald
Mainaky
Ronald Mainaky 
Khan "Bob" Malaythong
Malaythong
Jacob Maliekal
Maliekal
Vladimir Vadimovich Malkov
Vadimovich
Malkov
Vadimovich Malkov 
Eli Mambwe
Mambwe
Mesinee "May" Mangkalakiri
Mangkalakiri
Julia Mann
Mann
Carolina Mara Marn Marn
Marn
Marn
Marn Marn 
Vita Marissa
Marissa
Camilla Martin Nygaard
Martin
Yoana Martnez Barbero
Martnez
Barbero
Martnez Barbero 
Pedro Miguel Assuno Martins
Assuno
Martins
Assuno Martins 
Keita Masuda
Masuda
Robert Bogumi Mateusiak
Bogumi
Mateusiak
Bogumi Mateusiak 
Haruko Matsuda
Matsuda
Shuji Matsuno
Matsuno
Tomomi Matsuo
Matsuo
Misaki Matsutomo
Matsutomo
Shinji Matsuura
Matsuura
Sonya McGinn
McGinn
Nico George Meerholz
George
Meerholz
George Meerholz 
Kaveh Mehrabi
Mehrabi
Tom Mendrek
Mendrek
Judith Meulendijks
Meulendijks
Mia Audina TjiptawanLobman
Audina
Tjiptawan-Lobman
Audina Tjiptawan-Lobman 
Ronny Martinus Maria "Ron" Michels
Michels
Robin Middleton
Middleton
Koji Miya
Miya
Aiko Miyamura
Miyamura
Akiko Miyamura
Miyamura
Hisako Mizui
Mizui
Yasuko Mizui
Mizui
Carsten Mogensen
Mogensen
Grete Mogensen Kragekjr
Mogensen
Christelle Mol
Mol
Victoria Eugenia Montero Enrquez
Montero
Enrquez
Montero Enrquez 
Bryan Moody
Moody
John David Moody
David
Moody
David Moody 
Kelly Anne Morgan Aston
Morgan
Hisako Mori
Mori
Kaori Mori
Mori
Hideaki Motoyama
Motoyama
Ana Luisa Flr Moura
Flr
Moura
Flr Moura 
Joanne Muggeridge
Muggeridge
Ladawan Mulasartsatorn
Mulasartsatorn
Lino Muoz Mandujano
Muoz
Mandujano
Muoz Mandujano 
Natalie Munt
Munt
Eefje Muskens
Muskens
Raul Must
Must
Na GyeongMin
Gyeong-Min
Victoria Na
Hiroko Nagamine
Nagamine
Chikako Nakayama
Nakayama
Eliza Nathanael
Nathanael
Lilyana Natsir
Natsir
Kstutis Navickas
Navickas
Petya Todorova Nedelcheva
Todorova
Nedelcheva
Todorova Nedelcheva 
Pernille Elling Nedergaard Jessen
Nedergaard
Neli NedyalkovaBoteva
Nedyalkova-Boteva
Saina Nehwal
Nehwal
Carla Nelte
Nelte
Ka Long "Angus" Ng
Ng Pak Kum
Pak
Kum
Pak Kum 
Tobias "Toby" Ng
Ng Wei
Wei
Patapol Ngernsrisuk
Ngernsrisuk
Nguyn Tin Minh
Tin
Minh
Tin Minh 
Helen Nichol
Nichol
Anders Ward Nielsen
Ward
Nielsen
Ward Nielsen 
Elsa Nielsen
Nielsen
Joachim Flemming Fischer Nielsen
Fischer
Nielsen
Fischer Nielsen 
Aleksandr Nikolayevich Nikolayenko
Nikolayevich
Nikolayenko
Nikolayevich Nikolayenko 
Nong Qunhua
Qunhua
Jo Novita
Novita
Olena Ivanivna Nozdran
Ivanivna
Nozdran
Ivanivna Nozdran 
Anggun Nugroho
Nugroho
Lita Nurlita
Nurlita
Paula Lynn Parrocho  Obanana
Parrocho
Obanana
Parrocho Obanana 
David Obernosterer
Obernosterer
Debra Ann O'Connor
Ann
O'Connor
Ann O'Connor 
Andrea dor
dor
Kumiko Ogura
Ogura
Tadashi Ohtsuka
Ohtsuka
Nozomi Okuhara
Okuhara
Ygor Coelho de Oliveira
Oliveira
de Oliveira 
Obigeli Olorunsola
Olorunsola
Lotte Olsen
Olsen
Rikke Olsen Siegemund
Olsen
Jens Christer Bertil Olsson
Bertil
Olsson
Bertil Olsson 
Heather Olver
Olver
Brent Olynyk
Olynyk
Ong Ewe Hock
Ewe
Hock
Ewe Hock 
Soren Opti
Opti
Jan Stellan sterberg
Stellan
sterberg
Stellan sterberg 
Theratil Rajiv A. Ouseph
Ouseph
A. Ouseph 
Birgit OverzierMichels
Overzier-Michels
Lars Hjer Paaske
Hjer
Paaske
Hjer Paaske 
Rodrigo Pacheco Carrillo
Pacheco
Carrillo
Pacheco Carrillo 
Varalakshimi Pandimukkala Venkata
Pandimukkala
Venkata
Pandimukkala Venkata 
Tesana Panvisavas
Panvisavas
Park JuBong
Ju-Bong
Park SeongHwan
Seong-Hwan
Park SeongU
Seong-U
Park SuYeon
Su-Yeon
Park TaeSang
Tae-Sang
Georgios Patis
Patis
Jody Patrick
Patrick
Jan Paulsen
Paulsen
Christinna Pedersen
Pedersen
Peng Xinyong
Xinyong
Permadi Fung
Fung
Lenny Permana
Permana
Nataliya Andreyevna Perminova
Andreyevna
Perminova
Andreyevna Perminova 
Johanna Sofia Elisabeth Persson
Elisabeth
Persson
Elisabeth Persson 
Sara Lisa Sofia Persson
Sofia
Persson
Sofia Persson 
Hongyan Pi
Doris Pich Bitten
Pich
Selena Piek
Piek
Nicol Pitro Bittner
Pitro
Pornsawan Plungwech
Plungwech
Artem Serhiyovych Pochtarov
Serhiyovych
Pochtarov
Serhiyovych Pochtarov 
Maja Pohar
Pohar
Greysia Polii
Polii
Sattawat Pongnairat
Pongnairat
Oliver Pongratz
Pongratz
Ashwini Ponnappa
Ponnappa
Boonsak Ponsana
Ponsana
Salakjit Ponsana
Ponsana
Nicholas "Nick" Ponting
Ponting
Poon Lok Yan
Lok
Yan
Lok Yan 
Lalji Aparna Popat
Aparna
Popat
Aparna Popat 
Mikhail Popov
Popov
Sudket Prapakamol
Prapakamol
Anastasiya Yuryevna Prokopenko
Yuryevna
Prokopenko
Yuryevna Prokopenko 
Simone Prutsch
Prutsch
Stanislav Yevgenyevich Pukhov
Yevgenyevich
Pukhov
Yevgenyevich Pukhov 
Qin Yiyuan
Yiyuan
Rajiv Kumar "Raju" Rai
Rai
Mohamed Ajfan Rasheed
Ajfan
Rasheed
Ajfan Rasheed 
Jonas Rasmussen
Rasmussen
Tine Rasmussen Baun
Rasmussen
Baun
Rasmussen Baun 
Buss Sumeeth Reddy
Sumeeth
Reddy
Sumeeth Reddy 
Charmaine Reid
Reid
Thomas "Tommy" Reidy
Reidy
Stphane Renault
Renault
Zelin Resiana
Resiana
Anna Kathleen Rice
Kathleen
Rice
Kathleen Rice 
Rosalina Riseu
Riseu
Claudia Rivero Modenesi
Rivero
Modenesi
Rivero Modenesi 
Julian Anthony Robertson
Anthony
Robertson
Anthony Robertson 
Nathan James Robertson
James
Robertson
James Robertson 
Rhona Susan Robertson
Susan
Robertson
Susan Robertson 
Sara RunestenPetersen
Runesten-Petersen
Irina Ruslyakova
Ruslyakova
Yelena Vladimirovna Rybkina
Vladimirovna
Rybkina
Vladimirovna Rybkina 
Masako Sakamoto
Sakamoto
Shuichi Sakamoto
Sakamoto
Kasperi Salo
Salo
Sang Yang
Yang
Sara Louise Sankey
Louise
Sankey
Louise Sankey 
Piyathip Sansaniyakulvilai
Sansaniyakulvilai
Telma Isabel da Silva Santos
Silva
Santos
Silva Santos 
Simon Santoso
Santoso
Esther Mara Sanz Barranco
Sanz
Barranco
Sanz Barranco 
Hendri Kurniawan Saputra
Kurniawan
Saputra
Kurniawan Saputra 
Shinta Mulia Sari
Mulia
Sari
Mulia Sari 
Laura Srosi
Srosi
Kyoko Sasage
Sasage
Sho Sasaki
Sasaki
Sayaka Sato
Sato
Shoji Sato
Sato
Nigella Jekyll Saunders
Jekyll
Saunders
Jekyll Saunders 
Amrita Sawaram
Sawaram
Juliane Rita Schenk
Rita
Schenk
Rita Schenk 
Mette Schjoldager Truedsson
Schjoldager
Katrin Schmidt
Schmidt
Karin Schnaase
Schnaase
Johannes Schttler
Schttler
Vandanah Seesurun
Seesurun
Yuliani Sentoso
Sentoso
Seo YunHui
Yun-Hui
Seong JiHyeon
Ji-Hyeon
Bona Septano
Septano
Sawan Serasinghe
Serasinghe
David Serrano Vlchez
Serrano
Vlchez
Serrano Vlchez 
Hendra Setiawan
Setiawan
Shin SeungChan
Seung-Chan
Reiko Shiota
Shiota
Daniel Adin Shirley
Adin
Shirley
Adin Shirley 
Howard Shu
Shu
Rashid "Adul" Sidek Mohamed
Sidek
Mohamed
Sidek Mohamed 
Razif Haji "Ajib" Sidek Mohamed
Sidek
Mohamed
Sidek Mohamed 
Jalani Haji "Alan" Sidek Mohamed
Sidek
Mohamed
Sidek Mohamed 
Bjrn Siegemund
Siegemund
Fernando Silva
Silva
Sim EunJeong
Eun-Jeong
Pusarla Venkata "P. V." Sindhu
Sindhu
Siripong Siripool
Siripool
Eva Sldekov
Sldekov
Andrew Michael Smith
Michael
Smith
Michael Smith 
Lauren Smith
Smith
Ross James Smith
James
Smith
James Smith 
Virgil Soeroredjo
Soeroredjo
Kara Solmundson
Solmundson
Son JinHwan
Jin-Hwan
Son SeungMo
Seung-Mo
Son WanHo
Wan-Ho
Soo Beng Kiang
Beng
Kiang
Beng Kiang 
Valeriya Mikhaylovna Sorokina
Mikhaylovna
Sorokina
Mikhaylovna Sorokina 
Ivan Andreyevich Sozonov
Andreyevich
Sozonov
Andreyevich Sozonov 
Michael Skals Sgaard
Skals
Sgaard
Skals Sgaard 
Anne Sndergaard
Sndergaard
Mette Srensen van Dalm
Hans Sperre, Jr.
Sperre,
Jr.
Sperre, Jr. 
Anup Sridhar
Sridhar
Paul Staight
Staight
Akvil Stapuaityt
Stapuaityt
Karen Stechmann Neumann
Stechmann
Paul John Stevenson
John
Stevenson
John Stevenson 
Gabriela Stoeva
Stoeva
Stefani Stoeva
Stoeva
Svetoslav Stoyanov
Stoyanov
Lisbet StuerLauridsen
Stuer-Lauridsen
Thomas StuerLauridsen
Stuer-Lauridsen
Ricky Achmad Subagja
Achmad
Subagja
Achmad Subagja 
Jamie Chen Subandhi
Chen
Subandhi
Chen Subandhi 
Satoko Suetsuna
Suetsuna
Tommy Sugiarto
Sugiarto
Erma S. Sulistyaningsih
Sulistyaningsih
S. Sulistyaningsih 
Sun Jun
Jun
Sun Man
Man
Puttita Supajirakul
Supajirakul
Bambang Supriyanto
Supriyanto
Joko Supriyanto
Supriyanto
Rio Suryana
Suryana
Lucia Francisca "Susi" Susanti Haditono
Susanti
Haditono
Susanti Haditono 
Debby Susanto
Susanto
Hermawan Susanto
Susanto
Ronald Susilo
Susilo
Khunakorn Suthisod
Suthisod
Henrik Svarrer
Svarrer
Iain Sydie
Sydie
Beata Syta Hankiewicz
Syta
Sapsiree Taerattanachai
Taerattanachai
Kenichi Tago
Tago
Tai TzuYing
Tzu-Ying
Ayaka Takahashi
Takahashi
Tam Kai Chuen
Kai
Chuen
Kai Chuen 
Lili Tampi
Tampi
Tan Boon Heong
Boon
Heong
Boon Heong 
Tan Kim Her
Kim
Her
Kim Her 
Lianne Nathanaele Tan
Nathanaele
Tan
Nathanaele Tan 
Tan Wee Kiong
Wee
Kiong
Wee Kiong 
Yuhan Nathanael Tan
Nathanael
Tan
Nathanael Tan 
Eugenia Tanaka
Tanaka
Miho Tanaka
Tanaka
Tang Jiuhong
Jiuhong
Tang Yongshu Hetian
Yongshu
Tang Yuanting
Yuanting
Eti Lesmina Tantra Gunawan
Tantra
Tao Xiaoqiang
Xiaoqiang
Tee Jing Yi
Jing
Jing Yi 
Pramote Teerawiwatana
Teerawiwatana
Rosiana Tendean
Tendean
tienne Thobois
Thobois
Marlene Thomsen
Thomsen
Sakrapee Thongsari
Thongsari
Saralee Thungthongkam
Thungthongkam
Tian Bingyi
Bingyi
Tian Qing
Qing
Minarti Timur
Timur
Kati Tolmoff
Tolmoff
Ella Kate Tripp
Kate
Tripp
Kate Tripp 
Helen Suzanne Troke
Suzanne
Troke
Suzanne Troke 
Tsai ChiaHsin
Chia-Hsin
Tsai HuiMin
Hui-Min
Tse Ying Suet
Ying
Suet
Ying Suet 
Cynthia Tuwankotta
Tuwankotta
Maja Tvrdy
Tvrdy
Kerstin Ubben
Ubben
Mariya Viktorivna Ulitina
Viktorivna
Ulitina
Viktorivna Ulitina 
Pavel Anatolyevich Uvarov
Anatolyevich
Uvarov
Anatolyevich Uvarov 
Antoinette Uys
Uys
Nanna Vainio
Vainio
MarieHlne ValriePierre
Valrie-Pierre
Quinten Xerxes van Dalm
van
Dalm
van Dalm 
Henrica Petronella Johanna Maria "Erica" van den Heuvel van Dijk
Agatha Astrid Maria van der Knaap
der
Knaap
der Knaap 
Jeroen Michiel Laurens van Dijk
van
Dijk
van Dijk 
Nicole Gerarda Everdina van Hooren
van
Hooren
van Hooren 
Joris Evert van Soerland
van
Soerland
van Soerland 
Majken Grethe Vange Hildebrand
Vange
Pedro Vanneste
Vanneste
Marco Paulo Pereira Vasconcelos
Pereira
Vasconcelos
Pereira Vasconcelos 
Tatiana Vattier
Vattier
Richard Vaughan
Vaughan
Renuga Veeran
Veeran
Theodoros Velkos
Velkos
Lohaynny Caroline de Oliveira Vicente
Oliveira
Vicente
Oliveira Vicente 
Antti Viitikko
Viitikko
Annari Viljoen
Viljoen
Willem Viljoen
Viljoen
Bettina Villars
Villars
Nina Gennadyevna Vislova
Gennadyevna
Vislova
Gennadyevna Vislova 
Erika Kennedy Von Heiland Strader
Heiland
V Th Trang
Trang
Th Trang 
Przemysaw Marian Wacha
Marian
Wacha
Marian Wacha 
Wang Chen
Chen
Iris Wang
Wang
Rena Wang
Wang
Wang Xiaoli
Xiaoli
Wang Xiaoyuan
Xiaoyuan
Wang Xin
Xin
Wang Yihan
Yihan
Thomas Wapp
Wapp
Glenn Warfe
Warfe
Anu Kristiina WeckstrmNieminen
Kristiina
Weckstrm-Nieminen
Kristiina Weckstrm-Nieminen 
Wei Yili
Yili
Rasmus Wengberg
Wengberg
Santi Wibowo Suter
Wibowo
Nova Widianto
Widianto
Eny Widiowati
Widiowati
Candra Wijaya
Wijaya
P. Niroshan Wijekoon
Niroshan
Wijekoon
Niroshan Wijekoon 
Wioletta Janina Wilk Sosnowska
Wilk
Kate Nicole WilsonSmith
Nicole
Wilson-Smith
Nicole Wilson-Smith 
Ardy Bernardus Wiranata
Bernardus
Wiranata
Bernardus Wiranata 
Wong Choong Hann
Choong
Hann
Choong Hann 
Wong Chun Fan
Chun
Fan
Chun Fan 
Zi Liang "Derek" Wong
Wong
Wong Mew Choo
Mew
Choo
Mew Choo 
Wong Pei Tty
Pei
Tty
Pei Tty 
Wing Ki "Vincent" Wong
Wong
Wong Wai Lap
Wai
Lap
Wai Lap 
Woon Khe Wei
Khe
Wei
Khe Wei 
David "Dave" Wright
Wright
Joanne "Jo" Wright Nicholas
Wright
Victoria Wright
Wright
Joanne Gwendoline WrightGoode
Gwendoline
Wright-Goode
Gwendoline Wright-Goode 
Wu Wenkai
Wenkai
Xia Xuanze
Xuanze
Xie Xingfan
Xingfan
Xie Zhongbo
Zhongbo
Xing Aiying
Aiying
Xu Chen
Chen
Huaiwen Xu
Marina Aleksandrovna Yakusheva
Aleksandrovna
Yakusheva
Aleksandrovna Yakusheva 
Hidetaka Yamada
Yamada
Seiko Yamada
Yamada
Akane Yamaguchi
Yamaguchi
Shizuka Yamamoto
Yamamoto
Pedro Alejandro Yang Ruiz
Yang
Ruiz
Yang Ruiz 
Song Yang
Yang
Yang Wei
Wei
Yao Fen
Fen
Jie Yao
Yao
Yao Lei
Lei
Yao Yan
Yan
Yap Kim Hock
Kim
Hock
Kim Hock 
Ye Zhaoying
Zhaoying
Viktoriya Yevtushenko
Yevtushenko
Neslihan Yiit
Yiit
Yip Pui Yin
Pui
Yin
Pui Yin 
Kanako Yonekura
Yonekura
Keiko Yoshitomi
Yoshitomi
Woon Chai "Jaspar" Yu
Yu Jinhao
Jinhao
Yu Lizhi
Lizhi
Yu Yang
Yang
Yu YeonSeong
Yeon-Seong
Yu YongSeong
Yong-Seong
Maria Kristin Yulianti
Kristin
Yulianti
Kristin Yulianti 
Darryl Yung
Yung
Dmytro Oleksandrovych Zavadskiy
Oleksandrovych
Zavadskiy
Oleksandrovych Zavadskiy 
Alesya Mikhaylovna Zaytseva
Mikhaylovna
Zaytseva
Mikhaylovna Zaytseva 
Linda Zetchiri
Zetchiri
Zhang Jiewen
Jiewen
Zhang Jun
Jun
Zhang Nan
Nan
Zhang Ning
Ning
Zhang Yawen
Yawen
Zhao Jianhua
Jianhua
Zhao Tingting
Tingting
Zhao Yunlei
Yunlei
Zheng Bo
Zhou Mi
Misha Zilberman
Zilberman
Nikolay Vladimirovich Zuyev
Vladimirovich
Zuyev
Vladimirovich Zuyev 
Marc Zwiebler
Zwiebler
