Shinnosuke Abe
Abe
Michael Brent Abernathy
Brent
Abernathy
Brent Abernathy 
William Edward "Willie" Adams
Adams
Neil Isaac Adonis
Isaac
Adonis
Isaac Adonis 
Sharnol Leonard Adriana
Leonard
Adriana
Leonard Adriana 
Ryoji Aikawa
Aikawa
Kurt Harold Ainsworth
Harold
Ainsworth
Harold Ainsworth 
Omar Ajete Iglesias
Ajete
Iglesias
Ajete Iglesias 
Norihiro Akahoshi
Akahoshi
Martn Aleman Uriarte
Aleman
Uriarte
Aleman Uriarte 
Clint Alfino
Alfino
Francisco Alfino
Alfino
Robert Jeffrey "Jeff" Alkire, II
Alkire,
Alkire, II 
John Chad Allen
Chad
Allen
Chad Allen 
An HuiBong
Hui-Bong
Brett Franklin Anderson
Franklin
Anderson
Franklin Anderson 
Craig Anthony Anderson
Anthony
Anderson
Anthony Anderson 
Yuya Ando
Ando
Norichika Aoki
Aoki
Fabio Aquino
Aquino
Yosvany Aragn Rodrguez
Aragn
Rodrguez
Aragn Rodrguez 
Takahiro Arai
Arai
Masahiro Araki
Araki
Jorge Aranzamendi Torres
Aranzamendi
Torres
Aranzamendi Torres 
Francisco Javier Aristu Lozano
Aristu
Lozano
Aristu Lozano 
Jacob Joseph "Jake" Arrieta
Arrieta
Luis Rolando Arrojo vila
Arrojo
vila
Arrojo vila 
Jos Arza Laurenz
Arza
Laurenz
Arza Laurenz 
Jorge Luis Avellan Chamorro
Avellan
Chamorro
Avellan Chamorro 
James B. Avery
Avery
B. Avery 
Erasmo Arturo Baca Gonzlez
Baca
Gonzlez
Baca Gonzlez 
Bae JaeHyo
Jae-Hyo
Ruggero Bagialemani
Bagialemani
Matteo Baldacci
Baldacci
Wladimir Ramon Ramonof Balentien
Ramonof
Balentien
Ramonof Balentien 
Randolph Benito "Johnny" Balentina
Balentina
Grant Robert Balfour
Robert
Balfour
Robert Balfour 
Marco Barboni
Barboni
Brian David Barden
David
Barden
David Barden 
Jos Luis Becerra Puente
Becerra
Puente
Becerra Puente 
Thomas "Tom" Becker
Becker
Christopher Stephen "Chris" Begg
Begg
Patrick Beljaards
Beljaards
Alexei Bell Quintero
Bell
Quintero
Bell Quintero 
Paul Bell
Bell
Clayton Daniel "Clay" Bellinger
Bellinger
Juan Pedro Belza Jaurrieta
Belza
Jaurrieta
Belza Jaurrieta 
Maikel Benner
Benner
Shayne Anthony Bennett
Anthony
Bennett
Anthony Bennett 
Kristin James "Kris" Benson
Benson
David Franciscus Johan Bergman
Johan
Bergman
Johan Bergman 
Vaughn Berriman
Berriman
Carlos Alberto Berrios Paiz
Berrios
Paiz
Berrios Paiz 
Danny Betancourt Chacn
Betancourt
Chacn
Betancourt Chacn 
Fabio Betto
Betto
Todd Mervyn Betts
Mervyn
Betts
Mervyn Betts 
Roberto Bianchi
Bianchi
Luca Bischeri
Bischeri
Eduardo Martn Bojorge
Martn
Bojorge
Martn Bojorge 
Bong JungKeun
Jung-Keun
Patrick Lance "Pat" Borders
Borders
Luis Borroto Jimnez
Borroto
Jimnez
Borroto Jimnez 
Leon Boyd
Boyd
Albert Bracero Chvere
Bracero
Chvere
Bracero Chvere 
Kenneth Richard "Ken" Brauckmiller
Brauckmiller
Thomas Robert "Tom" Brice
Brice
Matthew Benjamin "Matt" Brown
Brown
Bu Tao
Tao
James Francis Robert "Jim" Buccheri
Buccheri
Mathew Buckley
Buckley
Adrian Mark Burnside
Mark
Burnside
Mark Burnside 
Sean Patrick Burroughs
Patrick
Burroughs
Patrick Burroughs 
Adam Burton
Burton
Timothy Joseph "T. J." Burton
Burton
Clayton Byrne
Byrne
Roberto Cabalisti
Cabalisti
Trevor John Cahill
John
Cahill
John Cahill 
Miguel Calds Luis
Calds
Luis
Calds Luis 
Peter Callenbach
Callenbach
Xavier Camps Quibus
Camps
Quibus
Camps Quibus 
Flix Manuel Cano Riduejo
Cano
Riduejo
Cano Riduejo 
Dante Pietro Carbini
Pietro
Carbini
Pietro Carbini 
Norman Cardoze Ramrez
Cardoze
Ramrez
Cardoze Ramrez 
Luigi Carrozza
Carrozza
Roberto Casey Garca
Casey
Garca
Casey Garca 
Francesco Casolari
Casolari
Danel Castro Muagorri
Castro
Muagorri
Castro Muagorri 
Paolo Ceccaroli
Ceccaroli
Claudio Cecconi
Cecconi
Silvio Censale
Censale
Frederich Cepeda Cruz
Cepeda
Cruz
Cepeda Cruz 
Marc Cerbone
Cerbone
Chang ChengHsien
Cheng-Hsien
Chang ChienMing
Chien-Ming
Chang ChihChia
Chih-Chia
Chang TaiShan
Tai-Shan
Chang WenChung
Wen-Chung
Chang YawTeing
Yaw-Teing
Yorelvis Charles Martnez
Charles
Martnez
Charles Martnez 
Chea JongGuk
Jong-Guk
Chen ChiHsin
Chi-Hsin
Chen ChihYuan
Chih-Yuan
Chen ChinFeng
Chin-Feng
Chen FengMin
Feng-Min
Chen Junyi
Junyi
Chen Kun
Kun
Chen WeiChen
Wei-Chen
Chen WeiYin
Wei-Yin
Chen YungChi
Yung-Chi
Cheng ChangMing
Chang-Ming
Cheng ChaoHang
Chao-Hang
Cheng KaiWen
Kai-Wen
Chiang ChihHsien
Chih-Hsien
Chiang TaiChuan
Tai-Chuan
Mario Chiarini
Chiarini
Massimo Ciaramella
Ciaramella
Xavier Civit Forner
Civit
Forner
Civit Forner 
Richard Keith "Stubby" Clapp
Clapp
Ivanon Angelino Coffie
Angelino
Coffie
Angelino Coffie 
Jos Ariel Contreras Camejo
Contreras
Camejo
Contreras Camejo 
Jason Cook
Cook
Robbie "Rob" Cordemans
Cordemans
Fredy Corea
Corea
Rhal Paul Joseph Cormier
Joseph
Cormier
Joseph Cormier 
David Ross Corrente
Ross
Corrente
Ross Corrente 
Enrique Corts Pes Gallego
Pes
Gallego
Pes Gallego 
John Farrow Cotton
Farrow
Cotton
Farrow Cotton 
Jeffrey Frederick Cranston
Frederick
Cranston
Frederick Cranston 
Alexander Soria "Alex" Cremidan
Cremidan
Rolando Cretis
Cretis
Michal John William "Mike" Crouwel
Crouwel
Jeremy Michael Cummings
Michael
Cummings
Michael Cummings 
Eric Cyr
Cyr
Alberto D'Auria
D'Auria
Davide Dallospedale
Dallospedale
Juan Ignacio Damborenea Garca
Damborenea
Garca
Damborenea Garca 
Yu Darvish Darvishsefad
Darvish
David Lawrence Davidson
Lawrence
Davidson
Lawrence Davidson 
Bayardo Antonio Davila Montiel
Davila
Montiel
Davila Montiel 
Errol Davis
Davis
Scott Thomas Dawes
Thomas
Dawes
Thomas Dawes 
Travis Sentell Dawkins
Sentell
Dawkins
Sentell Dawkins 
Eric de Bruin
Bruin
de Bruin 
Yurendell Eithel de Caster
Caster
de Caster 
Roberto De Franceschi
Franceschi
De Franceschi 
Sidney de Jong
Jong
de Jong 
Simon de la Rey
Rey
la Rey 
Patrick de Lange
Lange
de Lange 
Maurizio De Sanctis
Sanctis
De Sanctis 
Riccardo De Santis
Santis
De Santis 
Jos Ral Delgado Diez
Delgado
Diez
Delgado Diez 
James Christopher "Chris" Demetral
Demetral
Nicholas "Nick" Dempsey
Dempsey
Alfredo Despaigne Rodrguez
Despaigne
Rodrguez
Despaigne Rodrguez 
Philip Alexandre "Phil" Devey
Devey
Daniele Joseph Di Pace
Pace
Di Pace 
Giorge Daz Loren
Daz
Loren
Daz Loren 
Robert Allen "R. A." Dickey
Dickey
Jason Royce Dickson
Royce
Dickson
Royce Dickson 
Javier Dez Serra
Dez
Serra
Dez Serra 
Radhames Alviro Dijkhoff
Alviro
Dijkhoff
Alviro Dijkhoff 
Eduard Richard "Eddie" Dix
Dix
Yoshikazu Doi
Doi
Jason Thomas Donald
Thomas
Donald
Thomas Donald 
Mark Lindsay Doubleday
Lindsay
Doubleday
Lindsay Doubleday 
Dimitrios Douros
Douros
Ashley Dove
Dove
Dorotheus Wilhelmus "Dave" Draijer
Draijer
Darren James Dreifort
James
Dreifort
James Dreifort 
Robert Thomas "Rob" Ducey
Ducey
Yobal Dueas Martnez
Dueas
Martnez
Dueas Martnez 
Brian Matthew Duensing
Matthew
Duensing
Matthew Duensing 
Michael Steven "Mike" Duursma
Duursma
Giorvis Duvergel Rojas
Duvergel
Rojas
Duvergel Rojas 
Robert Franciscus Eenhoorn
Franciscus
Eenhoorn
Franciscus Eenhoorn 
Bryan Stanley Tjark Engelhardt
Tjark
Engelhardt
Tjark Engelhardt 
Michel Enrquez Tamayo
Enrquez
Tamayo
Enrquez Tamayo 
Jos Antonio Estrada Gonzlez
Estrada
Gonzlez
Estrada Gonzlez 
Mark Edward Ettles
Edward
Ettles
Edward Ettles 
Andrea Evangelisti
Evangelisti
Jeffrey Adam Everett
Adam
Everett
Adam Everett 
Rikkert Faneyte
Faneyte
Jess I. Feliciano Amadeo
Feliciano
Amadeo
Feliciano Amadeo 
Feng Fei
Fei
Osvaldo Fernndez Rodrguez
Fernndez
Rodrguez
Fernndez Rodrguez 
James C. Figueroa
Figueroa
C. Figueroa 
Gavin Fingleson
Fingleson
Asdrudes Flores Bucardo
Flores
Bucardo
Flores Bucardo 
Marlon Supriano Fluonia
Supriano
Fluonia
Supriano Fluonia 
Massimo Fochi
Fochi
William Dexter Fowler
Dexter
Fowler
Dexter Fowler 
David Anthony Francia
Anthony
Francia
Anthony Francia 
Ryan Ray Franklin
Ray
Franklin
Ray Franklin 
Daniele Frignani
Frignani
Emerson Andrew Frostad
Andrew
Frostad
Andrew Frostad 
Kyuji Fujikawa
Fujikawa
Atsushi Fujimoto
Fujimoto
Kosuke Fukudome
Fukudome
Jorge Francisco Fumero Fernndez
Fumero
Fernndez
Fumero Fernndez 
John Christopher Gall
Christopher
Gall
Christopher Gall 
Elio Gambuti
Gambuti
Gang Hyeok
Hyeok
Gang MinHo
Min-Ho
Gang PilSeon
Pil-Seon
Efrain Garca Santiago
Garca
Santiago
Garca Santiago 
Emmanuel Garcia
Garcia
Anthony Nomar Garciaparra
Nomar
Garciaparra
Nomar Garciaparra 
Christopher Coleman "Chris" George
George
Jason Gilbert Giambi
Gilbert
Giambi
Gilbert Giambi 
Emiliano Ginanneschi
Ginanneschi
Troy Edward Glaus
Edward
Glaus
Edward Glaus 
Go YeongMin
Yeong-Min
Yasser Richard Gmez Soto
Gmez
Soto
Gmez Soto 
Darryl Gonsalves
Gonsalves
Norberto Gonzlez Miranda
Gonzlez
Miranda
Gonzlez Miranda 
Paul Gonzalez
Gonzalez
Lourdes Gourriel Delgado
Gourriel
Delgado
Gourriel Delgado 
Yulieski Gourriel Castillo
Gourriel
Castillo
Gourriel Castillo 
Chadwick Elton "Chad" Green
Green
Steve Green
Green
Richard Douglas "Rick" Greene
Greene
Seth Adam Greisinger
Adam
Greisinger
Adam Greisinger 
Gu DaeSeong
Dae-Seong
Jeffrey Richard "Jeff" Guiel
Guiel
Guo Youhua
Youhua
Manuel Guzmn
Guzmn
Gwon Hyeok
Hyeok
Jeffrey Bryan Hammonds
Bryan
Hammonds
Bryan Hammonds 
Han GiJu
Gi-Ju
Kiplan Paul "Kip" Harkrider
Harkrider
Brian Harrell
Harrell
Richard Harrell
Harrell
Timothy Allen "Tim" Harrell
Harrell
Cory Antony Harris
Antony
Harris
Antony Harris 
Shane Timothy Heams
Timothy
Heams
Timothy Heams 
Jun Heima
Heima
Laurence W. "Larry" Heisler
Heisler
Richard Allen "Rick" Helling
Helling
Benjamin Heredia
Heredia
Jos Alberto Hernndez Prez
Hernndez
Prez
Hernndez Prez 
Orlando Hernndez Pedroso
Hernndez
Pedroso
Hernndez Pedroso 
Michael Steven "Mike" Hessman
Hessman
Jason Michael Hewitt
Michael
Hewitt
Michael Hewitt 
Shawn Richard Hill
Richard
Hill
Richard Hill 
Andrew Jay "A. J." Hinch
Hinch
Steven Leslie Hinton
Leslie
Hinton
Leslie Hinton 
Jun Hirose
Hirose
Ian Holness
Holness
Hong SeongHeun
Seong-Heun
Hou Fenglian
Fenglian
Stuart Howell
Howell
Hsieh ChiaShian
Chia-Shian
Hsu WenHsiung
Wen-Hsiung
Huang ChungYi
Chung-Yi
ChunChung "Kevin" Huang
Huang
Huang WenPo
Wen-Po
Mark Steven Hutton
Steven
Hutton
Steven Hutton 
David William Hynes
William
Hynes
William Hynes 
Jos A. Ibar Martnez
Ibar
Martnez
Ibar Martnez 
Tadahito Iguchi
Iguchi
Tomohiro Iizuka
Iizuka
Pierpaolo Illuminati
Illuminati
Im ChangYong
Chang-Yong
Im SeonDong
Seon-Dong
Makoto Imaoka
Imaoka
Atsunori Inaba
Inaba
Rey Isaac Vaillant
Isaac
Vaillant
Isaac Vaillant 
Chairon Ramon Isenia
Ramon
Isenia
Ramon Isenia 
Percy Paul Isenia
Paul
Isenia
Paul Isenia 
Hirotoshi Ishii
Ishii
Masanori Ishikawa
Ishikawa
Tomohito Ito
Ito
Hisashi Iwakuma
Iwakuma
Hitoki Iwase
Iwase
Jang SeongHo
Seong-Ho
Jang WonSam
Won-Sam
Eelco Jansen
Jansen
Marcus Christian Jensen
Christian
Jensen
Christian Jensen 
Jeon SeungNam
Seung-Nam
Jeong DaeHyeon
Dae-Hyeon
Jeong GeunU
Geun-U
Jeong MinTae
Min-Tae
Jeong SuGeun
Su-Geun
Kevin Martin Jepsen
Martin
Jepsen
Martin Jepsen 
Jia Delong
Delong
Jia Yubing
Yubing
Jin GabYong
Gab-Yong
Jin PilJung
Pil-Jung
Jo GyeongHwan
Gyeong-Hwan
Jo InSeong
In-Seong
Jo JinHo
Jin-Ho
Kenji Johjima
Johjima
Charles Edward Johnson, Jr.
Johnson,
Jr.
Johnson, Jr. 
Kevin Johnson
Johnson
Michael Keith "Mike" Johnson
Johnson
Ronald "Ronny" Johnson
Johnson
Jacque Dewayne Jones
Dewayne
Jones
Dewayne Jones 
Jong YeuJeng
Yeu-Jeng
Ferenc Peter Jongejan
Peter
Jongejan
Peter Jongejan 
Marcel Joost
Joost
Yoshihiko Kajiyama
Kajiyama
Makoto Kaneko
Kaneko
Kao ChihKang
Chih-Kang
James "Jim" Kavourias
Kavourias
Shinichiro Kawabata
Kawabata
Kenshin Kawakami
Kawakami
Takeo Kawamura
Kawamura
Masato Kawano
Kawano
Munenori Kawasaki
Kawasaki
Wilhelm Rudolph Adonis Kemp
Adonis
Kemp
Adonis Kemp 
Willem Kemp
Kemp
Keng PoHsuan
Po-Hsuan
Kim DongJu
Dong-Ju
Kim GiTae
Gi-Tae
Kim GwangHyeon
Gwang-Hyeon
Kim HanSu
Han-Su
Kim HyeonSu
Hyeon-Su
Kim MinJae
Min-Jae
Kim SeonU
Seon-U
Kim SuGwan
Su-Gwan
Kim SuGyeong
Su-Gyeong
Kim TaeGyun
Tae-Gyun
Kim YeongSu
Yeong-Su
Nicholas Andrew "Nick" Kimpton
Kimpton
Jutaro Kimura
Kimura
Takuya Kimura
Kimura
Orestes Kindeln Olivares
Kindeln
Olivares
Kindeln Olivares 
Brendan Robert Kingman
Robert
Kingman
Robert Kingman 
Eugene Humphrey Kingsale
Humphrey
Kingsale
Humphrey Kingsale 
Robert Raymond "Bobby" Kingsbury
Kingsbury
Michael Arthur "Mike" Kinkade
Kinkade
Daron Jon Kirkreit
Jon
Kirkreit
Jon Kirkreit 
Daniel Victor "Danny" Klassen
Klassen
Brandon Michael Knight
Michael
Knight
Michael Knight 
Masahide Kobayashi
Kobayashi
William Christopher "Billy" Koch
Koch
Masahito Kohiyama
Kohiyama
Geoffrey Kohl
Kohl
Hirotami Kojima
Kojima
Hiroki Kokubo
Kokubo
Roel Christianus Godefridus Koolen
Godefridus
Koolen
Godefridus Koolen 
Michael Paul "Mike" Koplove
Koplove
Mark Steven Kotsay
Steven
Kotsay
Steven Kotsay 
Georgios "George" Kottaras
Kottaras
Michael Timothy "Mike" Koutsantonakis
Koutsantonakis
Rick Michael Krivda
Michael
Krivda
Michael Krivda 
Marcel Kruijt
Kruijt
Ku KuoChian
Kuo-Chian
Kuo YenWen
Yen-Wen
Kuo Lee ChienFu
Lee
Chien-Fu
Lee Chien-Fu 
Hiroki Kuroda
Kuroda
Tomohiro Kuroki
Kuroki
Takashi Kurosu
Kurosu
Michael Edward "Mike" Kusiewicz
Kusiewicz
Takao Kuwamoto
Kuwamoto
Seth David La Fera
Fera
La Fera 
Miguel La Hera Betancourt
Hera
Betancourt
Hera Betancourt 
PierreLuc "Pete" LaForest
LaForest
Stefano Landuzzi
Landuzzi
Matthew Vincent "Matt" LaPorta
LaPorta
Brett Russell Lawrie
Russell
Lawrie
Russell Lawrie 
Pedro Luis Lazo Iglesias
Lazo
Iglesias
Lazo Iglesias 
Matthew Hawks "Matt" LeCroy
LeCroy
Lee ByeongGyu
Byeong-Gyu
Lee ChenChang
Chen-Chang
Lee DaeHo
Dae-Ho
Lee DongUk
Dong-Uk
Lee JinYeong
Jin-Yeong
Lee JongUk
Jong-Uk
Lee SeungHo
Seung-Ho
Lee SeungYeop
Seung-Yeop
Lee TaekGeun
Taek-Geun
Travis Reynolds Lee
Reynolds
Lee
Reynolds Lee 
Lee YongGyu
Yong-Gyu
Raylinos Joaquin "Reily" Legito
Legito
Luis Carlos Len Anguiano
Len
Anguiano
Len Anguiano 
Craig Edward Lewis
Edward
Lewis
Edward Lewis 
Li Chenhao
Chenhao
Li Lei
Lei
Li Weiliang
Weiliang
Liao MingHsiung
Ming-Hsiung
Lin ChaoHuang
Chao-Huang
Lin CheHsuan
Che-Hsuan
Lin ChihSheng
Chih-Sheng
Lin EnYu
En-Yu
Lin KunHan
Kun-Han
Lin WeiChu
Wei-Chu
Lin YingChieh
Ying-Chieh
Omar Linares Izquierdo
Linares
Izquierdo
Linares Izquierdo 
Frederick "Sten" Lindberg
Lindberg
Jess Mara Lisarri Toms
Lisarri
Toms
Lisarri Toms 
Liu Kai
Kai
Claudio Liverziani
Liverziani
Graeme John Lloyd
John
Lloyd
John Lloyd 
Lo ChenJung
Chen-Jung
Lo ChiaJen
Chia-Jen
Lo KuoChung
Kuo-Chung
Lo KuoHui
Kuo-Hui
Jurriaan Lobbezoo
Lobbezoo
Jonathan T. "Jon" Lockwood
Lockwood
Braden LaVern Looper
LaVern
Looper
LaVern Looper 
Gualberto Lpez Ortz
Lpez
Ortz
Lpez Ortz 
Orlando A. Lpez Bobian
Lpez
Bobian
Lpez Bobian 
Roberto Lpez Ocasio
Lpez
Ocasio
Lpez Ocasio 
Jos Anibal Lorenzana Oquendo
Lorenzana
Oquendo
Lorenzana Oquendo 
Brian Richard Loyd
Richard
Loyd
Richard Loyd 
Lu Jiangang
Jiangang
William Enrique Lucena
Enrique
Lucena
Enrique Lucena 
Omar Luis Martnez
Luis
Martnez
Luis Martnez 
Roger Machado Morales
Machado
Morales
Machado Morales 
scar Macas Hernndez
Macas
Hernndez
Macas Hernndez 
Morne MacKay
MacKay
Christopher Madonna
Madonna
Calvin Gregory Maduro
Gregory
Maduro
Gregory Maduro 
Remy Maduro
Maduro
Peter Gus Maestrales
Gus
Maestrales
Gus Maestrales 
Oswaldo Mairena Gonzlez
Mairena
Gonzlez
Mairena Gonzlez 
Marcello Malagoli
Malagoli
Alexander Malleta Kerr
Malleta
Kerr
Malleta Kerr 
Juan Manrique Garca
Manrique
Garca
Manrique Garca 
Michael Marchesano
Marchesano
Nicholas Guliam "Nick" Markakis
Markakis
Diegomar Raymundo "Diego" Markwell
Markwell
Louis Glenn "Lou" Marson
Marson
Jonder Martnez Martnez
Martnez
Martnez
Martnez Martnez 
Manuel Martnez Carrasco
Martnez
Carrasco
Martnez Carrasco 
Edsel Judas Martis
Judas
Martis
Judas Martis 
Shairon Benjamin Martis
Benjamin
Martis
Benjamin Martis 
Massimiliano Masin
Masin
Anthony Massimino
Massimino
Jos M. Mateo Rosario
Mateo
Rosario
Mateo Rosario 
Nobuhiko Matsunaka
Matsunaka
Daisuke Matsuzaka
Matsuzaka
Liall Mauritz
Mauritz
Giuseppe Mazzanti
Mazzanti
Chadwick Michael "Chad" McConnell
McConnell
Grant Alexander McDonald
Alexander
McDonald
Alexander McDonald 
Andrew James McNally
James
McNally
James McNally 
Brooks A. McNiven
McNiven
A. McNiven 
Adrian Meagher
Meagher
Christopher Peter "Chris" Mears
Mears
Martijn Meeuwis
Meeuwis
Massimo Melassi
Melassi
Meleti Ross Melehes
Ross
Melehes
Ross Melehes 
Javier Mndez Gonzlez
Mndez
Gonzlez
Mndez Gonzlez 
Rafaelito Mercedes Daz
Mercedes
Daz
Mercedes Daz 
Rolando Merio Betancourt
Merio
Betancourt
Merio Betancourt 
Germn Mesa Fresneda
Mesa
Fresneda
Mesa Fresneda 
Vctor Mesa Martnez
Mesa
Martnez
Mesa Martnez 
Hensley Filemon Acacio Meulens
Acacio
Meulens
Acacio Meulens 
Carl Michaels
Michaels
Douglas Andrew "Doug" Mientkiewicz
Mientkiewicz
Fabio Milano
Milano
Ralph Gregory Milliard
Gregory
Milliard
Gregory Milliard 
Danny Miranda Agramonte
Miranda
Agramonte
Miranda Agramonte 
Luis Daniel Miranda Gutirrez
Miranda
Gutirrez
Miranda Gutirrez 
Koichi Misawa
Misawa
Daisuke Miura
Miura
Takashi Miwa
Miwa
Shinya Miyamoto
Miyamoto
Harvey David Simeon Perigault Monte
Perigault
Monte
Perigault Monte 
Eliecer Montes de Oca Fleitas
Oca
Fleitas
Oca Fleitas 
Frank Andy Montieth Herrera
Montieth
Herrera
Montieth Herrera 
John Moore
Moore
Angel A. Morales Rodrguez
Morales
Rodrguez
Morales Rodrguez 
Sandy Osvaldo Moreno Alvarado
Moreno
Alvarado
Moreno Alvarado 
Masahiko Mori
Mori
Masao Morinaka
Morinaka
Masahiko Morino
Morino
Glen Morris
Morris
Warren Randall Morris
Randall
Morris
Randall Morris 
Michael James Moyle
James
Moyle
James Moyle 
Mun DongHwan
Dong-Hwan
Christian Mura
Mura
Arihito Muramatsu
Muramatsu
Shuichi Murata
Murata
Calvin Duane Murray
Duane
Murray
Duane Murray 
Aaron Kenneth Myette
Kenneth
Myette
Kenneth Myette 
Na ManHo
Man-Ho
Hiroyuki Nakajima
Nakajima
Hiroshi Nakamoto
Nakamoto
Daishin Nakamura
Nakamura
Michael Yoshihide Nakamura
Yoshihide
Nakamura
Yoshihide Nakamura 
Norihiro Nakamura
Nakamura
Paul Nanne
Nanne
Tom Nanne
Nanne
Yoshihisa Naruse
Naruse
Luis Miguel Navas Gonzlez
Navas
Gonzlez
Navas Gonzlez 
Blaine Neal
Neal
Michael Robert "Mike" Neill
Neill
Phillip Joseph "Phil" Nevin
Nevin
Daniel David Newman
David
Newman
David Newman 
Ni FuTe
Fu-Te
Kevin Ronald Nicholson
Ronald
Nicholson
Ronald Nicholson 
Efran J. Nieves Soto
Nieves
Soto
Nieves Soto 
David Wayne "Dave" Nilsson
Nilsson
Masafumi Nishi
Nishi
Tsuyoshi Nishioka
Nishioka
Kazutaka Nishiyama
Nishiyama
Jayson Truett Edward Nix
Edward
Nix
Edward Nix 
Kosuke Noda
Noda
Osamu Nogami
Nogami
Masahiro Nojima
Nojima
Flix Manuel Nova
Manuel
Nova
Manuel Nova 
Teodoro Novas
Novas
Peter Nyari
Nyari
O CheolMin
Cheol-Min
O SeungHwan
Seung-Hwan
Omar Obando Varela
Obando
Varela
Obando Varela 
Vicyohandri Odeln Sanam
Odeln
Sanam
Odeln Sanam 
Trent Carl Wayne Oeltjen
Wayne
Oeltjen
Wayne Oeltjen 
Michihiro Ogasawara
Ogasawara
John Derrick Ogiltree
Derrick
Ogiltree
Derrick Ogiltree 
Octavio "Augie" Ojeda
Ojeda
Yoshinori Okihara
Okihara
Hideaki Okubo
Okubo
Kasey Garret Olenberger
Garret
Olenberger
Garret Olenberger 
Hctor Olivera Amaro
Olivera
Amaro
Olivera Amaro 
Elias Alfonso Olivos
Alfonso
Olivos
Alfonso Olivos 
Hitoshi Ono
Ono
Peterson Thomas "Pete" Orr
Orr
Julio Csar Osejo Vallejos
Osejo
Vallejos
Osejo Vallejos 
Koichi Oshima
Oshima
Roy Edward Oswalt
Edward
Oswalt
Edward Oswalt 
Wayne Daniel Ough
Daniel
Ough
Daniel Ough 
Chris Andrew Oxspring
Andrew
Oxspring
Andrew Oxspring 
Antonio Pacheco Mass
Pacheco
Mass
Pacheco Mass 
Jos Ramon Padilla Sequeira
Padilla
Sequeira
Padilla Sequeira 
Juan Padilla Alfonso
Padilla
Alfonso
Padilla Alfonso 
Pai KunHong
Kun-Hong
Adiel Palma Lpez
Palma
Lpez
Palma Lpez 
Pan WeiLun
Wei-Lun
Pan WuHsiung
Wu-Hsiung
Giovanni Pantaleoni
Pantaleoni
Erik Daniel Pappas
Daniel
Pappas
Daniel Pappas 
Eduardo Paret Prez
Paret
Prez
Paret Prez 
Miguel ngel Pariente lvarez
Pariente
lvarez
Pariente lvarez 
Vincent James Parisi
James
Parisi
James Parisi 
Park GyeongWan
Gyeong-Wan
Park JaeHong
Jae-Hong
Park JinMan
Jin-Man
Park JongHo
Jong-Ho
Park SeokJin
Seok-Jin
James Vo "Jim" Parque
Parque
Paolo Passerini
Passerini
Yadier Pedroso Gonzlez
Pedroso
Gonzlez
Pedroso Gonzlez 
Alexis Pea
Pea
Fausto Antonio Pea Pichardo
Pea
Pichardo
Pea Pichardo 
Tefilo Pea Dilone
Pea
Dilone
Pea Dilone 
Peng ChengMin
Cheng-Min
Juan Carlos Prez Rondn
Prez
Rondn
Prez Rondn 
Battista Perri
Perri
Ariel Osvaldo Pestano Valdes
Pestano
Valdes
Pestano Valdes 
Francesco Petruzzelli
Petruzzelli
Alan Phillips
Phillips
Gabriel Pierre Lazo
Pierre
Lazo
Pierre Lazo 
Simon Emiliano Pond
Emiliano
Pond
Emiliano Pond 
Silvestre Popoteur
Popoteur
Nemesio Guillermo Porras Lpez
Porras
Lpez
Porras Lpez 
Jos Mara Pulido Aranda
Pulido
Aranda
Pulido Aranda 
Jos Luis Quiroz Sequeira
Quiroz
Sequeira
Quiroz Sequeira 
Ryan Ashley Radmanovich
Ashley
Radmanovich
Ashley Radmanovich 
Alexei Ramrez Rodrguez
Ramrez
Rodrguez
Ramrez Rodrguez 
Luis F. Ramos Torres
Ramos
Torres
Ramos Torres 
Jairo Rafael Ramos Gizzi
Ramos
Gizzi
Ramos Gizzi 
Panagiotis Khristos "Peter" Rasmusen
Rasmusen
Jon Erich Rauch
Erich
Rauch
Erich Rauch 
scar Rebolleda Herrera
Rebolleda
Herrera
Rebolleda Herrera 
Glenn Reeves
Reeves
Christopher Michael "Chris" Reitsma
Reitsma
Erik Remmerswaal
Remmerswaal
Diego Ricci
Ricci
Carlo Manuel Richetti
Manuel
Richetti
Manuel Richetti 
Davide Rigoli
Rigoli
Henry A. Roa Miranda
Roa
Miranda
Roa Miranda 
Christopher E. "Chris" Roberts
Roberts
Christopher J. "Chris" Robinson
Robinson
Khristoforos Robinson
Robinson
Luis Miguel Rodrguez Ricardo
Rodrguez
Ricardo
Rodrguez Ricardo 
Maels Rodrguez Corrales
Rodrguez
Corrales
Rodrguez Corrales 
Nelson Rodrguez Santiago
Rodrguez
Santiago
Rodrguez Santiago 
Matthew Dylan "Matt" Rogelstad
Rogelstad
David Rollandini
Rollandini
Danny Reginald Rombley
Reginald
Rombley
Reginald Rombley 
Ormari Romero Turcas
Romero
Turcas
Romero Turcas 
Brett Nicholas Roneberg
Nicholas
Roneberg
Nicholas Roneberg 
Abimael Rosario Marrero
Rosario
Marrero
Rosario Marrero 
Ryan Benjamin Rowland Smith
Rowland
Smith
Rowland Smith 
Ryu HyeonJin
Hyeon-Jin
Yasuyuki Saigo
Saigo
Hiroyuki Sakaguchi
Sakaguchi
Antonio Salazar Calzado
Salazar
Calzado
Salazar Calzado 
Juan Manuel Salmeron Agullo
Salmeron
Agullo
Salmeron Agullo 
Elier Snchez Quesada
Snchez
Quesada
Snchez Quesada 
Eriel Snchez Len
Snchez
Len
Snchez Len 
Juan Snchez Fernndez
Snchez
Fernndez
Snchez Fernndez 
Anthony Marcus Sanders
Marcus
Sanders
Marcus Sanders 
Jos Santana
Santana
Rafael Enrique Santiago Rivera
Santiago
Rivera
Santiago Rivera 
Shinichi Sato
Sato
Takahiko Sato
Sato
Tomoaki Sato
Sato
Yasuhiro Sato
Sato
Tomoya Satozaki
Satozaki
Michael Edward Brett "Mike" Saunders
Saunders
Leonardo Schianchi
Schianchi
Igor Schiavetti
Schiavetti
Nathan John "Nate" Schierholtz
Schierholtz
Andrew Scott
Scott
Antonio Scull Hernndez
Scull
Hernndez
Scull Hernndez 
Robert Michael "Bobby" Seay
Seay
Jos A. Seplveda Pinto
Seplveda
Pinto
Seplveda Pinto 
Manuel A. Serrano
Serrano
A. Serrano 
Ben M. Sheets
Sheets
M. Sheets 
David Bernard Sheldon
Bernard
Sheldon
Bernard Sheldon 
Matthew Keith SheldonCollins
Keith
Sheldon-Collins
Keith Sheldon-Collins 
Simon Francis SheldonCollins
Francis
Sheldon-Collins
Francis Sheldon-Collins 
Shih ChihWei
Chih-Wei
Naoyuki Shimizu
Shimizu
Jason William Simontacchi
William
Simontacchi
William Simontacchi 
Jeroen Sluijter
Sluijter
Tjerk Marten Smeets
Marten
Smeets
Marten Smeets 
Alexander Roelof "Alex" Smit
Smit
Darryn Smith
Smith
Christopher Doyle "Chris" Snelling
Snelling
Roque Solano
Solano
Son MinHan
Min-Han
Song JinU
Jin-U
Song SeungJun
Seung-Jun
Peter Francis Soteropoulos
Francis
Soteropoulos
Francis Soteropoulos 
Vasili George Spanos
George
Spanos
George Spanos 
Sean James Spencer
James
Spencer
James Spencer 
Paul Nikola Spoljaric
Nikola
Spoljaric
Nikola Spoljaric 
Miguel Stella Prez
Stella
Prez
Stella Prez 
John M. Stephens
Stephens
M. Stephens 
Adam James Stern
James
Stern
James Stern 
Jeffrey Allen "Jeff" Stevens
Stevens
Andrew David "Andy" Stewart
Stewart
Orlando Maurits Stewart
Maurits
Stewart
Maurits Stewart 
Phillip Matthew "Phil" Stockman
Stockman
Stephen James Strasburg
James
Strasburg
James Strasburg 
Andrea Succi
Succi
Toshiya Sugiuchi
Sugiuchi
Masanori Sugiura
Sugiura
Kento Sugiyama
Sugiyama
Juancarlos Antonio JuanCarlos Sulbaran
Juan-Carlos
Sulbaran
Juan-Carlos Sulbaran 
Sun Guoqiang
Guoqiang
Sun Lingfeng
Lingfeng
Sun Wei
Wei
Fumihiro Suzuki
Suzuki
Robert Joseph "R. J." Swindle
Swindle
Panagiotis "Pete" Sykaras
Sykaras
Carlos Alberto Tabares Padilla
Tabares
Padilla
Tabares Padilla 
Claudio Taglienti
Taglienti
So Taguchi
Taguchi
Takayuki Takabayashi
Takabayashi
Yoshinobu Takahashi
Takahashi
Yasunori Takami
Takami
Brett Paul Tamburrino
Paul
Tamburrino
Paul Tamburrino 
Masahiro Tanaka
Tanaka
Yukio Tanaka
Tanaka
Yoshitomo Tani
Tani
Taylor Hill Teagarden
Hill
Teagarden
Hill Teagarden 
Flix R. Tejada
Tejada
R. Tejada 
Giel ten Bosch
ten
Bosch
ten Bosch 
Evert Jan Axel Charles "EvertJan" 't Hoen
Hoen
't Hoen 
Jared George Theodorakos
George
Theodorakos
George Theodorakos 
Nicholas Anthony "Nick" Theodorou
Theodorou
Bradley Richard Thomas
Richard
Thomas
Richard Thomas 
Richard Graeme Thompson
Graeme
Thompson
Graeme Thompson 
Stuart Allan Thompson
Allan
Thompson
Allan Thompson 
Scott Robert Thorman
Robert
Thorman
Robert Thorman 
Terry Ronald Tiffee
Ronald
Tiffee
Ronald Tiffee 
Akihiro Togo
Togo
Koji Tokunaga
Tokunaga
Shane Tonkin
Tonkin
Michele Toriaco
Toriaco
Guglielmo Trinci
Trinci
Tsai FengAn
Feng-An
Tsai MingHung
Ming-Hung
Tsao ChinHui
Chin-Hui
Tu ChangWei
Chang-Wei
Michael Anthony Tucker
Anthony
Tucker
Anthony Tucker 
Scott Tunkin
Tunkin
Marco Ubani
Ubani
Koji Uehara
Uehara
Luis Ulacia lvarez
Ulacia
lvarez
Ulacia lvarez 
Yoandri Urgells Cobas
Urgells
Cobas
Urgells Cobas 
Ermidelio Urrutia Quiroga
Urrutia
Quiroga
Urrutia Quiroga 
Osmani Urrutia Ramrez
Urrutia
Ramrez
Urrutia Ramrez 
Andrew Utting
Utting
Richard Barrie Vagg
Barrie
Vagg
Barrie Vagg 
Gabriel Enrique Valarezo Camps
Valarezo
Camps
Valarezo Camps 
Jorge Luis Valds Berriel
Valds
Berriel
Valds Berriel 
Eugenio Vldez Cuevas
Vldez
Cuevas
Vldez Cuevas 
Fulvio Valle
Valle
Lzaro Valle Martell
Valle
Martell
Valle Martell 
Dirk Gijsbertus van 't Klooster
Klooster
't Klooster 
Rodney Van Buizen
Van
Buizen
Van Buizen 
Jersey Robin Jan van Doornspeek
van
Doornspeek
van Doornspeek 
Michiel van Kampen
van
Kampen
van Kampen 
Andreas Johannes Maria "Andr" van Maris
van
Maris
van Maris 
Russell van Niekerk
van
Niekerk
van Niekerk 
James O. "Jimmy" Van Ostrand
Van
Ostrand
Van Ostrand 
Lzaro Vargas lvarez
Vargas
lvarez
Vargas lvarez 
Jason Andrew Varitek
Andrew
Varitek
Andrew Varitek 
Enrico Vecchi
Vecchi
Anbal A. Vega Garca
Vega
Garca
Vega Garca 
Manuel Alberto Vega Tamayo
Vega
Tamayo
Vega Tamayo 
Wilfredo Vlez Len
Vlez
Len
Vlez Len 
Cipriano Ventura
Ventura
Norge Luis Vera Peralta
Vera
Peralta
Vera Peralta 
Jos Ramn Veras
Ramn
Veras
Ramn Veras 
Ronald Thomas "Ron" Villone, Jr.
Villone,
Jr.
Villone, Jr. 
Juan C. Vias
Vias
C. Vias 
Peter Arnold Vogler
Arnold
Vogler
Arnold Vogler 
Kazuhiro Wada
Wada
Tsuyoshi Wada
Wada
Shigeki Wakabayashi
Wakabayashi
Hideaki Wakui
Wakui
William J. "B. J." Wallace
Wallace
Pim Walsma
Walsma
Wang Chao
Chao
Wang ChienMing
Chien-Ming
Wang KuangShih
Kuang-Shih
Wang Nan
Nan
Wang Wei
Wei
Ruben Byron Ward
Byron
Ward
Byron Ward 
Jeremy Jon Ware
Jon
Ware
Jon Ware 
Katsumi Watanabe
Watanabe
Shunsuke Watanabe
Watanabe
Casey McGhee Weathers
McGhee
Weathers
McGhee Weathers 
Jeffrey Charles "Jeff" Weaver
Weaver
Nicholas E. "Nick" Weglarz
Weglarz
David White
White
Gary White
White
Ben Wigmore
Wigmore
Stephen Bradley "Brad" Wilkerson
Wilkerson
Glenn David Williams
David
Williams
David Williams 
Jason Gerald Williams
Gerald
Williams
Gerald Williams 
Jeffrey Francis "Jeff" Williams
Williams
Todd Michael Williams
Michael
Williams
Michael Williams 
Craig Franklin Wilson
Franklin
Wilson
Franklin Wilson 
Christopher S. "Chris" Wimmer
Wimmer
Daniel "Danny" Wout
Wout
Wu ShihHsin
Shih-Hsin
Xu Zheng
Zheng
Akichika Yamada
Yamada
Yang ChienFu
Chien-Fu
Yang Yang
Yang
Akihiro Yano
Yano
Yeh ChunChang
Chun-Chang
Yoon SukMin
Suk-Min
Yuji Yoshimi
Yoshimi
Ernest Wesley "Ernie" Young
Young
Timothy R. "Tim" Young
Young
Fredy Zamora Garca
Zamora
Garca
Zamora Garca 
Clinton Wayne "Clint" Zavaras
Zavaras
Zhang Hongbo
Hongbo
Zhang Li
Zhang Yufeng
Yufeng
