Dagfinn Sverre Aarskog
Sverre
Aarskog
Kazumi Abe
Abe
Dmitry Vladimirovich Abramovich
Vladimirovich
Abramovich
Gilbert AchardPicard
AchardPicard
Donat Acklin
Acklin
Guido Acklin
Acklin
Marcus Adam
Adam
Richard "Richy"  Adjei
"Richy"
Adjei
Urs Aeberhard
Aeberhard
Christian Aebli
Aebli
Mark Sidney Andrew Agar
Sidney
Andrew
Agar
Hernn Marcelo Agote
Marcelo
Agote
Errol Aguilera
Aguilera
Gunnar Johan hs
Johan
Hans Aichele
Aichele
Enrico Airoldi
Airoldi
Remo Airoldi
Airoldi
Ulf Erik kerblom
Erik
kerblom
JanErik kerstrm
kerstrm
Rolf Evert kerstrm
Evert
kerstrm
ric Alard
Alard
Henri Eugne Aldebert
Eugne
Aldebert
Vladimir Petrovich Aleksandrov
Petrovich
Aleksandrov
Morgan Alexander
Alexander
Yorgo Alexandrou
Alexandrou
Michael Charles "Mike" Aljoe
Charles
"Mike"
Aljoe
Joseph Michael "Joe" Almasian
Michael
"Joe"
Almasian
Nstor Alonso Casajuana
Alonso
Casajuana
Robert Alt
Alt
Reidar Jakob Alveberg
Jakob
Alveberg
Giorgio Alver
Alver
Michele Alver
Alver
Renzo Alver
Alver
John C. Amabile, Jr.
Amabile,
Jr.
Douglas Thomas "Doug" Anakin
Thomas
"Doug"
Anakin
Stefan "Steve" Anderhub
"Steve"
Anderhub
Georges Jules Andr
Jules
Andr
Michel Andr
Andr
Marco Andreatta
Andreatta
Ionu Andrei
Andrei
Aleksey Nikolayevich Andryunin
Nikolayevich
Andryunin
Amedeo Angeli
Angeli
Karl Angerer
Angerer
Grigore Anghel
Anghel
Heinrich "Heiri" Angst
"Heiri"
Angst
Max Angst
Angst
Martin Annen
Annen
Ren Ansermoz
Ansermoz
Shinji Aoto
Aoto
Ingo Appelt
Appelt
Alexandre Arbez
Arbez
Mihails Arhipovs
Arhipovs
Daniel Dominique Hubert  ArmandDelille
Dominique
Hubert
ArmandDelille
Mario Armano
Armano
David Armstrong
Armstrong
Maximilian Arndt
Arndt
Andreas Arnold
Arnold
Erwin Arnold
Arnold
Thomas Alfred Arnold
Alfred
Arnold
Walter Eric Aronson
Eric
Aronson
Boriss Artemjevs
Artemjevs
Konomi Asazu
Asazu
Paul Aste
Aste
Valentin Georgiev Atanasov
Georgiev
Atanasov
James Neil "Jim" Atkinson
Neil
"Jim"
Atkinson
Paul Jason Attwood
Jason
Attwood
Philippe Aurox
Aurox
Oskar Olof "Olle" Axelson
Olof
"Olle"
Axelson
Emily Dianne Azevedo
Dianne
Azevedo
Jochen Babock
Babock
Thomas Bachler
Bachler
Ulrich "Ueli" Bchli
"Ueli"
Bchli
Jannis Bcker
Bcker
Kristina Valterovna Bader
Valterovna
Bader
Josef "Pepi" Bader
"Pepi"
Bader
Jeremy Baillard
Baillard
John Baines
Baines
Jill Bakken Linder
Bakken
Linder
Charles Jean Louis Balsan
Jean
Louis
Balsan
Maya Bamert Regg
Bamert
Regg
Sheridon Baptiste
Baptiste
Adam Barclay
Barclay
Jerzy Bardziski
Bardziski
Walter Barfu
Barfu
Thomas Ray "Tom" Barnes
Ray
"Tom"
Barnes
Bryan Barnett
Barnett
Gerhard Rudolf Viktor Baron von Hessert
Rudolf
Viktor
Baron
von
Hessert
Levente Gabriel Bartha
Gabriel
Bartha
Andreas Barucha
Barucha
Stefan Barucha
Barucha
Eugenio Baturone Ribas
Baturone
Ribas
Alex Baumann
Baumann
Hans Baumann
Baumann
Armin Baumgartner
Baumgartner
Floyd Joseph "Mike" Baumgartner
Joseph
"Mike"
Baumgartner
Michel Baur
Baur
William Paul Beamisch
Paul
Beamisch
Timothy Beck
Beck
Thomas Michael "Tom" Becker
Michael
"Tom"
Becker
Bjrn Runald Beckman
Runald
Beckman
Franz Bednar
Bednar
Robert Bednar
Bednar
Adriano Bee
Bee
Gaudenz Beeli
Beeli
Joseph Beerli
Beerli
Georg Beikircher
Beikircher
Andr Belle
Belle
Marco Bellodis
Bellodis
Antonella Bellutti
Bellutti
Maksim Eduardovich Belugin
Eduardovich
Belugin
Andrej Benda
Benda
Reginald Joseph "Reg" Benham
Joseph
"Reg"
Benham
Stanley Delong "Stan" Benham
Delong
"Stan"
Benham
Lino Benoni
Benoni
Stuart Benson
Benson
Josef "Sepp" Benz
"Sepp"
Benz
Andr Antoine "Anthony" Berg
Antoine
"Anthony"
Berg
Reidar Andreas Berg
Andreas
Berg
Claire Bergin
Bergin
Heinrich Bergmller
Bergmller
Charles "Chuck" Berkeley
"Chuck"
Berkeley
Alexandru Berlescu
Berlescu
Gregor Bermbach
Bermbach
Rogrio Bernardes
Bernardes
Horst Bernhardt
Bernhardt
Simone Bertazzo
Bertazzo
Ivars Brzups
Brzups
Gilbert Bessi
Bessi
Raimund Bethge
Bethge
Hansruedi Beugger
Beugger
Nino Bibbia
Bibbia
James John "Jim" Bickford, Jr.
John
"Jim"
Bickford,
Jr.
Patrick Walter "Piet" Biesiadecki
Walter
"Piet"
Biesiadecki
Edson Luques Bindilatti
Luques
Bindilatti
Walter Birch
Birch
David Bissett
Bissett
Bodo Bittner
Bittner
Mrgrit Blgescu
Blgescu
Peter Blakeley
Blakeley
Wilhelm Blechschmidt
Blechschmidt
John William Blockey
William
Blockey
Joshua Bluhm
Bluhm
Max Theodore Bly, Sr.
Theodore
Bly,
Sr.
Adolfo Bocchi
Bocchi
Liston Donneal Bochette, III
Donneal
Bochette,
III
Mris Bogdanovs
Bogdanovs
Martin Bohman
Bohman
Egils Bojrs
Bojrs
Romano Bonagura
Bonagura
Gianni Bonichon
Bonichon
Tino Bonk
Bonk
Flix Bonnat
Bonnat
Jorge L. Bonnet
Bonnet
Yannick "Yves" Bonsang
"Yves"
Bonsang
Leonardo Bonzi
Bonzi
Igor Boras
Boras
Roberto Jos Bordeu Baliero
Jos
Bordeu
Baliero
Oleksandr Stepanovych Bortiuk
Stepanovych
Bortiuk
Nikolay Kirilov Botev
Kirilov
Botev
Jrmy Bottin
Bottin
Jeremie Boutherin
Boutherin
Charles Bouvier
Bouvier
Pierre Bouvier
Bouvier
Charles "Charly" Bouvy
"Charly"
Bouvy
Louis Joanns Bozon
Joanns
Bozon
Rollo Christopher Brandt
Christopher
Brandt
Karsten Brannasch
Brannasch
Gaston Braun
Braun
Hubert Braun
Braun
Andreas Bredau
Bredau
Otto Breg
Breg
Albert Brehme
Brehme
Peter John Brennan
John
Brennan
James Gregory "Jim" Bridges
Gregory
"Jim"
Bridges
Jacques Bridou
Bridou
Joseph Gerard "Joe" Briski
Gerard
"Joe"
Briski
Antonio "Tonino" Brivio Sforza
"Tonino"
Brivio
Sforza
Ilse Maria Broeders
Maria
Broeders
Jzef Jan Andrzej Joachim Plater BroelPlater
Jan
Andrzej
Joachim
Plater
BroelPlater
Raivis Broks
Broks
Ralph Edward Howard Broome
Edward
Howard
Broome
Christian E. Brown
Brown
Peter William "Corrie" Brown
William
"Corrie"
Brown
Ivan Elmore Brown
Elmore
Brown
Harold John Catleugh Brown
John
Catleugh
Brown
Lascelles Oneil Brown
Oneil
Brown
ShelleyAnn Brown
Brown
Frederick Arthur Montague Browning
Arthur
Montague
Browning
Trygve Brudevold
Brudevold
Pietro G. "Peter" Brugnani
"Peter"
Brugnani
Percy D. Bryant
Bryant
Colin John L. Bryce
John
Bryce
Eugen Bchel
Bchel
Alexandru Buditeanu
Buditeanu
Laureniu Budur
Budur
JeanMarie Buisset
Buisset
Gunrs Bumbulis
Bumbulis
Aleksandar Bundalo
Bundalo
Antoni Bura
Bura
Franoise Burdet
Burdet
Daniel Burgner
Burgner
Heinz Busche
Busche
Hans Eduard BtikoferPerret
Eduard
BtikoferPerret
Charles Thomas "Tom" Butler
Thomas
"Tom"
Butler
Cory James Butner
James
Butner
Francesco Butteri
Butteri
Hans Erling Byberg
Erling
Byberg
Silvio Calcagno
Calcagno
JeanFranois Calmes
Calmes
Pascal Camia
Camia
Werner Camichel
Camichel
Edilberto Campadese
Campadese
Colin William Ashburner Campbell
William
Ashburner
Campbell
Hans Candrian
Candrian
Paolo Canedi
Canedi
J. R. Serge Cantin
Serge
Cantin
Reto Capadrutt
Capadrutt
Edward Frank "Ed" Card
Frank
"Ed"
Card
James Farquhar Cardno
Farquhar
Cardno
Pascal Caron
Caron
Albertus "Bart" Carpentier Alting
"Bart"
Carpentier
Alting
Glenn Carroll
Carroll
Schuyler Anthony "Sky" Carron
Anthony
"Sky"
Carron
Carlos Casar Fernndez
Casar
Fernndez
Mario Casass Altamirado
Casass
Altamirado
Ernest Casimir CasimirLambert
Casimir
CasimirLambert
Italo Cassini
Cassini
Albert Casteleyns
Casteleyns
Luigi Cavalieri
Cavalieri
Leonardo Cavallini
Cavallini
Luigi Cerutti
Cerutti
Chang MauSan
MauSan
Chang MinJung
MinJung
Ren Charlet
Charlet
Joseph Chatelus
Chatelus
Chen ChienLi
ChienLi
Chen ChienSheng
ChienSheng
Chen ChinSan
ChinSan
Chen ChinSen
ChinSen
Cheng JinShan
JinShan
Sergio Chianella
Chianella
Marian Chiescu
Chiescu
Grard ChristaudPipola
ChristaudPipola
Jacques ChristaudPipola
ChristaudPipola
Allfrid Kaare Wesley "Kre" Christiansen
Kaare
Wesley
"Kre"
Christiansen
Utz Chwalla
Chwalla
Stefan Ciapaa
Ciapaa
Jennifer "Jenny" Ciochetti
"Jenny"
Ciochetti
Giona Manuel Cividino
Manuel
Cividino
Andrea Clemente
Clemente
Peter Michael Clifford
Michael
Clifford
Howard Vincent Clifton
Vincent
Clifton
Jos Clot Prat
Clot
Prat
Benjamin "Ben" Coakwell
"Ben"
Coakwell
Christopher T. "Chris" Coleman
"Chris"
Coleman
William Edward Coles
Edward
Coles
Gilbert Bayard "Gil" Colgate, Jr.
Bayard
"Gil"
Colgate,
Jr.
Raymond William Pennington Collings
William
Pennington
Collings
Dario Colombi
Colombi
Allyn Condon
Condon
Maria Constantin
Constantin
Giacomo Luigi Conti
Luigi
Conti
Gillian Cooke
Cooke
James John Copley
John
Copley
Emil Coppetti
Coppetti
Salvador Mara Correa Keen
Mara
Correa
Keen
Enrico Costa
Costa
Francesco Costa
Costa
Loic Costerg
Costerg
Constantin Cotacu
Cotacu
Louis Courtois
Courtois
Michelle Coy
Coy
Archibald Douglas Crabbe
Douglas
Crabbe
Florin Cezar Crciun
Cezar
Crciun
Stephen Craig
Craig
Dino Crescentini
Crescentini
Dorel Cristudor
Cristudor
Giuseppe Crivelli
Crivelli
Mike Crocenzi
Crocenzi
Bertrand Croset
Croset
Howard Wallace Crossett, Jr.
Wallace
Crossett,
Jr.
Robert J. "Bob" Crowley
"Bob"
Crowley
Florian Cruciger
Cruciger
Jamie Cruickshank
Cruickshank
Nathan Cunningham
Cunningham
Nick Cunningham
Cunningham
Laura Curione
Curione
Gordon S. Currie
Currie
Harald Czudaj
Czudaj
William John "Bill" D'Amico
John
"Bill"
D'Amico
Roberto D'Amico
D'Amico
Carlo Da Pr
Claudinei Quirino da Silva
Quirino
Silva
Sally Mayara da Silva
Mayara
Silva
Rhys Anthony Dacre
Anthony
Dacre
Jrn Stian Dahl
Stian
Dahl
Corrado Dal Fabbro
Dal
Fabbro
Lamberto Dalla Costa
Dalla
Costa
Ferruccio Dalla Torre
Dalla
Torre
Matthew John "Matt" Dallow
John
"Matt"
Dallow
Ivo Danilevi
Danilevi
Ian Andrew Danney
Andrew
Danney
Miroslav Danov
Danov
Claude Dasse
Dasse
Jean Dauven
Dauven
Wilbur D. "Willie" Davenport
"Willie"
Davenport
Jacqueline "Jackie" Davies Gunn
"Jackie"
Davies
Gunn
Thierry De Borchgrave
Borchgrave
Jean Waillet de Crawhez
Waillet
Crawhez
Thomas "Tom" De La Hunty
"Tom"
Hunty
Stphane de la Rochefoucault
Rochefoucault
Juan de Landa
Landa
Ren Henri Thophile Florent Marie Joseph de Lunden
Henri
Thophile
Florent
Marie
Joseph
Lunden
Jan de Man Lapidoth
Man
Lapidoth
Mariano Jos de Mara Sala
Jos
Mara
Sala
Dino De Martin
Martin
Giovanni De Martin
Martin
Luciano De Paolis
Paolis
Alfonso Antonio Vicente Blas ngel Francisco "Fon" de Borija Cabez de Vaca y Leighton, Carvajal y Are
Antonio
Vicente
Blas
ngel
Francisco
"Fon"
Borija
Cabez
Vaca
Leighton,
Carvajal
Are
Philippe Marie de Pret Roose de Calesberg
Marie
Pret
Roose
Calesberg
Louis De Ridder
Ridder
Marcello Yves de Ridder Perrier
Yves
Ridder
Perrier
Antonio De Sanctis
Sanctis
Charles Fernand Marie Joseph De Sorgher
Fernand
Marie
Joseph
Sorgher
Eric Antoine Ghislain Joseph  De Spoelberch
Antoine
Ghislain
Joseph
Spoelberch
Marie Quenin Flix Ghislain Foulques Jean de la Croix Harouard de Suarez dAulan
Quenin
Flix
Ghislain
Foulques
Jean
Croix
Harouard
Suarez
dAulan
Robert Hubert Maria "Rob" de Wit
Hubert
Maria
"Rob"
Wit
Andr De Wulf
Wulf
Francesco De Zanna
Zanna
Nevio De Zordo
Zordo
John Wayne de Riley DeAtley
Wayne
Riley
DeAtley
Paul Auguste Joseph Dedein
Auguste
Joseph
Dedein
Lamin Ali Deen
Ali
Deen
Dorin Degan
Degan
Henri Louis Dekking
Louis
Dekking
Carlos Jorge del Carril Garmendia
Jorge
del
Carril
Garmendia
Justo Ricardo Benigno del Carril Aldao
Ricardo
Benigno
del
Carril
Aldao
Howard Dell
Dell
Emilio Dell'Oro
Dell'Oro
Alberto Della Beffa
Della
Beffa
Dieter Delle Karth
Delle
Karth
Walter Delle Karth, Jr.
Delle
Karth,
Jr.
Werner Delle Karth
Delle
Karth
Jacques Paul Delprat
Paul
Delprat
Luke Demetre
Demetre
Teodor Demetriad
Demetriad
Dudley den Dulk
den
Dulk
Jacques Descatoire
Descatoire
Serge Despres
Despres
Adrian Di Piazza
Piazza
G. Daz
Daz
J. Daz
Daz
Intars Dcmanis
Dcmanis
Gottfried Diener
Diener
Dimitar Dimitrov
Dimitrov
Nikolay Stoyanov Dimitrov
Stoyanov
Dimitrov
Friedrich Josef Lienhard "Fritz" Dinkhauser
Josef
Lienhard
"Fritz"
Dinkhauser
Marvin Dixon
Dixon
Thomas Robin Valerian Dixon
Robin
Valerian
Dixon
Simon Dodd
Dodd
William Longstreth "Bill" Dodge
Longstreth
"Bill"
Dodge
Thomas Bartwell "Tom" Doe, Jr.
Bartwell
"Tom"
Doe,
Jr.
Shinji Doigawa
Doigawa
Jan Andrzej Dombrowski
Andrzej
Dombrowski
Frank Dominik
Dominik
Cheryl Nicola Done
Nicola
Done
Andr Donnet
Donnet
Peter Donohoe
Donohoe
Yelena Anatolyevna Doronina
Anatolyevna
Doronina
Fabiana dos Santos
dos
Santos
Karel Dostl
Dostl
Josef "Sepp" Dostthaler
"Sepp"
Dostthaler
Ioan Dnu Dovalciuc
Dnu
Dovalciuc
Constantin Dragomir
Dragomir
Bart Drechsel
Drechsel
Daumants Dreikens
Dreikens
John Drost
Drost
Niki Drpi
Drpi
Bertrand Marie Charles Henri du Pontavice de Heussey
Marie
Charles
Henri
Pontavice
Heussey
Andr Dubonnet
Dubonnet
Guy Carol Dugdale
Carol
Dugdale
Duh MawSheng
MawSheng
Adrian Duminicel
Duminicel
Ion Duminicel
Duminicel
Mihai Dumitracu
Dumitracu
William Frederick "Bill" Dundon
Frederick
"Bill"
Dundon
Samuel Johannes Cornelis "Sam" Dunlop
Johannes
Cornelis
"Sam"
Dunlop
David Kircher Dunn
Kircher
Dunn
William Dunn
Dunn
William Francis "Bill" Dupree
Francis
"Bill"
Dupree
Donald Victor "Don" Dupree, Sr.
Victor
"Don"
Dupree,
Sr.
Philip Michael "Phil" Duprey
Michael
"Phil"
Duprey
Reinhold Durnthaler
Durnthaler
Thomas Drr
Drr
Dalibor uri
uri
Dominik Dvok
Dvok
Konstantin Dyomin
Dyomin
Arnold Dyrdahl
Dyrdahl
Ji Dzmura
Dzmura
Edward Patrick Francis "Eddie" Eagan
Patrick
Francis
"Eddie"
Eagan
Paul Hans Eberhard
Hans
Eberhard
Franz Eckhardt
Eckhardt
Josef Eder
Eder
Mark Fraser Edmond
Fraser
Edmond
Gnther Eger
Eger
Jrg Egger
Egger
Kurt Einberger
Einberger
Hans Conrad Eisenhut
Conrad
Eisenhut
Uwe Eisenreich
Eisenreich
Brje Nils Hilding Ekedahl
Nils
Hilding
Ekedahl
Zintis Ekmanis
Ekmanis
Lorenzo Manuel Porfirio Elzaga y Romero Rubio
Manuel
Porfirio
Elzaga
Romero
Rubio
Miguel C. Elizondo Navarrete
Elizondo
Navarrete
Jnis Elsi
Elsi
Carsten Embach
Embach
John Emery
Emery
Victor "Vic" Emery
"Vic"
Emery
Florian Enache
Enache
Hans Edgar Endres
Edgar
Endres
Felix Endrich
Endrich
Heinrich Enea
Enea
Claude Englebert
Englebert
Lina Maria Engren
Maria
Engren
David Entwistle
Entwistle
Sven Gustav Gunnar Erbs
Gustav
Gunnar
Erbs
SusiLisa Erdmann Plankensteiner
Erdmann
Plankensteiner
CarlErik Mauritz Eriksson
Mauritz
Eriksson
Donat Ertel
Ertel
Susumu Esashika
Esashika
Aja L. Evans
Evans
John Patrick Michael Hugh Evelyn
Patrick
Michael
Hugh
Evelyn
J. Henri Evrot
Henri
Evrot
Francis Gerald Alois Faigle
Gerald
Alois
Faigle
Francis Gerard Luis Fairlie
Gerard
Luis
Fairlie
George Farrell
Farrell
Christian Douglas "Chris" Farstad
Douglas
"Chris"
Farstad
Erwin Fassbind
Fassbind
Ekkehard Fasser
Fasser
Marcel Fssler
Fssler
David Andrew Faulds
Andrew
Faulds
Joel Israel Fearon
Israel
Fearon
Urs Fehlmann
Fehlmann
Fritz Feierabend
Feierabend
Jazmine Fenlator
Fenlator
Bodo Ferl
Ferl
Felix Konrad Fernstrm
Konrad
Fernstrm
Jos Ferrer Tanco
Ferrer
Tanco
Ivo Ferriani
Ferriani
Martina Feusi
Feusi
Paul Field
Field
Andr Filippini
Filippini
Massimo Fink
Fink
Ezio Fiori
Fiori
Anton Fischer
Fischer
William Mead Lindsley "Billy" Fiske, III
Mead
Lindsley
"Billy"
Fiske,
III
Christophe Flacher
Flacher
Valerie S. Fleming
Fleming
Thomas Florschtz
Florschtz
Horst Floth
Floth
Vonetta Lashaw Flowers Jeffery
Lashaw
Flowers
Jeffery
Clarke James Flynn
James
Flynn
Dumitru Foceneanu
Foceneanu
Christopher "Chris" Fogt
"Chris"
Fogt
Vittorio Folonari
Folonari
Ren Marcellin Fonjallaz
Marcellin
Fonjallaz
Simone Fontana
Fontana
Max Forster
Forster
Frederick Joseph "Fred" Fortune, Jr.
Joseph
"Fred"
Fortune,
Jr.
John Frederick Foster, Sr.
Frederick
Foster,
Sr.
Henri Achille Fould
Achille
Fould
Christophe Fouquet
Fouquet
Gabriel Fourmigue
Fourmigue
Ernesto Franceschi
Franceschi
Mario Franji
Franji
Christopher Frank
Frank
Nicholas Alex Frankl
Alex
Frankl
Adriano Frassinelli
Frassinelli
Roy Edward Michael "Mike" Freeman
Edward
Michael
"Mike"
Freeman
Rico Freiermuth
Freiermuth
Heino Ado Freyberg
Ado
Freyberg
Francesco Friedrich
Friedrich
Alexandru Frim
Frim
Doru Frncu
Frncu
Earl Peter Frisbie
Peter
Frisbie
Frederick William Fritsch
William
Fritsch
Franziska Fritz
Fritz
Yuji Funayama
Funayama
Olga Olegovna FyodorovaStulneva
Olegovna
FyodorovaStulneva
Anthony Gadd
Gadd
Jeffrey "Jeff" Gadley
"Jeff"
Gadley
Stefan Gaisreiter
Gaisreiter
Stphane Galbert
Galbert
Gang GwangBae
GwangBae
Walter Jean Ganshof van der Meersch
Jean
Ganshof
van
der
Meersch
Gunnar Charles Garp
Charles
Garp
Albert "Aby" Gartmann
"Aby"
Gartmann
Arnold "Noldi" Gartmann
"Noldi"
Gartmann
Gianfranco Gaspari
Gaspari
Tomasz Konrad Gatka
Konrad
Gatka
Sbastien Gattuso
Gattuso
Nicola Louise GautierMinichiello
Louise
GautierMinichiello
Iulian P. "Ion" Gav
"Ion"
Gav
Suzanne GavineHlady
GavineHlady
William S. GayraudHirigoyen
GayraudHirigoyen
John Gee
Gee
Andreas "Andi" Gees
"Andi"
Gees
Dieter Gehmacher
Gehmacher
Hans Gehrig
Gehrig
Oscar Arnold Geier
Arnold
Geier
Bruno Gerber
Gerber
Rudolf "Rolf" Gerber
"Rolf"
Gerber
HansJrgen Gerhardt
Gerhardt
Bernhard Germeshausen
Germeshausen
Pasquale Gesuito
Gesuito
Robert Paul "Rob" Geurts
Paul
"Rob"
Geurts
Willem Johan Gijsbert Gevers
Johan
Gijsbert
Gevers
Guerrino Ghedina
Ghedina
Dumitru Gheorghiu
Gheorghiu
Toma Petre Ghiulescu
Petre
Ghiulescu
Serge Giacchini
Giacchini
Glenroy John Gilbert
John
Gilbert
Jessica Gillarduzzi
Gillarduzzi
Uberto Gillarduzzi
Gillarduzzi
Walter Gillik
Gillik
Jason Giobbi
Giobbi
Silvio Giobellina
Giobellina
Ulrico Girardi
Girardi
Thibault Giroud
Giroud
Arend Dirk Glas
Dirk
Glas
Martin Glynn
Glynn
Otto Gbl
Gbl
Thibault Alexis Godefroy
Alexis
Godefroy
Philip Adrian Goedluck
Adrian
Goedluck
Harry Goetschi
Goetschi
Erik Christian Gogstad
Christian
Gogstad
Aleksey Anatolyevich Golovin
Anatolyevich
Golovin
Sergey Viktorovich Golubyov
Viktorovich
Golubyov
Roman Gomola
Gomola
Fbio Gonalves Silva
Gonalves
Silva
Ricardo Carlos Gonzlez Moreno Saguier
Carlos
Gonzlez
Moreno
Saguier
Lloyd Lamont "Monty" Gordon
Lamont
"Monty"
Gordon
Steffen Grmer
Grmer
Andrey Vladimirovich Gorokhov
Vladimirovich
Gorokhov
Reto Gtschi
Gtschi
Jurica "Juraj" Grabui
"Juraj"
Grabui
Paul Graeffe
Graeffe
Walter Andreas Graf
Andreas
Graf
Jorge Arturo Gramajo Atucha
Arturo
Gramajo
Atucha
Horacio Antonio Gramajo Atucha
Antonio
Gramajo
Atucha
Cdric Grand
Grand
David Granger
Granger
Rupert Grasegger
Grasegger
Fritz Grau
Grau
Clifford Barton "Cliff" Gray
Barton
"Cliff"
Gray
Andreea Grecu
Grecu
Charles Patrick Green
Patrick
Green
Ricardo Dillon Greenidge
Dillon
Greenidge
Maurice Grether
Grether
Jamie Greubel Poser
Greubel
Poser
David Griffith
Griffith
Albert Alexandre Louis Pierre Grimaldi
Alexandre
Louis
Pierre
Grimaldi
Georg Gromann
Gromann
Ferdinand Grssing
Grssing
Lucien Grosso
Grosso
Herbert Gruber
Gruber
Robert Guillard
Guillard
Anton Guldener
Guldener
Lloyd Guss
Guss
Johan Fredrik Cermith Gustafsson
Fredrik
Cermith
Gustafsson
Lars Thomas Gustafsson Morghult
Thomas
Gustafsson
Morghult
Gatis Gts
Gts
Georg Gyssling
Gyssling
Mrton Gyulai
Gyulai
Mikls Gyulai
Gyulai
Aleksander Bronisaw Habela
Bronisaw
Habela
Christian Hackl
Hackl
Sabina Hafner
Hafner
Thomas Richard Hagen
Richard
Hagen
Gerhard Haidacher
Haidacher
Andra Hakli
Hakli
Edward Ramsden "Eddie" Hall
Ramsden
"Eddie"
Hall
Hans Birger Halln
Birger
Halln
John Maurice Hammond
Maurice
Hammond
Olaf Hampel
Hampel
Roman Handschin
Handschin
Thomas Handschin
Handschin
Ren Hannemann
Hannemann
Francis Louis "Frank" Hansen
Louis
"Frank"
Hansen
William Gabriel Christian Jules Lon Hansez
Gabriel
Christian
Jules
Lon
Hansez
Izet Harai
Harai
Martin Harland
Harland
Gregory "Greg" Harrell
"Greg"
Harrell
Philip James Charles "Phil" Harries
James
Charles
"Phil"
Harries
Devon Desmond Harris
Desmond
Harris
Stephen John "Steve" Harrison
John
"Steve"
Harrison
Curtis Harry
Harry
Michael Hartley
Hartley
HansJrgen Hartmann
Hartmann
Duncan Harvey
Harvey
Karl Hseli
Hseli
James Curt Hayden
Curt
Hayden
Gregory "Greg" Haydenluck
"Greg"
Haydenluck
Todd Dennys Hays
Dennys
Hays
John Rutherford "Jack" Heaton
Rutherford
"Jack"
Heaton
Jennison Heaton
Heaton
Brje Gunnar Hedblom
Gunnar
Hedblom
Andrew Hedges
Hedges
Beat Hefti
Hefti
Georg Heibl
Heibl
Moritz Heidegger
Heidegger
Romain Heinrich
Heinrich
Walter Heinzl
Heinzl
Guillaume "Willy" Heldenstein
"Willy"
Heldenstein
Peter Hell
Hell
Alan Charles Henderson
Charles
Henderson
Christina Hengster
Hengster
Hans Henn
Henn
Peter John Douglas Henry
John
Douglas
Henry
James F. "Jim" Herberich
"Jim"
Herberich
John Alan Adolphus Herbert
Alan
Adolphus
Herbert
Paolo Herbert
Herbert
Nicole Herschmann
Herschmann
Hans He
Sebastian Heufler
Heufler
Christoph Heyder
Heyder
William David "Bill" Hickey
David
"Bill"
Hickey
Robert "Bob" Hickey
"Bob"
Hickey
James John "Jim" Hickey, Jr.
John
"Jim"
Hickey,
Jr.
Thomas A. "Tom" Hicks
"Tom"
Hicks
Ulf Hielscher
Hielscher
Auguste Hilbert
Hilbert
Hans Hiltebrand
Hiltebrand
Benjamin John "Ben" Hindle
John
"Ben"
Hindle
Matthew "Matt" Hindle
"Matt"
Hindle
Lyman Northrop Hine
Northrop
Hine
Garrett Hines
Hines
Manami Hino
Hino
Serge Hissung
Hissung
David Gordon Hobart
Gordon
Hobart
Laszlo Hodos
Hodos
Aoife Hoey
Hoey
Manfred Hofer
Hofer
Jrgen Hofmann
Hofmann
Willi Hofmann
Hofmann
Rolf Ebbe Hglund
Ebbe
Hglund
Hans Hohenester
Hohenester
Henry C. Hhnes
Hhnes
Steven "Steve" Holcomb
"Steve"
Holcomb
Rudolf Hll
Hll
George Stanley Charles Holliday
Stanley
Charles
Holliday
William Gustav Hollrock, III
Gustav
Hollrock,
III
Kjell Albrekt Oliver Holmstrm
Albrekt
Oliver
Holmstrm
Arne Holst
Holst
Ulrike Holzner
Holzner
Henry Anton Homburger
Anton
Homburger
Harvey Noble Hook
Noble
Hook
Eduardo Hope Gould
Hope
Gould
Matthias Hpfner
Hpfner
Ren Hoppe
Hoppe
Wolfgang Hoppe
Hoppe
Heinrich "Heinz" Hoppichler
"Heinz"
Hoppichler
Edward "Edd" Horler
"Edd"
Horler
Edmund Carlton "Ed" Horton
Carlton
"Ed"
Horton
William Gray Horton
Gray
Horton
Emmanuel Hostache
Hostache
Max Houben
Houben
John Barry Howell
Barry
Howell
Hal Andrew Hoye
Andrew
Hoye
Mario Hoyer
Hoyer
Roman Hraba
Hraba
Petre Hristovici
Hristovici
Hsu KuoJung
KuoJung
Eduard "Edy" Hubacher
"Edy"
Hubacher
Marko Hbenbecker
Hbenbecker
Cora Huber
Huber
Gnther Huber
Huber
Sebastian Huber
Huber
Dumitru Hubert
Hubert
Ferdinand Hubert
Hubert
Daniel "Dan" Humphries
"Dan"
Humphries
Kaillie Humphries Simondson
Humphries
Simondson
Robert William "Bob" Huscher
William
"Bob"
Huscher
Georg Werner F. Huth
Werner
Huth
Anders Johan Hveem
Johan
Hveem
Hwang ChiFang
ChiFang
Constantin Iancu
Iancu
Yoshiyuki Ichihashi
Ichihashi
Horacio A. Iglesias
Iglesias
Rafael E. Iglesias
Iglesias
Aurel Mihai Iliescu
Mihai
Iliescu
Hiroshi Inaba
Inaba
Matheus Facho Inocncio
Facho
Inocncio
Masanori Inoue
Inoue
Aldis Intlers
Intlers
Alexandru Ionescu
Ionescu
Costel Ionescu
Ionescu
Maxmillian Heinrich Ippen
Heinrich
Ippen
James Henry Iremonger
Henry
Iremonger
Jennifer Isacco
Isacco
Franz Isser
Isser
Heinrich Isser
Isser
Nicolae Istrate
Istrate
Yordan Ivanov Ivanov
Ivanov
Ivanov
Oleksandr Ivanyshyn
Ivanyshyn
Gabriel Izard
Izard
John James Jackson
James
Jackson
Donald C. Jacques, Jr.
Jacques,
Jr.
Milan Jagnek
Jagnek
Ludwig Jahn
Jahn
Marco Jakobs
Jakobs
Axel Jang
Jang
Dan Janjigian
Janjigian
Sybren Jansma
Jansma
Sigurd Peter Jansson
Peter
Jansson
Jacques Jany
Jany
Juris Jaudzems
Jaudzems
Richard Robert Jeffrey
Robert
Jeffrey
Charles Jenny
Jenny
Jeon JeongRin
JeongRin
Ivar Johansen
Johansen
Jan Edvin Johansson
Edvin
Johansson
Leif Oskar Johansson
Oskar
Johansson
Lauri Tommy Bjrn Stig Johansson Bjrnquist
Tommy
Bjrn
Stig
Johansson
Bjrnquist
Gea Johnson
Johnson
Karl George Johnston
George
Johnston
Lee Bernard Grant Johnston
Bernard
Grant
Johnston
Alan Jones
Jones
Lori "Lolo" Jones
"Lolo"
Jones
Maximiliano Jones Ivina
Jones
Ivina
Randal "Randy" Jones
"Randy"
Jones
Jeffrey Robert "Jeff" Jordan
Robert
"Jeff"
Jordan
Andrea Jory
Jory
Jeffrey William "Jeff" Jost
William
"Jeff"
Jost
Dragia Jovanovi
Jovanovi
Pavle Jovanovic
Jovanovic
Michael Juhlin
Juhlin
Erwin Juon
Juon
Eline Jurg
Jurg
Yoshimitsu Kadowaki
Kadowaki
Pierre Kaempff
Kaempff
Anton Kaltenberger
Kaltenberger
Max Kaltenberger
Kaltenberger
JohnAndrew Kambanis
Kambanis
Esm Imre Kamphuis
Imre
Kamphuis
Franz Kapus
Kapus
Benno Karner
Karner
John Kasper
Kasper
Micha Kasperowicz
Kasperowicz
Aleksandr Vladimirovich Kasyanov
Vladimirovich
Kasyanov
Franz Kemser
Kemser
Joseph C. Keosseian
Keosseian
Nikolay Nikolayevich Khrenkov
Nikolayevich
Khrenkov
Marinos Khristopoulos
Khristopoulos
Ilvir Ildarovich Khuzin
Ildarovich
Khuzin
Oskars ibermanis
ibermanis
Nenna Antoinet "Nannet" KiemelKarenbeld
Antoinet
"Nannet"
KiemelKarenbeld
Peter Kienast
Kienast
Paul Kiernan
Kiernan
Herbert Kiesel
Kiesel
Joseph William "Joey" Kilburn
William
"Joey"
Kilburn
Peter Andreas Kildal
Andreas
Kildal
Hanns Kilian
Kilian
William Bradley "Brad" Kiltz
Bradley
"Brad"
Kiltz
Kim DongHyeon
DongHyeon
Kim GyeongHyeon
GyeongHyeon
Kim JeongSu
JeongSu
Kim SeonOk
SeonOk
Kim Sik
Sik
Jnis ipurs
ipurs
Karlos K. Kirby
Kirby
Peter Murray Kirby
Murray
Kirby
Andreas Kirchner
Kirchner
Aleksey Ivanovich Kireyev
Ivanovich
Kireyev
Andr Kiser
Kiser
Theodor "Theo" Kitt
"Theo"
Kitt
Suguru Kiyokawa
Kiyokawa
Arnoldus Franciscus Augustines Arno  Klaassen
Franciscus
Augustines
Arno
Klaassen
Olafs Kavi
Kavi
mile Kleber
Kleber
Johann Julius "Hans" Kleinpeter
Julius
"Hans"
Kleinpeter
Viola Kleiser
Kleiser
Michael Klingler
Klingler
Dominique Klinnik
Klinnik
Franz Kneissl
Kneissl
Ryuichi Kobayashi
Kobayashi
Jan Kobin
Kobin
Henri Koch
Koch
Louis Koch
Koch
Franz Kfel
Kfel
Gerhard Khler
Khler
Michael "Mike" Kohn
"Mike"
Kohn
Zdenk Kohout
Kohout
Edmund Koller
Koller
Panagiotis "Peter" Kolotouros
"Peter"
Kolotouros
ulijano Koludra
Koludra
Peter Kondrt
Kondrt
Aleksy Konieczny
Konieczny
Zygmunt Konieczny
Konieczny
Klaus Kopp
Kopp
Nikola Korica
Korica
Vincent Kortbeek
Kortbeek
Rihards Kotns
Kotns
Ken Kotyk
Kotyk
Erika Kovacs
Kovacs
Adolf Koxeder
Koxeder
Luk Koienka
Koienka
Vladimir Yevgenyevich Kozlov
Yevgenyevich
Kozlov
Ondej Kozlovsk
Kozlovsk
Slaven Krajai
Krajai
Brock Kreitzburg
Kreitzburg
Valentin Krempl
Krempl
Heinz Krenn
Krenn
Rbert Kresanko
Kresanko
Justin Kripps
Kripps
Gnter Krispel
Krispel
Arnfinn Kristiansen
Kristiansen
Jeffrey C. "Jeff" Kromenhoek
"Jeff"
Kromenhoek
Sergey Valeryevich Kruglov
Valeryevich
Kruglov
Edin Krupalija
Krupalija
Jrgen Ove Kruse
Ove
Kruse
Hubert Kryn
Kryn
Axel Khn
Khn
Enrico Khn
Khn
Friedrich "Fritz" Kuhn
"Fritz"
Kuhn
Marc Khne
Khne
Wolfgang Kummer
Kummer
Dawid Andrzej Kupczyk
Andrzej
Kupczyk
Toshiki Kuroiwa
Kuroiwa
va Krti
Krti
Zsolt Istvn Krtsi
Istvn
Krtsi
Kevin Kuske
Kuske
Georg Kuttner
Kuttner
Cristian La Grassa
Grassa
Patrick Lachaud
Lachaud
Paul Emile Lamey
Emile
Lamey
Thomas Lamparter
Lamparter
James Ernest "Jim" Lamy
Ernest
"Jim"
Lamy
Nils Landgren
Landgren
Agostino Lanfranchi
Lanfranchi
Gaetano Lanfranchi
Lanfranchi
Andr Lange
Lange
Frank Lange
Lange
Christoph Langen
Langen
Ferdinand Langer
Langer
Cleve "Cal" Langford
"Cal"
Langford
Robert Langlois
Langlois
Steven Daniel "Steve" Langton
Daniel
"Steve"
Langton
Vasyl Lantukh
Lantukh
Josef Lanzendrfer
Lanzendrfer
Edmund Lanziner
Lanziner
Alf Reidar Large
Reidar
Large
Edmond Laroche
Laroche
Steve Larsen
Larsen
Mariusz Latkowski
Latkowski
Tuffield Albert "Tuffy" Latour
Albert
"Tuffy"
Latour
Roberto Lauderdale Navarro
Lauderdale
Navarro
James "Jim" Lavalley
"Jim"
Lavalley
Richard Webster "Dick" Lawrence
Webster
"Dick"
Lawrence
Chris le Bihan
Bihan
ric Le Chanony
Chanony
Kenneth P. L. "Ken" LeBlanc
"Ken"
LeBlanc
Marcel Leclef
Leclef
Lee ChenTan
ChenTan
Lee JinHui
JinHui
Elly Lefort
Lefort
mile Legrand
Legrand
Fernand Legrand
Legrand
Bernhard Lehmann
Lehmann
Vairis Leiboms
Leiboms
Peter Leismller
Leismller
Ioannis Leivaditis
Leivaditis
Michel Lemarchand
Lemarchand
Alec Leonce
Leonce
Charles "Chuck" Leonowicz
"Chuck"
Leonowicz
Bryan Robert Leturgez
Robert
Leturgez
Gustav Leubner
Leubner
Hans Leutenegger
Leutenegger
David Leuty
Leuty
Walter David Lewis
David
Lewis
Camille Linard
Linard
Lin RueiMing
RueiMing
Johann "Hans" Lindner
"Hans"
Lindner
Simon Linscheid
Linscheid
Ronny Listner
Listner
Gheorghe Lixandru
Lixandru
Denys Malcolm "Gomer" Lloyd
Malcolm
"Gomer"
Lloyd
Jrgen Loacker
Loacker
Astrid LochWilkinsonRaenovi
LochWilkinsonRaenovi
Rudolf "Rudi" Lochner
"Rudi"
Lochner
Roders Lodzi
Lodzi
Gerold Lffler
Lffler
Romy Logsch
Logsch
Marcel Lopuchovsk
Lopuchovsk
Franz Lorenz
Lorenz
Richard Lorenz
Lorenz
Christopher Paul "Chris" Lori
Paul
"Chris"
Lori
Oskar Lory
Lory
Kurt Loserth
Loserth
Boris Lovri
Lovri
Michael Lawrence "Mickey" Luce
Lawrence
"Mickey"
Luce
Fritz Ldi
Ldi
August Max Otto Ludwig
Max
Otto
Ludwig
Pierre Fritz Lueders
Fritz
Lueders
Francis Luiggi
Luiggi
Jesse Lumsden
Lumsden
Peter Lund
Lund
Helvijs Lsis
Lsis
Kjell Evert Lutteman
Evert
Lutteman
Jerzy Micha ucki
Micha
ucki
Vladimir Alfredovich Lyubovitsky
Alfredovich
Lyubovitsky
David G. "Dave" MacEachern
"Dave"
MacEachern
Gerard "Gerry" Macken
"Gerry"
Macken
Alan William MacLachlan
William
MacLachlan
Gustav Mader
Mader
Albert Madrin
Madrin
Gheorghe Maftei
Maftei
Jorge Magalhes
Magalhes
Benjamin Maier
Maier
Bernhard Mair
Mair
Pyotr Anatolyevich Makarchuk
Anatolyevich
Makarchuk
Eric Leme Walther Maleson
Leme
Walther
Maleson
Nihad Mameledzija
Mameledzija
Alexander Mann
Mann
Rodney K. Mann
Mann
Alfred "Freddy" Mansveld
"Freddy"
Mansveld
Aurel Mrescu
Mrescu
Piero Marchetti
Marchetti
Hans Mrchy
Mrchy
Thorsten Margis
Margis
Tams Margl
Margl
Igor Mari
Mari
Hanna Emilie Marin
Emilie
Marin
Antonio Marn de Bes
Marn
Bes
Dennis Edward Marineau
Edward
Marineau
Christian Mark
Mark
Rudolf "Ruedi" Marti
"Ruedi"
Marti
Christopher Martin
Martin
Leo James Martin
James
Martin
Patrick Henry "Pat" Martin
Henry
"Pat"
Martin
Paul Martin
Martin
Robert Patrick Martin
Patrick
Martin
Henry Charles Martineau Schwab
Charles
Martineau
Schwab
Cathleen Martini
Martini
Edson Ricardo Martins
Ricardo
Martins
Sven Erik Martinsson
Erik
Martinsson
Edgars Maskalns
Maskalns
Geoffrey Travers Mason
Travers
Mason
Lucas Mata
Mata
Ernest Mathias
Mathias
Slobodan Matijevi
Matijevi
Andrew Matthews
Matthews
Hans Maurer
Maurer
Jacques Maus
Maus
Jrgen Robert Mayer
Robert
Mayer
Tanja Mayer
Mayer
Dave Nathaniel McCalla
Nathaniel
McCalla
William "Bill" McCowen
"Bill"
McCowen
Patrick "Pat" McDonagh
"Pat"
McDonagh
Charles Henry "Charlie" McDonald
Henry
"Charlie"
McDonald
Justin Harley McDonald
Harley
McDonald
Purvis David McDougall
David
McDougall
Frederick Joseph "Freddie" McEvoy
Joseph
"Freddie"
McEvoy
Terence "Terry" McHugh
"Terry"
McHugh
Cecilia Mcintosh
Mcintosh
Richard "Ricky" McIntosh
"Ricky"
McIntosh
Angus Carl Alexander "Gus" McKenzie
Carl
Alexander
"Gus"
McKenzie
Paula McKenzie
McKenzie
Shane McKenzie
McKenzie
Lawrence Raymond "Larry" McKillip
Raymond
"Larry"
McKillip
William John "Jack" McLean
John
"Jack"
McLean
James McNaughton
McNaughton
Andrew McNeilly
McNeilly
Edgar James "Ed" Meddings
James
"Ed"
Meddings
Johannes Richard "Hans" Mehlhorn
Richard
"Hans"
Mehlhorn
Kurt Meier
Meier
Christian Meili
Meili
Martin Meinberg
Meinberg
Oskars Melbrdis
Melbrdis
Raffaele Menardi
Menardi
Marco Menchini
Menchini
Andrea Meneghin
Meneghin
PierreAlain Menneron
Menneron
Jacques Hubert Pierre Franois Menten
Hubert
Pierre
Franois
Menten
Bjrn Tommy "Tom" Mentzer
Tommy
"Tom"
Mentzer
Ewald Menzl
Menzl
Crawford C. Merkel
Merkel
Steven Michael "Steve" Mesler
Michael
"Steve"
Mesler
Alexander Metzger
Metzger
Hans Metzler
Metzler
Fabienne Meyer
Meyer
Elana Alessandra Meyers Taylor
Alessandra
Meyers
Taylor
Mate Mezuli
Mezuli
Hctor Milberg Bossi
Milberg
Bossi
Hubert Gene Miller
Gene
Miller
Bruno Mingeon
Mingeon
Jnis Miins
Miins
Robert Henry "Bob" Minton
Henry
"Bob"
Minton
Nathan "Chip" Minton, III
"Chip"
Minton,
III
Sandu Mitrofan
Mitrofan
Shinji Miura
Miura
Masaru Miyauchi
Miyauchi
Hisashi Miyazaki
Miyazaki
Renato Mocellini
Mocellini
Sergio Mocellini
Mocellini
Giovanni Modena
Modena
Nicolae Moiceanu
Moiceanu
Andr F. Moillen
Moillen
Jean Moillen
Moillen
Denis Sergeyevich Moiseychenkov
Sergeyevich
Moiseychenkov
Pyotr Aleksandrovich Moiseyev
Aleksandrovich
Moiseyev
Juraj Mokr
Mokr
Maksim Vladimirovich Mokrousov
Vladimirovich
Mokrousov
Dnu Moldovan
Moldovan
Gheorghe Moldoveanu
Moldoveanu
Fabiana Mollica
Mollica
Daniel James "Dan" Money
James
"Dan"
Money
Grard Monrazel
Monrazel
Eugenio Monti
Monti
Hans Morant
Morant
Giorgio Morbidelli
Morbidelli
Gilles Morda
Morda
Curdin Morell
Morell
James Patrick "Jimmy Morgan
Patrick
"Jimmy
Morgan
Michael Morgan
Morgan
Jamie Moriarty
Moriarty
Jean Morin
Morin
Yannick Morin
Morin
Giancarlo Morpugo
Morpugo
Kenneth Joseph "Ken" Morris
Joseph
"Ken"
Morris
Ren Mortiaux
Mortiaux
Werner Moser
Moser
Jacques Mouvet
Mouvet
Heather Moyse
Moyse
Pawe Mrz
Mrz
Faauuga Tia Muagututia
Tia
Muagututia
Albert Mugnier
Mugnier
Josef Muigg
Muigg
Charles Marie Aloy Mulder
Marie
Aloy
Mulder
Hansruedi Mller
Mller
Meinrad Mller
Mller
Michael Mller
Mller
Rolf Mller
Mller
Luis Muoz Cabrero
Muoz
Cabrero
Paul Muntean
Muntean
Mariusz Konrad Musial
Konrad
Musial
Bogdan Musiol
Musiol
Pierre Musy
Musy
Chisato Nagaoka
Nagaoka
Toshihisa Nagata
Nagata
Hans Ngle
Ngle
Csaba Nagy Lakatos
Nagy
Lakatos
Josef Nairz
Nairz
Yasuo Nakamura
Nakamura
Richard Fields "Dick" Nalley
Fields
"Dick"
Nalley
John Napier
Napier
Petr Narovec
Narovec
Paul Andrew Narracott
Andrew
Narracott
John Victor Nash
Victor
Nash
Anthony James Dillon "Tony" Nash
James
Dillon
"Tony"
Nash
Nicolae Neagoe
Neagoe
Andreas Neagu
Neagu
Paul Neagu
Neagu
Romeo Nedelcu
Nedelcu
Aleksey Aleksandrovich Negodaylo
Aleksandrovich
Negodaylo
Francisco Negrete
Negrete
Meinhard Nehmer
Nehmer
William "Bill" Neill
"Bill"
Neill
Colin Ross Nelson
Ross
Nelson
Carsten Nentwig
Nentwig
Gnter Neuburger
Neuburger
Alfred Neveu
Neveu
Gareth Nichols
Nichols
Mihai Nicolau
Nicolau
Lorenz Nieberl
Nieberl
Louis Georges "George" Niels
Georges
"George"
Niels
Franz Niener
Niener
Marcin Piotr Niewiara
Piotr
Niewiara
Jakob Nirschel
Nirschel
Traian I. Niescu
Niescu
Atle Norstad
Norstad
Anthony Norton
Norton
Eduard Novotn
Novotn
Markus Nssli
Nssli
Henry Odili Nwume
Odili
Nwume
O JeHan
JeHan
Alexandru Oancea
Oancea
James Jay "J. J." O'Brien
Jay
"J.
J."
O'Brien
Josef Oberhauser
Oberhauser
Kurt Oberhller
Oberhller
Lodovico Obexer
Obexer
Constantin Obreja
Obreja
Gerhard Oechsle
Oechsle
John Aymer Dalrymple
Aymer
Dalrymple
Andrew John Alexander OgilvyWedderburn
John
Alexander
OgilvyWedderburn
Hiroaki Ohishi
Ohishi
Fritz Ohlwrter
Ohlwrter
Takashi Ohori
Ohori
Hiroshi Okachi
Okachi
Robert Olesen
Olesen
Jerzy Olesiak
Olesiak
Justin Bradley Olsen
Bradley
Olsen
Karin Margareta Olsson
Margareta
Olsson
Sean Nicholas Olsson
Nicholas
Olsson
Florian Olteanu
Olteanu
Christopher "Chris" Ondaatje
"Chris"
Ondaatje
Toshiya Onoda
Onoda
Roman Aleksandrovich Oreshnikov
Aleksandrovich
Oreshnikov
Nadezhda Anatolyevna Orlova
Anatolyevna
Orlova
Hiroyuki Oshima
Oshima
Guntis Osis
Osis
Alek Osmanovi
Osmanovi
Andreas "Anderl" Ostler
"Anderl"
Ostler
Bogdan Laureniu Otav
Laureniu
Otav
Luca Ottolino
Ottolino
Charles Oula
Oula
Jnis Ozols
Ozols
Erin Pac Blumert
Pac
Blumert
Daniel Iulian Pcioianu
Iulian
Pcioianu
Cristiano Rogrio Pes
Rogrio
Pes
Andrea Pais de Libera
Pais
Libera
Nadezhda Sergeyevna Paleyeva
Sergeyevna
Paleyeva
Hermann Palka
Palka
Pter Pallai
Pallai
Jos Mara Palomo Juez
Mara
Palomo
Juez
Vctor Palomo Juez
Palomo
Juez
Franz Pamperl
Pamperl
Jeff Pamplin
Pamplin
Vasile Panait
Panait
Drago S. PanaitescuRapan
PanaitescuRapan
Yuriy Panchuk
Panchuk
Jacques Panciroli
Panciroli
Charles William "Chuck" Pandolph
William
"Chuck"
Pandolph
Miroslav "Miro" Pandurevi
"Miro"
Pandurevi
Ion Panuru
Panuru
Anastasios "Tasos" Papakonstantinou
"Tasos"
Papakonstantinou
Alexandru Papan
Papan
Patrick Parisot
Parisot
Richard Averill "Dick" Parke
Averill
"Dick"
Parke
William Stuart Parkinson
Stuart
Parkinson
Dumitru V. Pascu
Pascu
Aleksandr Pashkov
Pashkov
Hariton Paovschi
Paovschi
Andr Patey
Patey
Lennox Mervin "Lenny" Paul
Mervin
"Lenny"
Paul
Ji Pault
Pault
Franz Paulweber
Paulweber
Philippe Paviot
Paviot
tienne Marcel Payot
Marcel
Payot
Eduard Pechanda
Pechanda
Jeannette Ingeborg Cornelia Pennings
Ingeborg
Cornelia
Pennings
Jos Manuel Prez de Vega
Manuel
Prez
Vega
Franco Perruquet
Perruquet
PerAnders Martin Persson von Schele
Martin
Persson
von
Schele
Odirlei Carlos Pessoni
Carlos
Pessoni
Rico Peter
Peter
Sven Petersen
Petersen
Alexander John "Lex" Peterson
John
"Lex"
Peterson
Dumitru Peteu
Peteu
Jacques PetitDidier
PetitDidier
Roger PetitDidier
PetitDidier
Costel Petrariu
Petrariu
Ulise Petrescu
Petrescu
Oleg Yuryevich Petrov
Yuryevich
Petrov
Petre Petrovici
Petrovici
Andriy Petukhov
Petukhov
Nicholas David "Nick" Phipps
David
"Nick"
Phipps
William Pichard
Pichard
Karl Pichler
Pichler
Ralph Pichler
Pichler
George Cecil Pim
Cecil
Pim
Owen Clifford Pinnell
Clifford
Pinnell
Bertalan Pintr
Pintr
Joo Pires
Pires
Jana Emily Pittman Rawlinson
Emily
Pittman
Rawlinson
Scott F. Pladel
Pladel
Adris Plksna
Plksna
Marcin Pacheta
Pacheta
Alexander Poe
Poe
Dario Poggi
Poggi
Mris Poikns
Poikns
Stphane Poirot
Poirot
Kurt Poletti
Poletti
Ted Polglaze
Polglaze
Pavel Polomsk
Polomsk
Oleh Polyvach
Polyvach
Lothar Pongratz
Pongratz
Gabriel Popa
Popa
Cornel Popescu
Popescu
Yevgeny Sergeyevich Popov
Sergeyevich
Popov
Roberto Porzia
Porzia
Vladislav Posedkin
Posedkin
Bedich Poselt
Poselt
Christian Poser
Poser
Michael Pssinger
Pssinger
Roger A. Potter
Potter
Jerzy Roman Jzef PotulickiSkrzewski z Wicborga h. Grzymaa
Roman
Jzef
PotulickiSkrzewski
Wicborga
Grzymaa
Joo Poupada
Poupada
George Ffolliott PowellShedden
Ffolliott
PowellShedden
Garry Power
Power
Umberto Prato
Prato
Michael John "Jackie" Price
John
"Jackie"
Price
Brao Prielon
Prielon
John Robert Proctor
Robert
Proctor
Nenad Prodanovi
Prodanovi
Sandra ProkoffKiriasis
ProkoffKiriasis
Sergey Aleksandrovich Prudnikov
Aleksandrovich
Prudnikov
Sandis Prsis
Prsis
Duncan Michael Pugh
Michael
Pugh
Michael "Mike" Pugh
"Mike"
Pugh
Bernhard Purkrabek
Purkrabek
Aleksey Sergeyevich Pushkaryov
Sergeyevich
Pushkaryov
Pavel Pukr
Pukr
Martin Putze
Putze
Jacek Remigjusz "Jack" Pyc
Remigjusz
"Jack"
Pyc
Johnny Quinn
Quinn
Jean RacinePrahm
RacinePrahm
Siegfried Radandt
Radandt
Carmen Radenovici Tronescu
Radenovici
Tronescu
Constantin "Ti" Rdulescu
"Ti"
Rdulescu
Ralph Leslie Stamford Raffles
Leslie
Stamford
Raffles
Walter Rahm
Rahm
Gerhard Rainer
Rainer
John Rainsforth
Rainsforth
Viktor Rjek
Rjek
Petr Ramseidl
Ramseidl
Timothy "Tim" Randall
"Tim"
Randall
Ricardo Raschini
Raschini
Alessandro "Sandro" Rasini
"Sandro"
Rasini
Colin Rattigan
Rattigan
Boris Raenovi
Raenovi
Vuk Raenovi
Raenovi
John Read
Read
Radek echka
echka
Gerhard Redl
Redl
Franz Rednak
Rednak
Kylie Reed
Reed
John Reeve
Reeve
Christian Reich
Reich
Karl Max Reinhardt
Max
Reinhardt
Antonio Reis
Reis
Guy Philip Renwick
Philip
Renwick
Giuseppe Rescigno
Rescigno
Jacques N. Rheins
Rheins
Florent Ribet
Ribet
Vincent Daniel JeanPaul Ricard
Daniel
JeanPaul
Ricard
Audley Richards
Richards
Alexander Whitmore Colquhoun Richardson
Whitmore
Colquhoun
Richardson
Brian Edward Richardson
Edward
Richardson
David Richardson
Richardson
Detlef Richter
Richter
Scott Frederick Rider
Frederick
Rider
Benito Rigoni
Rigoni
Otomrs Rihters
Rihters
Edward Wiliam "Ed" Rimkus
Wiliam
"Ed"
Rimkus
Graeme Rinholm
Rinholm
Hans Ritzl
Ritzl
Sergio Riva
Riva
Henri Rivire
Rivire
Max Robert
Robert
George E. Robertson
Robertson
Andr Robin
Robin
Dallas Robinson
Robinson
Alexander Rdiger
Rdiger
Fernando Rodrguez Jurado
Rodrguez
Jurado
Ricardo Rodrguez
Rodrguez
Neil Robert "Bob" Rogers
Robert
"Bob"
Rogers
Shauna L. Rohbock
Rohbock
Marcel Rohner
Rohner
Jeremy Rolleston
Rolleston
Horia Roman
Roman
Samuele Romanini
Romanini
Constantin Romaniuc
Romaniuc
Gian Carlo Ronchetti
Carlo
Ronchetti
Kenth Reinert Rnn
Reinert
Rnn
Amde Ronzel
Ronzel
Louis C. Rooy
Rooy
Douglas Rosado
Rosado
Guillermo Rosal Bertrand
Rosal
Bertrand
Hans Rsch
Rsch
Andrew Angus Ross
Angus
Ross
Teofilo Guiscardo "Theo" Rossi Di Montelera
Guiscardo
"Theo"
Rossi
Montelera
Massimiliano Rota
Rota
Hans Rottensteiner
Rottensteiner
Thomas Rottensteiner
Rottensteiner
Claude Roussel
Roussel
Nino Rovelli
Rovelli
Alain Roy
Roy
Matthew Spencer "Matt" Roy
Spencer
"Matt"
Roy
Mris Rozentls
Rozentls
Reinis Roztis
Roztis
Arne Rgden
Rgden
Bjarne Ryland
Ryland
Rinaldo Ruatti
Ruatti
Ivo Regg
Regg
Mirco Ruggiero
Ruggiero
Mrcis Rullis
Rullis
Courtney Orville Rumbolt
Orville
Rumbolt
Fritz Rursch
Rursch
Lyndon Rush
Rush
Brent Donald Rushlaw
Donald
Rushlaw
Karel Rika
Rika
Anthony Ryan
Ryan
Michelle Rzepka
Rzepka
Omar Sacco
Sacco
Franz Sagmeister
Sagmeister
Boris Robert "Bob" Said, Jr.
Robert
"Bob"
Said,
Jr.
Louis SaintCalbre
SaintCalbre
Takao Sakai
Sakai
Urs Salzmann
Salzmann
Markus Sammer
Sammer
Erik Lennart Sandin
Lennart
Sandin
Danilo Santarsiero
Santarsiero
Igor arevi
arevi
Carlos Sareisian
Sareisian
Vicente Sartorius y Cabezade Vaca
Sartorius
Cabezade
Vaca
Rikio Sato
Sato
Shintaro Sato
Sato
Paul Dillon Savage
Dillon
Savage
Milo Savi
Savi
Alina Vera Savin
Vera
Savin
Michael "Mike" Savitch
"Mike"
Savitch
Joseph M. "Joe" Sawyer
"Joe"
Sawyer
Paolo Scaramuzza
Scaramuzza
Neil Scarisbrick
Scarisbrick
Bree A. Schaaf Boyer
Schaaf
Boyer
Willi Schfer
Schfer
Erich Schrer
Schrer
Dietmar Schauerhammer
Schauerhammer
Silvio Schaufelberger
Schaufelberger
Franz Schelle
Schelle
Clifford Keith Wain Schellenberg
Keith
Wain
Schellenberg
Hannelore "Hanne" Schenk
"Hanne"
Schenk
Heinz Schenker
Schenker
Eduard Scherrer
Scherrer
Bernhard Schilter
Schilter
Lorenz Schindelholz
Schindelholz
Ulrich Schindler
Schindler
Alfred Schlppi
Schlppi
Heinrich Schlppi
Schlppi
Rudolf Schmid
Schmid
Ren Schmidheiny
Schmidheiny
Ernst Schmidt
Schmidt
Stephanie Schneider
Schneider
Anja Schneiderheinze Stckel
Schneiderheinze
Stckel
John Schneiter
Schneiter
Alois Georg Schnorbus
Georg
Schnorbus
Marc Eugene Schoetter
Eugene
Schoetter
Horst Schnau
Schnau
Hubert Schsser
Schsser
Claudia Schramm
Schramm
Thomas Schroll
Schroll
Bjarne William Schren
William
Schren
Bill Schuffenhauer
Schuffenhauer
HansJoachim Schuhmacher
Schuhmacher
Todd R. Schultz
Schultz
Manfred Schumann
Schumann
Martin Schtzenauer
Schtzenauer
Andreas Schwab
Schwab
Fritz Schwarz
Schwarz
Karl Schwarzbck
Schwarzbck
Robert Joseph "Joe" Scott
Joseph
"Joe"
Scott
Gregory Anton "Greg" Sebald
Anton
"Greg"
Sebald
Marcel J. SedilleCourbon
SedilleCourbon
Robin Edward Seel
Edward
Seel
Klaus Seelos
Seelos
Walter Sehr
Sehr
Harald Seifert
Seifert
Beat Seitz
Seitz
Eric Sekwalor
Sekwalor
Aleksey Nikolayevich Seliverstov
Nikolayevich
Seliverstov
Carlo Sem
Sem
Domenico Semeraro
Semeraro
Christin Senkel
Senkel
Seo YoungWoo
YoungWoo
Seok YeongJin
YeongJin
Nadezhda Viktorovna Sergeyeva
Viktorovna
Sergeyeva
Patrice Servelle
Servelle
Maurice Richard "Dick" Severino
Richard
"Dick"
Severino
Edgar Duff Seymour
Duff
Seymour
Doug Sharp
Sharp
Christopher Roland "Chris" Sharpless
Roland
"Chris"
Sharpless
Pavel Shcheglovsky
Shcheglovsky
John J. Shene
Shene
Malachy Sheridan
Sheridan
Brian Lee Shimer
Lee
Shimer
Shin MiHwa
MiHwa
Kimihiro Shinada
Shinada
Ludwig Siebert
Siebert
Franz Siegl
Siegl
Krzysztof Sieko
Sieko
Jnis Silarjs
Silarjs
Howard Banford Siler, Jr.
Banford
Siler,
Jr.
Mrcio da Costa Silva
Costa
Silva
Aleksandar Simeonov
Simeonov
Benjamin Stuart "Ben" Simons
Stuart
"Ben"
Simons
Gildo Siorpaes
Siorpaes
Sergio Emmerico Siorpaes
Emmerico
Siorpaes
Ivan ipajlo
ipajlo
Henri Sirvain
Sirvain
Ralf Bertil Sune Skagerling
Bertil
Sune
Skagerling
Zbigniew Jan Skowroski
Jan
Skowroski
Jnis Skrasti
Skrasti
Anastasiya Valeryevna Skulkina Tambotvseva
Valeryevna
Skulkina
Tambotvseva
Didzis Skuka
Skuka
Christina Smith
Smith
Howard Smith
Smith
Lorenzo Smith, III
Smith,
III
Aivars nepsts
nepsts
Grigore Socolescu
Socolescu
Mircea Socolescu
Socolescu
Rodney Ewart Soher
Ewart
Soher
Ognjen Sokolovi
Sokolovi
Zoran Sokolovi
Sokolovi
John Sokolowski
Sokolowski
Ivan ola
ola
Odd Anton Fredrik Solli
Anton
Fredrik
Solli
Carlo Solveni
Solveni
Angel Somov
Somov
Rudolf Ludwig Snning
Ludwig
Snning
Giuseppe Soravia
Soravia
Cody Sorensen
Sorensen
Caroline Spahni
Spahni
Alfredo Spasciani
Spasciani
Heath Spence
Spence
Fritz Sperling
Sperling
Michael Sperr
Sperr
Ren Spies
Spies
Emilia Maria Spirescu
Maria
Spirescu
Christopher "Chris" Spring
"Chris"
Spring
Werner Spring
Spring
Ren Stadler
Stadler
Ion Staicu
Staicu
Plamen Stamov
Stamov
Wolfgang Stampfer
Stampfer
Daniel "Dan" Steele
"Dan"
Steele
Darrin Steele
Steele
Eugenio "Eugen" tefnescu
"Eugen"
tefnescu
Nils Axel Stefansson
Axel
Stefansson
Thomas Stehr
Stehr
Walter Steinbauer
Steinbauer
Giuseppe Steiner
Steiner
Josef Sterff
Sterff
Heinz Stettler
Stettler
Curtis Palmer Stevens
Palmer
Stevens
John Hubert Stevens
Hubert
Stevens
Francis Paul Stevens
Paul
Stevens
Marcantonio Stiffi
Stiffi
Didier Stil
Stil
Werner Stocker
Stocker
Fritz Karl Stckli
Karl
Stckli
Karl "Charley" Stoffel
"Charley"
Stoffel
Zdravko Stojni
Stojni
Nelson Christian "Chris" Stokes
Christian
"Chris"
Stokes
Dudley Clifford Stokes
Clifford
Stokes
Jan Stoklska
Stoklska
Hans Stoll
Stoll
Robert Hargan "Bob" Storey
Hargan
"Bob"
Storey
Philippe Stott
Stott
lldik Strehli
Strehli
Oleksandr Oleksandrovych Streltsov
Oleksandrovych
Streltsov
Jnis Strenga
Strenga
Rolf Strittmatter
Strittmatter
Ole Christian Strmberg
Christian
Strmberg
Angus Stuart
Stuart
Milan Studnika
Studnika
Hanns Strer
Strer
Dmitry Fyodorovich Styopushkin
Fyodorovich
Styopushkin
Dominik Such
Such
Keith Sudziarski
Sudziarski
Koichi Sugawara
Sugawara
Satoshi Sugawara
Sugawara
Oleg Borisovich Sukhoruchenko
Borisovich
Sukhoruchenko
Gregory Sun
Sun
Sun KuangMing
KuangMing
Tryggve Andreas Sundstrm
Andreas
Sundstrm
Katharina Sutter
Sutter
Vclav Sva
Sva
Akihiko Suzuki
Suzuki
Hiroshi Suzuki
Suzuki
William Michael "Bill" Sweet
Michael
"Bill"
Sweet
Graham J. Sweet
Sweet
Andrew Swim
Swim
Kai Alexander Szelig
Alexander
Szelig
Jzef Szymaski
Szymaski
Giovanni Tabacchi
Tabacchi
Gonzalo Taboada y Martnez de Irujo
Taboada
Martnez
Irujo
Naomi Takewaki
Takewaki
Jorge Antonio Tams Perea
Antonio
Tams
Perea
Jos Eduardo Tams Perea
Eduardo
Tams
Perea
Luis Adrin Tams Perea
Adrin
Tams
Perea
Roberto Alejandro Tams Perea
Alejandro
Tams
Perea
Alexandru Gheorghe "Alexe Gheorghe" Tnsescu
Gheorghe
"Alexe
Gheorghe"
Tnsescu
Philippe Tanchon
Tanchon
Erik Tandberg
Tandberg
Antonio Tartaglia
Tartaglia
Bruce Jarrod Tasker
Jarrod
Tasker
Gabriel Ttaru
Ttaru
Kurt Teigl
Teigl
Edwin Louis Teixeira de Mattos
Louis
Teixeira
Mattos
Blair Stuart Telford
Stuart
Telford
Aydar Nailevich Teregulov
Nailevich
Teregulov
Martin Teovi
Teovi
Erwin Thaler
Thaler
Bruno Thomas
Thomas
Kelly Thomas
Thomas
Wayne Alexander Thomas
Alexander
Thomas
Gunnar Thoresen
Thoresen
Timothy G. "Tim" Thorn
"Tim"
Thorn
Wilfried Thurner
Thurner
Stefano Ticci
Ticci
Yuliya Yuryevna Timofeyeva
Yuryevna
Timofeyeva
Janine Tischer
Tischer
Todor Todorov
Todorov
Viktoriya Ivanovna Tokovaya
Ivanovna
Tokovaya
Lon Tom
Tom
Curtis "Curt" Tomasevicz
"Curt"
Tomasevicz
Carlos Alberto Tomasi
Alberto
Tomasi
Hctor Julio Tomasi
Julio
Tomasi
David Tomatis
Tomatis
Juris Tone
Tone
Adolf Tonn
Tonn
Kenneth James "Ken" Topalian
James
"Ken"
Topalian
Matteo Torchio
Torchio
Luigi Tornielli di Borgolavezzaro
Tornielli
Borgolavezzaro
Fabrizio Tosini
Tosini
Mark John Tout
John
Tout
Guy Richard Tracey
Richard
Tracey
Aloise Franz "Luis" Trenker
Franz
"Luis"
Trenker
Thierry Tribondeau
Tribondeau
Aivars Trops
Trops
Walter Trott
Trott
Dmitry Vyacheslavovich Trunenkov
Vyacheslavovich
Trunenkov
Fuminori Tsushima
Tsushima
Sinia Tubi
Tubi
Alexandra Tchi
Tchi
Nion Robert Tucker
Robert
Tucker
Pvels Tulubjevs
Tulubjevs
Glenn Turner
Turner
Mirko Turri
Turri
Arthur Walter "Art" Tyler
Walter
"Art"
Tyler
Francis William "Frank" Tyler
William
"Frank"
Tyler
James A. Tyler
Tyler
Joseph William C. "Joe" Tyler
William
"Joe"
Tyler
Kevin Tyler
Tyler
Lyudmila Vyacheslavovna Udobkina
Vyacheslavovna
Udobkina
Helen Lesley Upperton
Lesley
Upperton
Peter Utzschneider
Utzschneider
Michal Vacek
Vacek
Brian Vachon
Vachon
Edgardo Vaghi
Vaghi
Chelsea Valois
Valois
Benn Johan Vals
Johan
Vals
Oltman Jan "Arnold" van Calker
Jan
"Arnold"
van
Calker
Henderik JanWillem "Edwin" van Calker
JanWillem
"Edwin"
van
Calker
Curt Alfred Richard van de Sandt
Alfred
Richard
van
Sandt
Paul N. Van den Broek
Van
den
Broek
Bror van der Zijde
van
der
Zijde
Kitty van Haperen
van
Haperen
Louis Marie Van Hege
Marie
Van
Hege
Jacob "Job" van Oostrum
"Job"
van
Oostrum
Martial Albert Fowler Van Schelle
Albert
Fowler
Van
Schelle
Marin Vanderka
Vanderka
Alexandre Vanhoutte
Vanhoutte
Stefan Vasilev
Vasilev
Michel Vatrican
Vatrican
David Veale
Veale
Tine Veenstra
Veenstra
Piero Vegnuti
Vegnuti
Victor Abel Verschueren
Abel
Verschueren
Milo Vesel
Vesel
Enzo Vicario
Vicario
Tsvetozar Ivanov Viktorov
Ivanov
Viktorov
Arvis Vilkaste
Vilkaste
Judith Soul Vis
Soul
Vis
Alberto Visconti
Visconti
Mario Vitali
Vitali
Ingo Voge
Voge
Dejan Vojnovi
Vojnovi
Hans Volckmar
Volckmar
Paul Volkhardt
Volkhardt
HansHasso Otto Klaus von Bismarck
Otto
Klaus
von
Bismarck
Eduard Theodor von FalzFein
Theodor
von
FalzFein
Johann Baptist Theodor von Gudenus
Baptist
Theodor
von
Gudenus
Walther von Mumm von Schwarzenstein
von
Mumm
von
Schwarzenstein
Hermann von Valta
von
Valta
Fritz Vonhof
Vonhof
Torsten Voss
Voss
Aleksey Ivanovich Voyevoda
Ivanovich
Voyevoda
Jan Vrba
Vrba
Rao Vucini
Vucini
Borislav Vujadinovi
Vujadinovi
Anton Wackerle
Wackerle
Sylvester Wackerle, Sr.
Wackerle,
Sr.
Auguste "Bib" Wagner
"Bib"
Wagner
Hans Wagner
Wagner
Karl Wagner
Wagner
Michael Waissnix
Waissnix
Toshio Wakita
Wakita
Herschel Junior Walker
Junior
Walker
Paula Jean Walker
Jean
Walker
Scott Walker
Walker
Ebbe Oskar Amandus Walln
Oskar
Amandus
Walln
Friedrich "Fritz" Waller
"Fritz"
Waller
Anthony E. "Tony" Wallington
"Tony"
Wallington
Wang JauoHueyi
JauoHueyi
Harry Warburton
Warburton
Dean Martin Ward
Martin
Ward
Thomas S. Warner
Warner
Stephan Waser
Waser
Alan Morgan "Al" Washbond
Morgan
"Al"
Washbond
Waightman Alan "Bud" Washbond
Alan
"Bud"
Washbond
Michael James "Mike" Wasko
James
"Mike"
Wasko
Markus Wasser
Wasser
Winston Alexander Watts
Alexander
Watts
Raoul Weckbecker
Weckbecker
Gustav Weder
Weder
Andreas Weikenstorfer
Weikenstorfer
Hugo Weinstengel
Weinstengel
Eberhard Weise
Weise
Robert Dean "Bob" Weissenfels
Dean
"Bob"
Weissenfels
Gerda Weissensteiner
Weissensteiner
Basil William Wellicome
William
Wellicome
Marcel Arnold Welten
Arnold
Welten
HansPeter Welz
Welz
Eric Valfrid Wennerberg
Valfrid
Wennerberg
Rudolf Werlich
Werlich
Alexander Wernsdorfer
Wernsdorfer
Georg Werth
Werth
Gza Wertheim
Wertheim
Bengt Arne Lennart Westermark
Arne
Lennart
Westermark
Roland Wetzig
Wetzig
Quinn Wheeler
Wheeler
Floyd Edward "Hank" Whisher
Edward
"Hank"
Whisher
William Harrison "Bill" White, III
Harrison
"Bill"
White,
III
Michael White
White
Jean Wicki
Wicki
Robin Michael Widdows
Michael
Widdows
Dirk Wiese
Wiese
Viktor Wigelbeyer Kapfinger 
Wigelbeyer
Kapfinger
Bernhard Wild
Wild
Randolph C. "Randy" Will
"Randy"
Will
Eva Willemarck
Willemarck
Henri P. Willems
Willems
Elfje Willemsen
Willemsen
Christopher Charles Ulysses Williams
Charles
Ulysses
Williams
Lauryn Chenet Williams
Chenet
Williams
Rebekah "Bex" Wilson
"Bex"
Wilson
Robert Wilson
Wilson
Jason Wing
Wing
Harald Winkler
Winkler
Johannes Wipplinger
Wipplinger
Stefan Withalm
Withalm
James Withey
Withey
Franz Wohlgemuth
Wohlgemuth
Alex Wolf
Wolf
Weltin Franz Anton Wolfinger
Franz
Anton
Wolfinger
Won YunJong
YunJong
Jonathan William A. "Jonnie" Woodall
William
"Jonnie"
Woodall
Jeffrey T. "Jeff" Woodard
"Jeff"
Woodard
Franz Wrmann
Wrmann
Martin Wright
Wright
Neville Wright
Wright
Wu ChungChou
ChungChou
Wu DienCheng
DienCheng
Yuji Yaku
Yaku
Ryoji Yamazaki
Yamazaki
Vladimir Vasilyevich Yefimov
Vasilyevich
Yefimov
Filipp Yevgenyevich Yegorov
Yevgenyevich
Yegorov
Michael Darcy Young
Darcy
Young
Andrey Sergeyevich Yurkov
Sergeyevich
Yurkov
Nizar Zaciragi
Zaciragi
Frantiek Zajek
Zajek
Nikita Vladimirovich Zakharov
Vladimirovich
Zakharov
Daniel Zalewski
Zalewski
Bohdan Zamostianyk
Zamostianyk
Roberto Zandonella Necca
Zandonella
Necca
Ion Zangor
Zangor
Paul Anthony Zar
Anthony
Zar
Sergio Zardini
Zardini
Giulio Zardo
Zardo
Gerd Zaunschirm
Zaunschirm
Micha Zblewski
Zblewski
Oleksiy Zhukov
Zhukov
Yuriy Zhuravskiy
Zhuravskiy
Wolfgang Zimmerer
Zimmerer
Markus Zimmermann
Zimmermann
Robert Zimmermann
Zimmermann
Robert Zintel
Zintel
Hans Zoller
Zoller
Zachary John Zoller
John
Zoller
Wodzimierz rbik
rbik
Zsolt Zsombor
Zsombor
Aleksandr Yuryevich Zubkov
Yuryevich
Zubkov
Tomasz Ireneusz ya
Ireneusz
