Morten Gjerdrum Aasen
Gjerdrum
Aasen
Clare Abbott
Abbott
Jos Eugenio Acosta
Eugenio
Acosta
Otto Mnsted Acthon
Mnsted
Acthon
Jean Renaud Adde
Renaud
Adde
Gregor Nils Henric Adlercreutz
Nils
Henric
Adlercreutz
Nils August Domingo Adlercreutz
August
Domingo
Adlercreutz
Marita Aeschbacher
Aeschbacher
Oscar Adolf Richard af Strm
Adolf
Richard
Strm
Marina Anatolyevna Aframeyeva
Anatolyevna
Aframeyeva
Carlos Aguirre
Aguirre
Frederick Anthony "Fred" Ahern
Anthony
"Fred"
Ahern
Christian Ahlmann
Ahlmann
Jitendarjit Singh Ahluwalia
Singh
Ahluwalia
Nils Carlsson kerblom
Carlsson
kerblom
Ajtony kos
kos
Hamad Ali Mohamed A AlAttiyah
Ali
Mohamed
AlAttiyah
Ramzy AlDuhami
AlDuhami
Khaled AlEid
AlEid
Fahad AlGeaid
AlGeaid
Latifah bint Ahmed bin Juma AlMaktoum
bint
Ahmed
bin
Juma
AlMaktoum
Ali Yousef AlRumaihi
Yousef
AlRumaihi
Prince Abdullah Bin Moteb AlSaud
Abdullah
Bin
Moteb
AlSaud
Prince Faisal AlShalan
Faisal
AlShalan
Sheikh Ali bin Khalid AlThani
Ali
bin
Khalid
AlThani
Justo Carlos Albarracn
Carlos
Albarracn
Matas Albarracn
Albarracn
Dag Edward Albert
Edward
Albert
Samantha Albert Majendie
Albert
Majendie
Antonio Alfaro Ramos
Alfaro
Ramos
Carlos Alfonso
Alfonso
Linda Camilla Algotsson
Camilla
Algotsson
Sara Anneli Algotsson Ostholt
Anneli
Algotsson
Ostholt
Henry Tureman Allen, Jr.
Tureman
Allen,
Jr.
Derek Swithin Allhusen
Swithin
Allhusen
Luiza Tavares de Almeida
Tavares
Almeida
Pedro Manuel Tavares de Almeida
Manuel
Tavares
Almeida
Louis Jean Philippe AlquierBouffard
Jean
Philippe
AlquierBouffard
Carlos Alberto Alvarado
Alberto
Alvarado
Nstor Francisco Alvarado Saravia
Francisco
Alvarado
Saravia
Eduardo lvarez Aznar
lvarez
Aznar
Jos Mara lvarez de las Asturias Bohorques y Goyeneche
Mara
lvarez
las
Asturias
Bohorques
Goyeneche
Luis lvarez de Cervera
lvarez
Cervera
Sergio lvarez Moya
lvarez
Moya
Alessandro Alvisi
Alvisi
Jorge Horacio Amaya Young
Horacio
Amaya
Young
Harald Ambros
Ambros
Bartolo Ambrosione
Ambrosione
Timothy "Tim" Amitrano
"Tim"
Amitrano
Otto Ammermann
Ammermann
Karl Vilhelm Nordstrm Ammitzbll
Vilhelm
Nordstrm
Ammitzbll
Eduardo Julio Amors Lluch
Julio
Amors
Lluch
An DeokGi
DeokGi
Frida Andersn
Andersn
Hans Christian Andersen
Christian
Andersen
Charles Howard Anderson
Howard
Anderson
John Anderson
Anderson
Lars ke Andersson
Andersson
Sofia Elisabeth Andler Kvarnstrand
Elisabeth
Andler
Kvarnstrand
Emanuel Alejandro Andrade Colmenares
Alejandro
Andrade
Colmenares
Petre Andreanu
Andreanu
Yury Vasilyevich Andreyev
Vasilyevich
Andreyev
Imtiaz Anees
Anees
Petar Angelov
Angelov
Paolo Angioni
Angioni
Stefano Angioni
Angioni
Eugnie Angot Legrand
Angot
Legrand
Florian Angot
Angot
Victor Edvard Ankarcrona
Edvard
Ankarcrona
Anne Elizabeth Alice Louise MountbattenWindsor Phillips, Laurence
Elizabeth
Alice
Louise
MountbattenWindsor
Phillips,
Laurence
Mikaela Khaidi "Heidi" Antikatzidis
Khaidi
"Heidi"
Antikatzidis
Gheorghe Antohi
Antohi
Ral A. Antoli
Antoli
Micha Antoniewicz Woysym
Antoniewicz
Woysym
Kaarlo Erkki Kustavi Anttinen Andersin
Erkki
Kustavi
Anttinen
Andersin
Constantin Apostol
Apostol
Mrcio Appel
Appel
Margit Appelt
Appelt
Yugo Araki
Araki
Archenoul
Alessandro Argenton
Argenton
Edwin Yancey "Eddie" Argo
Yancey
"Eddie"
Argo
Roberto Antonio Arioldi
Antonio
Arioldi
Hugo Michael Arrambide
Michael
Arrambide
John Norman Stewart Arthur
Norman
Stewart
Arthur
Michel Artola
Artola
Elizabeth "Liz" Ashton Eriksen
"Liz"
Ashton
Eriksen
Carlo Asinari Di San Marzano
Asinari
San
Marzano
Johan Claus Abraham Asker
Claus
Abraham
Asker
Viktor Karpovich Asmayev
Karpovich
Asmayev
Jonathan E. T. Asselin
Asselin
Luis Astolfi Prez de Guzmn
Astolfi
Prez
Guzmn
Emmanouela Athanasiadi
Athanasiadi
Igor Stepanovich Atrokhov
Stepanovich
Atrokhov
Sandra Auffarth
Auffarth
Evaristo Avalos Galindo
Avalos
Galindo
Ziya Azak
Azak
Jaime Azcrraga Romandia
Azcrraga
Romandia
Joo Cruz Azevedo
Cruz
Azevedo
Conrad Stanton Babcock, Jr.
Stanton
Babcock,
Jr.
Kevin Babington
Babington
Marian Babirecki
Babirecki
Monica BachmannWeier
BachmannWeier
Arkadiusz Stefan Bachur
Stefan
Bachur
Kevin Ashley Bacon
Ashley
Bacon
Alfred Louis Badu
Louis
Badu
Kamal Bahamdan
Bahamdan
Lev Pavlovich Baklyshkin
Pavlovich
Baklyshkin
Anabel Balkenhol
Balkenhol
Nikolaus "Klaus" Balkenhol
"Klaus"
Balkenhol
Andrs Balogi
Balogi
Clinton Dwight "Clint" Banbury
Dwight
"Clint"
Banbury
Morgan Barbanon Mestres
Barbanon
Mestres
Virgil Brbuceanu
Brbuceanu
David Roberto Brcena Ros
Roberto
Brcena
Ros
Stephan de Freitas Barcha
Freitas
Barcha
Olof Vilhelm "Olle" Barkander
Vilhelm
"Olle"
Barkander
Charles David Barker
David
Barker
David Boston Barker
Boston
Barker
Ernest Frederick "Ernie" Barker
Frederick
"Ernie"
Barker
Barbara Barone de Pokorny
Barone
Pokorny
Joo Eduardo Gamarro Correia Barrento
Eduardo
Gamarro
Correia
Barrento
Armando Barriguete
Barriguete
Pablo Jos Barrios Linares
Jos
Barrios
Linares
John Burke Alexander Barry
Burke
Alexander
Barry
Kevin Barry
Barry
Peter Barry
Barry
Martina Maria Anna Antonia "Tineke" Bartelsde Vries
Maria
Anna
Antonia
"Tineke"
Bartelsde
Vries
Christopher Bartle
Bartle
Jane BartleWilson
BartleWilson
Malin Birgitta BaryardJohnsson
Birgitta
BaryardJohnsson
Charlotte M. Bathe Hollingsworth
Bathe
Hollingsworth
Thomas Batliner
Batliner
Bodo Kurt Battenberg
Kurt
Battenberg
Belinda C. Baudin Nairn
Baudin
Nairn
AntonMartin Bauer
Bauer
Matthias Andreas Baumann
Andreas
Baumann
Poul Erik Bk
Erik
Maurice George Beatson
George
Beatson
Jos Ramn Beca Borrego
Ramn
Beca
Borrego
Mario Becerril Serrano
Becerril
Serrano
Laura Bechtolsheimer Tomlinson
Bechtolsheimer
Tomlinson
Otto Becker
Becker
Jorge Bedoya Guido
Bedoya
Guido
Ludger Beerbaum
Beerbaum
Rudolf Beerbohm
Beerbohm
Annh Inga Desideria "Ann" Behrenfors
Inga
Desideria
"Ann"
Behrenfors
Jos Gil de Gouveia Beltro
Gil
Gouveia
Beltro
Camila Mazza de Benedicto
Mazza
Benedicto
Frederika "Cees" BenedictusLieftinck
"Cees"
BenedictusLieftinck
RolfGran Bengtsson
Bengtsson
Emilio Benini
Benini
Mervyn Bennett
Bennett
Hawley BennettAwad
BennettAwad
Andrew David Bennie
David
Bennie
Dominique Bentejac
Bentejac
Hayley Beresford
Beresford
Mara Paula Bernal
Paula
Bernal
Vincent Berthet
Berthet
Pierre Louis Marie Bertran de Balanda
Louis
Marie
Bertran
Balanda
Michel Bertraneu
Bertraneu
Gregory Alan "Greg" Best
Alan
"Greg"
Best
Gonda Joyce Betrix Butters
Joyce
Betrix
Butters
Alessandro Bettoni Cazzago
Bettoni
Cazzago
Michel Marie Emmanuel Bignon
Marie
Emmanuel
Bignon
Armand Bigot
Bigot
JeanLou Bigot
Bigot
Fiona Clare Bigwood
Clare
Bigwood
Geoffrey "Geoff" Billington
"Geoff"
Billington
Lauren Billys
Billys
Ott Binder
Binder
Ibrahim Hani Bisharat
Hani
Bisharat
Nicola P. "Nikki" Bishop
"Nikki"
Bishop
Xavier Marie Bizard
Marie
Bizard
Carl Johan Magnus Bjrnstjerna
Johan
Magnus
Bjrnstjerna
Ib Bjrke
Bjrke
John Bjrn Bjrnseth
Bjrn
Bjrnseth
Julie Lynne BlackBurns Richards
Lynne
BlackBurns
Richards
Carol Ann Blackman
Ann
Blackman
Marcel Blanchard
Blanchard
Alfred Blaser
Blaser
Evelyne Blaton
Blaton
Michel Blaton
Blaton
Marcelo Blessman
Blessman
Arthur Blickenstorfer
Blickenstorfer
Susan M. Blinks
Blinks
Aleksandr Ivanovich Blinov
Ivanovich
Blinov
Herbert Blcker
Blcker
Merel Blom
Blom
Geoffrey "Geoff" Bloomfield
"Geoff"
Bloomfield
Jrgen Blum
Blum
Daniel Bluman Doron
Bluman
Doron
Alfonso Bobadilla
Bobadilla
Janusz Bobik
Bobik
Marc Boblet
Boblet
Andrs Bocanegra Martnez
Bocanegra
Martnez
Sndor Bognr
Bognr
JeanJacques Boisson
Boisson
Arnaud Boiteau
Boiteau
Bedri Bke
Bke
Harry Boldt
Boldt
Arnaldo Bologni
Bologni
Gustaf Adolf Boltenstern, Jr.
Adolf
Boltenstern,
Jr.
Gustaf Adolf Boltenstern, Sr.
Adolf
Boltenstern,
Sr.
Lyndon Bolton
Bolton
Carl Gustaf Bonde
Gustaf
Bonde
Renzo Pietro Bonivento
Pietro
Bonivento
Frederic Holdredge Bontecou, Sr.
Holdredge
Bontecou,
Sr.
Petronella Theodora Maria "Ellen" Bontje
Theodora
Maria
"Ellen"
Bontje
Jules Joseph Bonvalet
Joseph
Bonvalet
Boris Boor
Boor
Susanna Emma Bordone
Emma
Bordone
Robert John "Bob" Borg
John
"Bob"
Borg
Peter Malise Borwick
Malise
Borwick
Giovanni Bossi
Bossi
RogerYves Bost
Bost
Patricia Bottani
Bottani
Alain Pierre Marie Bouchet
Pierre
Marie
Bouchet
Carl Bouckaert
Bouckaert
Danil Ephrem Jean Odiel Bouckaert
Ephrem
Jean
Odiel
Bouckaert
Antoine Boudet
Boudet
Michel Bouquet
Bouquet
Ernest Albert Bourcier
Albert
Bourcier
Hubert Bourdy
Bourdy
Philip Ernest BowdenSmith
Ernest
BowdenSmith
ngel Boyenechea
Boyenechea
Alexandru Bozan
Bozan
William Brooks Bradford
Brooks
Bradford
Stephen Shelton Bradley
Shelton
Bradley
Jeanette Brakewell
Brakewell
Leonie Elizabeth Bramall
Elizabeth
Bramall
Heinz Brandt
Brandt
Scott Brash
Brash
JeanAlbert Brasu
Brasu
Lisen Nina Magdalena Bratt Fredricson
Nina
Magdalena
Bratt
Fredricson
Antnio Valente da Gama Brz
Valente
Gama
Brz
Peter Michael Breakwell
Michael
Breakwell
Stefano Brecciaroli
Brecciaroli
Charlotte Bredahl Baker
Bredahl
Baker
Jane BredinGregory
BredinGregory
Lars Gran Breisner
Gran
Breisner
Thomas "Tommy" Brennan
"Tommy"
Brennan
Jean Ghislian Marie Joseph Lucien Breuls van Tiecken
Ghislian
Marie
Joseph
Lucien
Breuls
van
Tiecken
Dominique Brieussel
Brieussel
Stphanie Brieussel
Brieussel
JanErik Christer Brink
Christer
Brink
Wolfgang Brinkmann
Brinkmann
Allison M. Brock
Brock
Gerhard Brockmller
Brockmller
Greg Patrick Broderick
Patrick
Broderick
Charles Eric Brodnax
Eric
Brodnax
Joachim Brohmann
Brohmann
Geoffrey Francis Heremon Brooke
Francis
Heremon
Brooke
Jacqueline Brooks
Brooks
David McPherson Broome
McPherson
Broome
Kristina BrringSprehe
BrringSprehe
Bruno Broucqsault
Broucqsault
Julie Brougham
Brougham
William Vincent "Buddy" Brown
Vincent
"Buddy"
Brown
Rodney Brown
Brown
Gert Jan Jozef "GertJan" Bruggink
Jan
Jozef
"GertJan"
Bruggink
Hans Brugman
Brugman
Capel Howard Molyneux Brunker
Howard
Molyneux
Brunker
Zsolt Bubn
Bubn
Viorel Bubu
Bubu
Oldich Buchar
Buchar
Marcos "Marc" Bchler
"Marc"
Bchler
Marano Bucio Ramrez
Bucio
Ramrez
Eduard Budil
Budil
Gavriil Budyonny
Budyonny
Hans Ulrich Eduard Bhler
Ulrich
Eduard
Bhler
Anton "Toni" Bhler
"Toni"
Bhler
Jane Mary Elizabeth Bullen HoldernessRoddam
Mary
Elizabeth
Bullen
HoldernessRoddam
Michael Fitzherbert S. Bullen
Fitzherbert
Bullen
Alfred "Alfie" Buller
"Alfie"
Buller
William "Bill" Buller
"Bill"
Buller
Pongsiree Bunluewong
Bunluewong
Olivia Bunn Skellern
Bunn
Skellern
Otomar Bure
Bure
Maurice Buret
Buret
Felix Brkner
Brkner
Tor Erik Valdemar Burman
Erik
Valdemar
Burman
Leslie Michele BurrHoward Leneghan
Michele
BurrHoward
Leneghan
Christopher Burton
Burton
Jonathan Rowell "Jack" Burton
Rowell
"Jack"
Burton
Wilhelm "Willi" Bsing
"Willi"
Bsing
Miloslav Buzek
Buzek
Ingamay Christina Bylund
Christina
Bylund
Thomas Karl Elof Bystrm
Karl
Elof
Bystrm
Cabanac
Jos Mara Cabanillas Prosper
Mara
Cabanillas
Prosper
Giulio Cacciandra
Cacciandra
Andrei Cadar
Cadar
Ettore Caffaratti
Caffaratti
Caio Srgio Jos de Carvalho
Srgio
Jos
Carvalho
Selim akir
akir
Francisco Lopes Pico Caldeira
Lopes
Pico
Caldeira
Henrique Alves Callado
Alves
Callado
Georges Jean Andr Calmon
Jean
Andr
Calmon
Danil Adolf Camerling Helmolt
Adolf
Camerling
Helmolt
Anthony "Tony" Cameron
"Tony"
Cameron
Samuel "Sam" Campbell
"Sam"
Campbell
Ranieri Campello
Campello
Ral Campero Nez
Campero
Nez
Edward "Ned" Campion
"Ned"
Campion
Carlos Campos
Campos
Rafael Csar Campos Reyes Oribe
Csar
Campos
Reyes
Oribe
Jorge Antonio Cnaves
Antonio
Cnaves
Yann Candele
Candele
Juan Carlos Candisano Mera
Carlos
Candisano
Mera
Bruno Candrian
Candrian
Eduardo W. Cano
Cano
Franoise Cantamessa
Cantamessa
Nadine Capellmann Biffar
Capellmann
Biffar
Marco Cappai
Cappai
Adriano Capuzzo
Capuzzo
Thophile Arthur Cornil Carbon
Arthur
Cornil
Carbon
Jacques Cariou
Cariou
Carin Viktoria Carlerbck
Viktoria
Carlerbck
Erik Ketil Carlsen
Ketil
Carlsen
Lisa Ann Carlsen
Ann
Carlsen
Alberto Carmona
Carmona
Jorge Carneiro
Carneiro
Arthur Carr
Carr
William Greenwood "Bill" Carr
Greenwood
"Bill"
Carr
Frank Leslie Carr
Leslie
Carr
Rodrigo Cristin Carrasco
Cristin
Carrasco
Kyle Carter
Carter
Gonalo Miguel Carvalho Conchinhas
Miguel
Carvalho
Conchinhas
Jos Flix Alves Carvalhosa
Flix
Alves
Carvalhosa
Anna Casagrande
Casagrande
Grant Michael Cashmore
Michael
Cashmore
Ernst Gustaf Casparsson
Gustaf
Casparsson
Nicola Cassidy
Cassidy
Federico Eduardo Castaing
Eduardo
Castaing
MarieLouise Dagmar Johanne Birgit Castenskiold
Dagmar
Johanne
Birgit
Castenskiold
Claudio Castilla Ruz
Castilla
Ruz
Cauchy
Virginie Caulier
Caulier
Pericles de Souza Cavalcanti
Souza
Cavalcanti
Fernando Jos Pereira Marqus Cavaleiro
Jos
Pereira
Marqus
Cavaleiro
Jorge Horacio Cavoti
Horacio
Cavoti
Jos Centenera Montalvo
Centenera
Montalvo
Santiago Centenera Samper
Centenera
Samper
Eugenio Cerboneschi
Cerboneschi
Harry Dwight Chamberlin
Dwight
Chamberlin
Henri Chammartin
Chammartin
Bertrand Chanu
Chanu
Francis Davis "Frank" Chapot
Davis
"Frank"
Chapot
Peter Charles
Charles
Josef Charous
Charous
Georges Chaudoir
Chaudoir
Mauro Checcoli
Checcoli
Jos Antonio Chedraui Eguia
Antonio
Chedraui
Eguia
Man Kit "Kenneth" Cheng
Kit
"Kenneth"
Cheng
Jessica ChesneyKrten
ChesneyKrten
Frances "Bonny" Chesson
"Bonny"
Chesson
Gavin Michael Chester
Michael
Chester
Bernard Marie  Chevallier
Marie
Chevallier
Julia ChevanneGimel
ChevanneGimel
Darren M. Chiacchia
Chiacchia
Giuseppe Chiantia
Chiantia
Natale Chiaudani
Chiaudani
Mikio Chiba
Chiba
Sandro Chikhladze
Chikhladze
Bruno Chimirri
Chimirri
Vincenzo Chimirri
Chimirri
Petre Chirculescu
Chirculescu
Choi JunSang
JunSang
Choi MyeongJin
MyeongJin
Rafa Choynowski
Choynowski
Else Christophersen Arneberg
Christophersen
Arneberg
Vyacheslav Mikhaylovich Chukanov
Mikhaylovich
Chukanov
Manuel Cid
Cid
Victor Polydore Claes
Polydore
Claes
Diana Clapham
Clapham
Aoife Clark Sisk
Clark
Sisk
Sally Dorothy Ann Clark Dalrymple
Dorothy
Ann
Clark
Dalrymple
Pierre Alexis Clav
Alexis
Clav
Luis Hctor Clavel Gertner
Hctor
Clavel
Gertner
Marion Janice Coakes Mould
Janice
Coakes
Mould
Brien William Baxter Cobcroft
William
Baxter
Cobcroft
Julius oek
oek
Acio Morrot Coelho
Morrot
Coelho
Edmund Sloane "Tad" Coffin
Sloane
"Tad"
Coffin
Denise Cojuangco Yabut
Cojuangco
Yabut
William "Will" Coleman, III
"Will"
Coleman,
III
Antonius Theodorus Colenbrander
Theodorus
Colenbrander
Sven August Wilhelm Colliander
August
Wilhelm
Colliander
Tim Collins
Collins
Carlos E. Colombino Frechou
Colombino
Frechou
Jamie Coman
Coman
Malcolm "Mac" Cone
"Mac"
Cone
Gerardo Conforti
Conforti
Diana Sylvia ConnollyCarew Wrangel
Sylvia
ConnollyCarew
Wrangel
Patrick Thomas ConnollyCarew
Thomas
ConnollyCarew
Ion Constantin
Constantin
Victor Contador Pizarro
Contador
Pizarro
Laura Conz Dall'Ora
Conz
Dall'Ora
Althea Kristina "Tina" Cook Gifford
Kristina
"Tina"
Cook
Gifford
David Cooper
Cooper
Cordon
Pilar Lucrecia Cordn Muro
Lucrecia
Cordn
Muro
Monique Adelinde Cornelissen
Adelinde
Cornelissen
Serge Cornut
Cornut
Daniel J. "Dan" Corry
"Dan"
Corry
Marisa Cortesi
Cortesi
Dino Costantini
Costantini
Robert Costello
Costello
Frdric Cottier
Cottier
John Andrew Cottle
Andrew
Cottle
Gustave Jacques Couderc de Fonlongue
Jacques
Couderc
Fonlongue
Tiana Michelle Coudray
Michelle
Coudray
Andr Jules Marie Coumans
Jules
Marie
Coumans
Didier Courrges
Courrges
Toms Cristbal Couve Correa
Cristbal
Couve
Correa
Paul Covert
Covert
Brian John Crago
John
Crago
Guy Creighton
Creighton
scar Cristi Gallo
Cristi
Gallo
Fabio Crotta
Crotta
Ferdinand Croy
Croy
Klmn Cseh von SzentKatolna
Cseh
von
SzentKatolna
Lszl Cseresnys
Cseresnys
Edgar Henri Cuepper
Henri
Cuepper
Mariam Cunningham
Cunningham
Geoffrey Curran
Curran
Mirad Curran
Curran
Francisco Obdulio D'Alessandri
Obdulio
D'Alessandri
Geoffroy d'Andign
d'Andign
Jacques d'Arlincourt
d'Arlincourt
Manuel Malta da Costa
Malta
Costa
Ruy Leme da Fonseca Filho
Leme
Fonseca
Filho
Carlos Vinicius da Motta
Vinicius
Motta
Ansio da Silva da Rocha
Silva
Rocha
Jorge Ferreira da Rocha
Ferreira
Rocha
Oscar Sotero da Silva
Sotero
Silva
Rodrigo Maria da Soares Cordeiro da Silveira
Maria
Soares
Cordeiro
Silveira
Anders Dahl
Dahl
John Patrick "Sean" Daly
Patrick
"Sean"
Daly
Jean Damman
Damman
Jacek Andrzej Daniluk
Andrzej
Daniluk
Pierre Jules Danloux
Jules
Danloux
Mark Algernon Quinn Darley
Algernon
Quinn
Darley
Paul Darragh
Darragh
Naldo Miguel Dasso
Miguel
Dasso
Trifon Datsinski
Datsinski
Bruce Oram Davidson
Oram
Davidson
Alejandro Davila McAllister
Davila
McAllister
Lucy Davis
Davis
Richard John Davison
John
Davison
Phyllis Massey Dawson
Massey
Dawson
James E. "Jim" Day
"Jim"
Day
Carlos Csar Idelfonso D'Elia Larocca
Csar
Idelfonso
D'Elia
Larocca
Dominique d'Esm Gerbaud
d'Esm
Gerbaud
Beltrn Alfonso Osorio y Dez de Rivera
Alfonso
Osorio
Dez
Rivera
Antnio Anbal Borges de Almeida
Anbal
Borges
Almeida
Antnio Augusto Sampaio e Melo Pereira de Almeida
Augusto
Sampaio
Melo
Pereira
Almeida
Artemus de Almeida
Almeida
Vicente de Arajo Neto
Arajo
Neto
Luis Jaime Carvajal y Salas
Jaime
Carvajal
Salas
Luiz Felipe Cortizo Gonalves de Azevedo
Felipe
Cortizo
Gonalves
Azevedo
Anne Antoine Franois Grard Imbert de Balorre
Antoine
Franois
Grard
Imbert
Balorre
AmyCathrine de Bary
Bary
Eugne Charles Philippe Marie de BthuneSully
Charles
Philippe
Marie
BthuneSully
Emmanuel Hadelin de Blommaert de Soye
Hadelin
Blommaert
Soye
Baudouin Jean Charles de Brabandre
Jean
Charles
Brabandre
Thierry Marie Ferdinand de Briey
Marie
Ferdinand
Briey
Jan Adrianus de Bruine
Adrianus
Bruine
Louis Marie Joseph Le Beschu de Champsavin
Marie
Joseph
Beschu
Champsavin
CharlesPhilbert Flix Marie de Cout de Lorry
Flix
Marie
Cout
Lorry
De Coulombier
Coulombier
JeanMarie Lagroy de Croutte de Saint Martin
Lagroy
Croutte
Saint
Martin
Lus Augusto "Guto" Arajo Soeiro de Faria
Augusto
"Guto"
Arajo
Soeiro
Faria
Bernard Marie Louis Joseph de Jvardat de Fombelle
Marie
Louis
Joseph
Jvardat
Fombelle
Edward Barrington de Fonblanque
Barrington
Fonblanque
Herman Victor Ghislain Paul Joseph de Gaiffier d'Hestroy
Victor
Ghislain
Paul
Joseph
Gaiffier
d'Hestroy
Gustaf Oscar Gerhard de Geer
Oscar
Gerhard
Geer
Rafael Mauricio de Gouveira Junior
Mauricio
Gouveira
Junior
Luis Antonio Santiago De Cuadra y Raoul
Antonio
Santiago
Cuadra
Raoul
LouisMarie de Jonghe d'Ardoye
Jonghe
d'Ardoye
Gerard Pieter de Kruijff
Pieter
Kruijff
Amaury Charles Marie Alphonse Henry de la Moussaye
Charles
Marie
Alphonse
Henry
Moussaye
Santiago de la Rocha Mille
Rocha
Mille
Carlos Omar de la Serna Bustamante
Omar
Serna
Bustamante
Ferdinand Pierre de la Serna
Pierre
Serna
Andr l'Eleu de la Simone
l'Eleu
Simone
Georges Gabriel Julien Edouard de Marette de Lagarenne
Gabriel
Julien
Edouard
Marette
Lagarenne
MarieAuguste du Tremblay de Laissardire
Tremblay
Laissardire
De Lamaratine
Lamaratine
Ferdinand Marie Auguste de Baston de Lariboisire
Marie
Auguste
Baston
Lariboisire
Mathieu Marie de Lesseps
Marie
Lesseps
Rita Mombiela de Luna
Mombiela
Luna
Silvia de Luna
Luna
Roberto Carvalho de Macedo
Carvalho
Macedo
Marie Ren Pierre Roland de Maille de la Tour Landry
Ren
Pierre
Roland
Maille
Tour
Landry
Pierre de Maupeou d'Ableiges
Maupeou
d'Ableiges
Lus Jos Braamcamp Cardoso  de Meneses Margaride
Jos
Braamcamp
Cardoso
Meneses
Margaride
Eloy Massey Oliveira de Menezes
Massey
Oliveira
Menezes
Henry Gustave Marie Ghislain de Menten de Horne
Gustave
Marie
Ghislain
Menten
Horne
Robert de MontesquiouFzensac
MontesquiouFzensac
Antnio Maria Malheiro Reimo Nogueira
Maria
Malheiro
Reimo
Nogueira
Pierre de Muralt
Muralt
Jean Frdric Andr Poupart de Neuflize
Frdric
Andr
Poupart
Neuflize
Adrien Maurice Victurnien Mathieu de Noailles
Maurice
Victurnien
Mathieu
Noailles
lie de Polyakov
Polyakov
de Prunel
Prunel
Ren Alfred Robert de Doynel de Quincey
Alfred
Robert
Doynel
Quincey
Sylvio Marcondes de Rezende
Marcondes
Rezende
William de Rham
Rham
Ren de Ribaupierre
Ribaupierre
Santorre De Rossi De Santa Rosa
Rossi
Santa
Rosa
Kazimierz Stanisaw de RostwoSuski
Stanisaw
RostwoSuski
Henri Clment de RoyerDupr
Clment
RoyerDupr
Paul de SaintLger
SaintLger
Gustave Marie Camille de Sartiges
Marie
Camille
Sartiges
Raul Bernardo Nelson de Senna Neto
Bernardo
Nelson
Senna
Neto
Sidney de Souza
Souza
Jean de Tillire
Tillire
Alvaro Luciano Dias de Toledo
Luciano
Dias
Toledo
Gaston Edouard Franois de Trannoy
Edouard
Franois
Trannoy
CharlesEugne Amable de Cadier de Veauce
Amable
Cadier
Veauce
Joseph Louis Marie Courlet de Vrgille
Louis
Marie
Courlet
Vrgille
Jacques Laurens de Waru
Laurens
Waru
Georges de Zogheb
Zogheb
Hendrik Degros
Degros
Enrique Deichler Miranda
Deichler
Miranda
Ernesto del Castillo
del
Castillo
Sandra del Castillo
del
Castillo
Amabrio Simn del Villar
Simn
del
Villar
Patrice Delaveau
Delaveau
Simon Delestre
Delestre
Mrio Delgado
Delgado
Christopher Delia
Delia
Giacomo Della Chiesa
Della
Chiesa
Sergio Aurelio Dellach
Aurelio
Dellach
Nicola Delli Santi
Delli
Santi
Norman Adrian Dello Joio
Adrian
Dello
Joio
Ernst Friedrich Georg Max Deloch
Friedrich
Georg
Max
Deloch
Roger Georges Delrue
Georges
Delrue
Dirk Demeersman
Demeersman
Louis Paulin Camille Franois Denis de Rivoyre
Paulin
Camille
Franois
Denis
Rivoyre
Mara DePuy Dean
DePuy
Dean
Mario Deslauriers
Deslauriers
Dolf Desmedt
Desmedt
Jef Desmedt
Desmedt
Nicola "Nicki" DeSousa Parnell
"Nicki"
DeSousa
Parnell
Marc Deuquet
Deuquet
Daniel Deuer
Deuer
Pavel Semyonovich Deyev
Semyonovich
Deyev
Louis Henri Grard Antoine Pierre Marie de Cardevac d'Havrincourt
Henri
Grard
Antoine
Pierre
Marie
Cardevac
d'Havrincourt
Didier Dhennin
Dhennin
Piero D'Inzeo
D'Inzeo
Raimondo D'Inzeo
D'Inzeo
Ranieri Di Campello y BoncompagniLudovisi
Campello
BoncompagniLudovisi
Emanuele Beraudo Di Pralormo
Beraudo
Pralormo
Rodrigo Daz
Daz
Andreas Dibowski
Dibowski
Katherine Mary "Daisy" Dick Berkeley
Mary
"Daisy"
Dick
Berkeley
Harold Arthur LeeDillon
Arthur
LeeDillon
Nikola Dimitrov
Dimitrov
Luciana DinizKnippling
DinizKnippling
Morten Aleksander Djupvik
Aleksander
Djupvik
Jean Franois Marie Henri de Thonel d'Orgeix
Franois
Marie
Henri
Thonel
d'Orgeix
Herman Marie Ghislain d'Oultremont
Marie
Ghislain
d'Oultremont
Domingos Antnio de Souza Coutinho
Antnio
Souza
Coutinho
Sloan Doak
Doak
Christine Doan
Doan
Josef Dobe
Dobe
Alvaro Affonso "Doda" de Miranda Neto
Affonso
"Doda"
Miranda
Neto
Albert Dolleschall
Dolleschall
Jordi Domingo Coll
Domingo
Coll
Faustino Domnguez Salgado
Domnguez
Salgado
Tsvetan Donchev
Donchev
Karin Donckers
Donckers
Frantiek Donda
Donda
Patricia DoneganRyan
DoneganRyan
Anghelache "Anghel" Donescu
"Anghel"
Donescu
Sandra Donnelly
Donnelly
Martn Dopazo
Dopazo
Robert Jeffrey Dover
Jeffrey
Dover
John Walter Downer
Walter
Downer
Rachael Downs Sanna
Downs
Sanna
Kyra Downton Geintze
Downton
Geintze
John "Jack" Doyle
"Jack"
Doyle
Luciano Miranda Drubi
Miranda
Drubi
Louis Jules Henri du Le Vaillant du Douet de Graville
Jules
Henri
Vaillant
Douet
Graville
Helena Allaire "Lana" du Pont Wright
Allaire
"Lana"
Pont
Wright
Miguel Nuno Ralo Pereira Duarte
Nuno
Ralo
Pereira
Duarte
Jeroen Dubbeldam
Dubbeldam
Melanie Francis Ann Duff
Francis
Ann
Duff
Frank Hopkins Duffy
Hopkins
Duffy
Cathrine Dufour
Dufour
Pierre Georges Marie Charles Dufour d'Astafort
Georges
Marie
Charles
Dufour
d'Astafort
Romain Duguet
Duguet
Charlotte Susan Jane Dujardin
Susan
Jane
Dujardin
Jacques Dulcy
Dulcy
Suzanne Ilne Dunkley
Ilne
Dunkley
Hermann Dr
Catherine Durand Henriquet
Durand
Henriquet
Pierre Durand, Jr.
Durand,
Jr.
Pierre Durand, Sr.
Durand,
Sr.
MarieChristine Duroy de Laurire
Duroy
Laurire
Phillip Peter Dutton
Peter
Dutton
Erik Bo Duvander
Duvander
Valery Yegorovich Dvoryaninov
Yegorovich
Dvoryaninov
Kurt Gustaf Wilhelm Dyrsch
Gustaf
Wilhelm
Dyrsch
Zdzisaw Dziadulski
Dziadulski
Steven Alexander Earle
Alexander
Earle
Ron Easey
Easey
Antonius "Toon" Ebben
"Toon"
Ebben
Jan Ebeling
Ebeling
Peter Georg Ebinger
Georg
Ebinger
Ricardo Echeverra
Echeverra
Carl Edwards
Edwards
Cristobal Egerstrom Ericksson
Egerstrom
Ericksson
Gerhard Egger
Egger
Marcus Ehning
Ehning
Ralf Ehrenbrink
Ehrenbrink
Robbertus Marius Martinus "Rob" Ehrens
Marius
Martinus
"Rob"
Ehrens
Alan Howard Lincoln Ehrlick
Howard
Lincoln
Ehrlick
Adolf Erik Ehrnrooth
Erik
Ehrnrooth
Filippa Josefin Elisabet Ehrnrooth Dengg
Josefin
Elisabet
Ehrnrooth
Dengg
Lars Carl Albert Ehrnrooth
Carl
Albert
Ehrnrooth
Jennifer Evelyne Eicher
Evelyne
Eicher
Allan Sigfrid Ekman
Sigfrid
Ekman
Omar Ahmed ElHadary
Ahmed
ElHadary
Karim Ahmad Rafa't ElZoghby
Ahmad
Rafa't
ElZoghby
James Robert "Jim" Elder
Robert
"Jim"
Elder
Norman Elder
Elder
Birck Elgaaen
Elgaaen
Ren C. Emanuelli
Emanuelli
Stein Endresen
Endresen
goston Endrdy
Endrdy
Robertus Wilhelmus Cornelis "Rob" Eras
Wilhelmus
Cornelis
"Rob"
Eras
Claus Erhorn
Erhorn
Jennifer Alexandra "Jenny" Eriksson
Alexandra
"Jenny"
Eriksson
Ulf Peter Tobias Eriksson
Peter
Tobias
Eriksson
Saadettin Erokay
Erokay
Vincent Paul Erwin
Paul
Erwin
Patricio Escudero
Escudero
Jean EsnaultPelterie
EsnaultPelterie
Hernn Espinosa de los Monteros Bermejillo
Espinosa
los
Monteros
Bermejillo
Paul Estermann
Estermann
Kenji Eto
Eto
Gregory "Greg" Eurell
"Greg"
Eurell
Jonty Evans
Evans
HansHermann Evers
Evers
Franois Fabius
Fabius
Urs Fh
Thomas John Fahey
John
Fahey
Jens Christian Balthazar Falkenberg
Christian
Balthazar
Falkenberg
Joseph Hubert Felix Fallon
Hubert
Felix
Fallon
Richard Gennys Fanshawe
Gennys
Fanshawe
Daria Camilla Fantoni
Camilla
Fantoni
Joseph Halpin "Joe" Fargis, IV
Halpin
"Joe"
Fargis,
Lucia Faria
Faria
Kent Farrington
Farrington
Claudia Fassaert
Fassaert
Emile Faurie
Faurie
Andrey Maksimovich Favorsky
Maksimovich
Favorsky
Jrg Fehr
Fehr
Werner Fehr
Fehr
Richard "Rich" Fellers
"Rich"
Fellers
Alfredo Fernndez Durn
Fernndez
Durn
Federico Carlos Fernndez Senderos
Carlos
Fernndez
Senderos
Jorge Ignacio Fernndez Zamora
Ignacio
Fernndez
Zamora
Jos Roberto Reynoso Fernandez
Roberto
Reynoso
Fernandez
Manuel Fernndez Saro
Fernndez
Saro
Vctor Fernndez Bazn
Fernndez
Bazn
Jos Roberto Reynoso Fernndez Filho
Roberto
Reynoso
Fernndez
Filho
Rowland Fernyhough
Fernyhough
Lus da Costa Ivens Ferraz
Costa
Ivens
Ferraz
Renyldo Pedro Guimares Ferreira
Pedro
Guimares
Ferreira
Beatriz FerrerSalat Serra de Migui
FerrerSalat
Serra
Migui
Dino Ferruzzi
Ferruzzi
Walter Franz Georg Feyerabend
Franz
Georg
Feyerabend
Field
Kallista Field
Field
Carlos Figueroa Castillejo
Figueroa
Castillejo
Sergey Ivanovich Filatov
Ivanovich
Filatov
Fernando Filipponi
Filipponi
Louis Casimir Finet
Casimir
Finet
Gustav Fischer
Fischer
Inez FischerCredo
FischerCredo
Peter Tersgov Flarup
Tersgov
Flarup
Wilhelm Fleischer
Fleischer
Graham Fletcher
Fletcher
Elvio Jos Flores
Jos
Flores
Sergei Fofanoff
Fofanoff
Hans Magnus August Fog
Magnus
August
Fog
Aleksandr Aleksandrovich Fominov
Aleksandrovich
Fominov
JeanLuc Force
Force
Formal I
Formal II
David Foster
Foster
Jennifer Sperring Foster
Sperring
Foster
Tiffany Foster
Foster
Francesco Fourquet
Fourquet
Nina Fout
Fout
William Speed Lane FoxPitt
Speed
Lane
FoxPitt
Arne Edvard Francke
Edvard
Francke
Oskar Frank
Frank
Rashko Vasilev Fratev
Vasilev
Fratev
Clayton Fredericks
Fredericks
Lucinda Fredericks Murray
Fredericks
Murray
Jens Fredric Fredricson
Fredric
Fredricson
Carl Peder Fredricson
Peder
Fredricson
Kevin John Freeman
John
Freeman
Harry FreemanJackson
FreemanJackson
CarlFriedrich Freiherr von LangenParow
Freiherr
von
LangenParow
Per Erik Fresk
Erik
Fresk
Max Marie Camille Alexis Fresson
Marie
Camille
Alexis
Fresson
Sigismund Freyer
Freyer
Andrew Allison Hank Frierson
Allison
Hank
Frierson
Karl Folke Frln
Folke
Frln
Thomas Frhmann
Frhmann
Laura Barbara Mansell Fry
Barbara
Mansell
Fry
Markus Fuchs
Fuchs
Martin Fuchs
Fuchs
Thomas Fuchs
Fuchs
Hctor Oscar Fuentes
Oscar
Fuentes
KarlHeinz Fuhrmann
Fuhrmann
Daisuke Fukushima
Fukushima
Tadashi Fukushima
Fukushima
Philippa Rachel "Pippa" Funnell Nolan
Rachel
"Pippa"
Funnell
Nolan
Masaru Fuse
Fuse
Walter Gabathuler
Gabathuler
Georgi Gadzhev
Gadzhev
Edwin Johannes "Edward" Gal
Johannes
"Edward"
Gal
Magnus Lars Olof Gllerdal
Lars
Olof
Gllerdal
Louis Adolphe Octave Gallice
Adolphe
Octave
Gallice
Patricia Galvin de la Tour d'Auvergne
Galvin
Tour
d'Auvergne
Hugo Fernando Gamboa Rodrguez
Fernando
Gamboa
Rodrguez
Georges Guillaume Ganshof van der Meersch
Guillaume
Ganshof
van
der
Meersch
Isoup Ganthy
Ganthy
Jaime Garca Cruz
Garca
Cruz
Juan Diego Garca Trevijano
Diego
Garca
Trevijano
Juan Carlos Garca Triana
Carlos
Garca
Triana
Julio Garca Fernndez los Ros
Garca
Fernndez
los
Ros
Dominique Maximien Gardres
Maximien
Gardres
Damian Gardiner
Gardiner
Patricia "Tricia" Gardiner
"Tricia"
Gardiner
Nona Garson
Garson
Federico Garza Santos
Garza
Santos
Emanuele Gaudiano
Gaudiano
Friedrich "Fritz" Gaulhofer
"Fritz"
Gaulhofer
Marcelino Gaviln y Ponce de Len
Gaviln
Ponce
Len
Thomas Franklin "Tom" Gayford
Franklin
"Tom"
Gayford
Fernando Gazapo de Sarraga
Gazapo
Sarraga
Elwi Gazi
Gazi
German Borisovich Gazyumov
Borisovich
Gazyumov
Alphonse Gemuseus
Gemuseus
Dimitar Genov
Genov
Roberta Gentini
Gentini
Charles Peasley George
Peasley
George
Willy Gerber
Gerber
Friedrich Wilhelm Gerhard
Wilhelm
Gerhard
Anders Erik Gernandt
Erik
Gernandt
Juan Carlos Gesualdi
Carlos
Gesualdi
Paolo Giani Margi
Giani
Margi
Edmond Gibney
Gibney
Lois Michelle Gibson
Michelle
Gibson
Helmut Gille
Gille
Joseph Maurice Edgard Daniel Gillois
Maurice
Edgard
Daniel
Gillois
Andr Giovanini
Giovanini
Francesco Girardi
Girardi
Svetozar Mikhaylovich Glushkov
Mikhaylovich
Glushkov
Peter Gmoser
Gmoser
EmilOtto "Milo" Gmr
"Milo"
Gmr
Krastyo Velkov Gochev
Velkov
Gochev
Herv Godignon
Godignon
Margie GoldsteinEngle
GoldsteinEngle
Jess Gmez Portugal Montenegro
Gmez
Portugal
Montenegro
Nail Gnenl
Gnenl
Enrique Gonzlez Eduardo
Gonzlez
Eduardo
Jos Refugio Gonzlez Cabrera
Refugio
Gonzlez
Cabrera
Bruce Gerard Goodin
Gerard
Goodin
Sarah Gordon
Gordon
Mary Diana GordonWatson
Diana
GordonWatson
Valentin Zakharovich Gorelkin
Zakharovich
Gorelkin
Pyotr Ilyich Gornushko
Ilyich
Gornushko
Ludwig "Lutz" Gssing
"Lutz"
Gssing
Marianne Gossweiler Fankhauser
Gossweiler
Fankhauser
Kojiro Goto
Goto
Vilmos Gttler
Gttler
Peter Hans Walter Gotz
Hans
Walter
Gotz
Oscar Goul
Goul
Gianni Govoni
Govoni
Alfredo Goyeneche Moreno
Goyeneche
Moreno
Bruno Goyens de Heusch
Goyens
Heusch
Francisco "Paco" Goyoaga Caamao
"Paco"
Goyoaga
Caamao
Gustav Grachegg
Grachegg
Gabriel J. Gracida Jaramillo
Gracida
Jaramillo
Ephraim Foster Graham
Foster
Graham
Hugh Graham
Graham
Juliet Graham
Graham
Henry Gramajo
Gramajo
Johan Carl Vincens Wilhelm Grandjean
Carl
Vincens
Wilhelm
Grandjean
Carlos Manuel de Vasconcelos e S Grave
Manuel
Vasconcelos
Grave
Laura Graves
Graves
Lendon Fentress Gray
Fentress
Gray
Peter Gray
Gray
Matthew Raymond Grayling
Raymond
Grayling
Rodolfo Grazzini
Grazzini
Carl Seth Green
Seth
Green
David Michael Green
Michael
Green
Karl Christopher Joe Greenwald
Christopher
Joe
Greenwald
Marjolijn Greeve
Greeve
Johan Jacob Greter
Jacob
Greter
Eva Maria Gretzer Liedstrm
Maria
Gretzer
Liedstrm
Niall Griffin
Griffin
Sam Griffiths
Griffiths
Martha Griggs
Griggs
Giovanni Grignolo
Grignolo
Gabriela Grillo
Grillo
Stefan Grodzicki
Grodzicki
Istvn Grzner
Grzner
Timothy John "Tim" Grubb
John
"Tim"
Grubb
Joachim Joseph Gruppelaar
Joseph
Gruppelaar
Ricardo Guasch de la Huertas
Guasch
Huertas
Maurice Jean MarieJoseph Gudin de Vallerin
Jean
MarieJoseph
Gudin
Vallerin
Philippe Guerdat
Guerdat
Steve Guerdat
Guerdat
Elvira Guerra
Guerra
Jaime Guerra Piedra
Guerra
Piedra
Jrme Gury
Gury
Alejandro Guglielmi
Guglielmi
Max von Guilleaume
von
Guilleaume
Olivier Guillon
Guillon
Geir Gulliksen
Gulliksen
Cai Henning Gundelach
Henning
Gundelach
Alpaslan Gne
Gne
Rudolf Gnthardt
Gnthardt
Fethi Grcan
Grcan
Cevat Grkan
Grkan
Hilda Carolyn Gurney
Carolyn
Gurney
Gustaf Adolf Oscar Fredrik Arthur Edmund
Adolf
Oscar
Fredrik
Arthur
Edmund
Axel Ragnar Gustafsson
Ragnar
Gustafsson
Giancarlo Gutierrez
Gutierrez
Micha Mieczysaw Wojciech Gutowski
Mieczysaw
Wojciech
Gutowski
JeanJacques Guyon
Guyon
Lionel Guyon
Guyon
Knut Trygve Gysler
Trygve
Gysler
Kazimierz Aleksander Gzowski
Aleksander
Gzowski
Nils Weide Haagensen
Weide
Haagensen
Arvo Samuli Haanp
Samuli
Haanp
Aim Joseph Haegeman
Joseph
Haegeman
Marcel Hantjens
Hantjens
Dirk Hafemeister
Hafemeister
Gustaf Wilhelm Hagelin
Wilhelm
Hagelin
Nele Hagener
Hagener
Robin Hahn
Hahn
Ilmari Haimi
Haimi
Marjorie Benezet Haines Gill
Benezet
Haines
Gill
Ulla Margareta Mileva Hkansson Svenfelt
Margareta
Mileva
Hkansson
Svenfelt
Johanna Sybille Hall  Carp
Sybille
Hall
Carp
Ernst Johan Emanuel Hallberg
Johan
Emanuel
Hallberg
Romuald Bonifatius Halm
Bonifatius
Halm
Ahmad Saber Hamcho
Saber
Hamcho
CarlJan Gustaf David Hamilton
Gustaf
David
Hamilton
Mary Patricia Hamilton Darby
Patricia
Hamilton
Darby
Henning William Percy Hamilton
William
Percy
Hamilton
Barbara A. Hammond Pearson
Hammond
Pearson
Jaroslav Hanf
Hanf
Mary Hanna
Hanna
Richard Bruce Hansen
Bruce
Hansen
Finn Khrylmand Hansen
Khrylmand
Hansen
Graeme Otto Hansen
Otto
Hansen
Karl Alfred Hansen
Alfred
Hansen
Ove Hansen
Hansen
Tony Andr Hansen
Andr
Hansen
Christilot HansonBoylen
HansonBoylen
Kiichi Harada
Harada
Gamal ElDin Mursi Sa'id AlHaress
ElDin
Mursi
Sa'id
AlHaress
Julia Hargreaves
Hargreaves
Sasha Harrison
Harrison
Lis Hartel Holst
Hartel
Holst
Ernesto Hartkopf
Hartkopf
Wiesaw Hartman
Hartman
Helmut Hartmann
Hartmann
Edward "Eddie" Harty
"Eddie"
Harty
John Harty
Harty
Kurt Hasse
Hasse
Jaroslav Hatla
Hatla
Caroline Hatlapa Hahn, Odefey
Hatlapa
Hahn,
Odefey
Max Hauri
Hauri
Haya Bint AlHussein
Bint
AlHussein
Tadayoshi Hayashi
Hayashi
Jay Dennis Hayes
Dennis
Hayes
Suzanne "Sue" Hearn
"Sue"
Hearn
Ulrika Elisabeth Hedin Snemyr
Elisabeth
Hedin
Snemyr
Andrew David Heffernan
David
Heffernan
Everardo A. Hegewisch Arrillaga
Hegewisch
Arrillaga
Johannes "Johan" Heins
"Johan"
Heins
Lars Andreas Helgstrand
Andreas
Helgstrand
Siril Helljesen
Helljesen
Mads Hendeliowitz
Hendeliowitz
Wilhelmus Gerardus Antonius "Wiel" Hendrickx
Gerardus
Antonius
"Wiel"
Hendrickx
Emile Marie Helene Hendrix
Marie
Helene
Hendrix
Jill M. Henneberg
Henneberg
James Hennessy
Hennessy
Julio Efrain Henri
Efrain
Henri
Frank Sherman Henry
Sherman
Henry
Guy Vernor Henry, Jr.
Vernor
Henry,
Jr.
James "Jim" Henry
"Jim"
Henry
Ludovic Henry
Henry
Gillian "Jill" Henselwood
"Jill"
Henselwood
Brian A. Herbinson
Herbinson
Tibor Herczegfalvy
Herczegfalvy
Anna Maria Hermann Hilton
Maria
Hermann
Hilton
Joaqun Hermida Torres
Hermida
Torres
Albert Hermoso Farrs
Hermoso
Farrs
Georges Hernalsteens
Hernalsteens
Fernando Hernndez Izquierdo
Hernndez
Izquierdo
Gustavo Ramos Hernndez Leyva
Ramos
Hernndez
Leyva
Libby Hernndez
Hernndez
Julio Herrera
Herrera
Keith Wilson Hervey
Wilson
Hervey
Carl Rupert Hester
Rupert
Hester
Barnabs Hevesy
Hevesy
Gigi M. Hewitt Daners
Hewitt
Daners
Kurt Heyndrickx
Heyndrickx
Eduardo Higareda Usi
Higareda
Usi
Hirokazu Higashira
Higashira
Albert Edwin "Bertie" Hill
Edwin
"Bertie"
Hill
Louisa Katherine Hill
Katherine
Hill
Emma Hindle
Hindle
John Reginald Hindley
Reginald
Hindley
Nobutada Hiromatsu
Hiromatsu
Ryuma Hirota
Hirota
Lene Hoberg
Hoberg
Otto Josef Hofer
Josef
Hofer
Dietmar Hogrefe
Hogrefe
ke Karl Wilhelm Hk
Karl
Wilhelm
Hiroshi Hoketsu
Hoketsu
Rebecca "Becky" Holder
"Becky"
Holder
Virginia Helen Antoinette HolgateLeng Elliott
Helen
Antoinette
HolgateLeng
Elliott
Nicholas Stuart "Nick" HolmesSmith
Stuart
"Nick"
HolmesSmith
Olivia "Polly" Holohan Jonason
"Polly"
Holohan
Jonason
Heike Holstein
Holstein
Arlette Holsters
Holsters
Georg Hltig
Hltig
Charles Rusty Holzer
Rusty
Holzer
Conrad E. Homfeld
Homfeld
Alberto Honrubia Alvario
Honrubia
Alvario
Anglique Petra Gerlinda Hoorn
Petra
Gerlinda
Hoorn
Eric Horgan
Horgan
Henri Jacques Jean Horment
Jacques
Jean
Horment
Henric Arvid Bengt Christer Horn af minne
Arvid
Bengt
Christer
Horn
minne
Jzsef Horvth
Horvth
Zoltn Horvth
Horvth
Shigeyuki Hosono
Hosono
Charles Gordon "Champ" Hough, Jr.
Gordon
"Champ"
Hough,
Jr.
Lauren Hough
Hough
Marc Francis Houtzager
Francis
Houtzager
Rebecca Howard
Howard
Edward Dacre HowardVyse
Dacre
HowardVyse
Andrew James Hoy
James
Hoy
Frantiek Hrzik
Hrzik
Hua Tian
Tian
Huang Zuping
Zuping
Karsten WolfDieter Manfred  Huck
WolfDieter
Manfred
Huck
Marion Hughes
Hughes
Karl ke Fredrik Hultberg
Fredrik
Hultberg
Karlke Hultberg
Hultberg
Heinrich "Henk" Hulzebos
"Henk"
Hulzebos
Ian HumeDudgeon
HumeDudgeon
Ruth Irmgard Hunkeler
Irmgard
Hunkeler
Christopher W. "Chris" Hunnable
"Chris"
Hunnable
Sharon Ann Hunt
Ann
Hunt
Rachel Elizabeth Hunter
Elizabeth
Hunter
Paul Hrlimann
Hrlimann
Hwang SunWon
SunWon
Hans Ikl
Ikl
Silvia Ikl
Ikl
Ilian Georgiev Iliev
Georgiev
Iliev
Yasushi Imamura
Imamura
Hirotsugu Inanami
Inanami
Charlotte Ingemann Roux, Fouillet
Ingemann
Roux,
Fouillet
Kikuko Inoue Basugi
Inoue
Basugi
Wendy Irving Dell
Irving
Dell
Kenkichi Ishiguro
Ishiguro
Mamadzhan Ismailov
Ismailov
Justo Jos Iturralde Becerra
Jos
Iturralde
Becerra
Sergio Andrs Iturriaga Delgado
Andrs
Iturriaga
Delgado
Svetoslav Ivanov
Ivanov
Yordan Ivanov
Ivanov
Manabu Iwahashi
Iwahashi
Kazuhiro Iwatani
Iwatani
Joanna Jackson
Jackson
Albert Frank "Bert" Jacobs
Frank
"Bert"
Jacobs
Lisa Ann Jacquin
Ann
Jacquin
Cornelius Comegys Jadwin, II
Comegys
Jadwin,
Wilhelm Jaich
Jaich
Frantiek Jandl
Jandl
Elmo Jankari
Jankari
Lrinc Lorenz von Jankovich
Lorenz
von
Jankovich
Viktor Emanuel Jansson
Emanuel
Jansson
Kurt Jarasinski
Jarasinski
Bogusaw Jarecki
Jarecki
Stanisaw Jasiski
Jasiski
Gerardo Jos Juregui
Jos
Juregui
Vaughn Fraser Jefferis
Fraser
Jefferis
Maurice Jhin
Jhin
Arne Preben Jensen
Preben
Jensen
Bent Jensen
Jensen
Jrgen Martinius Jensen
Martinius
Jensen
Kristian Laurentius Jensen
Laurentius
Jensen
Merethe Rahr Jensen
Rahr
Jensen
Jens Peder Jacob Jensen
Peder
Jacob
Jensen
Tonny Jensen
Jensen
Anne Grethe JensenTrnblad
Grethe
JensenTrnblad
Anne Jensenvan Olst
Jensenvan
Olst
Hans Brje Jeppson
Brje
Jeppson
Francisco JimnezAlfaro y Alaminos
JimnezAlfaro
Alaminos
Juan Antonio Jimnez Cobo
Antonio
Jimnez
Cobo
Ion Jipa
Jipa
Jo HyeongWon
HyeongWon
Juliet JoblingPurser
JoblingPurser
Daniel James Jocelyn
James
Jocelyn
Andr Bier Johannpeter
Bier
Johannpeter
Ana Christina Johannpeter Vasconcellos Giannini
Christina
Johannpeter
Vasconcellos
Giannini
Eugen Wilhelm Johansen
Wilhelm
Johansen
Hans Gustaf Lennart Johansson
Gustaf
Lennart
Johansson
Bedich John
John
Deborah Waveny "Debbie" Johnsey Gotz, Plumley
Waveny
"Debbie"
Johnsey
Gotz,
Plumley
Sonja Johnson
Johnson
Clarke Johnstone
Johnstone
Hilda Lorna Johnstone WailesFairbairn
Lorna
Johnstone
WailesFairbairn
Russell Johnstone
Johnstone
Reuben Samuel "Ben" Jones
Samuel
"Ben"
Jones
Megan Victoria Jones
Victoria
Jones
Pierre Jonqures d'Oriola
Jonqures
d'Oriola
Jan Fredrik Jnsson
Fredrik
Jnsson
Jan Gunnar Jnsson
Gunnar
Jnsson
Alejandro Jord Candelas
Jord
Candelas
Marcio Carvalho Jorge
Carvalho
Jorge
Andr Ren Jousseaum
Ren
Jousseaum
Lone Castrup Jrgensen
Castrup
Jrgensen
Ju JeongHyeon
JeongHyeon
Michael Jung
Jung
Ricardo Jurado Narvez
Jurado
Narvez
Severo Jess Jurado Lpez
Jess
Jurado
Lpez
Maarten Constant Maria Jurgens
Constant
Maria
Jurgens
Khristo Kachev
Kachev
Yuzo Kageyama
Kageyama
Aurelien Kahn
Kahn
Eddy Kahn
Kahn
Viktor Petrovich Kalinin
Petrovich
Kalinin
Ivan Aleksandrovich Kalita
Aleksandrovich
Kalita
Emma Kanerva
Kanerva
Chris Kappler
Kappler
mer Karaevli
Karaevli
Imre Karcs
Karcs
Oleg Karpov
Karpov
Horst Karsten
Karsten
Kudret Kasar
Kasar
Thies Kaspareit
Kaspareit
Anna Kasprzak
Kasprzak
Lars Petrus Ragnar Kastenman Eriksson
Petrus
Ragnar
Kastenman
Eriksson
Daisuke Kato
Kato
Masanori Katsumoto
Katsumoto
Koichi Kawaguchi
Kawaguchi
Zdzisaw Szczsny KaweckiGozdawa
Szczsny
KaweckiGozdawa
Scott Keach
Keach
John William Kelly
William
Kelly
Pl Kemry Kempner
Kemry
Kempner
Heike Kemmer
Kemmer
Paul Aloysius Kenna
Aloysius
Kenna
James Kernan
Kernan
Reed Kessler
Kessler
Nils August Emanuel Kettner
August
Emanuel
Kettner
Rudolf Jakob Paul Keyper
Jakob
Paul
Keyper
Mohamed Khairy
Khairy
Hussain Khan
Khan
Muhammad Khan
Khan
Dimo Khristov
Khristov
Shunzo Kido
Kido
Lauren Kieffer
Kieffer
AnneLise Elma Kielland
Elma
Kielland
Ricardo Elbio Kierkegaard
Elbio
Kierkegaard
Patrick Joseph Kiernan
Joseph
Kiernan
Werner Frans Kilcher
Frans
Kilcher
Karl Kildal
Kildal
Gustaf Olof Falhem Kilman
Olof
Falhem
Kilman
Kim CheolGyu
CheolGyu
Kim DongGyu
DongGyu
Kim DongSeon
DongSeon
Kim HyeongChil
HyeongChil
Kim MunSik
MunSik
Kim SeungHwan
SeungHwan
Kim YeongRo
YeongRo
Kitty Louisa King Boggis
Louisa
King
Boggis
Courtney KingDye
KingDye
Ulrich Gnter Hermann "Uli" Kirchhoff
Gnter
Hermann
"Uli"
Kirchhoff
Agnete Kirk Thinggaard Kirk Kristiansen
Kirk
Thinggaard
Kirk
Kristiansen
Frode Rasmussen Kirkebjerg
Rasmussen
Kirkebjerg
Lars Eivind Bruun Kirkebjerg
Eivind
Bruun
Kirkebjerg
Carlos Kirkpatrick O'Donnell
Kirkpatrick
O'Donnell
Toshiaki Kitai
Kitai
Yuko Kitai
Kitai
Ryuzo Kitajima
Kitajima
Patrik Alexander Kittel
Alexander
Kittel
Isaac Leonard Kitts
Leonard
Kitts
Ivan Mikhaylovich Kizimov
Mikhaylovich
Kizimov
Anton Fredrik Klaveness, Jr.
Fredrik
Klaveness,
Jr.
Ingrid Klimke Busacker
Klimke
Busacker
Reiner Klimke
Klimke
Olga Klimko
Klimko
Harry Klugmann
Klugmann
Margareth Valerie "Marges" Knighton Carline
Valerie
"Marges"
Knighton
Carline
Svetlana Knyazeva
Knyazeva
Andrzej Jzef Kobyliski
Jzef
Kobyliski
Salih Ko
Lyubov Valeryevna Kochetova
Valeryevna
Kochetova
Eugeniusz Szczepan Koczorski
Szczepan
Koczorski
Samuel Alphons Koechlin
Alphons
Koechlin
Horst Khler
Khler
Marina Khncke
Khncke
Janusz Komorowski
Komorowski
Tadeusz Marian Komorowski
Marian
Komorowski
Clas Henrik Magnus Knig
Henrik
Magnus
Knig
Boris Nikolayevich Konkov
Nikolayevich
Konkov
Tina Magdalena Konyot
Magdalena
Konyot
Aleksandra Yuryevna Korelova
Yuryevna
Korelova
Nikolay Pavlovich Korolkov
Pavlovich
Korolkov
Andrey Vladimirovich Korshunov
Vladimirovich
Korshunov
Yury Aleksandrovich Kovshov
Aleksandrovich
Kovshov
Jan Kowalczyk
Kowalczyk
Yoshihiko Kowata
Kowata
Marian Kozicki
Kozicki
Carl Adolph Kraft
Adolph
Kraft
Julia Krajewski
Krajewski
Kai Aage Krarup
Aage
Krarup
Laura Kraut Kent
Kraut
Kent
Marcela KrinkeSusmelj
KrinkeSusmelj
Herman Kristoffersson
Kristoffersson
Jnos Krizsn
Krizsn
Adam ukasz Krlikiewicz
ukasz
Krlikiewicz
Carl Wilhelm Kruckenberg
Wilhelm
Kruckenberg
Ferenc Krucs
Krucs
Herbert Krug
Krug
Camilla Kruger
Kruger
Eduard Krger
Krger
Jacek Micha Krukowski
Micha
Krukowski
Grzegorz Kubiak
Kubiak
CharlesGustave Kuhn
Kuhn
Reijo Aatos Kuistila
Aatos
Kuistila
Cevat Kula
Kula
Seweryn Roman Kulesza
Roman
Kulesza
Anneliese Kppers Schaurte
Kppers
Schaurte
Akane Kuroki
Kuroki
Anne Kindig Kursinski
Kindig
Kursinski
Kathryn Hallowell "Kathy" Kusner
Hallowell
"Kathy"
Kusner
Marco Kutscher
Kutscher
Valerian Nikanorovich Kuybyshev
Nikanorovich
Kuybyshev
Yevgeny Kuzin
Kuzin
Mark Kyle
Kyle
Kyra Marie Christine Kyrklund
Marie
Christine
Kyrklund
Svitlana Ivanivna Kyselova
Ivanivna
Kyselova
Jacques la Caze
Caze
Henri Joseph Gedein Laame
Joseph
Gedein
Laame
Charles Henri Labouchere
Henri
Labouchere
Jeppe Johannes Ladegaard Mikkelsen LadegaardMikkelsen
Johannes
Ladegaard
Mikkelsen
LadegaardMikkelsen
Leonard Rudolphe Lafond
Rudolphe
Lafond
Karim Florent Laghouag
Florent
Laghouag
Alojz Lah
Lah
Lap Suen "Patrick" Lam
Suen
"Patrick"
Lam
Samantha June Lam
June
Lam
Eric Lamaze
Lamaze
Indrajit Singh Lamba
Singh
Lamba
Paul Marie Victor Lambert
Marie
Victor
Lambert
Santiago Lambre Della Groce
Lambre
Della
Groce
Hugues Landon
Landon
Megan Lane
Lane
Gheorghe Langa
Langa
Helen Langehanenberg
Langehanenberg
Henrik Per Erik Lannr
Per
Erik
Lannr
Jozeph Johannes Gerhardus Marinus "Jos" Lansink
Johannes
Gerhardus
Marinus
"Jos"
Lansink
Vladimir Vasilyevich Lanyugin
Vasilyevich
Lanyugin
Jos Mara Larocca
Mara
Larocca
Joaqun Larran Coddou
Larran
Coddou
Jos Larran Cuevas
Larran
Cuevas
Rutherford Latham Morehead
Latham
Morehead
Victoria Jane "Vicky" Latta
Jane
"Vicky"
Latta
Robert Lattermann
Lattermann
Adolf Lauda
Lauda
Pia Laus
Laus
Carol Elizabeth Cadwgan  Lavell
Elizabeth
Cadwgan
Lavell
Neale John Lavis
John
Lavis
Henrik Robert Lavonius
Robert
Lavonius
Leslie Francis Law
Francis
Law
Bryan Turner Thomas Lawrence
Turner
Thomas
Lawrence
Domini Margaret Lawrence Morgan
Margaret
Lawrence
Morgan
Louis Jean "Jack" Le Goff
Jean
"Jack"
Goff
Andr le Goupil
Goupil
Gerard Willem le Heux
Willem
Heux
Philippe Le Jeune
Jeune
Patrick le Rolland
Rolland
Jhan Raymond Le Roy
Raymond
Roy
Jean le Vavasseur
Vavasseur
Antnio Miguel Santa Marta Faria Leal
Miguel
Santa
Marta
Faria
Leal
Benjamin "Ben" Lear, Jr.
"Ben"
Lear,
Jr.
Henri Leclerc
Leclerc
Alexandra Ledermann
Ledermann
John Ledingham
Ledingham
Lee IlGyu
IlGyu
Janou Lefbvre Tissot
Lefbvre
Tissot
Guy Robert Marie Joseph Lefrant
Robert
Marie
Joseph
Lefrant
Gerta Lehmann
Lehmann
Ulrich Lehmann
Lehmann
Mario Rabello Leite Neto
Rabello
Leite
Neto
Krum Georgiev Lekarski
Georgiev
Lekarski
Henryk LeliwaRoycewicz
LeliwaRoycewicz
Mathieu Lemoine
Lemoine
Franois Marie Joseph Pierre Lemoyne
Marie
Joseph
Pierre
Lemoyne
Inger Dorete LemvighMller Schiler
Dorete
LemvighMller
Schiler
Karen Lende O'Connor
Lende
O'Connor
Peter Leone
Leone
Pnlope Leprvost
Leprvost
Tommaso Lequio di Assaba
Lequio
Assaba
Nicolas Henri LeRoy
Henri
LeRoy
Franois Xavier Edmond Marie Lesage
Xavier
Edmond
Marie
Lesage
Niels Erik Leschly
Erik
Leschly
Mario Leuenberg
Leuenberg
Laurie Lever
Lever
Marie Antoinette Sarangaya "Toni" Leviste
Antoinette
Sarangaya
"Toni"
Leviste
Carl Gustaf Moritz Thure Lewenhaupt
Gustaf
Moritz
Thure
Lewenhaupt
Charles Auguste Sixtensson Lewenhaupt
Auguste
Sixtensson
Lewenhaupt
Johan Greger Knutsson Lewenhaupt
Greger
Knutsson
Lewenhaupt
Carl Gustaf Sixtensson Lewenhaupt
Gustaf
Sixtensson
Lewenhaupt
John A. "Jack" Lewis
"Jack"
Lewis
Edmond L'Hotte
L'Hotte
Li Zhenqiang
Zhenqiang
Peter LichtnerHoyer
LichtnerHoyer
Staffan Lidbeck
Lidbeck
Christina Liebherr
Liebherr
Fritz Ligges
Ligges
Nina Lamsam Ligon
Lamsam
Ligon
Boris Mikhaylovich Lilov
Mikhaylovich
Lilov
Philippe Limousin
Limousin
Stig Niklas Lindbck
Niklas
Lindbck
Karl Sune Ingemar Lindbck
Sune
Ingemar
Lindbck
Ernst Linder
Linder
Mikaela Lindh
Lindh
Eva Margareta Engela Lindsten Simson
Margareta
Engela
Lindsten
Simson
Attila Ling
Ling
Hermann Linkenbach
Linkenbach
AnnKathrin Linsenhoff Kroth, Rath
Linsenhoff
Kroth,
Rath
Liselott Linsenhoff Schindling, Rheinberger
Linsenhoff
Schindling,
Rheinberger
Oswald Guillaume Henri Lints
Guillaume
Henri
Lints
Curt Ewald Rudolf Lippert
Ewald
Rudolf
Lippert
Marius Antonius Dominicus "Martin" Lips
Antonius
Dominicus
"Martin"
Lips
Tim Cornelis Hendrik Lips
Cornelis
Hendrik
Lips
Irina Aleksandrovna Lis
Aleksandrovna
Lis
Viktor Nikitych Lisitsyn
Nikitych
Lisitsyn
Liu Lina
Lina
Bengt Helge Ljungquist
Helge
Ljungquist
Jorge Bartolomeo Llamb
Bartolomeo
Llamb
Henry Morton "Harry" Llewellyn
Morton
"Harry"
Llewellyn
Colleen Loach
Loach
Marcela Lobo PrezMaldonado
Lobo
PrezMaldonado
Carlos Lobos Muoz
Lobos
Muoz
Inna Volodymyrivna Lohutenkova
Volodymyrivna
Lohutenkova
Raymond Lombard
Lombard
Alberto Lombardi
Lombardi
EmmanuelMarie Paul Augustin Longin Spindler
Paul
Augustin
Longin
Spindler
Joo Carlos Craveiro Lopes
Carlos
Craveiro
Lopes
Carlos Lpez Quesada
Lpez
Quesada
Emilio Lpez de Letona
Lpez
Letona
Fernando Lpez del Hierro y Marn
Lpez
del
Hierro
Marn
Ren Lpez Lizarazo
Lpez
Lizarazo
Ann Jennifer Francis "Jennie" LoristonClarke Bullen
Jennifer
Francis
"Jennie"
LoristonClarke
Bullen
Yvonne Losos de Muiz
Losos
Muiz
Jorge Gustavo Lucardi
Gustavo
Lucardi
Lluis Lucio Prez
Lucio
Prez
Helena Birgitta Lundbck
Birgitta
Lundbck
Janne Lundblad
Lundblad
Hans Matthiesen Lunding
Matthiesen
Lunding
Johan August "ge" Lundstrm
August
"ge"
Lundstrm
Grigore Lupancu
Lupancu
David Vernon Lurie
Vernon
Lurie
Peter Luther
Luther
Alfons Ltke Westhues Hohenbrink
Ltke
Westhues
Hohenbrink
August Ltke Westhues Hohenbrink
Ltke
Westhues
Hohenbrink
Cdric Vincent Simon Lyard
Vincent
Simon
Lyard
Adrienne Lyle
Lyle
Denis Lynch
Lynch
Louise Georgina Lyons
Georgina
Lyons
Bridget Anne "Bud" MacIntyre Hyem
Anne
"Bud"
MacIntyre
Hyem
Edward "Eddie" Macken
"Eddie"
Macken
Erica "Ricky" MacMillan
"Ricky"
MacMillan
Jos Madariaga Micheli
Madariaga
Micheli
Elizabeth "Beezie" Madden Patton
"Beezie"
Madden
Patton
Csar Hugo Madeln
Hugo
Madeln
Alejandro Madorno
Madorno
Joaqun Madrigal Polanco
Madrigal
Polanco
Rikutoshi Maeda
Maeda
Kurt Maeder
Maeder
Fabio Magni
Magni
Benjamin Richard "Ben" Maher
Richard
"Ben"
Maher
Germn Csar Mailhos Ferriolo
Csar
Mailhos
Ferriolo
Mary Wendy Ward MairsChapot
Wendy
Ward
MairsChapot
Khristo Malakchiev
Malakchiev
Martn Esteban Mallo
Esteban
Mallo
Graziano Mancinelli
Mancinelli
Petar Mandadzhiev
Mandadzhiev
Bruce Gregory Mandeville
Gregory
Mandeville
Hermann John Mandl
John
Mandl
Beat Mndli
Mndli
Pierre Mange
Mange
Fabio Mangilli
Mangilli
Lucio Manzin
Manzin
Nicolae Marcoci
Marcoci
David Marcus
Marcus
Georges Margot
Margot
Humberto Mariles Corts
Mariles
Corts
Srgio Henriques Neves Marins
Henriques
Neves
Marins
Charles Lonce Pierre Marion
Lonce
Pierre
Marion
Nils Pether Markne
Pether
Markne
Aleksandr Ivanovich Markov
Ivanovich
Markov
Marius Marro
Marro
Anders Mrtensson
Mrtensson
Boyd Martin
Martin
Frank Hugo Martin
Hugo
Martin
JeanLouis Martin
Martin
Jos Manuel Martn Dockx
Manuel
Martn
Dockx
Cayetano Martnez de Irujo FitzJames Stuart
Martnez
Irujo
FitzJames
Stuart
Enrique Martnez de Vallejo Manglano
Martnez
Vallejo
Manglano
Juan Martnez de Vallejo Manglano
Martnez
Vallejo
Manglano
Nemesio Martnez Hombre
Martnez
Hombre
Santiago Martnez Larraz
Martnez
Larraz
Hlder Henrique de Souza Martins
Henrique
Souza
Martins
Valery Alekseyevich Martyshev
Alekseyevich
Martyshev
Diana Mason
Mason
Edith Louise Master
Louise
Master
Toshiki Masui
Masui
Jorge Eduardo Rodrigues y Tenrio Correia Mathias
Eduardo
Rodrigues
Tenrio
Correia
Mathias
Franois Mathy
Mathy
Jorge Matias
Matias
Jaime Matossian Osorio
Matossian
Osorio
Masaki Matsudaira
Matsudaira
Yoritsune Matsudaira
Matsudaira
Asanosuke Matsui
Matsui
Juan Matute Azpitarte
Matute
Azpitarte
Viktor Matveyev
Matveyev
Michael Ray Matz
Ray
Matz
Antonio Maurer Ros
Maurer
Ros
Jos Maurer Rios
Maurer
Rios
Duan Mavec
Mavec
Elisabeth "Sissy" MaxTheurer
"Sissy"
MaxTheurer
Victoria Elisabeth MaxTheurer
Elisabeth
MaxTheurer
Pedro Oscar Mayorga Equioiz
Oscar
Mayorga
Equioiz
Marek Wadysaw Maecki
Wadysaw
Maecki
Padraig McCarthy
McCarthy
Arthur John McCashin
John
McCashin
Gregory McDermott
McDermott
Deborah "Debbie" McDonald
"Debbie"
McDonald
Nicola McGivern
McGivern
Virginia Mary McGrath ConnollyCarew
Mary
McGrath
ConnollyCarew
Lawrence Joseph "Larry" McGuinness
Joseph
"Larry"
McGuinness
Colin Clifford McIntosh
Clifford
McIntosh
Karen Stuart McIntosh Collins
Stuart
McIntosh
Collins
Samantha McIntosh
McIntosh
Margaret McIver
McIver
William "Bill" McLernon
"Bill"
McLernon
Peter McMahon
McMahon
Ronald "Ronnie" McMahon
"Ronnie"
McMahon
Kelli McMullenTemple
McMullenTemple
Lesley McNaughtMndli
McNaughtMndli
Jeffrey "Jeff" McVean
"Jeff"
McVean
Katie Ann McVean Laurie
Ann
McVean
Laurie
Richard John Hannay Meade
John
Hannay
Meade
Daniel William Meech
William
Meech
Jochen Mehrdorf
Mehrdorf
Jules Louis Marie Henri Mehu
Louis
Marie
Henri
Mehu
Christoph Meier
Meier
Carlos Helario Mejia
Helario
Mejia
Ramn Meja Ramrez
Meja
Ramrez
Wilhelm "Willi" Melliger
"Willi"
Melliger
Adrin Amadeo Melosi
Amadeo
Melosi
Giovanni Menchi
Menchi
Jos Oswaldo Mndez Herbruger
Oswaldo
Mndez
Herbruger
Manuel Mendvil Yocupicio
Mendvil
Yocupicio
Csar Leonidas Mendoza Durn
Leonidas
Mendoza
Durn
Eduardo Menezes
Menezes
Nina Aleksandrovna Menkova
Aleksandrovna
Menkova
Kirsty Mepham
Mepham
Juan Martn Merbilha
Martn
Merbilha
Pedro Mercado
Mercado
Adolphe Ch. Mercier
Ch.
Mercier
Inessa Viktorovna Merkulova Poturayeva
Viktorovna
Merkulova
Poturayeva
Anna MerveldtSteffens
MerveldtSteffens
Gaston Herman Jules Mesmaekers
Herman
Jules
Mesmaekers
Denis Mesples
Mesples
Fyodor Vasilyevich Metelkov
Vasilyevich
Metelkov
Arnold Mettler
Mettler
Thomas Metzger
Metzger
Ernest Victor Meyer
Victor
Meyer
Janne Friederike Meyer
Friederike
Meyer
John Andre "Joe" Meyer
Andre
"Joe"
Meyer
Meredith T. MichaelsBeerbaum
MichaelsBeerbaum
Alberto Michn Halbinger
Michn
Halbinger
Jessica Michel
Michel
Paul Michelet
Michelet
Wojciech Seweryn Mickunas
Seweryn
Mickunas
Nicolae Mihalcea
Mihalcea
Aksel Malling Mikkelsen
Malling
Mikkelsen
Niels Mikkelsen
Mikkelsen
Katarzyna MilczarekJasiska
MilczarekJasiska
Gina Miles
Miles
Gocho Milev
Milev
Amy Millar
Millar
Ian Millar
Millar
Terrance M. "Torchy" Millar
"Torchy"
Millar
Kerry T. Milliken
Milliken
Tatyana Ivanovna Miloserdova
Ivanovna
Miloserdova
Carlos Alfredo Milthaler Allende
Alfredo
Milthaler
Allende
Mitko Khristov Milushev
Khristov
Milushev
Min ByeongSeon
ByeongSeon
Min GwanGi
GwanGi
Hans Peter Francois Minderhoud
Peter
Francois
Minderhoud
Vira Antonivna Misevych
Antonivna
Misevych
Jacques Pierre Joseph Marie Misonne
Pierre
Joseph
Marie
Misonne
Andrey Valentinovich Mitin
Valentinovich
Mitin
Eiki Miyazaki
Miyazaki
Stojan Moderc
Moderc
Roger douard Louis Marie Joseph Ghislain Moeremans d'Emas
douard
Louis
Marie
Joseph
Ghislain
Moeremans
d'Emas
Bassem Hassan Mohammed
Hassan
Mohammed
Hans Mhr
Mhr
Vctor Molina Vargas
Molina
Vargas
Giuseppe Molinari
Molinari
Argentino Macedonio Molinuevo, Jr.
Macedonio
Molinuevo,
Jr.
Argentino Macedonio Molinuevo, Sr.
Macedonio
Molinuevo,
Sr.
Roberto Moll
Moll
Eugenio Monterosso
Monterosso
Clark Montgomery
Montgomery
John Carter "Jack" Montgomery
Carter
"Jack"
Montgomery
Alvin Hovy Moore
Hovy
Moore
Ann Elizabeth Moore
Elizabeth
Moore
Lszl Mra
Mra
Carlos Alberto Moratorio Telechea
Alberto
Moratorio
Telechea
Helmut Morbitzer
Morbitzer
Elke Karin "Elbieta" Morciniec Leuschner
Karin
"Elbieta"
Morciniec
Leuschner
Jeferson Sgnaolin Moreira
Sgnaolin
Moreira
Penelope Moreton
Moreton
Lawrence Robert "Laurie" Morgan
Robert
"Laurie"
Morgan
Brigitte Morillo
Morillo
Kenji Morimoto
Morimoto
Dorothy Sarkis Morkis
Sarkis
Morkis
Helmer Fredrik Gustafsson Mrner
Fredrik
Gustafsson
Mrner
George Hayes Morris
Hayes
Morris
Rebel Morrow
Morrow
Pascal Morvillers
Morvillers
Hans Moser
Moser
Rolando Mosqueira
Mosqueira
Moulin
Jos Paulino Marecos Mouzinho de Albuquerque
Paulino
Marecos
Mouzinho
Albuquerque
Filippo Moyersoen
Moyersoen
Michele Mueller Sharpe
Mueller
Sharpe
Werner Muff
Muff
Sergey Borisovich Mukhin
Borisovich
Mukhin
Wolfgang Mller
Mller
William "Bill" Mullins
"Bill"
Mullins
Gerard "Gerry" Mullins
"Gerry"
Mullins
Mun EunJin
EunJin
Mun HyeonJin
HyeonJin
Juan Manuel Muoz Daz
Manuel
Muoz
Daz
Jrg Mnzner
Mnzner
Louis Napolon Murat
Napolon
Murat
William Dennis Murphy
Dennis
Murphy
Joseph Murphy
Murphy
Saybattal Khabibulovich Mursalimov
Khabibulovich
Mursalimov
Pierre Musy
Musy
Mario Adalbert Manuel Mylius
Adalbert
Manuel
Mylius
Cord Hermann Mysegaes
Hermann
Mysegaes
Alice Maria NaberLozeman
Maria
NaberLozeman
Bjrn Nagel
Nagel
Georges Lambert Casimir Nagelmackers
Lambert
Casimir
Nagelmackers
Osamu Nakamata
Nakamata
Yoshihiro Nakano
Nakano
Nam GwanU
GwanU
Taro Nara
Nara
Edward Radcliffe Nash
Radcliffe
Nash
Mikhail Vladimirovich Nastenko
Vladimirovich
Nastenko
Ingrid Erna Louise Nathhorst
Erna
Louise
Nathhorst
Dag Ntterqvist
Ntterqvist
Lodovico Nava
Nava
Margarita Nava de G.
Nava
Jos Navarro Morenes
Navarro
Morenes
ric Paul Alain Navet
Paul
Alain
Navet
Cynthia Margaret "Cindy" NealeIshoy
Margaret
"Cindy"
NealeIshoy
Aleksandr Nebogov
Nebogov
Josef Carl Peter Neckermann
Carl
Peter
Neckermann
Atsushi Negishi
Negishi
Anita Nemtin
Nemtin
Bruno Neumann
Neumann
Karl Neumeister
Neumeister
Anne Jessica NewberryRansehousen
Jessica
NewberryRansehousen
Andrew Clifton Nicholson
Clifton
Nicholson
Astier Nicolas
Nicolas
Henry Morison Vere "Harry" Nicoll
Morison
Vere
"Harry"
Nicoll
Ashley NicollHolzer Munro
NicollHolzer
Munro
Lars Nieberg
Nieberg
Jens Niehls
Niehls
Nstor Nielsen van Hoff
Nielsen
van
Hoff
Roberto Maria NielsenReyes Kurschner
Maria
NielsenReyes
Kurschner
Ral Nieto
Nieto
Ali Nilforoshan
Nilforoshan
Fredrik Oscar Vilhelm Nilsson Burnr
Oscar
Vilhelm
Nilsson
Burnr
Oskar Petrus Nilsson
Petrus
Nilsson
Daniel Nion
Nion
Takeichi Nishi
Nishi
Joaqun Nogueras Mrquez
Nogueras
Mrquez
Hendrikus Everhardus Franciscus "Henk" Nooren
Everhardus
Franciscus
"Henk"
Nooren
Axel Nordlander
Nordlander
Lars Daniel Norling
Daniel
Norling
Ann Katrin Maria Norling
Katrin
Maria
Norling
Lon Marie Hubert Nossent
Marie
Hubert
Nossent
Giorgio Nuti
Nuti
Gustaf Nils Arvid Nyblaeus
Nils
Arvid
Nyblaeus
Lyndal Oatley
Oatley
Kristy OatleyNist
OatleyNist
Paul Glen O'Brien
Glen
O'Brien
Ryuichi Obata
Obata
Austin O'Connor
O'Connor
Cian O'Connor
O'Connor
David O'Connor
O'Connor
amon P. O'Donohoe
O'Donohoe
Katharina Offel
Offel
Selena Jade O'Hanlon
Jade
O'Hanlon
Kunihiro Ohta
Ohta
Yoshiaki Oiwa
Oiwa
Nagahira Okabe
Okabe
Kozeki Okada
Okada
Ryuzo Okuno
Okuno
Mihly Olh
Olh
Therese Sonia Olausson Olsson
Sonia
Olausson
Olsson
Joo Victor Marcari Oliva
Victor
Marcari
Oliva
Torben Uls Olsen
Uls
Olsen
Carl Adolf Ragnar Olson
Adolf
Ragnar
Olson
Eyp nc
Oleksandr Romanovych Onishchenko
Romanovych
Onishchenko
Antonio Oppes
Oppes
Salvatore Oppes
Oppes
Orban
Bjart Ording
Ording
Manuel Ordovas Gonzlez
Ordovas
Gonzlez
Vittorio Orlandi
Orlandi
Vladimir Nikolayevich Orlov
Nikolayevich
Orlov
Rolf Gustaf rn
Gustaf
Alejandro Orzco
Orzco
Gnter Orschel
Orschel
Joaquin Orth Balschat
Orth
Balschat
Procopio Ortz Reyes
Ortz
Reyes
Andrzej Filip Oro
Filip
Oro
Eva Karin Maria Therese OscarssonGthberg
Karin
Maria
Therese
OscarssonGthberg
Frank Ostholt
Ostholt
Margit OttoCrpin
OttoCrpin
Abdelkebir Ouaddar
Ouaddar
Yevgeniya Aleksandrovna Ovchinnikova
Aleksandrovna
Ovchinnikova
Bettina OvereschBkerHoy
OvereschBkerHoy
Bogusaw Adam Owczarek
Adam
Owczarek
Kemal zelik
zelik
Kauko Emil Paananen
Emil
Paananen
Antoni Kazimierz Pacyski
Kazimierz
Pacyski
Vernon Lareau Padgett
Lareau
Padgett
Fernando Antnio Cerqueira da Silva Paes
Antnio
Cerqueira
Silva
Paes
Michael Owen Page
Owen
Page
Jonathan Paget
Paget
der Gustavo Baldin Pagoto
Gustavo
Baldin
Pagoto
Charles Ferdinand Pahud de Mortanges
Ferdinand
Pahud
Mortanges
Gunnar Palm
Palm
Vittoria Ippolita Panizzon
Ippolita
Panizzon
Alexis Evgeni Pantchoulidzew
Evgeni
Pantchoulidzew
Piia Anneli Pantsu
Anneli
Pantsu
Park DongJu
DongJu
Park SoUn
SoUn
Bridget Parker
Parker
Jennifer Parlevliet
Parlevliet
Andr Ricardo Paro
Ricardo
Paro
Carlos Eduardo Ramadan Paro
Eduardo
Ramadan
Paro
Hubert Andr Parot
Andr
Parot
Samuel Parot Ugarte
Parot
Ugarte
Cesar Alberto Parra Bautista
Alberto
Parra
Bautista
Gary Parsonage
Parsonage
Carol Anne Parsons
Anne
Parsons
Andrzej Pasek
Pasek
Giovana Prado Pass
Prado
Pass
Bruno Passaro
Passaro
James PatersonRobinson
PatersonRobinson
Rafael Paullier Martnez
Paullier
Martnez
Hartmann Heinrich Pauly
Heinrich
Pauly
Georges Marie Nestor Pauwels
Marie
Nestor
Pauwels
Boris Pavlov
Pavlov
John Pearce
Pearce
Ji Pechek
Pechek
Matj Pechman
Pechman
Jon Dalgaard Pedersen
Dalgaard
Pedersen
Jean Joseph Henri Petevin de SaintAndr
Joseph
Henri
Petevin
SaintAndr
Guillermo F. Pellegrini
Pellegrini
Elaine Lucia Pen
Lucia
Pen
Joaqun Prez de las Heras
Prez
las
Heras
Jos Prez Allende
Prez
Allende
Elisa Fernndez Prez de las Heras Fernndez
Fernndez
Prez
las
Heras
Fernndez
Jos Luis Prez Soto
Luis
Prez
Soto
Bertrand Pernot du Breuil
Pernot
Breuil
Pierre Fourier Henri Pernot du Breuil
Fourier
Henri
Pernot
Breuil
Roland Perret
Perret
Hubert Perring
Perring
Kasey PerryGlass
PerryGlass
Gert Christian Persson
Christian
Persson
Gehnll Persson
Persson
Rodrigo de Paula Pessoa
Paula
Pessoa
Nelson Pessoa Filho
Pessoa
Filho
Stefan Peter
Peter
Alexander Peternell
Peternell
Steffen Peters
Peters
Lars Petersen
Petersen
Lone Kroman Petersen Pedersen
Kroman
Petersen
Pedersen
Sara Malin Petersen Larsson
Malin
Petersen
Larsson
Ulla Merete Petersen Holm
Merete
Petersen
Holm
Antonis Petris
Petris
Ture Michael Pettersson
Michael
Pettersson
Halfdan Pettere, Jr.
Pettere,
Jr.
Yelena Vladimirovna Petushkova Brumel
Vladimirovna
Petushkova
Brumel
Alexandra "Sandy" PfluegerClarke Phillips
"Sandy"
PfluegerClarke
Phillips
Ludo Ren Mathilde Philippaerts
Ren
Mathilde
Philippaerts
Nicola Philippaerts
Philippaerts
Phillippot
Mark Anthony Peter Phillips
Anthony
Peter
Phillips
Zara Anne Elizabeth Phillips Tindall
Anne
Elizabeth
Phillips
Tindall
Jessica Phoenix
Phoenix
Piotr Piasecki
Piasecki
Denis Pigott
Pigott
Vasile Pinciu
Pinciu
Carlos de Carvalho Pinto
Carvalho
Pinto
Daniel de Carvalho Pinto
Carvalho
Pinto
Antonio Pirano
Pirano
Pascual ngel Pistarini Ludena
ngel
Pistarini
Ludena
Roberto Pasqual Pistarini
Pasqual
Pistarini
Nicols Alejandro Pizarro Surez Martnez
Alejandro
Pizarro
Surez
Martnez
Christian Plge
Plge
Uwe Plank
Plank
Mikhail Mikhaylovich Pleshkov
Mikhaylovich
Pleshkov
Kelly Plitz Roberts
Plitz
Roberts
Henri Plocque
Plocque
Helen Donnan Plumb Sharp, Jones, Nonk
Donnan
Plumb
Sharp,
Jones,
Nonk
John Michael Plumb
Michael
Plumb
Alois Podhajsky
Podhajsky
Georges Pierre Joseph Poff
Pierre
Joseph
Poff
Viktor Oleksandrovych Pohanovskiy
Oleksandrovych
Pohanovskiy
Ottokar Pohlmann
Pohlmann
Saim Polatkan
Polatkan
Heinrich "Heinz" Pollay
"Heinz"
Pollay
Thierry Pomel
Pomel
Francisco Joo Pontes
Joo
Pontes
Ioan Popa
Popa
Dania Popescu
Popescu
Rudolf Popler
Popler
Judith Anne "Tinks" Pottinger
Anne
"Tinks"
Pottinger
Michael Brian Poulin
Brian
Poulin
Caroline Helen Powell
Helen
Powell
Vyacheslav Yevgenyevich Poyto
Yevgenyevich
Poyto
EvaMaria Pracht Neckermann
Pracht
Neckermann
Martina Pracht von Buttlar
Pracht
von
Buttlar
Tim Price
Price
Lucinda Jane PriorPalmerGreen
Jane
PriorPalmerGreen
Vclav Prochzka
Prochzka
Fausto Maria Puccini
Maria
Puccini
Josef "Pepo" Puch
"Pepo"
Puch
Bernadette Pujals Cavallo
Pujals
Cavallo
Aleksandr Purtov
Purtov
Malcolm John Pyrah
John
Pyrah
Antonio Queipo de Llano y Acua
Queipo
Llano
Acua
Ramiro Quintana
Quintana
Arthur Qvist
Qvist
Josef Rabas
Rabas
Richard Rader
Rader
Jerzy Krzysztof Rafalak
Krzysztof
Rafalak
Carl William Albert Raguse
William
Albert
Raguse
Yassine AlRahmouni
AlRahmouni
Tiina Maarit Raiskio
Maarit
Raiskio
Kamil Rajnert
Rajnert
Ignacio Rambla Algarn
Rambla
Algarn
Juliette Fanny Henriette Ramel
Fanny
Henriette
Ramel
Vasco Braamcamp Freire Ramires
Braamcamp
Freire
Ramires
Vasco Lus Pereira Esteves Ramires
Lus
Pereira
Esteves
Ramires
Antnio Chaves Ramos
Chaves
Ramos
Daniel Ramseier
Ramseier
Doris Ramseier
Ramseier
Henri Rang
Rang
Micha Jacek Rapcewicz
Jacek
Rapcewicz
Genko Krumov Rashkov
Krumov
Rashkov
Vladimir Pavlovich Raspopov
Pavlovich
Raspopov
Giuseppe Ravano
Ravano
Carlos Rawson
Rawson
Rosen Raychev
Raychev
Petrus Josephus "Piet" Raymakers
Josephus
"Piet"
Raymakers
Luis Razo Luna y Parra
Razo
Luna
Parra
Tiziana Realini
Realini
Oscar Recer
Recer
Juan Roberto Redon Tavera
Roberto
Redon
Tavera
Leslie Reid
Reid
Friedrich Resch
Resch
Bernardo Cardoso Resende Alves
Cardoso
Resende
Alves
Helmut Rethemeier
Rethemeier
Javier Revuelta del Peral
Revuelta
del
Peral
Francisco R. Reyes Carrere
Reyes
Carrere
Judy Reynolds
Reynolds
Guy Nicolas Reyntiens
Nicolas
Reyntiens
Camal Rhimov
Rhimov
Carlos Motta Ribas
Motta
Ribas
Ruben Continentino Dias Ribeiro
Continentino
Dias
Ribeiro
Jonelle RichardsPrice
RichardsPrice
Robert Alexander Ridland
Alexander
Ridland
Juan Antonio Rieckehoff
Antonio
Rieckehoff
Harald Riedl
Riedl
Lon Hippolyte Rigon
Hippolyte
Rigon
Marc Rigouts
Rigouts
WolfDieter Rihs
Rihs
Jacob "Jaap" Rijks
"Jaap"
Rijks
William A. "Billy" Ringrose
"Billy"
Ringrose
Tauno Johannes Rissanen
Johannes
Rissanen
David Peter Rissik
Peter
Rissik
Jess Rivas Moncada
Rivas
Moncada
Alberto Rivera
Rivera
Antonio Rivera Galarza
Rivera
Galarza
Cassio Rivetti
Rivetti
Adelheid "Heidi" Robbiani Hauri
"Heidi"
Robbiani
Hauri
Hannah RobersonMytilinaiou
RobersonMytilinaiou
Michel Henri Nol Robert
Henri
Nol
Robert
Ian Roberts
Roberts
Peter David Robeson
David
Robeson
Kathryn Robinson
Robinson
Michel Jacques Germain Pierre Roche
Jacques
Germain
Pierre
Roche
Alberto Bernardo de Azevedo Leite Rodrigues
Bernardo
Azevedo
Leite
Rodrigues
Hctor Rodrguez
Rodrguez
Juan Andrs Rodrguez Silva
Andrs
Rodrguez
Silva
Aleksandr Pavlovich Rodzyanko
Pavlovich
Rodzyanko
Adolphus Worrell Roffe, Sr.
Worrell
Roffe,
Sr.
Stoyan Todorov Rogachev
Todorov
Rogachev
Krzysztof Marek Rogowski
Marek
Rogowski
Sergey Nikolayevich Rogozhin
Nikolayevich
Rogozhin
Marc Marie Andr Roguet
Marie
Andr
Roguet
Johann Francisca Maria "Anchela" Rohof
Francisca
Maria
"Anchela"
Rohof
Mauno Taneli Roiha
Taneli
Roiha
Gillian Rolton
Rolton
Euro Federico Roman
Federico
Roman
Luca Roman
Roman
Mauro Roman
Roman
Pietro Roman
Roman
Grand Duke Dmitry Pavlovich Romanov
Duke
Dmitry
Pavlovich
Romanov
Hinrich Peter Romeike
Peter
Romeike
Armando Romero Gil
Romero
Gil
Alfonso Carlos Romo Garza
Carlos
Romo
Garza
Berend "Bert" Romp
"Bert"
Romp
Arthur Laurence Rook
Laurence
Rook
Garry Roque
Roque
Petre Roca
Roca
Shane Rose
Rose
Carl Axel Eberhart Rosenblad
Axel
Eberhart
Rosenblad
Fredrik Jakob Tage Ulfstand Rosencrantz
Jakob
Tage
Ulfstand
Rosencrantz
Jos Mara Rosillo Torres
Mara
Rosillo
Torres
Amanda Ross
Ross
Marek Roszczynialski
Roszczynialski
Roberto Rotatori
Rotatori
Otto Rothe
Rothe
Snke Rothenberger
Rothenberger
Sven Gunther Rothenberger
Gunther
Rothenberger
Gonneke Antoinette Arnolda Johanna Adriana Robertine "Gonnelien" RothenbergerGordijn
Antoinette
Arnolda
Johanna
Adriana
Robertine
"Gonnelien"
RothenbergerGordijn
Louis L. Rousseaux
Rousseaux
Roy
Barry Thomas Roycroft
Thomas
Roycroft
James William George "Bill" Roycroft
William
George
"Bill"
Roycroft
Clarke James Roycroft
James
Roycroft
Victoria "Vicki" Roycroft Rose
"Vicki"
Roycroft
Rose
Wayne William Roycroft
William
Roycroft
JeanMarcel Rozier
Rozier
Philippe Rozier
Rozier
Aage RubkNielsen
RubkNielsen
Kai Rder
Rder
Rolf P. Ruff
Ruff
John Mitchell Rumble
Mitchell
Rumble
Bodil Dagny Russ
Dagny
Russ
John William Russell
William
Russell
Jozefus Alphons Marie "Jo" Rutten
Alphons
Marie
"Jo"
Rutten
Heath Ryan
Ryan
Matthew Morgan "Matt" Ryan
Morgan
"Matt"
Ryan
Michael Ryan
Ryan
Mikhail Fyodorovich Rybak
Fyodorovich
Rybak
lvaro Augusto Sabbo
Augusto
Sabbo
Dzhenko Sabev
Sabev
Alexander Sagadin
Sagadin
Jos Mara Sagasta
Mara
Sagasta
Julio Csar Sagasta
Csar
Sagasta
Richard Sahla
Sahla
Saing Pen
Pen
Henri Julius Reverony Saint Cyr
Julius
Reverony
Saint
Cyr
Jean Grard SaintFort Paillard
Grard
SaintFort
Paillard
Lon Marie SaintFort Paillard
Marie
SaintFort
Paillard
Adrien Gaston Calley SaintPaul de Sinay
Gaston
Calley
SaintPaul
Sinay
douard Henri Joseph Charles SaintPoulof
Henri
Joseph
Charles
SaintPoulof
Andr Salah Sakakini
Salah
Sakakini
Naoko Sakurai
Sakurai
Yoshinaga Sakurai
Sakurai
Sergejs akurovs
akurovs
Salins
Jean Salmon
Salmon
Yury Grigoryevich Salnikov
Grigoryevich
Salnikov
Ulla Salzgeber Helbing
Salzgeber
Helbing
Gennady Sergeyevich Samosedenko
Sergeyevich
Samosedenko
Pedro Snchez Alemn
Snchez
Alemn
Annemarie SandersKeijzer
SandersKeijzer
Per Sandgaard Srensen
Sandgaard
Srensen
Richard Ashley Sands
Ashley
Sands
Karl Bertil Sandstrm
Bertil
Sandstrm
Einar Folke Emanuel Sandstrm
Folke
Emanuel
Sandstrm
Pierluigi Sangiorgi
Sangiorgi
George Sanna
Sanna
Enrique Jos Sarasola Marulanda
Jos
Sarasola
Marulanda
Fernando Javier Sarasola Marulanda
Javier
Sarasola
Marulanda
Jean Sarrazin
Sarrazin
Shinzo Sasa
Sasa
Eiken Sato
Sato
Kenki Sato
Sato
Vctor Manuel Saucedo Carillo
Manuel
Saucedo
Carillo
Heinrich Sauer
Sauer
Uwe Sauer
Sauer
Carl Hst Saunte
Hst
Saunte
Takao Sawai
Sawai
Michael John Saywell
John
Saywell
Nils Knudsen Sb
Knudsen
James Scanlon
Scanlon
Wendy Lynn Schaeffer
Lynn
Schaeffer
Gbor Schaller
Schaller
Samuel Schatzmann
Schatzmann
Martin Schaudt
Schaudt
Donatien Schauly
Schauly
Imke Anne Marian SchellekensBartels
Anne
Marian
SchellekensBartels
Rodolphe Scherer
Scherer
Arianna Schivo
Schivo
Charles Amde Schlumberger
Amde
Schlumberger
Karin Schlter
Schlter
Hubertus Schmidt
Schmidt
Hansueli Schmutz
Schmutz
Dorothee Schneider Krumhoff
Schneider
Krumhoff
Brigitte Schockaert
Schockaert
Alwin Schockemhle
Schockemhle
Paul Schockemhle
Schockemhle
Otto Schniger
Schniger
Dirk Schrade
Schrade
Brian Raymond Schrapel
Raymond
Schrapel
Hermann Schridde
Schridde
Gerco Bernardus Schrder
Bernardus
Schrder
Wim Gerardus Schrder
Gerardus
Schrder
Karl Schultz
Schultz
Eva Lotta Ingrid Schultz Sjberg
Lotta
Ingrid
Schultz
Sjberg
Gerhard Schulz
Schulz
Karel Johan Schummelketel
Johan
Schummelketel
Niklaus Schurtenberger
Schurtenberger
Alfred Schwarzenbach
Schwarzenbach
Hans Herbert Schwarzenbach
Herbert
Schwarzenbach
Pius Schwizer
Schwizer
Marina Sciocchetti
Sciocchetti
Bruno Scolari
Scolari
Alexander Brassey Jonathan "Alec" Scott
Brassey
Jonathan
"Alec"
Scott
Herbert Stewart Lauriston  Scott
Stewart
Lauriston
Scott
Alfonso Segovia Segovia
Segovia
Segovia
Didier Seguret
Seguret
Guenter H. Seidel
Seidel
Lisbeth Boline Seierskilde
Boline
Seierskilde
Gaston Marie Louis Seigner
Marie
Louis
Seigner
Johan Robert Selfelt
Robert
Selfelt
Aleksey Nikolayevich Selikhov
Nikolayevich
Selikhov
Frantiek embera
embera
Todor Semov
Semov
Ivan Prokofyevich Semyonov
Prokofyevich
Semyonov
Fernando Senderos Mestre
Senderos
Mestre
Eva Senn Widmer
Senn
Widmer
Seo JeongGyun
JeongGyun
Seo MyeongWon
MyeongWon
Georges Pierre Joseph Serlez
Pierre
Joseph
Serlez
Antnio de Jesus Serdio
Jesus
Serdio
Federico Serrano
Serrano
Vladimir Seunig
Seunig
Kimberly Lyda "Kim" Severson Vinoski
Lyda
"Kim"
Severson
Vinoski
Josef Seyfried
Seyfried
Tanya Karen Seymour
Karen
Seymour
Ernest Trofimovich Shabaylo
Trofimovich
Shabaylo
Neal Shapiro
Shapiro
Abdullah Waleed AlSharbatly
Waleed
AlSharbatly
Nikolay Fyodorovich Shelenkov
Fyodorovich
Shelenkov
Takeshi Shirai
Shirai
Susan Shortt
Shortt
Yelena Aleksandrovna Sidneva
Aleksandrovna
Sidneva
Harald Siegl
Siegl
Ernesto Silva
Silva
Joaquim Miguel Matos Fernandes Duarte Silva
Miguel
Matos
Fernandes
Duarte
Silva
Leandro Aparecido da Silva
Aparecido
Silva
Lus Falco de Mena e Silva
Falco
Mena
Silva
Antnio Eduardo Alegria Simes
Eduardo
Alegria
Simes
Hugo Simon
Simon
Amrico Simonetti Mazzarelli
Simonetti
Mazzarelli
Alexandra Simons de Ridder
Simons
Ridder
William "Will" Simpson
"Will"
Simpson
Sin ChangMu
ChangMu
Darya Singh
Singh
Gerard "Gerry" Sinnott
"Gerry"
Sinnott
Idzard Louis Douwe Sirtema van Grovestins
Louis
Douwe
Sirtema
van
Grovestins
Nikolay Aleksandrovich Sitko
Aleksandrovich
Sitko
Nicholas David "Nick" Skelton
David
"Nick"
Skelton
Jan Antoni Skoczylas
Antoni
Skoczylas
Henrik Sofus Skougaard
Sofus
Skougaard
Franke Sloothaak
Sloothaak
Eric Boyd Smiley
Boyd
Smiley
Jerry Anthony Smit
Anthony
Smit
Claire Smith
Smith
Gina Smith
Smith
Robert Harvey Smith
Harvey
Smith
Melanie Ainsworth Smith Taylor
Ainsworth
Smith
Taylor
Robert Smith
Smith
Steven Smith
Smith
Trevor Smith
Smith
Harrie Smolders
Smolders
Yury Sergeyevich Smyslov
Sergeyevich
Smyslov
Patricia Rosemary "Pat" Smythe Koechlin
Rosemary
"Pat"
Smythe
Koechlin
Willy Sneyers
Sneyers
Gheorghe Soare
Soare
Suvi Tuulikki Tutu Sohlberg Brlund
Tuulikki
Tutu
Sohlberg
Brlund
Tadeusz Sokoowski
Sokoowski
Joaqun Solano Chagoya
Solano
Chagoya
Annette Maria Elisabeth Solmell
Maria
Elisabeth
Solmell
Antonio Somalo Paricio
Somalo
Paricio
Lajos Somlay
Somlay
Son BongGak
BongGak
Alfredo Sone
Sone
Snke Snksen
Snksen
Barry Sonshine
Sonshine
Attila Sos, Jr.
Sos,
Jr.
Eric Srensen
Srensen
Rafael Soto Andrade
Soto
Andrade
Alexandra Sourla
Sourla
Linda Anne SouthernHeathcott
Anne
SouthernHeathcott
Valerio Sozzi
Sozzi
Camilla Speirs
Speirs
Garibaldi Spighi
Spighi
Pawe Tadeusz Spisak
Tadeusz
Spisak
Artur Tomasz Spoowicz
Tomasz
Spoowicz
Rosemarie Alwine Anneliese Springer Lorenz, Alsen
Alwine
Anneliese
Springer
Lorenz,
Alsen
Janika Sprunger
Sprunger
Guillermo Squella
Squella
Wyndham "Wyn" St. John
"Wyn"
St.
John
Nina Stefanie Stadlinger
Stefanie
Stadlinger
Axel Reinhold Sthle
Reinhold
Sthle
Nils Olof Stahre
Olof
Stahre
Walter Goodwin Staley, Jr.
Goodwin
Staley,
Jr.
Brook Staples
Staples
Ian David Stark
David
Stark
Frantiek Staten
Staten
Hans Staub
Staub
Kevin Staut
Staut
Hartwig Steenken
Steenken
Boris Stefanov
Stefanov
William Clark "Bill" Steinkraus
Clark
"Bill"
Steinkraus
Lois B. Stephens
Stephens
Joseph Henri Louis Stevenart
Henri
Louis
Stevenart
Robert Sean Stevenson
Sean
Stevenson
Douglas Norman "Duggie" Stewart
Norman
"Duggie"
Stewart
Paulo Stewart
Stewart
Rolf Wilhelm Stewen
Wilhelm
Stewen
Eduard Peter Nicolaas "Eddy" Stibbe
Peter
Nicolaas
"Eddy"
Stibbe
Karen Elizabeth Stives
Elizabeth
Stives
CarlAdam Nolcken Stjernswrd
Nolcken
Stjernswrd
Timothy M. "Tim" Stockdale
"Tim"
Stockdale
Alexander Stoffel
Stoffel
Karl "Charley" Stoffel
"Charley"
Stoffel
Vladimir Dimitrov Stoychev
Dimitrov
Stoychev
Barbara Stracey Minshall
Stracey
Minshall
Karen Elizabeth StrakerDixon
Elizabeth
StrakerDixon
Evi Strasser
Strasser
Beata Stremler
Stremler
Ludwig Fritz Ernst Stubbendorff
Fritz
Ernst
Stubbendorff
Constance Lorraine Stubbs
Lorraine
Stubbs
Werner Mortimer Stuber
Mortimer
Stuber
Christine Stckelberger
Stckelberger
Salvador Surez Colin
Surez
Colin
Masayasu Sugitani
Sugitani
Taizo Sugitani
Sugitani
Cevdet Smer
Smer
Istvn Suti
Suti
Ann Hardaway Sutton Taylor
Hardaway
Sutton
Taylor
Heidi Kristiina Svanborg
Kristiina
Svanborg
Sven Ludwig Svennerstl
Ludwig
Svennerstl
Karl Johan Sigurd Svensson
Johan
Sigurd
Svensson
Jonas Mozes "John" Swaab
Mozes
"John"
Swaab
Ninna Ingrid Swaab Stumpe
Ingrid
Swaab
Stumpe
Carl Torsten Leopold Sylvan
Torsten
Leopold
Sylvan
MarieHlne Syre
Syre
Istvn Szabcsy
Szabcsy
Albert Szatola
Szatola
Ferenc Szentirmai
Szentirmai
Ottmr Szepesi Schaurek
Szepesi
Schaurek
Pl Szplaki
Szplaki
Istvn Szondy
Szondy
Kazimierz Szosland
Szosland
Zoltan Sztehlo
Sztehlo
Federico Enrique Sztyrle
Enrique
Sztyrle
Mirosaw Jacek Szapka
Jacek
Szapka
Roberto Mara Tagle
Mara
Tagle
Robert Blyth Tait
Blyth
Tait
Masanao Takahashi
Takahashi
Teruchiyo Takamiya
Takamiya
Reiko Takeda
Takeda
Tsunekazu Takeda
Takeda
John Arthur "Jack" TalbotPonsonby
Arthur
"Jack"
TalbotPonsonby
Toshiyuki Tanaka
Tanaka
Vasiliu Tanas
Tanas
Anatoly Ivanovich Tankov
Ivanovich
Tankov
Edie Tarves Gourley, Taylor
Tarves
Gourley,
Taylor
Lucio Mastrogiovanni Tasca
Mastrogiovanni
Tasca
Gemma Tattersall
Tattersall
Mary Anne Tauskey Parkhurst
Anne
Tauskey
Parkhurst
Erica Taylor
Taylor
Samantha Taylor
Taylor
Gerardo Tazzer Valencia
Tazzer
Valencia
Karen Tebar Schetter
Tebar
Schetter
Ren Tebbel
Tebbel
Arjen Gerald Teeuwissen
Gerald
Teeuwissen
Vitor Alves Teixeira
Alves
Teixeira
Kristina Minna Telde
Minna
Telde
Yelena Ivanovna Telepushkina
Ivanovna
Telepushkina
Remo Tellini
Tellini
James Robert Templer
Robert
Templer
Adam Henrik "Dick" ten Cate
Henrik
"Dick"
ten
Cate
Gheorghe Teodorescu Theodorescu
Teodorescu
Theodorescu
Jillian "Jill" Terciera
"Jill"
Terciera
Arvi Tervalampi
Tervalampi
Humberto L. M. Terzano
Terzano
Burkhard Tesdorpf
Tesdorpf
Jean Georges Marie Teulre
Georges
Marie
Teulre
Bendt Hans ke Thelning
Hans
Thelning
Monica Theodorescu
Theodorescu
Fritz Thiedemann
Thiedemann
Emanuel Thiel
Thiel
Franoise Thiry
Thiry
Guy Whitmore Thomas
Whitmore
Thomas
Hugh Thomas
Thomas
Lon Thome
Thome
Timothy Wyatt "Bunty" Weston Thompson
Wyatt
"Bunty"
Weston
Thompson
Kathryn "Vicky" Thompson
"Vicky"
Thompson
Morten Arv Thomsen
Arv
Thomsen
Peter Thomsen
Thomsen
Earl Foster Thomson
Foster
Thomson
Mary Elizabeth ThomsonKing
Elizabeth
ThomsonKing
Laura Jane TidballBalisky
Jane
TidballBalisky
Vasily Nikolayevich Tikhonov
Nikolayevich
Tikhonov
Anatoly Timoshenko
Timoshenko
Mihai Timu
Timu
Stuart Brian Tinney
Brian
Tinney
Franck mile Tisns
mile
Tisns
Alec Frederick Tod
Frederick
Tod
Mark James Todd
James
Todd
Geremia Ivo Toia
Ivo
Toia
Shuichi Toki
Toki
Margaret Tollerton
Tollerton
Kari Oula Erkki Salola Tolvanen
Oula
Erkki
Salola
Tolvanen
Hirosuke Tomizawa
Tomizawa
Heelan Leigh Tompkins
Leigh
Tompkins
Takashi Tomura
Tomura
Christiaan Tonnet
Tonnet
Johannes Augustinus Petrus "Jan" Tops
Augustinus
Petrus
"Jan"
Tops
Edwina TopsAlexander
TopsAlexander
CarlAxel Oscar Torn
Oscar
Torn
Paula Veronika Trnqvist
Veronika
Trnqvist
Manuel Guillermo Torres Gonzlez
Guillermo
Torres
Gonzlez
Marcelo Tosi
Tosi
JeanYves Touzaint
Touzaint
Nicolas Jean Denis Touzaint
Jean
Denis
Touzaint
Thierry Touzaint
Touzaint
Gottfried Trachsel
Trachsel
Christine S.  Traurig
Traurig
Jzef Piotr Trenkwald
Piotr
Trenkwald
Rudolf Trenkwitz
Trenkwitz
Henry Stewart HansHeinrich Gustav Friedrich Kurt Treviranus
Stewart
HansHeinrich
Gustav
Friedrich
Kurt
Treviranus
Todd Douglas Trewin
Douglas
Trewin
Giovanni Giorgio "Giangiorgio" Trissino
Giorgio
"Giangiorgio"
Trissino
Saulo Francelino Tristo
Francelino
Tristo
Valentina Truppa
Truppa
Belinda Kim Trussell
Kim
Trussell
Torben Tryde
Tryde
Amy Tryon
Tryon
Danai Tsatsou
Tsatsou
Vasil Zakhariev Tsolov
Zakhariev
Tsolov
Takeaki Tsuchiya
Tsuchiya
Mary JoAnne "Jo" Tudor
JoAnne
"Jo"
Tudor
Toma Tudoran
Tudoran
Vladimir Petrovich Tuganov
Petrovich
Tuganov
Mary Jane "MJ" Tumbridge
Jane
"MJ"
Tumbridge
Jzsef "Joe" Tri
"Joe"
Tri
Mario Stanlej Turner
Stanlej
Turner
Pl Tuska
Tuska
Hiram Edwin Tuttle
Edwin
Tuttle
William "Billy" Twomey
"Billy"
Twomey
Ferdinand "Ferdi" Tyteca
"Ferdi"
Tyteca
U JungHo
JungHo
Ruggero "Roger" Ubertalli
"Roger"
Ubertalli
Raimundas Udrakis
Udrakis
Gen Ueda
Ueda
Viktor Petrovich Ugryumov
Petrovich
Ugryumov
Elizabeth Jane "Beth" Underhill
Jane
"Beth"
Underhill
Nicole UphoffBecker Selke
UphoffBecker
Selke
Fernando Vicente Urdapilleta Gonzlez Bonorino 
Vicente
Urdapilleta
Gonzlez
Bonorino
Rubn Uriza Castro
Uriza
Castro
Michel Vaillancourt
Vaillancourt
Francisco Valadas Jnior
Valadas
Jnior
Jean Valat
Valat
Alberto Vldes Lacarra, Jr.
Vldes
Lacarra,
Jr.
Alberto Valds Ramos, Sr.
Valds
Ramos,
Sr.
Alonso Valdez Prado
Valdez
Prado
Giuseppe Valenzano
Valenzano
Alessandro Valerio
Valerio
Leone Valle
Valle
Thibaut Vallette
Vallette
Leopold Leonardus Petronella van Asten
Leonardus
Petronella
van
Asten
Jacoba Maria Jozina "Coby" van Baalen Dorresteijn
Maria
Jozina
"Coby"
van
Baalen
Dorresteijn
Marlies Anne van Baalen
Anne
van
Baalen
Albert Franois Van Cauwenburg
Franois
Van
Cauwenburg
Norman van de Vater
van
Vater
Theo van de Vendel
van
Vendel
Herman Van Den Broeck
Van
Den
Broeck
Dirk Van Der Elst
Van
Der
Elst
Patrick Adrie van der Meer
Adrie
van
der
Meer
Van Der Meulen
Der
Meulen
Georges Van Der Poele
Van
Der
Poele
Pieter "Piet" van der Schans
"Piet"
van
der
Schans
WoutJan van der Schans
van
der
Schans
Georges M. Van Der Ton
Van
Der
Ton
Maikel Leonardus van der Vleuten
Leonardus
van
der
Vleuten
Adolf Dirk Coenraad van der Voort van Zijp
Dirk
Coenraad
van
der
Voort
van
Zijp
Johanna Wilhelmina Theresia "Anny" van Doorne
Wilhelmina
Theresia
"Anny"
van
Doorne
JeanClaude Van Geenberghe
Van
Geenberghe
Theodora Elisabeth Gerarda "Anky" van Grunsven
Elisabeth
Gerarda
"Anky"
van
Grunsven
Constant Octave Van Langhendonck
Octave
Van
Langhendonck
Aernout van Lennep
van
Lennep
Ernest Henri Adriaan Maria van Loon
Henri
Adriaan
Maria
van
Loon
Maximiliaan Maria "Max" van Loon
Maria
"Max"
van
Loon
Hendrika Louise "Louky" van Olphenvan Amstel
Louise
"Louky"
van
Olphenvan
Amstel
Stanny Van Paesschen
Van
Paesschen
Van Ranst
Ranst
Jan Hermanus van Reede
Hermanus
van
Reede
Constantin Antoine Olivier Marie Van Rijckevorsel
Antoine
Olivier
Marie
Van
Rijckevorsel
Henri Louis Marie van Schaik
Louis
Marie
van
Schaik
Van Schauwenbroeck
Schauwenbroeck
Diederik van Silfhout
van
Silfhout
Joris Van Springel
Van
Springel
Yves Auguste Marie Van Strydonck De Burkel
Auguste
Marie
Van
Strydonck
Burkel
Fiona Henrietta Emilie "Fieps" van Tuyll van Serooskerken Bowen
Henrietta
Emilie
"Fieps"
van
Tuyll
van
Serooskerken
Bowen
Etienne Gustave Frdric Van Zuylen Van Nijevelt Van De Haar
Gustave
Frdric
Van
Zuylen
Van
Nijevelt
Van
Haar
Ren Varas Asenjo
Varas
Asenjo
Jzsef Varr
Varr
Toimi Veikko Vartiainen
Veikko
Vartiainen
Fabin Vzquez Lpez
Vzquez
Lpez
Jaime Velsquez Surez
Velsquez
Surez
Dumitru Velea
Velea
Dumitru Velicu
Velicu
Thomas Velin
Velin
Pedro Veniss
Veniss
Konstantin Venkov
Venkov
Frantiek Ventura
Ventura
Andrea Verdina
Verdina
Ignacio Anibal Verdura
Anibal
Verdura
Axel Louis Jean Verlooy
Louis
Jean
Verlooy
Philippe Vernes
Vernes
Pierre Marie Robert Versteegh
Marie
Robert
Versteegh
Jorinde Verwimp
Verwimp
Andr Vidart
Vidart
ke Yngve Valdemar Viebke
Yngve
Valdemar
Viebke
Koris Vieules
Vieules
Eric Vigeanel
Vigeanel
Hernn Vigil Simpson
Vigil
Simpson
Vigneulles
Fernando Villaln Gmez
Villaln
Gmez
Carlos Elias Villanueva
Elias
Villanueva
Lara Villata
Villata
Roberto C. Vials Contreras
Vials
Contreras
Uberto Visconti di Madrone
Visconti
Madrone
Istvn Visy
Visy
Ulrich Vite
Vite
Mikhail Vlasov
Vlasov
Benjamin "Ben" Vogg
"Ben"
Vogg
Felix Vogg
Vogg
Renate Voglsang
Voglsang
Valery Yakovlevich Volkov
Yakovlevich
Volkov
Pierre Volla
Volla
Alfrd von Adda
von
Adda
Elemr von Barcza
von
Barcza
Marten Hans Joachim von Barnekow
Hans
Joachim
von
Barnekow
Nils Gustaf Fredrik Bror "Hans" von BlixenFinecke, Jr.
Gustaf
Fredrik
Bror
"Hans"
von
BlixenFinecke,
Jr.
Hans Gustaf von BlixenFinecke, Sr.
Gustaf
von
BlixenFinecke,
Sr.
Georg Gustaf Wilhelm von Braun
Gustaf
Wilhelm
von
Braun
Henri Raoul Marie von der Weid
Raoul
Marie
von
der
Weid
Henrik Claes Edvard von Eckermann
Claes
Edvard
von
Eckermann
Hans Olof von Essen
Olof
von
Essen
Fritz Wilhelm von Essen
Wilhelm
von
Essen
Andreas von Flotow
von
Flotow
Anna Barbara von GrebelSchiendorfer
Barbara
von
GrebelSchiendorfer
Friedrich Ernst August von Grote
Ernst
August
von
Grote
Wilhelm Albrecht Carlotto Alexander von Hohenau
Albrecht
Carlotto
Alexander
von
Hohenau
Antal von Knya Knia
von
Knya
Knia
Rabod Wilhelm von Krcher
Wilhelm
von
Krcher
Eugen Johan Anton Freiherr von Lotzbeck
Johan
Anton
Freiherr
von
Lotzbeck
Eduard von Ltcken
von
Ltcken
Lszl von Magashzy
von
Magashzy
Lajos von Malanotti
von
Malanotti
Carl von Moers
von
Moers
Ida Leopoldine Sophie Elizabeth von Nagel
Leopoldine
Sophie
Elizabeth
von
Nagel
Friedrich Karl Hans "Fritz" von Oesterley
Karl
Hans
"Fritz"
von
Oesterley
Hermann Leopold August von OppelnBronikowski
Leopold
August
von
OppelnBronikowski
Gusztv von Pados
von
Pados
Hendrik Edler von Paepcke
Edler
von
Paepcke
Jzsef von Platthy
von
Platthy
Arthur von Pongracz de SzentMikls und vr
von
Pongracz
SzentMikls
und
Tassilo Wilhelm Humbert Leopold Friedrich Karl von Preuen
Wilhelm
Humbert
Leopold
Friedrich
Karl
von
Preuen
Friedrich Leopold Harry von Rochow
Leopold
Harry
von
Rochow
Karol Alfonsovich von Rmmel
Alfonsovich
von
Rmmel
Sren von Rnne
von
Rnne
Hans Robert von Rosen
Robert
von
Rosen
Maud Florence Ella von Rosen
Florence
Ella
von
Rosen
Clarence von Rosen, Jr.
von
Rosen,
Jr.
Richard Ferdinand Maximilian Ignatius Joseph Valentin Hubertus Maria von SchaesbergThannheim
Ferdinand
Maximilian
Ignatius
Joseph
Valentin
Hubertus
Maria
von
SchaesbergThannheim
Dagobert von SekullicVrich
von
SekullicVrich
Hermann von Siebenthal
von
Siebenthal
Lars Axel von Stockenstrm
Axel
von
Stockenstrm
Konrad Kuno Cay Freiherr von Wangenheim
Kuno
Cay
Freiherr
von
Wangenheim
Albert Bernard Voorn
Bernard
Voorn
Vincent Krijn Henk Voorn
Krijn
Henk
Voorn
Antnio Maria Cabral Vozone
Maria
Cabral
Vozone
Jan Johannes "Jur" Vrieling
Johannes
"Jur"
Vrieling
Aleksandr Vtorov
Vtorov
Klaus Wagner
Wagner
Hisashi Wakahara
Wakahara
Richard Dorian Walker
Dorian
Walker
Werner Walldn
Walldn
Robert Wallon
Wallon
James Walsh
Walsh
Jil Marie Walton Patterson
Marie
Walton
Patterson
JanOlof Wannius
Wannius
McLain Ward
Ward
Therese Helen Washtock
Helen
Washtock
Wanda Helena Wsowska Siniarska, Czaplicka
Helena
Wsowska
Siniarska,
Czaplicka
Rdiger Wassibauer
Wassibauer
Hiroshi Watanabe
Watanabe
Yuka Watanabe
Watanabe
Gregory Wathelet
Wathelet
Torrance Watkins Fleischmann
Watkins
Fleischmann
Mark A. Watring
Watring
John Watson
Watson
Elaine Shirley Watt HugoVidal
Shirley
Watt
HugoVidal
Eric Wauters
Wauters
Piotr Pawe Wawryniuk
Pawe
Wawryniuk
Kirk Webby
Webby
Catherine "Cathy" Wedge
"Cathy"
Wedge
Harald Christopher Wegelius
Christopher
Wegelius
Heinz Wehrli
Wehrli
Paul Weier
Weier
Hermann Weiland
Weiland
Francis William Charles "Frank" Weldon
William
Charles
"Frank"
Weldon
Fiona Wentges
Wentges
Isabelle Regina Werth
Regina
Werth
Gregorio Werthein
Werthein
Lucas Werthein
Werthein
William Whitehead West, Jr.
Whitehead
West,
Jr.
Britt Annica Westerberg Gustafsson
Annica
Westerberg
Gustafsson
Nicols Lionel Wettstein Deyme
Lionel
Wettstein
Deyme
Hannelore Weygand
Weygand
John Edwin Whitaker
Edwin
Whitaker
Michael Whitaker
Whitaker
Adrian Patrick Kinross White
Patrick
Kinross
White
Wilfrid Harry "Wilf" White
Harry
"Wilf"
White
Sarah Whitmore
Whitmore
Jacek Maria Wierzchowiecki
Maria
Wierzchowiecki
Linden Wiesman
Wiesman
Douglas Erik Valdemar Wijkander
Erik
Valdemar
Wijkander
Hans Klas Wikne
Klas
Wikne
Lisa Margrit Wilcox
Margrit
Wilcox
Hugh Wiley
Wiley
Tinne Eva Caroline WilhelmssonSilfvn
Eva
Caroline
WilhelmssonSilfvn
Oskar Alfred WilkmanVilkama
Alfred
WilkmanVilkama
Didier Willefert
Willefert
John Murphy Willems
Murphy
Willems
John Williams
Williams
Brenda Lilian Williams Mander, Hickman
Lilian
Williams
Mander,
Hickman
Matthew "Matt" Williams
"Matt"
Williams
Diana Wilson
Wilson
Harvey Emerson Wilson
Emerson
Wilson
Nicola Wilson
Wilson
Thomas B. Wilson
Wilson
Gerhard "Gerd" Wiltfang
"Gerd"
Wiltfang
Spencer James W. Wilton
James
Wilton
Franklin Fearing Wing, Jr.
Fearing
Wing,
Jr.
Christa Winkel
Winkel
Hans Gnter Winkler
Gnter
Winkler
John Winfield Winnett, Jr.
Winfield
Winnett,
Jr.
Michael "Mike" Winter
"Mike"
Winter
Dawn Wofford Palethorpe
Wofford
Palethorpe
James Cunningham "Jimmy" Wofford
Cunningham
"Jimmy"
Wofford
John Edwin Brown Wofford
Edwin
Brown
Wofford
John William Wofford
William
Wofford
Wong Isheau
Isheau
Sharn Wordley
Wordley
Peter Wylde
Wylde
Annette Wyrwoll Bartholmes
Wyrwoll
Bartholmes
Mieko Yagi
Yagi
Morishige Yamamoto
Yamamoto
Elias Yez
Yez
Mikhail Vasilyevich Yekimov
Vasilyevich
Yekimov
Aleksandr Mikhaylovich Yevdokimov
Mikhaylovich
Yevdokimov
Eyp Yiittrk
Yiittrk
Ashton Donald "Joe" Yorke
Donald
"Joe"
Yorke
Shigetomo Yoshida
Yoshida
Stuart Ian Laurent YoungBlack
Ian
Laurent
YoungBlack
Yu JeongJae
JeongJae
Takayuki Yumira
Yumira
Kohei Yusa
Yusa
Ronald Efrain Zabala Goetschel
Efrain
Zabala
Goetschel
Jzef Zagor
Zagor
Sergey Antonovich Zagorsky
Antonovich
Zagorsky
Constantin Zahei
Zahei
Mohamed Selim Zaki
Selim
Zaki
Hctor Zatarain Romano
Zatarain
Romano
Andreas Zehrer
Zehrer
Zhang Bin
Bin
Zhao Zhiwen
Zhiwen
Inna Oleksandrivna Zhurakovska Syrota
Oleksandrivna
Zhurakovska
Syrota
Herbert Ziegler
Ziegler
Jrgen Hans "Jrg" Ziegler
Hans
"Jrg"
Ziegler
Christian Zimmermann
Zimmermann
Hermann Zobel
Zobel
Peter Hermann Zobel
Hermann
Zobel
Eduardo Jos Zone
Jos
Zone
Nathalie Xenia Margareta Benedikte zu SaynWittgensteinBerleburg
Xenia
Margareta
Benedikte
SaynWittgensteinBerleburg
Irina Lvovna Zuykova
Lvovna
Zuykova
Yury Ivanovich Zyabrev
Ivanovich
Zyabrev
