Terence de la Mesa "Terry" Allen
Allen
Heinrich Amsinck
Amsinck
Manuel ngel Andrada
ngel
Andrada
ngel Andrada 
Frederick Whitfield Barrett
Whitfield
Barrett
Whitfield Barrett 
Klmn Bartalis
Bartalis
Andreas Ernst Gustav Walter Bartram
Walter
Bartram
Walter Bartram 
John Graham Hope de la Poer Beresford
Poer
Beresford
Poer Beresford 
Istvn Bethlen, Jr.
Bethlen,
Jr.
Bethlen, Jr. 
John Denis Yelverton Bingham
Yelverton
Bingham
Yelverton Bingham 
Elmer Julius Boeseke, Jr.
Boeseke,
Jr.
Boeseke, Jr. 
Jean Boussod
Boussod
Walter Selby Buckmaster
Selby
Buckmaster
Selby Buckmaster 
Roberto Diego Lorenzo Cavanagh y Hearne
Hearne
y Hearne 
Denis St. George Daly
George
Daly
George Daly 
David Dawnay
Dawnay
Armand Franois Jules Marie de La RochefoucauldDoudeauville
Rochefoucauld-Doudeauville
La Rochefoucauld-Doudeauville 
lvaro de Figueroa y AlonsoMartnez
Alonso-Martnez
y Alonso-Martnez 
Jos Mara de Figueroa y AlonsoMartnez
Alonso-Martnez
y Alonso-Martnez 
Luis de Figueroa y AlonsoMartnez
Alonso-Martnez
y Alonso-Martnez 
Pierre Antoine Clment Marie de Chapelle de Jumilhac
Jumilhac
de Jumilhac 
Jean Pierre Marie Joseph  De Madre De Loos
Loos
De Loos 
Hubert Georges douard Conqur de Monbrison
Monbrison
de Monbrison 
Charles Marie Csar Ludovic de Polignac
Polignac
de Polignac 
douard Alphonse de Rothschild
Rothschild
de Rothschild 
Tivadar Dieneshm
Dienes-hm
Luis Jorge Duggan Ham
Duggan
Ham
Duggan Ham 
Jos Eustaquio Luis Francisco Escandn y Barrn
Barrn
y Barrn 
Jos Manuel Mara del Corazn de Jess Escandn y Barrn
Barrn
y Barrn 
Jos Pablo Eustaquio Manuel Francisco Escandn y Barrn
Barrn
y Barrn 
William Auguste FauquetLematre
Auguste
Fauquet-Lematre
Auguste Fauquet-Lematre 
Rafael Fernndez de Henostrosa y Salabert
Salabert
y Salabert 
Hernando Carlos Mara Teresa FitzJames Stuart y Falc Portocarrero y Osorio
Osorio
y Osorio 
Jacobo Mara del Pilar Carlos Manuel FitzJames Stuart y Falc Portocarrero y Osorio
Osorio
y Osorio 
Mortimer Henri Robert FournierSarlovze
Robert
Fournier-Sarlovze
Robert Fournier-Sarlovze 
Bryan John Fowler
John
Fowler
John Fowler 
Frederick Charles Maitland "Freddie" Freake
Freake
Andrs Gazzotti
Gazzotti
Frederick Agnew Gill
Agnew
Gill
Agnew Gill 
Juan Gracia Zazueta
Gracia
Zazueta
Gracia Zazueta 
Alfred Felix Grisar
Felix
Grisar
Felix Grisar 
Frederick Edward "Freddie" Guest
Guest
Humphrey Patrick Guinness
Patrick
Guinness
Patrick Guinness 
Arthur Ringland Harris
Ringland
Harris
Ringland Harris 
William Robert Norris Hinde
Norris
Hinde
Norris Hinde 
Thomas "Tommy" Hitchcock, Jr.
Hitchcock,
Jr.
Hitchcock, Jr. 
Walter John Henry Jones
Henry
Jones
Henry Jones 
Foxhall Parker Keene
Parker
Keene
Parker Keene 
Arturo Juan Kenny y Gahan
Gahan
y Gahan 
Heinrich Arthur Kser, Jr.
Kser,
Jr.
Kser, Jr. 
Dezs Kovcs
Kovcs
John Hardress Lloyd
Hardress
Lloyd
Hardress Lloyd 
Vivian Noverre Lockett
Noverre
Lockett
Noverre Lockett 
Maurice Florentin Alphons Marie Lysen
Marie
Lysen
Marie Lysen 
Jules Franois Macaire
Franois
Macaire
Franois Macaire 
Frank Jay Mackey
Jay
Mackey
Jay Mackey 
Nelson Emery Margetts
Emery
Margetts
Emery Margetts 
John Paul McCann
Paul
McCann
Paul McCann 
Walter Adolph McCreery
Adolph
McCreery
Adolph McCreery 
Teignmouth Philip "Tim" Melvill
Melvill
Juan Bautista Miles Passo
Miles
Passo
Miles Passo 
Charles Darley Miller
Darley
Miller
Darley Miller 
George Arthur Miller
Arthur
Miller
Arthur Miller 
John Carter "Jack" Montgomery
Montgomery
Julio Mller Lujn
Mller
Lujn
Mller Lujn 
Antonio Nava Castillo
Nava
Castillo
Nava Castillo 
William Brookes "Guillermo" Naylor
Naylor
Juan Diego "Jack" Nelson y Duggan
Duggan
y Duggan 
Patteson Womersley Nickalls
Womersley
Nickalls
Womersley Nickalls 
Percy Philip O'Reilly
Philip
O'Reilly
Philip O'Reilly 
Enrique Padilla
Padilla
Jean Andr Hubert Pastr
Hubert
Pastr
Hubert Pastr 
Gaston Peers de Nieuwburgh
Nieuwburgh
de Nieuwburgh 
Alberto Ramos Sesma
Ramos
Sesma
Ramos Sesma 
Maurice Auguste RaoulDuval
Auguste
Raoul-Duval
Auguste Raoul-Duval 
Alfred "Toby" Rawlinson
Rawlinson
Robert Miles Sloman Reincke
Sloman
Reincke
Sloman Reincke 
Fred Roe, Sr.
Roe,
Sr.
Roe, Sr. 
Auston Morgan Rotheram
Morgan
Rotheram
Morgan Rotheram 
Leopoldo Sanz de la Maza GutirrezSolana y Gmez de la Puente
Puente
la Puente 
Justo San Miguel y de la Gandara
Gandara
la Gandara 
Imre Szentply
Szentply
Clment Van Der Straten
Der
Straten
Der Straten 
Rodman Lewis "Rod" Wanamaker
Wanamaker
Herbert Haydon Wilson
Haydon
Wilson
Haydon Wilson 
Percival Kinnear Wise
Kinnear
Wise
Kinnear Wise 
John "Jack" Wodehouse
Wodehouse
William Hayden Wright
Hayden
Wright
Hayden Wright 
