Vladimir Atoff
Atoff
A. Albert
Albert
Franz Albert Amrhein
Albert
Amrhein
Ren Araou
Araou
Dumitru Armel
Armel
douard Ferdinand Bader
Ferdinand
Bader
John Thomas Barnett
Thomas
Barnett
Honor Jean Bayard
Jean
Bayard
Francis Charles "Frank" Bayliss
Charles
"Frank"
Bayliss
Louis Bguet
Bguet
JeanBaptiste Andr Bhotguy
Andr
Bhotguy
Gheorghe Benia
Benia
Hugo Adolf Betting
Adolf
Betting
Lon Binoche
Binoche
Alexandre Jacques Joseph Baptiste Henri "Alex" Bioussa
Jacques
Joseph
Baptiste
Henri
"Alex"
Bioussa
John Henry Birtles
Henry
Birtles
tienne Bonnes
Bonnes
Franois Borde
Borde
Adolphe Ren Bousquet
Ren
Bousquet
Jean Bruneval
Bruneval
James Cantion
Cantion
Phillip Patrick "Phil" Carmichael
Patrick
"Phil"
Carmichael
Daniel Brendon "Dan" Carroll
Brendon
"Dan"
Carroll
Laurent Aim CassayetArmagnac
Aim
CassayetArmagnac
Alphonse Castex
Castex
Andr Chilo
Chilo
Philip Corriston "Phil" Clark
Corriston
"Phil"
Clark
Norman Cleaveland
Cleaveland
Jean Collas
Collas
Ren Crabos
Crabos
Robert Robertson "Bob" Craig
Robertson
"Bob"
Craig
Curtet
Arthur John Lovett Darby
John
Lovett
Darby
James Davey
Davey
Frederick Dean
Dean
Dudley Sargent DeGroot
Sargent
DeGroot
Robert Humphrey Coleman "Bob" Devereaux
Humphrey
Coleman
"Bob"
Devereaux
Clement Pemberton Deykin
Pemberton
Deykin
George Martin Dixon
Martin
Dixon
Charles Webster "Charlie" Doe, Jr.
Webster
"Charlie"
Doe,
Jr.
Clment Dupont
Dupont
Albert Dupouy
Dupouy
Alfred Louis Anselme Elure
Louis
Anselme
Elure
Jean Etcheberry
Etcheberry
Linn Markley Farish
Markley
Farish
George Winthrop Fish
Winthrop
Fish
James Paul "Jim" Fitzpatrick
Paul
"Jim"
Fitzpatrick
Teodor Florian
Florian
Jacques Ernest Forestier
Ernest
Forestier
Henri Galau
Galau
Henry Jean Guy "JeanGuy" Gautier
Jean
Guy
"JeanGuy"
Gautier
Gilbert Antonin Jules Claude Marie Grints
Antonin
Jules
Claude
Marie
Grints
Ion Grleteanu
Grleteanu
Auguste Paul Almire Giroux
Paul
Almire
Giroux
Charles Marius Duma Adolphe Gondouin
Marius
Duma
Adolphe
Gondouin
Raoul Got
Got
Edward "Ed" Graff
"Ed"
Graff
Grenet
Thomas Sydney "Tom" Griffin
Sydney
"Tom"
Griffin
Constantin Henriquez
Henriquez
Jacob Hermann
Hermann
Jean Herv
Herv
John Joseph "Jack" Hickey
Joseph
"Jack"
Hickey
Willy Hofmeister
Hofmeister
L. Hood
Hood
Joseph Garvin "Lou" Hunter
Garvin
"Lou"
Hunter
Frank William "Dick" Hyland, Jr.
William
"Dick"
Hyland,
Jr.
Richard "Dick" Jackett
"Dick"
Jackett
Edward John Jackett
John
Jackett
Adolphe Jaurguy
Jaurguy
E. J. Jones
Jones
James Trick "Jimmy" Jose
Trick
"Jimmy"
Jose
Morris Marshall Kirksey
Marshall
Kirksey
Hermann Kreuzer
Kreuzer
Maurice Labeyrie
Labeyrie
William Arnold Landvoigt
Arnold
Landvoigt
Marie Victor Xavier Lardanchet
Victor
Xavier
Lardanchet
Flix "Ren" Lasserre
"Ren"
Lasserre
Hans Latscha
Latscha
A. Lawry
Lawry
Hubert Jean Daniel Lefbvre
Jean
Daniel
Lefbvre
Robert Levasseur
Levasseur
M. L. Logan
Logan
Herbert Arthur Loveitt
Arthur
Loveitt
MarcelFrdric LubinLebrre
LubinLebrre
Erich Ludwig
Ludwig
Richard Ludwig
Ludwig
Caesar J. Cesare Mannelli Rambaldi
Cesare
Mannelli
Rambaldi
Nicolae Mrscu
Mrscu
Teodor Marian
Marian
Charles Richard "Charlie" Marshall
Richard
"Charlie"
Marshall
Malcolm Julian "Mannie" McArthur
Julian
"Mannie"
McArthur
Arthur John Michael McCabe
John
Michael
McCabe
Patrick Aloysius "Paddy" McCue
Aloysius
"Paddy"
McCue
Christopher Hobart "Chris" McKivat
Hobart
"Chris"
McKivat
Charles Herbert McMurtrie
Herbert
McMurtrie
Charles Thomas Mehan
Thomas
Mehan
Sydney Albert "Syd" Middleton
Albert
"Syd"
Middleton
Sorin Mihilescu
Mihilescu
John Muldoon, Jr.
Muldoon,
Jr.
Fritz Mller
Mller
Paul Nedelcovici
Nedelcovici
Iosif Nemes
Nemes
Herbert Saint John Nicol
Saint
John
Nicol
Joseph Adolphe Thophile Olivier
Adolphe
Thophile
Olivier
John Thomas O'Neil
Thomas
O'Neil
John Clarence "Jack" Patrick
Clarence
"Jack"
Patrick
Pierre Petiteau
Petiteau
Alexandre Emmanuel Pharamond
Emmanuel
Pharamond
tienne Piquiral
Piquiral
Eduard Poppe
Poppe
Franois tienne "Frantz" Reichel
tienne
"Frantz"
Reichel
Heinrich Reitz
Reitz
Thomas James "Tom" Richards
James
"Tom"
Richards
Cornelius Erwin Righter
Erwin
Righter
Andr Flix Rischmann
Flix
Rischmann
William Lister Rogers
Lister
Rogers
Cornelius Louis Andr Roosevelt
Louis
Andr
Roosevelt
Charles Joseph Russell
Joseph
Russell
mile Pierre Sarrade
Pierre
Sarrade
August Friedrich Christian Schmierer
Friedrich
Christian
Schmierer
Rudolph John "Rudy" Scholz
John
"Rudy"
Scholz
Eugen Sfetescu
Sfetescu
Mircea Sfetescu
Sfetescu
Colby Edmund "Babe" Slater
Edmund
"Babe"
Slater
Norman Bernard "Norm" Slater
Bernard
"Norm"
Slater
Francis Bede "Frank" Smith
Bede
"Frank"
Smith
V. Smith
Smith
John Charles "Barney" Solomon
Charles
"Barney"
Solomon
Bertie "Bert" Solomon
"Bert"
Solomon
Soare Sterian
Sterian
Adolf Stockhausen
Stockhausen
M. W. Talbott
Talbott
Atanasie Tnsescu
Tnsescu
Robert Lyman "Dink" Templeton
Lyman
"Dink"
Templeton
Raoul Eugne Thiercelin
Eugne
Thiercelin
Charles Lee Tilden, Jr.
Lee
Tilden,
Jr.
Nicholas Jacobs Tregurtha
Jacobs
Tregurtha
John Trevaskis
Trevaskis
Edward Laurence "Ed" Turkington
Laurence
"Ed"
Turkington
Alan Chester Valentine
Chester
Valentine
Mihai Vardal
Vardal
Jean mile Vaysse
mile
Vaysse
Paul Vidracu
Vidracu
Dumitru Volvoreanu
Volvoreanu
Joseph Godfrey Wallis
Godfrey
Wallis
Thomas Grenfell Wedge
Grenfell
Wedge
Georg Wenderoth
Wenderoth
Claud Whittindale
Whittindale
Raymond Whittindale
Whittindale
A. Willcocks
Willcocks
Alan Frank Williams
Frank
Williams
Arthur James Wilson
James
Wilson
Frank Henry Wilson
Henry
Wilson
Heaton Luse Wrenn
Luse
Wrenn
