Shooting Men's Small-Bore Rifle, Prone, 50 metres
Shooting Men's Rapid-Fire Pistol, 25 metres
Shooting Men's Trap
Shooting Mixed Skeet
Shooting Mixed Trap
Shooting Men's Air Rifle, 10 metres
Shooting Men's Free Pistol, 50 metres
Shooting Men's Air Pistol, 10 metres
Shooting Women's Air Rifle, 10 metres
Shooting Men's Skeet
Shooting Men's Small-Bore Rifle, Three Positions, 50 metres
Shooting Women's Air Pistol, 10 metres
Shooting Women's Sporting Pistol, 25 metres
Shooting Men's Running Target, 50 metres
Shooting Men's Free Rifle, Three Positions, 300 metres
Shooting Men's Military Rifle, Three Positions, 300 metres
Shooting Men's Military Rifle, Any Position, 600 metres
Shooting Men's Military Rifle, 200, 400, 500 and 600 metres, Team
Shooting Men's Military Rifle, Prone, 300 metres
Shooting Men's Military Rifle, 300 metres and 600 metres, Prone, Team
Shooting Men's Running Target, Single Shot
Shooting Men's Running Target, Double Shot
Shooting Mixed Small-Bore Rifle, Three Positions, 50 metres
Shooting Mixed Small-Bore Rifle, Prone, 50 metres
Shooting Men's Free Pistol, 50 metres, Team
Shooting Men's Free Rifle, Three Positions, 300 metres, Team
Shooting Men's Military Rifle, Prone, 300 metres, Team
Shooting Men's Military Rifle, Prone, 600 metres, Team
Shooting Men's Military Rifle, Standing, 300 metres, Team
Shooting Men's Free Rifle, Prone, 600 metres
Shooting Men's Free Rifle, 400, 600 and 800 metres, Team
Shooting Mixed Free Pistol, 50 metres
Shooting Women's Small-Bore Rifle, Three Positions, 50 metres
Shooting Women's Trap
Shooting Men's Double Trap
Shooting Mixed Free Rifle, Three Positions, 300 metres
Shooting Mixed Rapid-Fire Pistol, 25 metres
Shooting Men's Dueling Pistol, 30 metres
Shooting Men's Running Target, 10 metres
Shooting Men's Small-Bore Rifle, Prone, 50 and 100 yards
Shooting Men's Small-Bore Rifle, 50 and 100 yards, Team
Shooting Men's Small-Bore Rifle, Disappearing Target, 25 yards
Shooting Men's Small-Bore Rifle, Moving Target, 25 yards
Shooting Men's Military Pistol, Team
Shooting Men's Military Rifle, 200/500/600/800/900/1,000 Yards, Team
Shooting Men's Running Target, Single And Double Shot
Shooting Men's Small-Bore Rifle, Any Position, 50 metres
Shooting Men's Small-Bore Rifle, Disappearing Target, 25 metres
Shooting Women's Skeet
Shooting Men's Small-Bore Rifle, Standing, 50 metres
Shooting Men's Small Bore-Rifle, Standing, 50 metres, Team
Shooting Men's Free Rifle, 1,000 Yards
Shooting Mixed Running Target, 50 metres
Shooting Men's Trap, Team
Shooting Men's Running Target, Single Shot, Team
Shooting Men's Running Target, Double Shot, Team
Shooting Men's Free Pistol, 50 yards
Shooting Men's Free Pistol, 50 yards, Team
Shooting Women's Double Trap
Shooting Men's Free Rifle, Kneeling, 300 metres
Shooting Men's Free Rifle, Prone, 300 metres
Shooting Men's Free Rifle, Standing, 300 metres
Shooting Men's Military Rifle, 200 metres
Shooting Men's Military Pistol, 30 metres
Shooting Men's Military Rifle, Prone, 600 metres
Shooting Men's Dueling Pistol, 30 metres, Team
Shooting Men's Small-Bore Rifle, Disappearing Target, 25 metres, Team
Shooting Men's Military Rifle, Kneeling Or Standing, 300 metres
Shooting Men's Free Rifle, Any Position, 300 metres
Shooting Men's Military Rifle, 1873-1874 Gras Model, Kneeling Or Standing, 200 metres
Shooting Men's Free Pistol, 25 metres
Shooting Men's Military Revolver, 1873-1874 Gras Model, 20 metres
Shooting Men's Military Revolver, 20 metres
Shooting Men's Dueling Pistol Au Vise 20 metres
Shooting Men's Dueling Pistol Au Commandement, 25 metres
Shooting Men's Small-Bore Rifle, Prone, 50 metres, Team
Shooting Men's Military Rifle, Standing, 300 metres
Shooting Men's Trap, Single Shot, 16 metres
Shooting Men's Trap, Double Shot, 14 metres
Shooting Men's Free Pistol, 30 metres
Shooting Men's Military Pistol, 25 metres
Shooting Men's Muzzle-Loading Pistol, 25 metres
Shooting Men's Unknown Event
