Monica Cecilia Abbott
Cecilia
Abbott
Cecilia Abbott 
Clelia Ailara
Ailara
Yuruby Rosaura Alicart Ramrez
Alicart
Ramrez
Alicart Ramrez 
Sandra Louise "Sandy" AllenLewis
Allen-Lewis
Vilma lvarez Gngora
lvarez
Gngora
lvarez Gngora 
Christie Ambrosi
Ambrosi
An Zhongxin
Zhongxin
Misako Ando
Ando
Natalie Frances Anter Lindley
Anter
Zavana Aranga
Aranga
Mara Mercedes Arceo Guevara
Arceo
Guevara
Arceo Guevara 
Lesley Attwell
Attwell
Loredana Auletta
Auletta
Lourdes Bez
Bez
Jaye Bailey
Bailey
Samanta Bardini
Bardini
Jessica Lynn Bashor
Lynn
Bashor
Lynn Bashor 
Lindsey Kristin Bashor
Kristin
Bashor
Kristin Bashor 
Vicky Bastarache
Bastarache
Lauren BayRegula
Bay-Regula
Sandra "Sandy" Beasley
Beasley
Madelon Judith Beek
Judith
Beek
Judith Beek 
Petra Danielle Beek
Danielle
Beek
Danielle Beek 
Laura Kay Berg
Kay
Berg
Kay Berg 
Nomi Boekel
Boekel
Mariangee Josefina Bogado Gonzlez
Bogado
Gonzlez
Bogado Gonzlez 
Ioanna Bouziou
Bouziou
Jodie Bowering
Bowering
Gillian Dewey Boxx
Dewey
Boxx
Dewey Boxx 
Alison Bradley
Bradley
Joanne "Jo" Brown Alchin
Brown
Jennifer Lyn Brundage
Lyn
Brundage
Lyn Brundage 
Susan Bugliarello
Bugliarello
Crystl Irene Bustos
Irene
Bustos
Irene Bustos 
Marissa Carpadios
Carpadios
Denise Carriere
Carriere
Daniela Castellani
Castellani
Marianella Castellanos Martnez
Castellanos
Martnez
Castellanos Martnez 
Yuneisy Castillo Rivero
Castillo
Rivero
Castillo Rivero 
Marina Cergol
Cergol
Chang HsiaoChing
Hsiao-Ching
Chang LiChiu
Li-Chiu
Chen FengYin
Feng-Yin
Chen Hong
Hong
Chen MiaoYi
Miao-Yi
Chiang HuiChuan
Hui-Chuan
Chien ChenJu
Chen-Ju
Chien PeiChi
Pei-Chi
Chiu ChenTing
Chen-Ting
Chueh MingHui
Ming-Hui
Chung ChiungYao
Chiung-Yao
Natalia Cimin
Cimin
Zuleyma Cirimele Heredia
Cirimele
Heredia
Cirimele Heredia 
Juanita Clayton
Clayton
Sabrina Comberlato
Comberlato
Kim Cooper Maguire
Cooper
Sheila Marie CornellDouty
Marie
Cornell-Douty
Marie Cornell-Douty 
Sheree Corniel
Corniel
Kylie Cronk
Cronk
Carolyn Crudgington
Crudgington
Erin Cumpstone
Cumpstone
Vanessa Czarnecki
Czarnecki
Jacqueline de Heer
Heer
de Heer 
Marjolein de Jong
Jong
de Jong 
Daisy de Peinder
Peinder
de Peinder 
Kristi Lynn de Vries
Vries
de Vries 
Yamila Degrase
Degrase
Sabrina Del Mastio
Del
Mastio
Del Mastio 
Deng Xiaoling
Xiaoling
Kimberley "Kim" Dermott
Dermott
Nicole Di Salvio
Salvio
Di Salvio 
Kerry Dienelt
Dienelt
Karen D. Doell
Doell
D. Doell 
Amanda Doman
Doman
Andrea Duran
Duran
Cindy Eadie
Eadie
Ivelisse Echevarra
Echevarra
Peta Louise Edebone
Louise
Edebone
Louise Edebone 
Naho Emoto
Emoto
Laritza Espinosa Gallardo
Espinosa
Gallardo
Espinosa Gallardo 
Suzanne Helen "Sue" Fairhurst
Fairhurst
Jamie Lynn Farnworth
Lynn
Farnworth
Lynn Farnworth 
Sarah Renee Farnworth
Renee
Farnworth
Renee Farnworth 
Stacey Lee Farnworth
Lee
Farnworth
Lee Farnworth 
Marloes Fellinger
Fellinger
Lisa M. Fernandez Lujan
Fernandez
Jennie Lynn Finch Daigle
Finch
Carrie L. Flemmer Marshall
Flemmer
Yamila Flor Castell
Flor
Castell
Flor Castell 
Tairia Flowers
Flowers
Selina Follas
Follas
Nathalie Fradette
Fradette
Francesca Francolini
Francolini
Amanda Louise Freed
Louise
Freed
Louise Freed 
Denisse del Carmen Fuenmayor Arcila
Fuenmayor
Arcila
Fuenmayor Arcila 
Yumiko Fujii
Fujii
Motoko Fujimoto
Fujimoto
Yoshiko Fujimoto
Fujimoto
Ikuko Fukita
Fukita
Joanna Adalin Gail
Adalin
Gail
Adalin Gail 
Victoria "Vicky" Galindo
Galindo
Marta Gambella
Gambella
Lucienne Maria Geels
Maria
Geels
Maria Geels 
Virginia Marie "Ginny" Georgantas
Georgantas
Johana Rosalyx Gmez Sequera
Gmez
Sequera
Gmez Sequera 
Mara Gnzalez
Gnzalez
Alessandra Gorla
Gorla
Sandra Maria Johanna Gouverneur
Johanna
Gouverneur
Johanna Gouverneur 
Michele M. Granger
Granger
M. Granger 
Guo Jia
Jia
Han HsinLin
Hsin-Lin
Fiona HanesCrawford
Hanes-Crawford
Noriko Harada
Harada
Kelly Hardie
Hardie
Tanya Victoria Harding
Victoria
Harding
Victoria Harding 
Lori D. Harrigan Mack
Harrigan
Dionna Marie Harris
Marie
Harris
Marie Harris 
He Liping
Liping
Danielle Henderson
Henderson
Hayd Hernndez Castro
Hernndez
Castro
Hernndez Castro 
Cherene HieslBoyer
Hiesl-Boyer
Rhonda Bronwyn Hira
Bronwyn
Hira
Bronwyn Hira 
Megu Hirose
Hirose
Natalie Hodgskin Shapiro
Hodgskin
Jennifer Kaye "Jenny" Holliday
Holliday
Kaila Holtz
Holtz
Hsu HsiuLing
Hsiu-Ling
Jie Hua
Hua
Huang HuiWen
Hui-Wen
Melanie Hulme
Hulme
Mayumi Inoue
Inoue
Emi Inui
Inui
Taeko Ishikawa
Ishikawa
Kazue Ito
Ito
Sachiko Ito
Ito
Yumi Iwabuchi
Iwabuchi
Lindsay Lauren James
Lauren
James
Lauren James 
Lovieanne "Lovie" Jung
Jung
Ayumi Karino
Karino
Kelly Kelland
Kelland
Lisa Kersten
Kersten
Chloe Marie Kloezeman Kanellaki
Kloezeman
Kim Kluijskens
Kluijskens
Jacqueline Knol
Knol
Kyoko Kobayashi
Kobayashi
Yoshimi Kobayashi
Kobayashi
Chika Kodama
Kodama
Shiori Koseki
Koseki
Anita Kossen
Kossen
Sandra Maria Johanna "Saskia" Kosterink
Kosterink
Aikaterini "Katerina" Koutoungou
Koutoungou
Katina Lynn Kramos
Lynn
Kramos
Lynn Kramos 
Kelly Kretschman
Kretschman
Jolanda Kroesen
Kroesen
Lai MengTing
Meng-Ting
Lai ShengJung
Sheng-Jung
Jackie Lance
Lance
Lauren Lappin
Lappin
Sheena Lawrick
Lawrick
Danielle Elaine Lawrie
Elaine
Lawrie
Elaine Lawrie 
Penny le Noble
Noble
le Noble 
Ruta Lealamanua
Lealamanua
Elba Lebrn
Lebrn
Lee MingChieh
Ming-Chieh
Lei Donghui
Donghui
Lei Li
Jocelyn Mavis "Joyce" Lester
Lester
Caitlin Lever
Lever
Li ChiuChing
Chiu-Ching
Li Chunxia
Chunxia
Li Qi
Angela Lichty
Lichty
Lin PoJen
Po-Jen
Lin SuHua
Su-Hua
Liu ChiaChi
Chia-Chi
Liu TzuHsin
Tzu-Hsin
Liu Xuqing
Xuqing
Liu Yaju
Yaju
Lo HsiaoTing
Hsiao-Ting
Caitlin Lowe
Lowe
Lu HsuehMei
Hsueh-Mei
Lu Wei
Wei
Luo Lin
Lin
Ma Ying
Ying
Satoko Mabuchi
Mabuchi
Robin Mackin
Mackin
Kim Ly Maher
Maher
Ly Maher 
Leslie Malerich
Malerich
Nomie Marin
Marin
Lisa Martnez
Martnez
Mariko Masubuchi
Masubuchi
Naomi Matsumoto
Matsumoto
Melanie Matthews
Matthews
Pauline Maurice
Maurice
Sally Jane McDermidMcCreedy
Jane
McDermid-McCreedy
Jane McDermid-McCreedy 
Jennifer Yvonne McFalls
Yvonne
McFalls
Yvonne McFalls 
Kara L. McGaw
McGaw
L. McGaw 
Erin McLean
McLean
Francine McRae
McRae
Luisa M. Medina Gonzlez
Medina
Gonzlez
Medina Gonzlez 
Dione Meier
Meier
Anouk Mels
Mels
Jessica Mendoza Burks
Mendoza
Mi Renrong
Renrong
Estela Milans Salazar
Milans
Salazar
Milans Salazar 
Yukiyo Mine
Mine
Aida Miranda
Miranda
Masumi Mishina
Mishina
Lisa Mize Prez
Mize
Prez
Mize Prez 
Kyoko Mochida
Mochida
Simmone Anne Morrow
Anne
Morrow
Anne Morrow 
Tracey Mosley
Mosley
Mu Xia
Xia
Bheiglys Desiree Mujica Duarte
Mujica
Duarte
Mujica Duarte 
Candace Murray
Murray
Emi Naito
Naito
Heather Newsham
Newsham
Sandy Newsham
Newsham
Jacki Nichol
Nichol
Sandra Nieuwveen
Nieuwveen
Rei Nishiyama
Nishiyama
Stacey Annette Nuveman Deniz
Nuveman
Andrea "Ani" Nyhus
Nyhus
Leah Marie O'BrienAmico
Marie
O'Brien-Amico
Marie O'Brien-Amico 
Cornelia "Corrine" Ockhuijsen
Ockhuijsen
Kristy Odamura
Odamura
Alexandra "Sasha" Olson
Olson
Jacqueline Ortz
Ortz
Catherine Leigh "Cat" Osterman
Osterman
Ou ChingChieh
Ching-Chieh
Ou Jingbai
Jingbai
Giovanna Palermi
Palermi
Pan TzuHui
Tzu-Hui
Pan Xia
Xia
Sonja Pannen
Pannen
Janice ParksSanchez
Parks-Sanchez
Christine Parris Washington
Parris
Verusca Paternoster
Paternoster
Yarisleidis Pea Ramrez
Pea
Ramrez
Pea Ramrez 
Yusmary Mercedes Prez Medina
Prez
Medina
Prez Medina 
Claudia Petracchi
Petracchi
Haylea Petrie
Petrie
Jineth del Carmen Pimentel Belisario
Pimentel
Belisario
Pimentel Belisario 
Ilaria Pino
Pino
Stacey Porter
Porter
Cindy Potae
Potae
Char Pouaka
Pouaka
Diamela Puentes Salas
Puentes
Salas
Puentes Salas 
Geraldine Estefania Puertas Flores
Puertas
Flores
Puertas Flores 
Qin Xuejing
Xuejing
Qiu Haitao
Haitao
Kaleigh Rafter
Rafter
Niolis Ramos Creach
Ramos
Creach
Ramos Creach 
Gerardina Henriette Maria "Gonny" Reijnen
Reijnen
Dorothy Gay "Dot" Richardson
Richardson
Nicole Richardson
Richardson
Maribel del Carmen Riera
Carmen
Riera
Carmen Riera 
Melanie Jane Roche
Jane
Roche
Jane Roche 
Mayles Mara Rodrguez Prez
Rodrguez
Prez
Rodrguez Prez 
Rubilena Rojas Guerena
Rojas
Guerena
Rojas Guerena 
Penelope Rosrio
Rosrio
Sandra Rosrio
Rosrio
Olga Ivn Ruyol Fernndez
Ruyol
Fernndez
Ruyol Fernndez 
Haruka Saito
Saito
Hiroko Sakai
Sakai
Naoko Sakamoto
Sakamoto
Jennifer Salling
Salling
Mara Santana
Santana
Kim Sarrazin
Sarrazin
Rie Sato
Sato
Yuki Sato
Sato
Rachel Schill
Schill
Myriam Segarra
Segarra
Kiri Shaw
Shaw
Auburn Sigurdson
Sigurdson
Lori Anne Sippel
Anne
Sippel
Anne Sippel 
Stephanie SkegasMaxwell
Skegas-Maxwell
Justine Smethurst
Smethurst
Marjan Smit
Smit
Jackie Smith
Smith
Julie M. Smith
Smith
M. Smith 
Michele Mary Smith
Mary
Smith
Mary Smith 
Karen A. Snelgrove
Snelgrove
A. Snelgrove 
Yaciey Veronica Sojo Pacheco
Sojo
Pacheco
Sojo Pacheco 
Mika Someya
Someya
Deborah "Debbie" Sonnenberg
Sonnenberg
Eve Soto
Soto
Mara Jos Soto Gil
Soto
Gil
Soto Gil 
Rebecca Soumeru
Soumeru
Jennifer Ann Spediacci
Ann
Spediacci
Ann Spediacci 
Alecia L. Stephenson
Stephenson
L. Stephenson 
Danielle Stewart
Stewart
Martine Denise Stiemer
Denise
Stiemer
Denise Stiemer 
Shelly B. Stokes
Stokes
B. Stokes 
JueFen Sun
Sun
Sun Li
Juri Takayama
Takayama
Hiroko Tamoto
Tamoto
Tan Ying
Ying
Tao Hua
Hua
Colleen ThorburnSmith
Thorburn-Smith
Nathalie Timmermans
Timmermans
Megan Timpf
Timpf
Fiona Timu
Timu
Natalie Lorraine Titcume
Lorraine
Titcume
Lorraine Titcume 
Jenny Louise Topping
Louise
Topping
Louise Topping 
Helen Townsend
Townsend
Eva Trevisan
Trevisan
Emi Tsukada
Tsukada
Tu HuiMei
Hui-Mei
Tu HuiPing
Hui-Ping
Tung YunChi
Yun-Chi
Annalisa Turci
Turci
Danielle M. "Dani" Tyler
Tyler
Yukiko Ueno
Ueno
Melisa Upu
Upu
Reika Utsugi
Utsugi
Carmelina "Carmie" Vairo
Vairo
Maria Elisabeth "Marlies" van der Putten
der
Putten
der Putten 
Petra van Heijst
van
Heijst
van Heijst 
Judith van Kampen
van
Kampen
van Kampen 
Clara Vzquez
Vzquez
Helena Elisabeth Ada "Ellen" Venker
Venker
Michelle Venturella
Venturella
Stefania Vitaliani
Vitaliani
Britt Agatha Vonk
Agatha
Vonk
Agatha Vonk 
Wang HsiaoPing
Hsiao-Ping
Wang Lihong
Lihong
Wang Xiaoyan
Xiaoyan
Wang YaFen
Ya-Fen
Wang Ying
Ying
Natalie Anne Ward
Anne
Ward
Anne Ward 
Masako Watanabe
Watanabe
Tomoko Watanabe
Watanabe
Natasha Watley
Watley
Gina Weber
Weber
Wei Qiang
Qiang
Wen LiHsiu
Li-Hsiu
Sommer Violet West
Violet
West
Violet West 
Hayley Marie Wickenheiser
Marie
Wickenheiser
Marie Wickenheiser 
Brooke Wilkins
Wilkins
Christa Lee Williams
Lee
Williams
Lee Williams 
Meaggan Wilton
Wilton
Erin WoodsWhite
Woods-White
Belinda Wright Barnes
Wright
Wu ChiaYen
Chia-Yen
Wu Di
Kerry Anne Wyborn Newsome
Wyborn
Xin Minhong
Minhong
Xu Jian
Jian
Eri Yamada
Yamada
Miyo Yamada
Yamada
Noriko Yamaji
Yamaji
Yan Fang
Fang
Yang HuiChun
Hui-Chun
Jennifer Yee
Yee
Yen ShowTzu
Show-Tzu
Yu Huili
Huili
Yu Yanhong
Yanhong
Mara Zamora
Zamora
Zhang Ai
Zhang Chunfang
Chunfang
Zhang Lifang
Lifang
Zhang Lixia
Lixia
Zhang Yanqing
Yanqing
Zhou Yan
Yan
Zhou Yi
