Monica Cecilia Abbott
Cecilia
Abbott
Clelia Ailara
Ailara
Yuruby Rosaura Alicart Ramrez
Rosaura
Alicart
Ramrez
Sandra Louise "Sandy" AllenLewis
Louise
"Sandy"
AllenLewis
Vilma lvarez Gngora
lvarez
Gngora
Christie Ambrosi
Ambrosi
An Zhongxin
Zhongxin
Misako Ando
Ando
Natalie Frances Anter Lindley
Frances
Anter
Lindley
Zavana Aranga
Aranga
Mara Mercedes Arceo Guevara
Mercedes
Arceo
Guevara
Lesley Attwell
Attwell
Loredana Auletta
Auletta
Lourdes Bez
Bez
Jaye Bailey
Bailey
Samanta Bardini
Bardini
Jessica Lynn Bashor
Lynn
Bashor
Lindsey Kristin Bashor
Kristin
Bashor
Vicky Bastarache
Bastarache
Lauren BayRegula
BayRegula
Sandra "Sandy" Beasley
"Sandy"
Beasley
Madelon Judith Beek
Judith
Beek
Petra Danielle Beek
Danielle
Beek
Laura Kay Berg
Kay
Berg
Nomi Boekel
Boekel
Mariangee Josefina Bogado Gonzlez
Josefina
Bogado
Gonzlez
Ioanna Bouziou
Bouziou
Jodie Bowering
Bowering
Gillian Dewey Boxx
Dewey
Boxx
Alison Bradley
Bradley
Joanne "Jo" Brown Alchin
"Jo"
Brown
Alchin
Jennifer Lyn Brundage
Lyn
Brundage
Susan Bugliarello
Bugliarello
Crystl Irene Bustos
Irene
Bustos
Marissa Carpadios
Carpadios
Denise Carriere
Carriere
Daniela Castellani
Castellani
Marianella Castellanos Martnez
Castellanos
Martnez
Yuneisy Castillo Rivero
Castillo
Rivero
Marina Cergol
Cergol
Chang HsiaoChing
HsiaoChing
Chang LiChiu
LiChiu
Chen FengYin
FengYin
Chen Hong
Hong
Chen MiaoYi
MiaoYi
Chiang HuiChuan
HuiChuan
Chien ChenJu
ChenJu
Chien PeiChi
PeiChi
Chiu ChenTing
ChenTing
Chueh MingHui
MingHui
Chung ChiungYao
ChiungYao
Natalia Cimin
Cimin
Zuleyma Cirimele Heredia
Cirimele
Heredia
Juanita Clayton
Clayton
Sabrina Comberlato
Comberlato
Kim Cooper Maguire
Cooper
Maguire
Sheila Marie CornellDouty
Marie
CornellDouty
Sheree Corniel
Corniel
Kylie Cronk
Cronk
Carolyn Crudgington
Crudgington
Erin Cumpstone
Cumpstone
Vanessa Czarnecki
Czarnecki
Jacqueline de Heer
Heer
Marjolein de Jong
Jong
Daisy de Peinder
Peinder
Kristi Lynn de Vries
Lynn
Vries
Yamila Degrase
Degrase
Sabrina Del Mastio
Del
Mastio
Deng Xiaoling
Xiaoling
Kimberley "Kim" Dermott
"Kim"
Dermott
Nicole Di Salvio
Salvio
Kerry Dienelt
Dienelt
Karen D. Doell
Doell
Amanda Doman
Doman
Andrea Duran
Duran
Cindy Eadie
Eadie
Ivelisse Echevarra
Echevarra
Peta Louise Edebone
Louise
Edebone
Naho Emoto
Emoto
Laritza Espinosa Gallardo
Espinosa
Gallardo
Suzanne Helen "Sue" Fairhurst
Helen
"Sue"
Fairhurst
Jamie Lynn Farnworth
Lynn
Farnworth
Sarah Renee Farnworth
Renee
Farnworth
Stacey Lee Farnworth
Lee
Farnworth
Marloes Fellinger
Fellinger
Lisa M. Fernandez Lujan
Fernandez
Lujan
Jennie Lynn Finch Daigle
Lynn
Finch
Daigle
Carrie L. Flemmer Marshall
Flemmer
Marshall
Yamila Flor Castell
Flor
Castell
Tairia Flowers
Flowers
Selina Follas
Follas
Nathalie Fradette
Fradette
Francesca Francolini
Francolini
Amanda Louise Freed
Louise
Freed
Denisse del Carmen Fuenmayor Arcila
del
Carmen
Fuenmayor
Arcila
Yumiko Fujii
Fujii
Motoko Fujimoto
Fujimoto
Yoshiko Fujimoto
Fujimoto
Ikuko Fukita
Fukita
Joanna Adalin Gail
Adalin
Gail
Victoria "Vicky" Galindo
"Vicky"
Galindo
Marta Gambella
Gambella
Lucienne Maria Geels
Maria
Geels
Virginia Marie "Ginny" Georgantas
Marie
"Ginny"
Georgantas
Johana Rosalyx Gmez Sequera
Rosalyx
Gmez
Sequera
Mara Gnzalez
Gnzalez
Alessandra Gorla
Gorla
Sandra Maria Johanna Gouverneur
Maria
Johanna
Gouverneur
Michele M. Granger
Granger
Guo Jia
Jia
Han HsinLin
HsinLin
Fiona HanesCrawford
HanesCrawford
Noriko Harada
Harada
Kelly Hardie
Hardie
Tanya Victoria Harding
Victoria
Harding
Lori D. Harrigan Mack
Harrigan
Mack
Dionna Marie Harris
Marie
Harris
He Liping
Liping
Danielle Henderson
Henderson
Hayd Hernndez Castro
Hernndez
Castro
Cherene HieslBoyer
HieslBoyer
Rhonda Bronwyn Hira
Bronwyn
Hira
Megu Hirose
Hirose
Natalie Hodgskin Shapiro
Hodgskin
Shapiro
Jennifer Kaye "Jenny" Holliday
Kaye
"Jenny"
Holliday
Kaila Holtz
Holtz
Hsu HsiuLing
HsiuLing
Jie Hua
Hua
Huang HuiWen
HuiWen
Melanie Hulme
Hulme
Mayumi Inoue
Inoue
Emi Inui
Inui
Taeko Ishikawa
Ishikawa
Kazue Ito
Ito
Sachiko Ito
Ito
Yumi Iwabuchi
Iwabuchi
Lindsay Lauren James
Lauren
James
Lovieanne "Lovie" Jung
"Lovie"
Jung
Ayumi Karino
Karino
Kelly Kelland
Kelland
Lisa Kersten
Kersten
Chloe Marie Kloezeman Kanellaki
Marie
Kloezeman
Kanellaki
Kim Kluijskens
Kluijskens
Jacqueline Knol
Knol
Kyoko Kobayashi
Kobayashi
Yoshimi Kobayashi
Kobayashi
Chika Kodama
Kodama
Shiori Koseki
Koseki
Anita Kossen
Kossen
Sandra Maria Johanna "Saskia" Kosterink
Maria
Johanna
"Saskia"
Kosterink
Aikaterini "Katerina" Koutoungou
"Katerina"
Koutoungou
Katina Lynn Kramos
Lynn
Kramos
Kelly Kretschman
Kretschman
Jolanda Kroesen
Kroesen
Lai MengTing
MengTing
Lai ShengJung
ShengJung
Jackie Lance
Lance
Lauren Lappin
Lappin
Sheena Lawrick
Lawrick
Danielle Elaine Lawrie
Elaine
Lawrie
Penny le Noble
Noble
Ruta Lealamanua
Lealamanua
Elba Lebrn
Lebrn
Lee MingChieh
MingChieh
Lei Donghui
Donghui
Lei Li
Jocelyn Mavis "Joyce" Lester
Mavis
"Joyce"
Lester
Caitlin Lever
Lever
Li ChiuChing
ChiuChing
Li Chunxia
Chunxia
Li Qi
Angela Lichty
Lichty
Lin PoJen
PoJen
Lin SuHua
SuHua
Liu ChiaChi
ChiaChi
Liu TzuHsin
TzuHsin
Liu Xuqing
Xuqing
Liu Yaju
Yaju
Lo HsiaoTing
HsiaoTing
Caitlin Lowe
Lowe
Lu HsuehMei
HsuehMei
Lu Wei
Wei
Luo Lin
Lin
Ma Ying
Ying
Satoko Mabuchi
Mabuchi
Robin Mackin
Mackin
Kim Ly Maher
Maher
Leslie Malerich
Malerich
Nomie Marin
Marin
Lisa Martnez
Martnez
Mariko Masubuchi
Masubuchi
Naomi Matsumoto
Matsumoto
Melanie Matthews
Matthews
Pauline Maurice
Maurice
Sally Jane McDermidMcCreedy
Jane
McDermidMcCreedy
Jennifer Yvonne McFalls
Yvonne
McFalls
Kara L. McGaw
McGaw
Erin McLean
McLean
Francine McRae
McRae
Luisa M. Medina Gonzlez
Medina
Gonzlez
Dione Meier
Meier
Anouk Mels
Mels
Jessica Mendoza Burks
Mendoza
Burks
Mi Renrong
Renrong
Estela Milans Salazar
Milans
Salazar
Yukiyo Mine
Mine
Aida Miranda
Miranda
Masumi Mishina
Mishina
Lisa Mize Prez
Mize
Prez
Kyoko Mochida
Mochida
Simmone Anne Morrow
Anne
Morrow
Tracey Mosley
Mosley
Mu Xia
Xia
Bheiglys Desiree Mujica Duarte
Desiree
Mujica
Duarte
Candace Murray
Murray
Emi Naito
Naito
Heather Newsham
Newsham
Sandy Newsham
Newsham
Jacki Nichol
Nichol
Sandra Nieuwveen
Nieuwveen
Rei Nishiyama
Nishiyama
Stacey Annette Nuveman Deniz
Annette
Nuveman
Deniz
Andrea "Ani" Nyhus
"Ani"
Nyhus
Leah Marie O'BrienAmico
Marie
O'BrienAmico
Cornelia "Corrine" Ockhuijsen
"Corrine"
Ockhuijsen
Kristy Odamura
Odamura
Alexandra "Sasha" Olson
"Sasha"
Olson
Jacqueline Ortz
Ortz
Catherine Leigh "Cat" Osterman
Leigh
"Cat"
Osterman
Ou ChingChieh
ChingChieh
Ou Jingbai
Jingbai
Giovanna Palermi
Palermi
Pan TzuHui
TzuHui
Pan Xia
Xia
Sonja Pannen
Pannen
Janice ParksSanchez
ParksSanchez
Christine Parris Washington
Parris
Washington
Verusca Paternoster
Paternoster
Yarisleidis Pea Ramrez
Pea
Ramrez
Yusmary Mercedes Prez Medina
Mercedes
Prez
Medina
Claudia Petracchi
Petracchi
Haylea Petrie
Petrie
Jineth del Carmen Pimentel Belisario
del
Carmen
Pimentel
Belisario
Ilaria Pino
Pino
Stacey Porter
Porter
Cindy Potae
Potae
Char Pouaka
Pouaka
Diamela Puentes Salas
Puentes
Salas
Geraldine Estefania Puertas Flores
Estefania
Puertas
Flores
Qin Xuejing
Xuejing
Qiu Haitao
Haitao
Kaleigh Rafter
Rafter
Niolis Ramos Creach
Ramos
Creach
Gerardina Henriette Maria "Gonny" Reijnen
Henriette
Maria
"Gonny"
Reijnen
Dorothy Gay "Dot" Richardson
Gay
"Dot"
Richardson
Nicole Richardson
Richardson
Maribel del Carmen Riera
del
Carmen
Riera
Melanie Jane Roche
Jane
Roche
Mayles Mara Rodrguez Prez
Mara
Rodrguez
Prez
Rubilena Rojas Guerena
Rojas
Guerena
Penelope Rosrio
Rosrio
Sandra Rosrio
Rosrio
Olga Ivn Ruyol Fernndez
Ivn
Ruyol
Fernndez
Haruka Saito
Saito
Hiroko Sakai
Sakai
Naoko Sakamoto
Sakamoto
Jennifer Salling
Salling
Mara Santana
Santana
Kim Sarrazin
Sarrazin
Rie Sato
Sato
Yuki Sato
Sato
Rachel Schill
Schill
Myriam Segarra
Segarra
Kiri Shaw
Shaw
Auburn Sigurdson
Sigurdson
Lori Anne Sippel
Anne
Sippel
Stephanie SkegasMaxwell
SkegasMaxwell
Justine Smethurst
Smethurst
Marjan Smit
Smit
Jackie Smith
Smith
Julie M. Smith
Smith
Michele Mary Smith
Mary
Smith
Karen A. Snelgrove
Snelgrove
Yaciey Veronica Sojo Pacheco
Veronica
Sojo
Pacheco
Mika Someya
Someya
Deborah "Debbie" Sonnenberg
"Debbie"
Sonnenberg
Eve Soto
Soto
Mara Jos Soto Gil
Jos
Soto
Gil
Rebecca Soumeru
Soumeru
Jennifer Ann Spediacci
Ann
Spediacci
Alecia L. Stephenson
Stephenson
Danielle Stewart
Stewart
Martine Denise Stiemer
Denise
Stiemer
Shelly B. Stokes
Stokes
JueFen Sun
Sun
Sun Li
Juri Takayama
Takayama
Hiroko Tamoto
Tamoto
Tan Ying
Ying
Tao Hua
Hua
Colleen ThorburnSmith
ThorburnSmith
Nathalie Timmermans
Timmermans
Megan Timpf
Timpf
Fiona Timu
Timu
Natalie Lorraine Titcume
Lorraine
Titcume
Jenny Louise Topping
Louise
Topping
Helen Townsend
Townsend
Eva Trevisan
Trevisan
Emi Tsukada
Tsukada
Tu HuiMei
HuiMei
Tu HuiPing
HuiPing
Tung YunChi
YunChi
Annalisa Turci
Turci
Danielle M. "Dani" Tyler
"Dani"
Tyler
Yukiko Ueno
Ueno
Melisa Upu
Upu
Reika Utsugi
Utsugi
Carmelina "Carmie" Vairo
"Carmie"
Vairo
Maria Elisabeth "Marlies" van der Putten
Elisabeth
"Marlies"
van
der
Putten
Petra van Heijst
van
Heijst
Judith van Kampen
van
Kampen
Clara Vzquez
Vzquez
Helena Elisabeth Ada "Ellen" Venker
Elisabeth
Ada
"Ellen"
Venker
Michelle Venturella
Venturella
Stefania Vitaliani
Vitaliani
Britt Agatha Vonk
Agatha
Vonk
Wang HsiaoPing
HsiaoPing
Wang Lihong
Lihong
Wang Xiaoyan
Xiaoyan
Wang YaFen
YaFen
Wang Ying
Ying
Natalie Anne Ward
Anne
Ward
Masako Watanabe
Watanabe
Tomoko Watanabe
Watanabe
Natasha Watley
Watley
Gina Weber
Weber
Wei Qiang
Qiang
Wen LiHsiu
LiHsiu
Sommer Violet West
Violet
West
Hayley Marie Wickenheiser
Marie
Wickenheiser
Brooke Wilkins
Wilkins
Christa Lee Williams
Lee
Williams
Meaggan Wilton
Wilton
Erin WoodsWhite
WoodsWhite
Belinda Wright Barnes
Wright
Barnes
Wu ChiaYen
ChiaYen
Wu Di
Kerry Anne Wyborn Newsome
Anne
Wyborn
Newsome
Xin Minhong
Minhong
Xu Jian
Jian
Eri Yamada
Yamada
Miyo Yamada
Yamada
Noriko Yamaji
Yamaji
Yan Fang
Fang
Yang HuiChun
HuiChun
Jennifer Yee
Yee
Yen ShowTzu
ShowTzu
Yu Huili
Huili
Yu Yanhong
Yanhong
Mara Zamora
Zamora
Zhang Ai
Zhang Chunfang
Chunfang
Zhang Lifang
Lifang
Zhang Lixia
Lixia
Zhang Yanqing
Yanqing
Zhou Yan
Yan
Zhou Yi
