Enrique Abaroa Martnez
Abaroa
Martnez
Abaroa Martnez 
Abubakar Sadiq Abdullahi
Sadiq
Abdullahi
Sadiq Abdullahi 
Ricardo Augusto Amaral Acioly
Amaral
Acioly
Amaral Acioly 
David Dixie Adams
Dixie
Adams
Dixie Adams 
Anna Mrtha Vilhelmina Adlerstrhle von Oelreich
Frdric Charles Aeschlimann
Charles
Aeschlimann
Charles Aeschlimann 
Andre Kirk Agassi
Kirk
Agassi
Kirk Agassi 
Ronald JeanMartin Agnor
Jean-Martin
Agnor
Jean-Martin Agnor 
Frances Helen Aitchison Leisk
Aitchison
Aristidis Akratopoulos
Akratopoulos
Konstantinos "Kostas" Akratopoulos
Akratopoulos
Karim Alami
Alami
Pierre Henri Maurice Albarran
Maurice
Albarran
Maurice Albarran 
Radu Albot
Albot
Aleksandr Apollonovich Alenitsyn
Apollonovich
Alenitsyn
Apollonovich Alenitsyn 
Stephen "Steve" Alger
Alger
Sayed Zeeshan Ali
Zeeshan
Ali
Zeeshan Ali 
Yves Allegro
Allegro
Nicols Almagro Snchez
Almagro
Snchez
Almagro Snchez 
Jos Mara Alonso de Areyzaga
Areyzaga
de Areyzaga 
Manuel Alonso de Areyzaga
Areyzaga
de Areyzaga 
Elia Mara "Lil" Gonzlezlvarez y LpezChicheri de la Valdene
Akgul Charievna Amanmuradova
Charievna
Amanmuradova
Charievna Amanmuradova 
Anand Amritraj
Amritraj
Vijay Amritraj
Amritraj
Mario Ani
Ani
Kevin Anderson
Anderson
Anders Olof Antonius "Olle" Andersson
Andersson
Igor Valeryevich Andreyev
Valeryevich
Andreyev
Valeryevich Andreyev 
Bjarne Angell
Angell
Maret Ani
Ani
Alexander "Alex" Antonitsch
Antonitsch
Sabine Appelmans Haubourdin
Appelmans
Hicham Arazi
Arazi
Karel Ardelt
Ardelt
Fernande Arendt Jamar
Arendt
Jrgen Arenholt
Arenholt
Rafael Edgardo Arvalo Gonzlez
Arvalo
Gonzlez
Arvalo Gonzlez 
Grta Arn
Arn
Edith Arnheim Lasch
Arnheim
Pablo Guillermo Arraya
Guillermo
Arraya
Guillermo Arraya 
Jordi Arrese Casta
Arrese
Casta
Arrese Casta 
Wayne Arthurs
Arthurs
Lena Sofia Alexandra Arvidsson
Alexandra
Arvidsson
Alexandra Arvidsson 
Shinobu Asagoe
Asagoe
Simon Olof Karl Aspelin
Karl
Aspelin
Karl Aspelin 
Viktoriya Fyodorovna "Vika" Azarenko
Azarenko
Tmea Babos
Babos
Einar Christian Bache
Christian
Bache
Christian Bache 
Timea Bacsinszky
Bacsinszky
Brian Richard Baker
Richard
Baker
Richard Baker 
Giovanni "Mino" Balbi Di Robecco
Robecco
Di Robecco 
Ioannis Ballis
Ballis
Elena Baltacha
Baltacha
Sybille Bammer
Bammer
Olga Vladimirovna Barabanshchikova
Vladimirovna
Barabanshchikova
Vladimirovna Barabanshchikova 
Herbert Roper Barrett
Roper
Barrett
Roper Barrett 
Scott Barron
Barron
Mona Barthel
Barthel
Mirza Bai
Bai
Nikoloz Basilashvili
Basilashvili
Carling Kathrin BassettSeguso
Kathrin
Bassett-Seguso
Kathrin Bassett-Seguso 
Nani Rahayu "Yayuk" BasukiSuharyadi
Basuki-Suharyadi
Michael Jeremy Bates
Jeremy
Bates
Jeremy Bates 
Roberto Bautista Agut
Bautista
Agut
Bautista Agut 
Anastasios "Tasos" Bavelas
Bavelas
John Manton Bayley
Manton
Bayley
Manton Bayley 
Alfred Ernest Beamish
Ernest
Beamish
Ernest Beamish 
Winifred Geraldine Beamish Ramsey
Beamish
Annika Beck
Beck
Karol Beck
Beck
Boris Franz Becker
Franz
Becker
Franz Becker 
Daniela "Dja" Bedov
Bedov
Irina Camelia Begu
Camelia
Begu
Camelia Begu 
Yuliya Emanulivna Beihelzimer
Emanulivna
Beihelzimer
Emanulivna Beihelzimer 
Alphonzo Edward Bell, Sr.
Bell,
Sr.
Bell, Sr. 
Thomaz Cocchiarali Bellucci
Cocchiarali
Bellucci
Cocchiarali Bellucci 
Curt Ragnar Benckert
Ragnar
Benckert
Ragnar Benckert 
Iveta Beneov Melzer
Beneov
Julien Benneteau
Benneteau
Riardas Berankis
Berankis
Tom Berdych
Berdych
Ilana Berger
Berger
Carlos Alberto Berlocq
Alberto
Berlocq
Alberto Berlocq 
Kiki Bertens
Bertens
Massimo Bertolini
Bertolini
Karel Willem Adriaan Beukema
Adriaan
Beukema
Adriaan Beukema 
Mahesh Shrinivas Bhupathi
Shrinivas
Bhupathi
Shrinivas Bhupathi 
Juan Carlos Bianchi Pacheco
Bianchi
Pacheco
Bianchi Pacheco 
Jonas Lars Bjrkman
Lars
Bjrkman
Lars Bjrkman 
Anna Margrethe "Molla" BjurstedtMallory
Bjurstedt-Mallory
Johan Herman Bjrklund
Herman
Bjrklund
Herman Bjrklund 
Byron Hamish Black
Hamish
Black
Hamish Black 
Cara Cavell Black Stephens
Black
Wayne Hamilton Black
Hamilton
Black
Hamilton Black 
Cecil Roberts Blackbeard
Roberts
Blackbeard
Roberts Blackbeard 
Rosetta Phoebe BlairWhite Newell
Blair-White
James Riley Blake
Riley
Blake
Riley Blake 
Franois Joseph Marie Antoine "JeanFranois" Blanchy
Blanchy
Wilfred E. Blatherwick
Blatherwick
E. Blatherwick 
Otte Pierre Nicolas "Otto" Blom
Blom
Gilad Bloom
Bloom
Agnese Blumberga Rubene
Blumberga
Arnaud Benjamin Boetsch
Benjamin
Boetsch
Benjamin Boetsch 
Aleksandr Aleksandrovich "Alex" Bogomolov, Jr.
Bogomolov,
Jr.
Bogomolov, Jr. 
John Mary Pius Boland
Pius
Boland
Pius Boland 
Simone Bolelli
Bolelli
Manon Maria Bollegraf
Maria
Bollegraf
Maria Bollegraf 
Paola Bologna
Bologna
Alberto Bonacossa
Bonacossa
Alona Volodymyrivna Bondarenko
Volodymyrivna
Bondarenko
Volodymyrivna Bondarenko 
Kateryna Volodymyrivna Bondarenko
Volodymyrivna
Bondarenko
Volodymyrivna Bondarenko 
Kristie Boogert
Boogert
Penelope Dora Harvey Boothby Geen
Boothby
Rohan Bopanna
Bopanna
Jean Laurent Robert Borotra
Robert
Borotra
Robert Borotra 
Wollmar Filip Bostrm
Filip
Bostrm
Filip Bostrm 
Oarda Bouchabou
Bouchabou
Eugenie Bouchard
Bouchard
Cornelia "Kea" Bouman Tiedemann
Bouman
Yvonne Rene Suzanne  Bourgeois Le Quellec
Iztok Boic
Boic
Daniele Bracciali
Bracciali
Cristian Alberto Brandi
Alberto
Brandi
Alberto Brandi 
Kristina Marie Brandi
Marie
Brandi
Marie Brandi 
Elsebeth Brehm Jrgensen
Brehm
Neil Broad
Broad
Marguerite Marie BroquedisBillout Bordes
Broquedis-Billout
Charles R. Brown
Brown
R. Brown 
Dustin Brown
Brown
Jacques Marie Stanislas Jean Brugnon
Jean
Brugnon
Jean Brugnon 
Sergi Bruguera Torner
Bruguera
Torner
Bruguera Torner 
Klas Johan Ivan Ola Brunstrm
Ola
Brunstrm
Ola Brunstrm 
Ellen Maria Brusewitz Holmstrm
Brusewitz
Robert Charles "Bob" Bryan
Bryan
Michael Carl "Mike" Bryan
Bryan
Aleksandr Ivanovich Bury
Ivanovich
Bury
Ivanovich Bury 
ala Bykakay
Bykakay
Homer Morrison Byington
Morrison
Byington
Morrison Byington 
Jenny Margaret Byrne
Margaret
Byrne
Margaret Byrne 
Juan Sebastin Cabal Valds
Cabal
Valds
Cabal Valds 
Vctor Caballero
Caballero
Paula Andrea Cabezas S.
Cabezas
Cabezas S. 
Darren Cahill
Cahill
Els Callens
Callens
Agustn Calleri Shaal
Calleri
Shaal
Calleri Shaal 
Diego Camacho
Camacho
Maria Elena Camerin
Elena
Camerin
Elena Camerin 
Pablo Jos Campana Saenz
Campana
Saenz
Campana Saenz 
Omar Camporese
Camporese
Guillermo Ignacio "Willy" Caas
Caas
Paolo Can
Can
Henry Albert Canet
Albert
Canet
Albert Canet 
Jennifer Marie Capriati
Marie
Capriati
Marie Capriati 
Filippo Cristiano Caratti
Cristiano
Caratti
Cristiano Caratti 
Toms Carbonell Llad
Carbonell
Llad
Carbonell Llad 
George Aristides Caridia Karidias
Caridia
Kenneth Carlsen
Carlsen
Grgory Carraz
Carraz
Sergio Casal Martnez
Casal
Martnez
Casal Martnez 
Myriam Casanova
Casanova
Demetrius Emmanuel Casdagli
Emmanuel
Casdagli
Emmanuel Casdagli 
Xenophon Emmanuel Casdagli
Emmanuel
Casdagli
Emmanuel Casdagli 
Owen Casey
Casey
Catalina Castao Alvarez
Castao
Alvarez
Castao Alvarez 
Thora Gerda Sofie Castenschiold CarlheimGyllenskld
Castenschiold
Andrew Nicholas Castle
Nicholas
Castle
Nicholas Castle 
Brbara Castro Daz
Castro
Daz
Castro Daz 
Hctor Amrico Cattaruzza
Amrico
Cattaruzza
Amrico Cattaruzza 
Clement Haughton Langston Cazalet
Langston
Cazalet
Langston Cazalet 
Sandra Anna Maria Cecchini
Maria
Cecchini
Maria Cecchini 
Margareta Cordelia Cederschild
Cordelia
Cederschild
Cordelia Cederschild 
Vernica Cepede Royg
Cepede
Royg
Cepede Royg 
Petra Cetkovsk
Cetkovsk
Cludia Silvia Chabalgoity
Silvia
Chabalgoity
Silvia Chabalgoity 
Margalit'a Chakhnashvili
Chakhnashvili
Rushmi Chakravarthi
Chakravarthi
Chan HaoChing
Hao-Ching
Chan YungJan
Yung-Jan
Michael TePei Chang
Te-Pei
Chang
Te-Pei Chang 
Hugo Ricardo Chapac Cabrera
Chapac
Cabrera
Chapac Cabrera 
Joseph William Charles
William
Charles
William Charles 
Marguerite Chaudoir
Chaudoir
Juan Ignacio Chela
Ignacio
Chela
Ignacio Chela 
Chen ChihJung
Chih-Jung
Chen Li
Andrey Gennadyevich Cherkasov
Gennadyevich
Cherkasov
Gennadyevich Cherkasov 
Andrey Eduardovich Chesnokov
Eduardovich
Chesnokov
Eduardovich Chesnokov 
Alberto Henri Chiesa
Henri
Chiesa
Henri Chiesa 
Choi YeongJa
Yeong-Ja
Morten Christensen
Christensen
Chuang ChiaJung
Chia-Jung
Marin ili
ili
Sorana Mihaela Crstea
Mihaela
Crstea
Mihaela Crstea 
Arnaud Clment
Clment
Kim Antonie Lode Clijsters
Lode
Clijsters
Lode Clijsters 
Henri Jean Cochet
Jean
Cochet
Jean Cochet 
Jeff Coetzee
Coetzee
Amanda Coetzer
Coetzer
Mildred Coles
Coles
Eoin Collins
Collins
Cesare Colombo
Colombo
Evelyn Lucy Colyer Munro
Colyer
John Joseph "Jack" Condon
Condon
Grant Connell
Connell
Charlotte Reinagle Cooper Sterry
Cooper
Belinda Jane Cordwell
Jane
Cordwell
Jane Cordwell 
Borna ori
ori
Aliz Cornet
Cornet
Alex Corretja Verdegay
Corretja
Verdegay
Corretja Verdegay 
Joana Amorim Cortez dos Santos
dos
Santos
dos Santos 
George Cosac
Cosac
Alberto "Albert" Costa Casal
Costa
Casal
Costa Casal 
Carlos Costa Masferrer
Costa
Masferrer
Costa Masferrer 
James Spencer "Jim" Courier
Courier
Laurence Courtois Crols
Courtois
Marcel Cousin
Cousin
Emanuel Moura Couto
Moura
Couto
Moura Couto 
Phyllis Lindrea Covell Howkins
Covell
Barry Alexander Cowan
Alexander
Cowan
Alexander Cowan 
Walter Cecil Crawley
Cecil
Crawley
Cecil Crawley 
Jill Craybas
Craybas
Charles Clement Cresson, Jr.
Cresson,
Jr.
Cresson, Jr. 
Ctlina Cristea
Cristea
Virg Csurg Tamas
Csurg
Pablo Gabriel Cuevas Urroz
Cuevas
Urroz
Cuevas Urroz 
James Cunningham
Cunningham
Melinda Czink
Czink
Miriam D'Agostini
D'Agostini
lisabeth Pauline Sabine Marie de Noailles MacReady
Noailles
Gabriela "Gaby" Dabrowski
Dabrowski
Caroline Lucia Maria "Caro" Dahl Pater 
Dahl
Martin Damm
Damm
Frank Russell Dancevic
Russell
Dancevic
Russell Dancevic 
Marcos Diniz Daniel
Diniz
Daniel
Diniz Daniel 
Taro Daniel
Daniel
Marcus Daniell
Daniell
Eleni Daniilidou
Daniilidou
Steve Darcis
Darcis
Kimiko Date Krumm
Date
Lindsay Ann Davenport
Ann
Davenport
Ann Davenport 
Dwight Filley Davis, Sr.
Davis,
Sr.
Davis, Sr. 
Nikolay Vladimirovich Davydenko
Vladimirovich
Davydenko
Vladimirovich Davydenko 
Jos Antonio de Armas
Armas
de Armas 
Anne Catherine Jeanne Ghislain de Borman de Selliers de Moranville
Basil Spalding de Garmendia
Garmendia
de Garmendia 
JohnLaffnie de Jager
Jager
de Jager 
Luc Henri Herv Guy Gardye de la Chapelle
Chapelle
la Chapelle 
lie Marie Gabriel Dor de Lastours
Lastours
de Lastours 
Victor Auguste de Laveleye
Laveleye
de Laveleye 
Rossana Mara Neffa de los Ros
los
Ros
los Ros 
Umberto Luigi De Morpurgo
Morpurgo
De Morpurgo 
Enrique de Satrstegui Fernndez Barri Vicua
Barri
Vicua
Barri Vicua 
Mariaan de Swardt
Swardt
de Swardt 
Pablo Debran
Debran
Nathalie Dechy
Dechy
Cornlie Gilberte Marie Dcugis Flameng
Dcugis
Maxime Omer Mathieu "Max" OmerDcugis
Omer-Dcugis
J. Defert
Defert
Felix del Canto
del
Canto
del Canto 
Juan Martn del Potro
del
Potro
del Potro 
Federico Delbonis
Delbonis
Casey Dellacqua
Dellacqua
Yelena Vyacheslavovna Dementyeva Afinogenova
Dementyeva
Isabelle Demongeot
Demongeot
Taylor Phillip Dent
Phillip
Dent
Phillip Dent 
Bruce Phillip Derlin
Phillip
Derlin
Phillip Derlin 
Somdev Kishore Devvarman
Kishore
Devvarman
Kishore Devvarman 
Arnaud Laurent Di Pasquale
Pasquale
Di Pasquale 
Mariana Daz Oliva
Daz
Oliva
Daz Oliva 
Grigor Dimitrov Dimitrov
Dimitrov
Dimitrov
Dimitrov Dimitrov 
Charles Percy Dixon
Percy
Dixon
Percy Dixon 
George Henry Dodd
Henry
Dodd
Henry Dodd 
Ivan Dodig
Dodig
Hugh Lawrence "Laurie" Doherty
Doherty
Reginald Frank "Reggie" Doherty
Doherty
Misaki Doi
Doi
Jelena Dokic
Dokic
Marta Domachowska
Domachowska
Yevgeny Yevganyevich Donskoy
Yevganyevich
Donskoy
Yevganyevich Donskoy 
Ctislav "Slava" Dosedl
Dosedl
Novak okovi
okovi
Marin Draganja
Draganja
Ruxandra Maria Dragomir Ilie
Dragomir
Andrew Drew
Drew
Suwimol Duandchan
Duandchan
Stphanie Dubois
Dubois
Gisela Alejandra Dulko Gago
Dulko
Carlos Dumas
Dumas
Marthe DupontTrasenster Chaudoir
Dupont-Trasenster
Mariana Duque Mario
Duque
Mario
Duque Mario 
Guillermo Durn
Durn
tienne Durand
Durand
Rogrio Dutra Silva
Dutra
Silva
Dutra Silva 
Aleksander urenski
urenski
Damir Dumhur
Dumhur
Gladys Shirley EastlakeSmith Lamplough
Eastlake-Smith
William Easton
Easton
Wilberforce Vaughan Eaves
Vaughan
Eaves
Vaughan Eaves 
Jan Stefan Edberg
Stefan
Edberg
Stefan Edberg 
Kyle Edmund
Edmund
Konstantinos Efremoglou
Efremoglou
Youns ElAynaoui
El-Aynaoui
Gasto Jos Ministro Elias
Ministro
Elias
Ministro Elias 
Jacco Folkert Eltingh
Folkert
Eltingh
Folkert Eltingh 
Mana Endo
Endo
Karl Johan Thomas Enqvist
Thomas
Enqvist
Thomas Enqvist 
Marina Erakovic
Erakovic
Jonathan Dario Erlich
Dario
Erlich
Dario Erlich 
Sara Errani
Errani
Maria Xchitl Escobedo Alcalde
Escobedo
Alcalde
Escobedo Alcalde 
Lionel Hunter Escombe
Hunter
Escombe
Hunter Escombe 
Nicolas JeanChristophe Escud
Jean-Christophe
Escud
Jean-Christophe Escud 
Vctor Estrella Burgos
Estrella
Burgos
Estrella Burgos 
Neyssa tienne
tienne
Gastn Ariel Etlis
Ariel
Etlis
Ariel Etlis 
Kelly Graeme Evernden
Graeme
Evernden
Graeme Evernden 
Christine Marie "Chris" Evert Lloyd, Mill, Norman
-Mill,
Thomas Fabbiano
Fabbiano
Alejandro Falla Ramrez
Falla
Ramrez
Falla Ramrez 
Robert Charbel Farah Maksoud
Farah
Maksoud
Farah Maksoud 
Silvia FarinaElia
Farina-Elia
Adrien FauchierMagnan
Fauchier-Magnan
Roger Federer
Federer
Frederick Rollin Feitshans
Rollin
Feitshans
Rollin Feitshans 
Beatriz Cristina "Gigi" Fernandez
Fernandez
Maria Jose "Mary Joe" Fernandez Godsick
Fernandez
Jos Miguel Fernndez de Liencres Flrez
Liencres
Flrez
Liencres Flrez 
Ellis Ferreira
Ferreira
Wayne Richard Ferreira
Richard
Ferreira
Richard Ferreira 
David Ferrer Ern
Ferrer
Ern
Ferrer Ern 
Juan Carlos Ferrero Donat
Ferrero
Donat
Ferrero Donat 
Maurice Ferrier
Ferrier
Frederik Fetterlein
Fetterlein
Sigrid Fick Frenckell
Fick
Marcelo Filippini R.
Filippini
Filippini R. 
Mardy Simpson Fish
Simpson
Fish
Simpson Fish 
John Basil Fitzgerald
Basil
Fitzgerald
Basil Fitzgerald 
Kenneth Eliot "Ken" Flach
Flach
Edwin Harold "Teddy" Flack
Flack
Eduardo Flaquer Vzquez
Flaquer
Vzquez
Flaquer Vzquez 
Colin Fleming
Fleming
Kirsten Flipkens
Flipkens
Fabio Fognini
Fognini
Christian Forcellini
Forcellini
Guy Forget
Forget
Christian Hoffman "Chris" Forney
Forney
John Fortescue Foulkes
Fortescue
Foulkes
Fortescue Foulkes 
Marguerite Fourrier
Fourrier
Javier Alberto Frana Maggi
Frana
Maggi
Frana Maggi 
Gabriel Francini
Francini
D. Frangopoulos
Frangopoulos
Ove Kamphwener Frederiksen
Kamphwener
Frederiksen
Kamphwener Frederiksen 
Ernst Peter Ltken Frigast
Ltken
Frigast
Ltken Frigast 
Otto Froitzheim
Froitzheim
Richard James Fromberg
James
Fromberg
James Fromberg 
Karel Ludvik Fuchs Robtn
Fuchs
Masanosuke Fukuda
Fukuda
Bettina Mnica Fulco Villella
Fulco
Renzo Furlan
Furlan
Mariusz Stanisaw Fyrstenberg
Stanisaw
Fyrstenberg
Stanisaw Fyrstenberg 
Ali Athar Hassan Ally Fyzee
Ally
Fyzee
Ally Fyzee 
Teymuraz Beysikovich Gabashvili
Beysikovich
Gabashvili
Beysikovich Gabashvili 
Emmanuelle Gagliardi
Gagliardi
Rosetta Gagliardi Prouse
Gagliardi
Jarmila Gajdoov Groth, Wolfe
Clarence Oliver Gamble
Oliver
Gamble
Oliver Gamble 
Tathiana Garbin
Garbin
Caroline Garcia
Garcia
Zina Lynna Garrison Jackson
Garrison
Laura Rosa Lucia Garrone
Lucia
Garrone
Lucia Garrone 
Richard Gasquet
Gasquet
Andrea Gaudenzi
Gaudenzi
Gastn Norberto Gaudio
Norberto
Gaudio
Norberto Gaudio 
Victor Reginald Gauntlett
Reginald
Gauntlett
Reginald Gauntlett 
Anglica Gavaldn Loaiza Verdieck
Loaiza
Daria Gavrilova
Gavrilova
Anna Gerasimou
Gerasimou
Marie Claude Maurice Germot
Maurice
Germot
Maurice Germot 
Adriana Geri
Geri
Bradley N. "Brad" Gilbert
Gilbert
John Brian Gilbert
Brian
Gilbert
Brian Gilbert 
Catherine Marie Blanche "Katie" Gillou Fenwick
Gillou
Robert Louis "Robby" Ginepri
Ginepri
Santiago Giraldo Salazar
Giraldo
Salazar
Giraldo Salazar 
James "Jim" Giraud
Giraud
Thomas Paul Gleeson
Paul
Gleeson
Paul Gleeson 
Henry Maurice Andr Gobert
Andr
Gobert
Andr Gobert 
Leslie Allison Godfree
Allison
Godfree
Allison Godfree 
MarcKevin Goellner
Goellner
David Goffin
Goffin
Laura Golarsa
Golarsa
A. Germaine Golding Regnier
Golding
Sabrina Gole Babic
Gole
Sara Louise Gomer
Louise
Gomer
Louise Gomer 
Paula Cristina de Arajo Gonalves
Arajo
Gonalves
Arajo Gonalves 
Lajos Gncz
Gncz
Fernando Francisco Gonzlez Ciuffardi
Gonzlez
Ciuffardi
Gonzlez Ciuffardi 
Mximo Gonzlez Mereira
Gonzlez
Mereira
Gonzlez Mereira 
Santiago Gonzlez Torre
Gonzlez
Torre
Gonzlez Torre 
Arthur William Charles "Wentworth" Gore
Gore
Julia Grges
Grges
Ins Gorrochategui
Gorrochategui
Eleanor Goss Lanning
Goss
Ernst Gottlieb
Gottlieb
Olga Alekseyevna Govortsova
Alekseyevna
Govortsova
Alekseyevna Govortsova 
Stefanie Maria "Steffi" Graf
Graf
Arne Wilhelm Grahn
Wilhelm
Grahn
Wilhelm Grahn 
Rita Grande
Grande
Runar Rafael Granholm
Rafael
Granholm
Rafael Granholm 
Marcel Granollers Pujol
Granollers
Pujol
Granollers Pujol 
Alice Norah Gertrude Greene
Gertrude
Greene
Gertrude Greene 
Eugne Grisar
Grisar
AnnaLena Grnefeld
Grnefeld
Torsten Gustav Magnus Henning Grnfors
Henning
Grnfors
Henning Grnfors 
Sbastien Ren Grosjean
Ren
Grosjean
Ren Grosjean 
Samuel "Sam" Groth
Groth
Josef Gruss Miovsk
Gruss
Magdalena Maria Grzybowska
Maria
Grzybowska
Maria Grzybowska 
Christopher Luke "Chris" Guccione
Guccione
Ernests Gulbis
Gulbis
Hernn Pablo Gumy
Pablo
Gumy
Pablo Gumy 
Heinz Peter Gnthardt
Peter
Gnthardt
Peter Gnthardt 
Mark Gurr
Gurr
Magnus Nils Gustafsson
Nils
Gustafsson
Nils Gustafsson 
Brian Robert Gyetko
Robert
Gyetko
Robert Gyetko 
Paul Vincent Nicholas Haarhuis
Nicholas
Haarhuis
Nicholas Haarhuis 
Thomas Mario "Tommy" Haas
Haas
Robin Haase
Haase
Karina Habudov Clekov
Habudov
Syed Mohammad "S. M." Hadi
Hadi
Jaroslav Hainz
Hainz
Julie HalardDcugis
Halard-Dcugis
Simona Halep
Halep
StephaneJoseph Halot
Halot
Victor Hnescu
Hnescu
Sylvia Hanika Holder
Hanika
Paul Hanley
Hanley
Edith Margaret Hannam Boucher
Hannam
Amory Ide Agnes Hansen Scheel
Hansen
Victor Georg Hansen
Georg
Hansen
Georg Hansen 
Daniela Hantuchov
Hantuchov
Takeichi Harada
Harada
Hugo James Hardy, Jr.
Hardy,
Jr.
Hardy, Jr. 
Ryan Harrison
Harrison
Ebba Hay
Hay
Justine HeninHardenne
Henin-Hardenne
Timothy Henry "Tim" Henman
Henman
PierreHugues Herbert
Herbert
Polona Hercog
Hercog
Alejandro Hernndez Julia
Hernndez
Julia
Hernndez Julia 
Claudia Lorena Hernndez Salas
Hernndez
Salas
Hernndez Salas 
Gilliam "Jill" Hetherington Hultquist
Hetherington
Lleyton Glynn Hewitt
Glynn
Hewitt
Glynn Hewitt 
Luis Maria Heyden
Maria
Heyden
Maria Heyden 
Nao Hibino
Hibino
George Whiteside Hillyard
Whiteside
Hillyard
Whiteside Hillyard 
Martina Hingis Hutin
Hingis
Pierre Hirsch
Hirsch
Saa Hirzon
Hirzon
Jakob Hlasek
Hlasek
Andrea Hlavkov
Hlavkov
Edith Dorothy Holman
Dorothy
Holman
Dorothy Holman 
Anna Sofia "Annie" Holmstrm
Holmstrm
Asaji Honda
Honda
Amanda Maria Cornelia Hopmans
Cornelia
Hopmans
Cornelia Hopmans 
Liezel HornHuber
Horn-Huber
Luis Horna Viscari
Horna
Viscari
Horna Viscari 
Arturo Hortal
Hortal
Eri Hozumi
Hozumi
Lucie Hradeck
Hradeck
Dominik Hrbat
Hrbat
Kvtoslava Hrdlikov Peschke
Hrdlikov
Hsieh SuWei
Su-Wei
Anke Huber
Huber
Edwin Llewellyn Hunter
Llewellyn
Hunter
Llewellyn Hunter 
Francis Townsend "Frank" Hunter
Hunter
Janette Husrov
Husrov
Ross Dan Hutchins
Dan
Hutchins
Dan Hutchins 
Patricia HyBoulais
Hy-Boulais
Bohuslav Hyk
Hyk
Andrew Ilie
Ilie
Vagn Ingerslev
Ingerslev
Dominic Jakub "Dom" Inglot
Inglot
Etsuko Inoue
Inoue
Walter Godfrey Ireland
Godfrey
Ireland
Godfrey Ireland 
John Robert Isner
Robert
Isner
Robert Isner 
Denis Olegovich Istomin
Olegovich
Istomin
Olegovich Istomin 
Tatsuma Ito
Ito
Goran imun Ivanievi
imun
Ivanievi
imun Ivanievi 
Ana Ivanovi Schweinsteiger
Ivanovi
Satoshi Iwabuchi
Iwabuchi
Ons Jabeur
Jabeur
Sydney Montague Jacob
Montague
Jacob
Montague Jacob 
Martn H. Jaite
Jaite
H. Jaite 
Jang UiJong
Ui-Jong
Rka Luca Jani
Luca
Jani
Luca Jani 
Jelena Jankovi
Jankovi
Jerzy Janowicz
Janowicz
Klaudia Anna JansIgnacik
Anna
Jans-Ignacik
Anna Jans-Ignacik 
G. Marie A. Janssen
Janssen
A. Janssen 
Anders Per Jrryd
Per
Jrryd
Per Jrryd 
Monique Alicia Javer
Alicia
Javer
Alicia Javer 
Malek AlJaziri
Al-Jaziri
Eric Jelen
Jelen
Marion Hall Jessup Zinderstein, MacLure
Sonya Jeyaseelan
Jeyaseelan
Jo YunJeong
Yun-Jeong
Joachim Christopher Johansson
Christopher
Johansson
Christopher Johansson 
Karl Thomas Conny Johansson
Conny
Johansson
Conny Johansson 
Steve Johnson
Johnson
Georgina Frances Jones Walton
Jones
Hugh McKittrick Jones
McKittrick
Jones
McKittrick Jones 
Marie Jones
Jones
Marion Jones Farquhar
Jones
Betina Jozami
Jozami
Mervana JugiSalki
Jugi-Salki
Jaroslav Just
Just
Yevgeny Aleksandrovich Kafelnikov
Aleksandrovich
Kafelnikov
Aleksandrovich Kafelnikov 
Georgios Kalovelonis
Kalovelonis
Jana Kandarr
Kandarr
Kaia Kanepi
Kanepi
Paula Kania
Kania
Anik Kapros
Kapros
Ivo Karlovi
Karlovi
Nikolaos Karydias
Karydias
Christopher Kas
Kas
Darya Sergeyevna Kasatkina
Sergeyevna
Kasatkina
Sergeyevna Kasatkina 
Seiichiro Kashio
Kashio
Harold Meredith Kauffman
Meredith
Kauffman
Meredith Kauffman 
Bla Kavi
Kavi
Helen Kelesi
Kelesi
Johan Carl Kempe
Carl
Kempe
Carl Kempe 
Anne Viensouk Keothavong
Viensouk
Keothavong
Viensouk Keothavong 
Angelique Kerber
Kerber
Jordan Kerr
Kerr
Jean Baptiste August "Guus" Kessler
Kessler
Ioannis Ketseas
Ketseas
Madison Keys
Keys
Liudmyla Viktorivna Kichenok
Viktorivna
Kichenok
Viktorivna Kichenok 
Nadiya Viktorivna Kichenok
Viktorivna
Kichenok
Viktorivna Kichenok 
Maya Kidowaki
Kidowaki
Nicolas Kiefer
Kiefer
Kim BongSu
Bong-Su
Kim ChiWan
Chi-Wan
Kim EunHa
Eun-Ha
Kim IlSun
Il-Sun
Darian King
King
Algernon Robert Fitzhardinge Kingscote
Fitzhardinge
Kingscote
Fitzhardinge Kingscote 
Rolf Kinzl
Kinzl
Klmn Kirchmayer
Kirchmayer
Mariya Yuryevna Kirilenko
Yuryevna
Kirilenko
Yuryevna Kirilenko 
Harold Austin "Harry" Kitson
Kitson
Andreja Klepa
Klepa
Martin Klian
Klian
Karin Knapp
Knapp
Julian Knowle
Knowle
Mark Samuel Knowles
Samuel
Knowles
Samuel Knowles 
Ji Kodl
Kodl
Mark Koevermans
Koevermans
Claudia Gertrud KohdeKilsch Lehmann
Kohde-Kilsch
Philipp Eberhard Kohlschreiber
Eberhard
Kohlschreiber
Eberhard Kohlschreiber 
Thanasi Kokkinakis
Kokkinakis
Ana Konjuh
Konjuh
Johanna Konta
Konta
Dorothea "Dora" Kring
Kring
Mariya Serhivna Koryttseva
Serhivna
Koryttseva
Serhivna Koryttseva 
Jelena Kostani Toi
Kostani
Klra KoukalovZakopalov
Koukalov-Zakopalov
Anna Sergeyevna Kournikova
Sergeyevna
Kournikova
Sergeyevna Kournikova 
Gbor Kves
Kves
Danka Kovini
Kovini
Wojciech "Wojtek" Kowalski
Kowalski
Jan Koeluh
Koeluh
Anne Kremer
Kremer
Oskar Kreuzer
Kreuzer
Ramesh Krishnan
Krishnan
Tina Krian
Krian
Jn Krolk
Krolk
Joannette Kruger
Kruger
Aleksandra Kruni
Kruni
ukasz Kubot
Kubot
Karol Kuera
Kuera
Denis Kudla
Kudla
Gustavo "Guga" Kuerten
Kuerten
Mikhail Aleksandrovich Kukushkin
Aleksandrovich
Kukushkin
Aleksandrovich Kukushkin 
Lars Johan Nicklas Kulti
Nicklas
Kulti
Nicklas Kulti 
Ichiya Kumagae
Kumagae
ubomra Kurhajcov
Kurhajcov
Darya Andreyevna Kustova
Andreyevna
Kustova
Andreyevna Kustova 
Rita Kuti Kis
Kuti
Kis
Kuti Kis 
Andrey Aleksandrovich Kuznetsov
Aleksandrovich
Kuznetsov
Aleksandrovich Kuznetsov 
Svetlana Aleksandrovna Kuznetsova
Aleksandrovna
Kuznetsova
Aleksandrovna Kuznetsova 
Petra Kvitov
Kvitov
Mara Florencia Labat
Florencia
Labat
Florencia Labat 
Luk Lacko
Lacko
Jean Ren Lacoste
Ren
Lacoste
Ren Lacoste 
Suleiman "Sule" Ladipo
Ladipo
Valda Lake
Lake
Andr Laloux
Laloux
Franois Laloux
Laloux
Dorothea Katherine "Dorothy" Lambert Chambers Douglass
Chambers
Albert T. E. Lammens
Lammens
E. Lammens 
Conrad Langaard
Langaard
Nicols Alexander Lapentti Gmez
Lapentti
Gmez
Lapentti Gmez 
Sbastien Lareau
Lareau
Erik ckenholt Larsen
ckenholt
Larsen
ckenholt Larsen 
Johanna Larsson
Larsson
Per Henrik Magnus Larsson
Magnus
Larsson
Magnus Larsson 
Dezs Lauber
Lauber
Marguerite Laurenan
Laurenan
Martin Laurendeau
Laurendeau
Leonardo Lavalle Moreno
Lavalle
Moreno
Lavalle Moreno 
Daniel douard Lawton
douard
Lawton
douard Lawton 
Sbastien LeBlanc
LeBlanc
Pierre Lebrton
Lebrton
Paul Lecaron
Lecaron
Henri Leconte
Leconte
Lee HyeongTaek
Hyeong-Taek
Janet Lee
Lee
Lee JeongMyeong
Jeong-Myeong
Gerard Leembruggen
Leembruggen
Hakon Leffler
Leffler
Guy Lejeune
Lejeune
Suzanne Rachel Flore Lenglen
Flore
Lenglen
Flore Lenglen 
Edgar Welch Leonard
Welch
Leonard
Welch Leonard 
Varvara Petrovna Lepchenko
Petrovna
Lepchenko
Petrovna Lepchenko 
Robert LeRoy
LeRoy
Li Fang
Fang
Li Na
Li Ting
Ting
Lien YuHui
Yu-Hui
Yelena Aleksandrovna Likhovtseva
Aleksandrovna
Likhovtseva
Aleksandrovna Likhovtseva 
Jenny Emilie Greta "Margareta" Lindberg
Lindberg
Otto Paul Lindpaintner d'Almeida
Lindpaintner
d'Almeida
Lindpaintner d'Almeida 
Fritz Axel Albert Lindqvist
Albert
Lindqvist
Albert Lindqvist 
Anna Catarina Lindqvist Ryan
Lindqvist
Robert Jan Lindstedt
Jan
Lindstedt
Jan Lindstedt 
Maria Elisabeth Lindstrm
Elisabeth
Lindstrm
Elisabeth Lindstrm 
Magda Linette
Linette
Albert Lippmann
Lippmann
Sabine Lisicki
Lisicki
Liu Shuhua
Shuhua
Ivan Ljubii
Ljubii
Nuria Llagostera Vives
Llagostera
Vives
Llagostera Vives 
Michal Llodra
Llodra
Lus Gustavo Lobo
Gustavo
Lobo
Gustavo Lobo 
Komlavi Loglo
Loglo
Feliciano Lpez DazGuerra
Lpez
Daz-Guerra
Lpez Daz-Guerra 
Marc Lpez i Tarrs
Tarrs
i Tarrs 
Paolo Lorenzi
Lorenzi
Arthur Holden Lowe
Holden
Lowe
Holden Lowe 
Francis Gordon Lowe
Gordon
Lowe
Gordon Lowe 
Marano Lozano y Alatorre
Alatorre
y Alatorre 
Lu YenHsun
Yen-Hsun
Gheorghe Lupu
Lupu
Karin Luni
Luni
Ma Keqin
Keqin
Malcolm D. MacDonald
MacDonald
D. MacDonald 
Pavel Macenauer
Macenauer
Francisco Maciel Garca
Maciel
Garca
Maciel Garca 
Aage Sigfried Madsen
Sigfried
Madsen
Sigfried Madsen 
Harold Segerson Mahony
Segerson
Mahony
Segerson Mahony 
Nicolas Pierre Armand Mahut
Armand
Mahut
Armand Mahut 
Iva Majoli Mari
Majoli
Yekaterina Valeryevna Makarova
Valeryevna
Makarova
Valeryevna Makarova 
Yelena Alekseyevna Makarova
Alekseyevna
Makarova
Alekseyevna Makarova 
Katerina Georgieva Maleeva Stoimenova
Maleeva
Magdalena Georgieva "Maggy" Maleeva
Maleeva
Manuela Georgieva MaleevaFragnire
Georgieva
Maleeva-Fragnire
Georgieva Maleeva-Fragnire 
Manisha Malhotra
Malhotra
Xavier Malisse
Malisse
Jarl Sune Malmstrm
Sune
Malmstrm
Sune Malmstrm 
Alberto Csar Mancini
Csar
Mancini
Csar Mancini 
Petra Mandula
Mandula
Amos Mansdorf
Mansdorf
Yevgeniya Aleksandrovna Manyukova
Aleksandrovna
Manyukova
Aleksandrovna Manyukova 
Oliver Marach
Marach
Illia Vasylovych Marchenko
Vasylovych
Marchenko
Vasylovych Marchenko 
Juan Antonio Marn Casero
Marn
Casero
Marn Casero 
Sofia Marinou
Marinou
Lszl Markovits de Spizza et Kisterpest
Kisterpest
et Kisterpest 
Katalin MarosiAracama
Marosi-Aracama
Nuno Miguel Bacelar de Vasconcelos Marques
Vasconcelos
Marques
Vasconcelos Marques 
Andrej Martin
Martin
Todd Christopher Martin
Christopher
Martin
Christopher Martin 
Conchita Martnez Bernat
Martnez
Bernat
Martnez Bernat 
Mara Jos Martnez Snchez
Martnez
Snchez
Martnez Snchez 
Nicols Alejandro Mass Fried
Mass
Fried
Mass Fried 
Wallace "Wally" Masur
Masur
Maja Matevi
Matevi
PaulHenri Mathieu
Mathieu
Marcin Matkowski
Matkowski
Aspasia Matsa Razelos
Matsa
Shuzo Matsuoka
Matsuoka
Luiz Roberto Mattar
Roberto
Mattar
Roberto Mattar 
Bethanie Lynn MattekSands
Lynn
Mattek-Sands
Lynn Mattek-Sands 
Amlie Simone Mauresmo
Simone
Mauresmo
Simone Mauresmo 
Theodore Michel Mavrogordato
Michel
Mavrogordato
Michel Mavrogordato 
Florian Mayer
Mayer
Timothy Spencer "Tim" Mayotte
Mayotte
Vasilis Mazarakis
Mazarakis
Edward D'Arcy McCrea
D'Arcy
McCrea
D'Arcy McCrea 
Sally Ann McDonald
Ann
McDonald
Ann McDonald 
Christina McHale
McHale
Kathleen "Kitty" McKane Godfree
McKane
Ralph McKittrick
McKittrick
Winifred Margaret McNair Slocock
McNair
Rachel Jane McQuillan
Jane
McQuillan
Jane McQuillan 
Miloslav Me
Ana Isabel "Anabel" Medina Garrigues
Medina
Garrigues
Medina Garrigues 
Fernando Ariel "Fino" Meligeni
Meligeni
Marcelo Pinheiro Davi de Melo
Melo
de Melo 
Jrgen Melzer
Melzer
Meng Qianghua
Qianghua
Vanessa Atra de Menga
Menga
de Menga 
douard Marie Marc Mny de Marangue
Marangue
de Marangue 
Florin Mergea
Mergea
Mark Merklein
Merklein
Mariana Mesa Pineda
Mesa
Pineda
Mesa Pineda 
Leila Meskhi Nadibaidze
Meskhi
Glenn Michibata
Michibata
John H. Millman
Millman
H. Millman 
Ivo Min
Min
Christian Carlos Miniussi Ventureira
Miniussi
Ventureira
Miniussi Ventureira 
Anne Louise Minter Harris
Minter
Maksim Nikolayevich "Max" Mirnyi
Mirnyi
Gisele Mir
Mir
Sania Mirza
Mirza
Nicolae Miu
Miu
CristinaAndreea Mitu
Mitu
Nana Miyagi Rogers
Miyagi
Kristina Mladenovic
Mladenovic
Anthony Emmanuel O. "Tony" Mmoh
Mmoh
Denys Petrvych Molchanov
Petrvych
Molchanov
Petrvych Molchanov 
Alicia Molik
Molik
Frans Julius Mller
Julius
Mller
Julius Mller 
Juan Mnaco
Mnaco
Gal Sbastien Monfils
Sbastien
Monfils
Sbastien Monfils 
Laura Montalvo
Montalvo
Forest H. Montgomery
Montgomery
H. Montgomery 
Raimundo Morales Veloso
Morales
Veloso
Morales Veloso 
Luis Adrin Morejn
Adrin
Morejn
Adrin Morejn 
Agustn Moreno Palmer
Moreno
Palmer
Moreno Palmer 
Akiko Morigami
Morigami
Ayumi Morita
Morita
Agnes Mary "Agatha" Morton Stewart
Morton
Bernardo Gonalves Pereira Mota
Pereira
Mota
Pereira Mota 
Carlos Moy Llompart
Moy
Llompart
Moy Llompart 
Magdalena Joanna Mrz Feistel
Mrz
Garbie Muguruza Blanco
Muguruza
Blanco
Muguruza Blanco 
Julia Corinne Muir Sim
Muir
Gilles Mller
Mller
Henning Christian Gottfrid Mller
Gottfrid
Mller
Gottfrid Mller 
Devin Mullings
Mullings
Nicole MunsJagerman
Muns-Jagerman
Maja Muri
Muri
Andrew Barron "Andy" Murray
Murray
James Robert "Jamie" Murray
Murray
Sran Mukatirovi
Mukatirovi
Thomas Muster
Muster
Anastasiya Andreyevna Myskina
Andreyevna
Myskina
Andreyevna Myskina 
Rafael Nadal Parera
Nadal
Parera
Nadal Parera 
Kyoko Nagatsuka
Nagatsuka
Kyra Nagy
Nagy
Henrieta Nagyov
Nagyov
David Pablo Nalbandian
Pablo
Nalbandian
Pablo Nalbandian 
Diego Nargiso
Nargiso
Dominika Navara Cibulkov
Navara
Cibulkov
Navara Cibulkov 
Martina Navratilova ubertov 
John Crosby Neely
Crosby
Neely
Crosby Neely 
Jana Nejedly
Nejedly
Daniel Mark Nestor
Mark
Nestor
Mark Nestor 
Claude N'Goran
N'Goran
Clment N'Goran
N'Goran
Monica Niculescu
Niculescu
Miguel Nido
Nido
Jack Fridtjof Charles Hcke Coucheron Nobel Nielsen
Nobel
Nielsen
Nobel Nielsen 
Frdric "Fred" Niemeyer
Niemeyer
Jarkko Kalervo Nieminen
Kalervo
Nieminen
Kalervo Nieminen 
Kei Nishikori
Nishikori
Leif Magnus Norman
Magnus
Norman
Magnus Norman 
Arthur B. J. Norris
Norris
J. Norris 
Brian Ivan Cobham Norton
Cobham
Norton
Cobham Norton 
Piet "Pietie" Norval
Norval
Sndor Noszly
Noszly
Ji Novk
Novk
Guadelupe "Lupita" Novelo Osuna
Novelo
Osuna
Novelo Osuna 
Jana Novotn
Novotn
Katarzyna Nowak
Nowak
CarlOlof Siggesson Nyln
Siggesson
Nyln
Siggesson Nyln 
William Alexander "Alex" O'Brien
O'Brien
Saori Obata
Obata
Tzipora Obziler
Obziler
Nduka Emmanuel Odizor
Emmanuel
Odizor
Emmanuel Odizor 
Oleg Ogorodov
Ogorodov
Konstantinos Oikonomidis
Oikonomidis
Kumiko Okamoto
Okamoto
Sunao Okamoto
Okamoto
Ioana Raluca Olaru
Raluca
Olaru
Raluca Olaru 
Andrey Stanislavovich Olkhovsky
Stanislavovich
Olkhovsky
Stanislavovich Olkhovsky 
Aleksandra Olsza
Olsza
Jaime Oncins
Oncins
Marcos Ondruska
Ondruska
Maria Johanna Martina "Miriam" Oremans Vermeer
Oremans
Oscar Ortz
Ortz
Jeena Ostapenko
Ostapenko
Lamine Ouahab
Ouahab
Leander Adrian Paes
Adrian
Paes
Adrian Paes 
Markos Pagdatis
Pagdatis
Benot Paire
Paire
Jared Eiseley Palmer
Eiseley
Palmer
Eiseley Palmer 
Elena PampulovaWagner Bergomi
Pampulova-Wagner
Pan Bing
Bing
Khristina Papadaki
Papadaki
Pantelis Papadopoulos
Papadopoulos
Park SeongHui
Seong-Hui
James Cecil Parke
Cecil
Parke
Cecil Parke 
Pauline Parmentier
Parmentier
Arantxa Parra Santonja
Parra
Santonja
Parra Santonja 
Mabel Bramwell Parton Squire, Mavrogordato
Eufrosine "Fronietta" Paspati Muzzopoulous
Paspati
Khios "Konstantinos" Paspatis
Paspatis
Tamira Shelah Paszek
Shelah
Paszek
Shelah Paszek 
Barbara Paulus
Paulus
Andrei Pavel
Pavel
Anastasiya Sergeyevna Pavlyuchenkova
Sergeyevna
Pavlyuchenkova
Sergeyevna Pavlyuchenkova 
Mara Mercedes Paz
Mercedes
Paz
Mercedes Paz 
Shahar Pe'er
Pe'er
Bent Ove Pedersen
Ove
Pedersen
Ove Pedersen 
John William Peers
William
Peers
William Peers 
Theodore Roosevelt Pell
Roosevelt
Pell
Roosevelt Pell 
Guido Pella
Pella
Peng Shuai
Shuai
Flavia Pennetta
Pennetta
Julio Leonardo Peralta Martnez
Peralta
Martnez
Peralta Martnez 
Tetiana Yurivna Perebyinis
Yurivna
Perebyinis
Yurivna Perebyinis 
Nicols Pereira
Pereira
Rodrigo Castro Pereira
Castro
Pereira
Castro Pereira 
Teliana Santos Pereira
Santos
Pereira
Santos Pereira 
Giulia Perelli
Perelli
Shahar Perkiss
Perkiss
Dinu Dnu Pescariu
Dnu
Pescariu
Dnu Pescariu 
Stefano Pescosolido
Pescosolido
Richard Momme Peterson
Momme
Peterson
Momme Peterson 
Andrea Petkovic
Petkovic
Dimitrios Stephen Petrokokkinos
Stephen
Petrokokkinos
Stephen Petrokokkinos 
Nadezhda Viktorovna "Nadiya" Petrova
Petrova
Philipp Petzschner
Petzschner
Alexander Peya
Peya
Mark Anthony Philippoussis
Anthony
Philippoussis
Anthony Philippoussis 
Katia Piccolini
Piccolini
Fritz Felix Piepes
Felix
Piepes
Felix Piepes 
Mary Caroline Pierce
Caroline
Pierce
Caroline Pierce 
Violet Millicent Pinckney
Millicent
Pinckney
Millicent Pinckney 
Tsvetana Kirilova Pironkova
Kirilova
Pironkova
Kirilova Pironkova 
Tina Pisnik
Pisnik
Kristian Peter Pless
Peter
Pless
Peter Pless 
Sylvia Plischke
Plischke
Hans Podlipnik Castillo
Podlipnik
Castillo
Podlipnik Castillo 
Christophe Pognon
Pognon
Nora Margaret Polley Fischer
Polley
Vasek Pospisil
Pospisil
Robert Branks "Bobby" Powell
Powell
Kenneth Powell
Powell
Gianluca Pozzi
Pozzi
Wynne Prakusya
Prakusya
Nicole Pratt
Pratt
Jean Marie Andr Prvost
Andr
Prvost
Andr Prvost 
Yvonne Prvost Boppe
Prvost
Christopher "Chris" Pridham
Pridham
David Prinosil
Prinosil
Nicole Anne Louise ProvisBradtke
Louise
Provis-Bradtke
Louise Provis-Bradtke 
Goran Prpi
Prpi
Libue Prov
Prov
Tatyana Nikolayevna Puchek
Nikolayevna
Puchek
Nikolayevna Puchek 
Monica Puig Marchn
Puig
Marchn
Puig Marchn 
Julie Pullin
Pullin
Sam Austin Querrey
Austin
Querrey
Austin Querrey 
Agnieszka Roma Radwaska
Roma
Radwaska
Roma Radwaska 
Urszula Radwaska
Radwaska
Patrick Michael "Pat" Rafter
Rafter
FriedrichWilhelm Rahe
Rahe
Regina Rajchrtov Kordov
Rajchrtov
Evangelos Rallis
Rallis
Andy Ram
Ram
Rajeev Ram
Ram
Alberto Ramos Violas
Ramos
Violas
Ramos Violas 
Dally Randriantefy
Randriantefy
Natacha Randriantefy
Randriantefy
Sunitha Rao
Rao
Milos Raonic
Raonic
Guillaume Raoux
Raoux
Sanchai Ratiwatana
Ratiwatana
Sonchat Ratiwatana
Ratiwatana
Lisa Raymond
Raymond
Louis Bosman Raymond
Bosman
Raymond
Bosman Raymond 
Virginie Razzano
Razzano
Raffaella ReggiConcato
Reggi-Concato
Elna Reinach
Reinach
Richard A. "Richey" Reneberg
Reneberg
Miguel ngel Reyes Varela
Reyes
Varela
Reyes Varela 
Vincent "Vinnie" Richards
Richards
Ivie John Richardson
John
Richardson
John Richardson 
John Richardson
Richardson
David Rikl
Rikl
Juan Oscar Ros
Oscar
Ros
Oscar Ros 
Marcelo Andrs Ros Mayorga
Ros
Mayorga
Ros Mayorga 
Major Josiah George Ritchie
George
Ritchie
George Ritchie 
Petra Ritter Schwarz
Ritter
Barbara Rittner Diehl
Rittner
George Stuart Robertson
Stuart
Robertson
Stuart Robertson 
Tommy Robredo Garcs
Robredo
Garcs
Robredo Garcs 
Guillermo Robson y Lennon
Lennon
y Lennon 
Laura Robson
Robson
Olivier Laurent Pierre Rochus
Pierre
Rochus
Pierre Rochus 
Andrew Stephen "Andy" Roddick
Roddick
Anastasia Rodionova
Rodionova
Arina Rodionova
Rodionova
Eduardo Martn Rodrguez
Martn
Rodrguez
Martn Rodrguez 
Friedrich Rohrer
Rohrer
JeanJulien Rojer
Rojer
Alexandru Roman
Roman
Hedwiga Rosenbaumov Austerlitz, Raabe
Luk Rosol
Rosol
Alicja Rosolska
Rosolska
Marc Rosset
Rosset
Ludvig Leif Sadi Rovsing
Sadi
Rovsing
Sadi Rovsing 
Virginia "Vivi" Ruano Pascual
Ruano
Pascual
Ruano Pascual 
Chanda Rubin
Rubin
Gregory "Greg" Rusedski
Rusedski
Sempronius E. "Semp" Russ
Russ
Donald Ross Rutnam
Ross
Rutnam
Ross Rutnam 
Christian Ruud
Ruud
Andr Rezende S
Rezende
Rezende S 
Gabriela Beatriz Sabatini
Beatriz
Sabatini
Beatriz Sabatini 
Lucie afov
afov
Marat Mubinovich Safin
Mubinovich
Safin
Mubinovich Safin 
Dinara Mubinovna Safina
Mubinovna
Safina
Mubinovna Safina 
Mara Emilia Salerni
Emilia
Salerni
Emilia Salerni 
JeanPierre Samazeuilh
Samazeuilh
Peter "Pete" Sampras
Sampras
Mara Antonia Snchez Lorenzo
Snchez
Lorenzo
Snchez Lorenzo 
Arnzazu Isabel Mara "Arantxa" Snchez Vicario
Snchez
Vicario
Snchez Vicario 
Emilio Angel Snchez Vicario
Snchez
Vicario
Snchez Vicario 
Javier Snchez Vicario
Snchez
Vicario
Snchez Vicario 
Fred R. Sanderson
Sanderson
R. Sanderson 
Charles Edward Sands
Edward
Sands
Edward Sands 
Benjamas Sangaram
Sangaram
Mara Santangelo
Santangelo
Fabrice Vetea  Santoro
Vetea
Santoro
Vetea Santoro 
Ricardo Juan Antonio Saprissa Aym
Saprissa
Aym
Saprissa Aym 
Flvio Saretta Filho
Saretta
Filho
Saretta Filho 
Sargis Sargsyan
Sargsyan
Phyllis Helen Satterthwaite Carr
Satterthwaite
Larisa SavenkoNeilande
Savenko-Neilande
Olha Mykolavna Savchuk
Mykolavna
Savchuk
Mykolavna Savchuk 
Attila Tibor Svolt
Tibor
Svolt
Tibor Svolt 
Naoko Sawamatsu
Sawamatsu
Jolle Schad
Schad
Larissa Schaerer
Schaerer
Michiel Schapers
Schapers
Lillian Scharman Hester
Scharman
Robert Haven Schauffler
Haven
Schauffler
Haven Schauffler 
Claudine Schaul
Schaul
Barbara Schett Eagle
Schett
Tine ScheuerLarsen
Scheuer-Larsen
Gerard Jacobus Scheurleer
Jacobus
Scheurleer
Jacobus Scheurleer 
Francesca Lizzy Schiavone
Lizzy
Schiavone
Lizzy Schiavone 
Ernst Boris Schildt
Boris
Schildt
Boris Schildt 
Anna Karolna Schmiedlov
Karolna
Schmiedlov
Karolna Schmiedlov 
Patty Schnyder Hofmann
Schnyder
Heinrich Georg Schomburgk
Georg
Schomburgk
Georg Schomburgk 
Brenda Anne Marie SchultzMcCarthy
Marie
Schultz-McCarthy
Marie Schultz-McCarthy 
Rainer Schttler
Schttler
Eduardo Schwank
Schwank
Ernst "Esse" Schybergson
Schybergson
Josef ebek
ebek
Robert Arthur Seguso
Arthur
Seguso
Arthur Seguso 
David "Dudi" Sela
Sela
Monica Seles
Seles
Frederick Humphrey "Fred" Semple
Semple
Nathaniel Meacom Semple
Meacom
Semple
Meacom Semple 
Andreas Seppi
Seppi
Paulina Seplveda
Seplveda
Milagros Sequera Huss
Sequera
Mara Luisa "Magui" Serna Barrera
Serna
Barrera
Serna Barrera 
Adriana SerraZanetti
Serra-Zanetti
Clemente Serventi
Serventi
Carl Gunnar Emanuel Setterwall
Emanuel
Setterwall
Emanuel Setterwall 
Selima Sfar
Sfar
Mariya Yuryevna Sharapova
Yuryevna
Sharapova
Yuryevna Sharapova 
Dorothy Cunliffe ShepherdBarron
Cunliffe
Shepherd-Barron
Cunliffe Shepherd-Barron 
Shigetaru Tomasu "Thomas" Shimada
Shimada
Pamela Howard "Pam" Shriver Shapiro, Lazenby
Yaroslava Vyacheslavovna Shvedova
Vyacheslavovna
Shvedova
Vyacheslavovna Shvedova 
Laura Natalie Siegemund
Natalie
Siegemund
Natalie Siegemund 
Johannes Martinus "Jan" Siemerink
Siemerink
Lennart Mascoll Silfverstolpe
Mascoll
Silfverstolpe
Mascoll Silfverstolpe 
Esme Simiriotis
Simiriotis
Georgios Simiriotis
Simiriotis
Armand Charles Simon
Charles
Simon
Charles Simon 
Gilles Simon
Simon
George Mieville Simond
Mieville
Simond
Mieville Simond 
Norine Karen "Rene" SimpsonAlter Collins
Simpson-Alter
Francisco Sindreu Pons
Sindreu
Pons
Sindreu Pons 
Horst Skoff
Skoff
Georgios Skouzes
Skouzes
Milada Skrbkov emlov
Skrbkov
Mohammed Sleem
Sleem
David Slva
Slva
Anna SmashnovaPistolesi
Smashnova-Pistolesi
N. M. Smith
Smith
M. Smith 
Roger Smith
Smith
Samantha Smith
Smith
Trygve Smith
Smith
Elizabeth Marie "Liz" Smylie Sayers
Smylie
Bruno Fraga Soares
Fraga
Soares
Fraga Soares 
Jack Sock
Sock
Robin Bo Carl Sderling
Carl
Sderling
Carl Sderling 
Go Soeda
Soeda
Silvia Soler Espinosa
Soler
Espinosa
Soler Espinosa 
Song DongUk
Dong-Uk
Joo Pedro Coelho Marinho de Sousa
Sousa
de Sousa 
Vincent "Vince" Spadea
Spadea
Patrick Dennis Benham "Pat" Spence
Spence
Kyle Spencer
Spencer
Robert Cleon Spiess
Cleon
Spiess
Cleon Spiess 
Irina Sprlea Pace
Sprlea
Karolina prem
prem
Franco Squillari
Squillari
Katarina Srebotnik
Srebotnik
Milan rejber
rejber
Paradorn Srichaphan
Srichaphan
George Henry Stadel
Henry
Stadel
Henry Stadel 
Serhiy Eduardovych Stakhovskiy
Eduardovych
Stakhovskiy
Eduardovych Stakhovskiy 
Potito Starace
Starace
CarlUwe Steeb
Steeb
Radek tpnek
tpnek
Sloane Stephens
Stephens
Brett Andrew Steven
Andrew
Steven
Andrew Steven 
Willem Noble Stibolt
Noble
Stibolt
Noble Stibolt 
Michael Detlef Stich
Detlef
Stich
Detlef Stich 
Jason Stoltenberg
Stoltenberg
Marie Pauline Julia Storms Puissant
Storms
Samantha Jane Stosur
Jane
Stosur
Jane Stosur 
Andrea Strnadov
Strnadov
Lily Elisabeth Strmbergvon Essen
Strmberg-von
Essen
Strmberg-von Essen 
JanLennard Struff
Struff
Barbora Strcov Zhlavov
Strcov
Rennae Stubbs
Stubbs
Katarna Studenkov
Studenkov
Carla Surez Navarro
Surez
Navarro
Surez Navarro 
Paola Lorena Surez
Lorena
Surez
Lorena Surez 
Martina Such
Such
Yuichi Sugita
Sugita
Ai Sugiyama
Sugiyama
Hary Suharyadi
Suharyadi
Catherine Suire
Suire
Cyril Suk
Suk
Helena Sukov
Sukov
Mikhail Nikolayevich SumarokovElston
Nikolayevich
Sumarokov-Elston
Nikolayevich Sumarokov-Elston 
Sun Ping
Ping
Sun Tiantian
Tiantian
Takao Suzuki
Suzuki
Elina Mykhailivna Svitolina
Mykhailivna
Svitolina
Mykhailivna Svitolina 
Hans G. Syz
Syz
G. Syz 
gnes Szvay
Szvay
Andrew Sznajder
Sznajder
Jimy Szymanski Ottaviano
Szymanski
Ottaviano
Szymanski Ottaviano 
Ana T'at'ishvili
T'at'ishvili
Silvija Talaja
Talaja
Tamarine Tanasugarn
Tanasugarn
Tang Min
Min
Momcsill Tapavicza
Tapavicza
Lionel Eric Tapscott
Eric
Tapscott
Eric Tapscott 
Patricia Anahi Tarabini
Anahi
Tarabini
Anahi Tarabini 
Jeffrey Gail "Jeff" Tarango
Tarango
Olena Valeriyvna Tatarkova Feltham
Tatarkova
Michael Tauson
Tauson
Nathalie Tauziat
Tauziat
Horia Tecu
Tecu
Romana Tedjakusuma
Tedjakusuma
Erik Tegner
Tegner
Andrea Temesvri Trunkos, Visontai
Katarzyna Barbara Teodorowicz
Barbara
Teodorowicz
Barbara Teodorowicz 
Sandrine Testud Magnelli
Testud
Bjrn Thalbitzer Guldbrandsen
Thalbitzer
Axel Thayssen
Thayssen
Ronald Victor Thomas
Victor
Thomas
Victor Thomas 
Prarthana Gulabrao Thombare
Gulabrao
Thombare
Gulabrao Thombare 
Jordan Thompson
Thompson
Sven Mikael Tillstrm
Mikael
Tillstrm
Mikael Tillstrm 
Hendrik "Henk" Timmer
Timmer
Janko Tipsarevi
Tipsarevi
Ioanna Tissamenou
Tissamenou
Dmitry Tomashevich
Tomashevich
Bernard Tomic
Tomic
Domingo Jos Torralva Ponsa
Torralva
Ponsa
Torralva Ponsa 
Luis Torralva Ponsa
Torralva
Ponsa
Torralva Ponsa 
Rosa Torras Buxeda
Torras
Buxeda
Torras Buxeda 
Ede Tth
Tth
Friedrich Adolf "Fritz" Traun
Traun
Gabriel Trifu
Trifu
John Stewart Tritle
Stewart
Tritle
Stewart Tritle 
Viktor Troicki
Troicki
Bla Trupej
Trupej
Olga Tsarmbopoulou
Tsarmbopoulou
Franoise Lucienne Tschaggeny
Lucienne
Tschaggeny
Lucienne Tschaggeny 
JoWilfried Tsonga
Tsonga
Toshihisa Tsuchihashi
Tsuchihashi
Phillip Tuckniss
Tuckniss
Iroda Tulyaganova
Tulyaganova
Oswald Graham Noel Turnbull
Noel
Turnbull
Noel Turnbull 
Wendy May Turnbull
May
Turnbull
May Turnbull 
Douglas Turner
Turner
Dmitry Igoryevich Tursunov
Igoryevich
Tursunov
Igoryevich Tursunov 
Frantiek T
Kevin Robert Ullyett
Robert
Ullyett
Robert Ullyett 
Einer Ulrich
Ulrich
Adrian Ungur
Ungur
Daniel Vacek
Vacek
Nicole Vaidiov
Vaidiov
Nirupama Vaidyanathan Sanjeev
Vaidyanathan
Marin Vajda
Vajda
Lena Valaoritou Skaramagna
Valaoritou
Maurice Van Den Bemden
Den
Bemden
Den Bemden 
Marius "Maas" van der Feen
der
Feen
der Feen 
Christiaan van Lennep
van
Lennep
van Lennep 
Roelof van Lennep
van
Lennep
van Lennep 
Christo van Rensburg
van
Rensburg
van Rensburg 
Dominique Van Roost Monami
Roost
Colleen Mullarkey Colleen Hutchins "CoCo" Vandeweghe Mullarkey
Vandeweghe
Ji Vank
Vank
Ilona VradiPter
Vradi-Pter
Jeanne G. Vaussard Baudry
Vaussard
Miroslava "Mirka" Vavrinec Federer
Vavrinec
Duan Vemi
Vemi
Mara Alejandra VentoKabchi
Alejandra
Vento-Kabchi
Alejandra Vento-Kabchi 
Michael Venus
Venus
Fernando Verdasco Carmona
Verdasco
Carmona
Verdasco Carmona 
PhilippeEdmond Pierre VerdDelisle
Pierre
Verd-Delisle
Pierre Verd-Delisle 
Orien Vinton Vernon
Vinton
Vernon
Vinton Vernon 
Yelena Sergeyevna Vesnina
Sergeyevna
Vesnina
Sergeyevna Vesnina 
Fernando Vicente Fibla
Vicente
Fibla
Vicente Fibla 
Andrea Chahad Guedes Vieira Arnold
Vieira
Roberta Vinci
Vinci
Carlo Andreas Vinciguerra
Andreas
Vinciguerra
Andreas Vinciguerra 
Jagadeesan Vishnuvardhan
Vishnuvardhan
Kroly Vitus
Vitus
Pavel Vizner
Vizner
Pnlope Julie Vlasto Serpieri
Vlasto
Stephanie Vogt
Vogt
Charles Adolph Voigt
Adolph
Voigt
Adolph Voigt 
Filippo Volandri
Volandri
Vladimir Nikolayevich Volchkov
Nikolayevich
Volchkov
Nikolayevich Volchkov 
Aleksandr Vladimirovich Volkov
Vladimirovich
Volkov
Vladimirovich Volkov 
Le Lszl von Barth
von
Barth
von Barth 
Alexander Moritz Reinhold "Fritz" von Bissing
von
Bissing
von Bissing 
Carl Eric "CarlEric" von Braun
von
Braun
von Braun 
Bla von Kehrling
von
Kehrling
von Kehrling 
Aurl von Kelemen
von
Kelemen
von Kelemen 
Otto von Mller
von
Mller
von Mller 
Ludwig Albrecht Constantin Maria von SalmHoogstraeten
von
Salm-Hoogstraeten
von Salm-Hoogstraeten 
Jen von Zsigmondy
von
Zsigmondy
von Zsigmondy 
Galina Olegovna Voskoboyeva
Olegovna
Voskoboyeva
Olegovna Voskoboyeva 
Donald Wailan Walalangi
Wailan
Walalangi
Wailan Walalangi 
Elsa Wallenberg Lilliehk
Wallenberg
Mabel Hilda Wallis
Hilda
Wallis
Hilda Wallis 
Wang Qiang
Qiang
Wang ShiTing
Shi-Ting
Archibald Adam Warden
Adam
Warden
Adam Warden 
Patricia Wartusch
Wartusch
Watson McLean "Watty" Washburn
Washburn
Jean Marie Octave Constant Washer
Constant
Washer
Constant Washer 
MaliVai Onyeaka Washington
Onyeaka
Washington
Onyeaka Washington 
Heather Miriam Watson
Miriam
Watson
Miriam Watson 
Stanislas Wawrinka
Wawrinka
Arthur Yancey Wear
Yancey
Wear
Yancey Wear 
Joseph Walker Wear
Walker
Wear
Walker Wear 
Vanessa Webb
Webb
Weng TzuTing
Tzu-Ting
Charles Sven Otto Wennergren
Otto
Wennergren
Otto Wennergren 
Allen Tarwater West
Tarwater
West
Tarwater West 
John David Patrick Wheatley
Patrick
Wheatley
Patrick Wheatley 
Frank Angell Wheaton
Angell
Wheaton
Angell Wheaton 
Suzanna "Anna" Wibowo Anggarkusuma
Wibowo
Yanina Wickmayer
Wickmayer
Angelique "Angie" Widjaja
Widjaja
Judith Wiesner Plzl, Floimair
Hazel Virginia Wightman Hotchkiss
Wightman
Benny Wijaya
Wijaya
Anthony Frederick "Tony" Wilding
Wilding
Christopher "Chris" Wilkinson
Wilkinson
Arthur James "Jim" Willard
Willard
Richard Norris "Dick" Williams, III
Williams,
III
Williams, III 
Jorge R. Williams Camet
Williams
Camet
Williams Camet 
Serena Jamika Williams
Jamika
Williams
Jamika Williams 
Venus Ebony Starr Williams
Starr
Williams
Starr Williams 
Helen Newington Wills Moody, Roark
Ruth Isabel Winch Legh
Winch
Charles Lyndhurst Winslow
Lyndhurst
Winslow
Lyndhurst Winslow 
Bonit Wiryawan Sugiharto
Wiryawan
Sugiharto
Wiryawan Sugiharto 
Otto Woffek
Woffek
Camille Wolff
Wolff
Clare Jacqueline Wood
Jacqueline
Wood
Jacqueline Wood 
Todd Andrew Woodbridge
Andrew
Woodbridge
Andrew Woodbridge 
Mark Raymond Woodforde
Raymond
Woodforde
Raymond Woodforde 
Lorna Woodroffe
Woodroffe
Maxwell "Max" Woosnam
Woosnam
Caroline Wozniacki
Wozniacki
Aleksandra Wozniak
Wozniak
Beals Coleman Wright
Coleman
Wright
Coleman Wright 
Xia Jiaping
Jiaping
Xu Yifan
Yifan
Yan Zi
Yi Jingqian
Jingqian
Donald Oliver Young, Jr.
Young,
Jr.
Young, Jr. 
Yu JinSeon
Jin-Seon
Yu Xinyuan
Xinyuan
Yun YongIl
Yong-Il
Mikhail Mikhaylovich Yuzhny
Mikhaylovich
Yuzhny
Mikhaylovich Yuzhny 
Jaime Yzaga Tori
Yzaga
Tori
Yzaga Tori 
Mariano Zabaleta
Zabaleta
Khristina Zakhariadou
Zakhariadou
Anna Oleksandrivna Zaporozhanova
Oleksandrivna
Zaporozhanova
Oleksandrivna Zaporozhanova 
Emanuela Zardo
Zardo
Leonidas Theodoros "Leon" Zarifis
Zarifis
Nikolaos Zarifis
Zarifis
Arthur Zborzil
Zborzil
Igor Zelenay
Zelenay
Jaromr Zeman
Zeman
Jaroslav emla
emla
Ladislav emla
emla
Zdenk emla
emla
Zeng Shaoxuan
Shaoxuan
Avgoustos Zerlentis
Zerlentis
Zhang Shuai
Shuai
Zheng Jie
Jie
Zheng Saisai
Saisai
Nenad Zimonji
Zimonji
Slobodan ivojinovi
ivojinovi
Radomra "Radka" Zrubkov
Zrubkov
Fabiola Zuluaga Amado
Zuluaga
Amado
Zuluaga Amado 
Nataliya Maratovna "Natasha" Zvereva
Zvereva
Vera Igorevna Zvonaryova
Igorevna
Zvonaryova
Igorevna Zvonaryova 
