Diogo Ferreira Tribolet de Abreu
Ferreira
Tribolet
Abreu
Leonie Adam
Adam
Nicole Ahsinger
Ahsinger
Pirmammad Sadiyarovich Aliyev
Sadiyarovich
Aliyev
Rafael Oliveira Andrade
Oliveira
Andrade
Nathan Stephen C. Bailey
Stephen
Bailey
Erin Blanchard
Blanchard
Ali Bourai
Bourai
Lee John Brearley
John
Brearley
Jason Nicholas Burnett
Nicholas
Burnett
Flavio Cannone
Cannone
Oleksandr Vasylovych Chernonos
Vasylovych
Chernonos
Nataliya Aleksandrovna Chernova
Aleksandrovna
Chernova
Karen Cockburn Turgeon
Cockburn
Turgeon
Lesley Daly
Daly
Anna Aleksandre DogonadzeLilkendey
Aleksandre
DogonadzeLilkendey
Dong Dong
Dong
Logan Dooley
Dooley
Katherine Joan "Kat" Driscoll
Joan
"Kat"
Driscoll
Christopher "Chris" Estrada
"Chris"
Estrada
Nikita Viktorovich Fedorenko
Viktorovich
Fedorenko
Robyn Forbes
Forbes
Zita Frydrychov
Frydrychov
Akiko Furu
Furu
Diogo Almeida Messias Ganchinho
Almeida
Messias
Ganchinho
Gao Lei
Lei
Blake Gaudry
Gaudry
Steven Lawrence Gluckstein
Lawrence
Gluckstein
Luba Golovina
Golovina
Vladislav Olegovich Goncharov
Olegovich
Goncharov
Anna Yuryevna Gorchyonok
Yuryevna
Gorchyonok
He Wenna
Wenna
Haruka Hirota
Hirota
Huang Shanshan
Shanshan
Masaki Ito
Ito
Peter Jensen
Jensen
Marine Marlene Christelle Jurbert
Marlene
Christelle
Jurbert
Irina Vladimirovna Karavayeva
Vladimirovna
Karavayeva
Nataliya Vladimirovna Karpenkova
Vladimirovna
Karpenkova
Nikolay Petrovich Kazak
Petrovich
Kazak
Yekaterina Viktorovna Khilko
Viktorovna
Khilko
Rusudan Khoperia
Khoperia
Ayano Kishi
Kishi
Maryna Viktorivna Kyiko
Viktorivna
Kyiko
Kirsten Lawton
Lawton
Andrea Augusta Gemma "Rea" Lenders
Augusta
Gemma
"Rea"
Lenders
Li Dan
Dan
Lu Chunlong
Chunlong
Rosannagh "Rosie" MacLennan
"Rosie"
MacLennan
David Martin
Martin
Ludovic Martin
Martin
Sbastien Martiny
Martiny
Nuno Henrique dos Santos Pramos Merino
Henrique
dos
Santos
Pramos
Merino
Vyacheslav Borisovich Model
Borisovich
Model
Jaime Moore
Moore
Aleksandr Nikolayevich Moskalenko
Nikolayevich
Moskalenko
Nataliya Yevhenivna Moskvina
Yevhenivna
Moskvina
Olena Dmytrivna Movchan
Dmytrivna
Movchan
Mu Yongfeng
Yongfeng
Ginga Munetomo
Munetomo
Rana Nakano
Nakano
Daisuke Nakata
Nakata
Yuriy Viktorovych Nikitin
Viktorovych
Nikitin
Bryony Kate Frances Page
Kate
Frances
Page
Jennifer Parilla
Parilla
Yana Vladimirovna Pavlova
Vladimirovna
Pavlova
Mikhail Pelivanidis
Pelivanidis
Grgoire Pennes
Pennes
Tatyana Olegovna Petrenya
Olegovna
Petrenya
Dmitry Vladimirovich Polyarush
Vladimirovich
Polyarush
Lenka Popkin Honzkov
Popkin
Honzkov
Katana Prokeov
Prokeov
Ana Patrcia Robert de Oliveira Rente
Patrcia
Robert
Oliveira
Rente
Heather RossMcManus
RossMcManus
Aleksandr Anatolyevich Rusakov
Anatolyevich
Rusakov
Dylan Matthew Schmidt
Matthew
Schmidt
Michael Serth
Serth
Gary Smith
Smith
Tetsuya Sotomura
Sotomura
Henrik Stehlik
Stehlik
Oksana Mykolavna Tsyhulova
Mykolavna
Tsyhulova
Mathieu Turgeon
Turgeon
Yasuhiro Ueyama
Ueyama
Dmitry Arkadyevich Ushakov
Arkadyevich
Ushakov
Petra Vachnkov
Vachnkov
Alan Gabriel Villafuerte
Gabriel
Villafuerte
Savannah Vinsant
Vinsant
Viktoriya Aleksandrovna Voronina
Aleksandrovna
Voronina
Ji Glenn Wallace
Glenn
Wallace
Markus Wiesner
Wiesner
Ben Wilden
Wilden
Claire Wright
Wright
Andrey Dmitriyevich Yudin
Dmitriyevich
Yudin
