Anastasiya Aleksandrovna Abrosimova
Aleksandrovna
Abrosimova
Aleksandrovna Abrosimova 
Irina Alekseyevna Abysova
Alekseyevna
Abysova
Alekseyevna Abysova 
Mariko Adachi
Adachi
Simon Agoston
Agoston
Fernando Alarza Vicente
Alarza
Vicente
Alarza Vicente 
Marko Albert
Albert
Katherine Jessie Jean "Kate" Allen Diechtler
Allen
Nancy Judith lvarez
Judith
lvarez
Judith lvarez 
Nina Valentinovna Anisimova
Valentinovna
Anisimova
Valentinovna Anisimova 
Jolanda Annen
Annen
Nancy ArendtKemp
Arendt-Kemp
Miguel da Cunha Arraiolos
Cunha
Arraiolos
Cunha Arraiolos 
Courtney Atkinson
Atkinson
Hollie May Avil
May
Avil
May Avil 
Bai Faquan
Faquan
Ryan Bailie
Bailie
Herv Banti
Banti
Armando Lus Barcellos da Silva
Silva
da Silva 
Robert Alexander "Rob" Barel
Barel
Svenja Bazlen
Bazlen
Cassandre Beaugrand
Beaugrand
Frdric Belaubre
Belaubre
Gregory Sydney "Greg" Bennett
Bennett
Laura Marie Bennett Reback
Bennett
Gordon James Benson
James
Benson
James Benson 
Sander Johannes Gerardes Berk
Gerardes
Berk
Gerardes Berk 
Renata Berkov
Berkov
Stphan Bignet
Bignet
Gregory "Greg" Billington
Billington
Maribel Blanco Velasco
Blanco
Velasco
Blanco Velasco 
Carl Blasco
Blasco
Kristian Blummenfeldt
Blummenfeldt
Dirk Bockel
Bockel
Ryan Benjamin Bolton
Benjamin
Bolton
Benjamin Bolton 
Charlotte Bonin
Bonin
Alessandro Bottoni
Bottoni
Matas Jorge Brain Pea
Brain
Pea
Brain Pea 
Eva Maria BrambckDollinger
Maria
Brambck-Dollinger
Maria Brambck-Dollinger 
SarahAnne Brault
Brault
Elizabeth Mara Bravo iguez
Bravo
iguez
Bravo iguez 
Sian Helen Brice Pilling
Brice
Benjamin Clifford "Ben" Bright
Bright
Alistair Edward Brownlee
Edward
Brownlee
Edward Brownlee 
Jonathan Callum "Jonny" Brownlee
Brownlee
Aleksandr Aleksandrovich Bryukhankov
Aleksandrovich
Bryukhankov
Aleksandrovich Bryukhankov 
Ana Burgos Acua
Burgos
Acua
Burgos Acua 
Tyler Barbour Butterfield
Barbour
Butterfield
Barbour Butterfield 
Maaike Caelers
Caelers
Hamish Clive Carter
Clive
Carter
Clive Carter 
Miriam Casillas Garca
Casillas
Garca
Casillas Garca 
Jan elstka
elstka
Eligio Cervantes Islas
Cervantes
Islas
Cervantes Islas 
Leonardo Chacn Corrales
Chacn
Corrales
Chacn Corrales 
Emma "Emmie" Charayron
Charayron
Daniela Chmet
Chmet
Edith Cigana
Cigana
William Roger "Will" Clarke
Clarke
Reinaldo Colucci
Colucci
Dorian Coninx
Coninx
Adriana Faviola Corona Garca
Corona
Garca
Corona Garca 
Nadia Cortassa Gabba
Cortassa
Peter Croes
Croes
Maria Czenik
Czenik
Emilio D'Aquino
D'Aquino
Marina Damlaimcourt Uceda
Damlaimcourt
Uceda
Damlaimcourt Uceda 
Ron Darmon
Darmon
Emma Davis
Davis
Fiorella D'Croz Brusatin
D'Croz
Brusatin
D'Croz Brusatin 
Simon De Cuyper
Cuyper
De Cuyper 
Leandro Corrieri de Macedo
Macedo
de Macedo 
Ewa Dederko
Dederko
Sebastian Dehmer
Dehmer
Erin Densham
Densham
Julie Claire Dibens Ricketts
Dibens
Michelle Margret Dillon
Margret
Dillon
Margret Dillon 
DenizMarina Dimaki
Dimaki
Anja Dittmer
Dittmer
Bevan John Docherty
John
Docherty
John Docherty 
Tony Boyd Dodds
Boyd
Dodds
Boyd Dodds 
Norbert Domnik
Domnik
Timothy Philip "Tim" Don
Don
Sharon Lynn Donnelly
Lynn
Donnelly
Lynn Donnelly 
Flora Jane Duffy
Jane
Duffy
Jane Duffy 
Nra EdcsnyHbor
Edcsny-Hbor
Johannes Enzenhofer
Enzenhofer
Alessandro Fabian
Fabian
Gbor Faldum
Faldum
Lawrence Fanous
Fanous
Christopher James "Chris" Felgate
Felgate
Vanessa de Sousa Fernandes
Sousa
Fernandes
Sousa Fernandes 
Karina Fernndez Madrigal
Fernndez
Madrigal
Fernndez Madrigal 
Paula Findlay
Findlay
Ryan Fisher
Fisher
Daniel Monzozo Fontana
Monzozo
Fontana
Monzozo Fontana 
Stephanie Emma Forrester
Emma
Forrester
Emma Forrester 
Joelle Franzmann
Franzmann
Helle Houmann Frederiksen
Houmann
Frederiksen
Houmann Frederiksen 
Vendula Frintov
Frintov
Jan Frodeno
Frodeno
Hideo Fukui
Fukui
Dmitry Vladimirovich Gaag
Vladimirovich
Gaag
Vladimirovich Gaag 
Oscar Sal Galndez
Sal
Galndez
Sal Galndez 
Jelle Geens
Geens
Silvia Gemignani
Gemignani
Kris Gemmell
Gemmell
Olga Nikolayevna Generalova
Nikolayevna
Generalova
Nikolayevna Generalova 
Ashleigh Gentle
Gentle
Andreas Giglmayr
Giglmayr
Anik Gg
Francisco Javier Gmez Noya
Gmez
Noya
Gmez Noya 
Gilberto Carlos Gonzlez Parra
Gonzlez
Parra
Gonzlez Parra 
Rodrigo Gonzlez Lpez
Gonzlez
Lpez
Gonzlez Lpez 
Crisanto Grajales Valencia
Grajales
Valencia
Grajales Valencia 
Sarah Brooke GroffTrue
Brooke
Groff-True
Brooke Groff-True 
Lauren Groves
Groves
JeanChristophe Guinchard
Guinchard
Jennifer Ann Gutierrez
Ann
Gutierrez
Ann Gutierrez 
Nicole Leanne Hackett
Leanne
Hackett
Leanne Hackett 
Tania Haibck
Haibck
Lucy Margaret Hall
Margaret
Hall
Margaret Hall 
Megan Penelope Hall Evans
Hall
Jan Knobelauch Hansen
Knobelauch
Hansen
Knobelauch Hansen 
Jessica Harrison
Harrison
Loretta Harrop
Harrop
Sarah Haskins Kortuem
Haskins
Anne Haug
Haug
Julia Hauser
Hauser
David Hauss
Hauss
Stuart Phillip A. Hayes
Hayes
A. Hayes 
Rasmus Henning
Henning
Heo MinHo
Min-Ho
Vicente Hernndez Cabrera
Hernndez
Cabrera
Hernndez Cabrera 
Andrea Hewitt
Hewitt
Pilar Hidalgo Iglesias
Hidalgo
Iglesias
Hidalgo Iglesias 
Rina Hill Bradshaw
Hill
Akiko HiraoSekine
Hirao-Sekine
Andriy Oleksandrovych Hlushchenko
Oleksandrovych
Hlushchenko
Oleksandrovych Hlushchenko 
Christine Hocq
Hocq
Victoria Frances "Vicky" Holland
Holland
Ludowieka Victoria "Wieke" Hoogzaad
Hoogzaad
Yuichi Hosoda
Hosoda
Haruna Hosoya
Hosoya
Manuel "Manny" Huerta Cardeas
Huerta
Cardeas
Huerta Cardeas 
Reto Hug
Hug
Juri Ide
Ide
Ivan Oleksiyovych Ivanov
Oleksiyovych
Ivanov
Oleksiyovych Ivanov 
Emma Jackson
Jackson
Marek Jaskka
Jaskka
Colin Jenkins
Jenkins
Marc Rhys Jenkins
Rhys
Jenkins
Rhys Jenkins 
Line Jensen
Jensen
Agnieszka Jerzyk
Jerzyk
Andrew Johns
Johns
Kyle Jones
Jones
Michellie Yvonne Jones
Yvonne
Jones
Yvonne Jones 
Gwen Rosemary Jorgensen Lemieux
Jorgensen
Steffen Justus
Justus
Bradley "Brad" Kahlefeldt
Kahlefeldt
Ben Kanute
Kanute
Yurie Kato
Kato
Bryan Keane
Keane
Markus Keller
Keller
Hunter Craig Kemper
Craig
Kemper
Craig Kemper 
Kaidi Kivioja
Kivioja
Rachel Shamiso Klamer
Shamiso
Klamer
Shamiso Klamer 
Zsfia Kovcs
Kovcs
Amlie Kretz
Kretz
Martin Krvek
Krvek
Vasilios Krommydas
Krommydas
Csaba Kuttor
Kuttor
Mikhail Kuznetsov
Kuznetsov
Beatrice Lanza
Lanza
Pierre Le Corre
Corre
Le Corre 
Chi Wo "Daniel" Lee
Lee
Simon Christopher Lessing
Christopher
Lessing
Christopher Lessing 
Laura Lindemann
Lindemann
Barbara Metz "Barb" Lindquist
Lindquist
Ricarda Lisk
Lisk
Eneko Llanos Burguera
Llanos
Burguera
Llanos Burguera 
Xavier Llobet Sallent
Llobet
Sallent
Llobet Sallent 
Dennis Looze
Looze
Tracy Lee Looze Hargreaves
Looze
Vincent Luis
Luis
Mak So Ning "Tania"
Ning
Joe Maloy
Maloy
Mark Marabini
Marabini
Olivier Marceau
Marceau
Duarte da Silva Marques
Silva
Marques
Silva Marques 
Sibylle Matter
Matter
Elizabeth Nicola "Liz" Holst May
Holst
May
Holst May 
Annamaria Mazzetti
Mazzetti
Samantha McGlone
McGlone
Kate McIlroy
McIlroy
Brent McMahon
McMahon
Brigitte McMahon Huber
McMahon
Roland Melis
Melis
Lisa Mensink
Mensink
Jos Mara Merchn Illanes
Merchn
Illanes
Merchn Illanes 
Audrey Merle
Merle
Magali Di Marco Messmer Chopard
Messmer
Claire Michel
Michel
Tyler Mislawchuk
Mislawchuk
Paulo Henrique Miyashiro Abreu
Miyashiro
Abreu
Miyashiro Abreu 
Emma Moffatt
Moffatt
Mario Mola Daz
Mola
Daz
Mola Daz 
Erika Molnr
Molnr
Carol Montgomery
Montgomery
Lizel Moore
Moore
Mara Carmenza Morales Rendn
Morales
Rendn
Morales Rendn 
Juraci Moreira Jnior
Moreira
Jnior
Moreira Jnior 
Carla Priscile Moreno
Priscile
Moreno
Priscile Moreno 
Aileen MorrisonReid
Morrison-Reid
Tony Moulay
Moulay
Batrice Mouthon
Mouthon
Isabelle MouthonMichellys
Mouthon-Michellys
Carolyn Murray
Murray
Richard Murray
Murray
Ainhoa Mura Zubizarreta
Mura
Zubizarreta
Mura Zubizarreta 
Machiko Nakanishi
Nakanishi
Hiroyuki Nishiuchi
Nishiuchi
Kiyomi Niwata
Niwata
Gavin Noble
Noble
Elina Elisabeth "Lisa" Nordn
Nordn
Takumi Obara
Obara
Mariana Ohata
Ohata
Pmella Nascimento de Oliveira
Oliveira
de Oliveira 
Filip Ospal
Ospal
Marie Birch Overbye
Birch
Overbye
Birch Overbye 
Bruno Miguel Forte Pais
Forte
Pais
Forte Pais 
Delphine Pelletier
Pelletier
Carole Pon
Pon
Silvia Maria Johannes Pepels
Johannes
Pepels
Johannes Pepels 
Joo Jos Sales Henriques de Carvalho Pereira
Carvalho
Pereira
Carvalho Pereira 
Cecilia Gabriela Prez Flores
Prez
Flores
Prez Flores 
Irving Adrin Prez Pineda
Prez
Pineda
Prez Pineda 
Jos Miguel Prez Martnez
Prez
Martnez
Prez Martnez 
Lisa Perterer
Perterer
Maik Petzold
Petzold
Rostislav Pevtsov
Pevtsov
Christiane Pilz
Pilz
Victor Andres Plata Lang
Plata
Lang
Plata Lang 
Volodymyr Volodymyrovych Polikarpenko
Volodymyrovych
Polikarpenko
Volodymyrovych Polikarpenko 
Dmitry Andreyevich Polyansky
Andreyevich
Polyansky
Andreyevich Polyansky 
Igor Andreyevich Polyansky
Andreyevich
Polyansky
Andreyevich Polyansky 
Andrew Robert "Andy" Potts
Potts
Stphane Poulat
Poulat
Christian Prochnow
Prochnow
Carlos Javier Quinchara Forero
Quinchara
Forero
Quinchara Forero 
Mari Rabie
Rabie
Nicholas Edward "Nick" Radkewich
Radkewich
Lenka RadovZemanov
Radov-Zemanov
Andreas Raelert
Raelert
Ivn Raa Fuentes
Raa
Fuentes
Raa Fuentes 
Aleksandra Germanovna Razaryonova
Germanovna
Razaryonova
Germanovna Razaryonova 
Matthew John "Matty" Reed
Reed
Shane Reed
Reed
Jan ehula
ehula
Nathan William McClure Richmond
McClure
Richmond
McClure Richmond 
Sven Riederer
Riederer
Claudia Rivas Vega
Rivas
Vega
Rivas Vega 
Brbara Catalina Riveros Daz
Riveros
Daz
Riveros Daz 
Kate "Katie" Roberts
Roberts
Peter John Robertson
John
Robertson
John Robertson 
Zurie Rodrguez Snchez
Rodrguez
Snchez
Rodrguez Snchez 
Javier Rosas Sierra
Rosas
Sierra
Rosas Sierra 
Carolina "Carol" Routier Caigueral
Routier
Caigueral
Routier Caigueral 
Aaron John Royle
John
Royle
John Royle 
Daniela Ryf
Ryf
Andrea Nicolas Salvisberg
Nicolas
Salvisberg
Nicolas Salvisberg 
Nicky Samuels
Samuels
Gillian Sanders
Sanders
Danylo Volodymyrovych Sapunov
Volodymyrovych
Sapunov
Volodymyrovych Sapunov 
Yuka Sato
Sato
Jill Savege
Savege
Andreas Schilling Andersen
Schilling
Andersen
Schilling Andersen 
Henri Schoeman
Schoeman
Diogo Sclebin
Sclebin
Maxine Seear
Seear
Francisco Serrano Plowells
Serrano
Plowells
Serrano Plowells 
Brendan Sexton
Sexton
Yekaterina Vladimirovna Shatnaya
Vladimirovna
Shatnaya
Vladimirovna Shatnaya 
Shi Meng
Meng
Jarrod Shoemaker
Shoemaker
Mariya Sergeyevna Shorets
Sergeyevna
Shorets
Sergeyevna Shorets 
Joo Pedro Lopes da Silva
Silva
da Silva 
Mateja imic
imic
Pavel imko
imko
Ryan Sissons
Sissons
Kathleen Smet
Smet
Emma Laura Snowsill Frodeno
Snowsill
Sandra Soldan
Soldan
Nicola Spirig Hug
Spirig
Hug
Spirig Hug 
Thomas Springer
Springer
Fabienne Aline St Louis
Louis
St Louis 
Non Rhiannydd Stanford
Rhiannydd
Stanford
Rhiannydd Stanford 
Miles Stephen Stewart
Stephen
Stewart
Stephen Stewart 
Conrad Willem Stoltz
Willem
Stoltz
Willem Stoltz 
Mieke Suys
Suys
Pemysl varc
varc
Julie SwailErtel
Swail-Ertel
Jodie Ann Swallow Cunnama
Swallow
Kirsten Sweetland
Sweetland
Igor Vladimirovich Sysoyev
Vladimirovich
Sysoyev
Vladimirovich Sysoyev 
Zita Livia Szab
Livia
Szab
Livia Szab 
Luciano Taccone
Taccone
Debbie Tanner
Tanner
Sheila Christine Taormina
Christine
Taormina
Christine Taormina 
Hirokatsu Tayama
Tayama
Omar Tayara Rodrguez
Tayara
Rodrguez
Tayara Rodrguez 
Gonzalo Ral Tellechea
Ral
Tellechea
Ral Tellechea 
Simon Thompson
Thompson
Paul Tichelaar
Tichelaar
Tams Tth
Tth
Kathy Tremblay
Tremblay
Helen Rebecca TuckerJenkins
Rebecca
Tucker-Jenkins
Rebecca Tucker-Jenkins 
Isabelle Turcotte Baird
Turcotte
Baird
Turcotte Baird 
Davide Uccellari
Uccellari
Ai Ueda
Ueda
Daniel Unger
Unger
Felipe van de Wyngard
Wyngard
de Wyngard 
Eric van der Linden
der
Linden
der Linden 
Ingrid Jeanine van Lubek
van
Lubek
van Lubek 
Marten Van Riel
Van
Riel
Van Riel 
Margit Vanek
Vanek
Richard Varga
Varga
Ivan Mikhaylovich Vasilyev
Mikhaylovich
Vasilyev
Mikhaylovich Vasilyev 
Katrien Verstuyft
Verstuyft
Laurent Vidal
Vidal
Sara Vilic
Vilic
Radka Vodikov
Vodikov
Stephan Vuckovic
Vuckovic
Craig Walton
Walton
Wang Dan
Dan
Wang Daqing
Daqing
Wang Hongni
Hongni
Wang Lianyuan
Lianyuan
Samantha "Sam" Warriner Bradley
Warriner
Craig Robert Watson
Robert
Watson
Robert Watson 
Simon St. Quentin Whitfield
Quentin
Whitfield
Quentin Whitfield 
Ruedi Wild
Wild
Karl Edmund Joachim Willn
Joachim
Willn
Joachim Willn 
Susan Rene Williams Bartholomew
Williams
Evelyn Catherine Laura Williamson
Laura
Williamson
Laura Williamson 
Jason Wilson
Wilson
Iona Wynter
Wynter
Xing Lin
Lin
Ryosuke Yamamoto
Yamamoto
Yuliya Oleksandrivna YelistratovaSapunova
Oleksandrivna
Yelistratova-Sapunova
Oleksandrivna Yelistratova-Sapunova 
Andrew Yorke
Yorke
Katie Zaferes Hursey
Zaferes
Olga Aleksandrovna Zausaylova
Aleksandrovna
Zausaylova
Aleksandrovna Zausaylova 
Axel Zeebroek
Zeebroek
Joanna Sue Zeiger
Sue
Zeiger
Sue Zeiger 
Lucie Zelenkov Reed
Zelenkov
Zhang Yi
