Mahmoud Abd ElKader
Abd
ElKader
Hossam Abdalla
Abdalla
Mahmoud Abdel Aziz
Abdel
Aziz
Mohamed Abdel Hamed
Abdel
Hamed
Ahmed Abdel Naeim
Abdel
Naeim
Khaled Abdel Rahman
Abdel
Rahman
Ahmed Abdelaal
Abdelaal
Mamdouh Abdelrehim
Abdelrehim
Mouni Abderrahim
Abderrahim
Fawziya Abdoulkarim
Abdoulkarim
Alexandre Abeid
Abeid
Thorine Christelle Aboa Mbeza
Christelle
Aboa
Mbeza
Abdelhalim Muhammad Abou
Muhammad
Abou
Ashraf Abou ElHassan
Abou
ElHassan
Mahmoud Abou Elelaa
Abou
Elelaa
Gaber Mooti Abou Zeid
Mooti
Abou
Zeid
Pavel Sergeyevich Abramov
Sergeyevich
Abramov
Nelli Mikhaylovna Abramova
Mikhaylovna
Abramova
Dallal Merwa Achour
Merwa
Achour
Roslandy del Valle Acosta Alvarado
del
Valle
Acosta
Alvarado
Tanya Acosta
Acosta
Rachael Alexis Adams
Alexis
Adams
Adenzia Aparecida Ferreira da Silva
Aparecida
Ferreira
Silva
Ahmed Afifi
Afifi
Taismary "Tai" Agero Leiva Botteghi
"Tai"
Agero
Leiva
Botteghi
Tomas Alonso Aguilera Armendariz
Alonso
Aguilera
Armendariz
Carlos Aguirre
Aguirre
Robyn Mokihana Ah MowSantos
Mokihana
MowSantos
Abdalla Ahmed
Ahmed
Abdel Latif Ahmed
Latif
Ahmed
Tassadit Assou
Assou
Fiorella Ata Junek
Ata
Junek
Yelena Rabigovna Akhaminova Sokolovskaya
Rabigovna
Akhaminova
Sokolovskaya
Foluke Antinuke Akinradewo
Antinuke
Akinradewo
Marina Sergeyevna Akulova
Sergeyevna
Akulova
Wael AlAydy
AlAydy
Fouad Salam Alam
Salam
Alam
Joseph Marc Albert
Marc
Albert
Brett Alderman
Alderman
Eliana Maria Nagib Aleixo
Maria
Nagib
Aleixo
Aleksandar Aleksandrov
Aleksandrov
Todor Nikolaev Aleksiev
Nikolaev
Aleksiev
Edward "Ed" Alexiuk
"Ed"
Alexiuk
Maura Alfonso
Alfonso
Nataliya Adamovna Alimova Trandenkova
Adamovna
Alimova
Trandenkova
ngel Alonso Nieto
Alonso
Nieto
John Kirby Alstrom
Kirby
Alstrom
Thiago Soares Alves
Soares
Alves
Attia ElSayed Aly
ElSayed
Aly
Amauri Ribeiro
Ribeiro
Zdzisaw Stanisaw Ambroziak
Stanisaw
Ambroziak
An GyeongJa
GyeongJa
Ana Flvia Chritaro Daniel Sanglard
Flvia
Chritaro
Daniel
Sanglard
Ana Lcia de Camargo Barros
Lcia
Camargo
Barros
Ana Paula Rodrigues Connelly Rodrigues Henkel
Paula
Rodrigues
Connelly
Rodrigues
Henkel
Anderson de Oliveira Rodrigues
Oliveira
Rodrigues
Matthew John "Matt" Anderson
John
"Matt"
Anderson
Jayce Josefina Andrade Andrade
Josefina
Andrade
Andrade
Bjrn Andrae
Andrae
Yelena Valentinovna Andreyuk Chesnokova
Valentinovna
Andreyuk
Chesnokova
Rivomanantsoa Andriamaonju
Andriamaonju
Yordan Angelov
Angelov
Stphane Antiga
Antiga
Oleg Antonov
Antonov
Yaroslav Viktorovich Antonov
Viktorovich
Antonov
Oegs Antropovs
Antropovs
Marija Anzulovi
Anzulovi
Tarek Aouni
Aouni
Shigeru Aoyama
Aoyama
Nikolay Sergeyevich Apalikov
Sergeyevich
Apalikov
Erika Araki
Araki
Yuko Arakida
Arakida
Alexeis Argilagos Segura
Argilagos
Segura
Cndida Estefany Arias Prez
Estefany
Arias
Prez
William Peixoto Arjona
Peixoto
Arjona
Arlene de Queiroz Xavier
Queiroz
Xavier
Maike Arlt
Arlt
Regyna Armonas
Armonas
Valentina Arrighetti
Arrighetti
Gabriel Adrin Arroyo
Adrin
Arroyo
Yevgeniya Viktorovna ArtamonovaEstes
Viktorovna
ArtamonovaEstes
Aderval Luiz Arvani
Luiz
Arvani
Olga Asato Hichiva
Asato
Hichiva
Andrey Viktorovich Ashchev
Viktorovich
Ashchev
Halina Aszkieowicz Wojno
Aszkieowicz
Wojno
Aleksandar Atanasijevi
Atanasijevi
Dinko Atanasov
Atanasov
Eslam Awad
Awad
Essam Awad
Awad
Naz Aydemir Akyol
Aydemir
Akyol
Hamid Mohamed Azim
Mohamed
Azim
Elisabeth Anne "Wiz" Bachman McCutcheon
Anne
"Wiz"
Bachman
McCutcheon
Richard "Rick" Bacon
"Rick"
Bacon
Antnio Carlos "Badalhoca" Gueiros Ribeiro
Carlos
"Badalhoca"
Gueiros
Ribeiro
Mohamed Badawy
Badawy
Kamaluddin Badi
Badi
Svetlana Mikhaylovna Badulina Safronova
Mikhaylovna
Badulina
Safronova
Bae YooNa
YooNa
Baek MyeongSeon
MyeongSeon
TontorZlatko Baev
Baev
Mohamed Baghdadi
Baghdadi
Oluwadamilola "Dami" Bakare
"Dami"
Bakare
Peter Oluwaclamilare K. Bakare
Oluwaclamilare
Bakare
Micha Bkiewicz
Bkiewicz
Konstantin Anatolyevich Bakun
Anatolyevich
Bakun
Viorel Bla
Bla
Maret BalkesteinGrothues
BalkesteinGrothues
Lloy James Ball
James
Ball
Jutta Balster Puls
Balster
Puls
Victoria Banciu Caranda
Banciu
Caranda
Bang JiSeop
JiSeop
Bang SinBong
SinBong
Lucia BnhegyiRad
BnhegyiRad
Blair Cameron Bann
Cameron
Bann
Kayla Banwarth
Banwarth
Jorge Alejandro Barajas Gonzlez
Alejandro
Barajas
Gonzlez
Sergey Andreyevich Baranov
Andreyevich
Baranov
Anna Baraska Werbliska
Baraska
Werbliska
Violet Awidi Barasa
Awidi
Barasa
Jenny Barazza
Barazza
Antonio Barbet
Barbet
Nicolae Brbu
Brbu
Philippe BarcaCysique
BarcaCysique
Gyngyi BardiGerevich
BardiGerevich
Mounir Barek
Barek
Andrea Bari
Bari
Nelly Barnet Wilson
Barnet
Wilson
Kevin Rees Barnett
Rees
Barnett
Tamsin BarnettHinchley
BarnettHinchley
John Barrett
Barrett
Carlos Barron
Barron
Zoila Barros Fernndez
Barros
Fernndez
Gyula Bartha
Bartha
Zbigniew Bartman
Bartman
Vladimir Batez
Batez
Alexis Batle Arredono
Batle
Arredono
Yelena Nikolayevna BatukhtinaTyurina
Nikolayevna
BatukhtinaTyurina
Yudelkys Bautista
Bautista
Louise Bawden
Bawden
Elizabeth "Betty" Baxter
"Betty"
Baxter
Luren Baylon Francis
Baylon
Francis
David Beard
Beard
Lynne Beattie
Beattie
Jeanne Marie Beauprey Reeves
Marie
Beauprey
Reeves
Bronisaw Bebel
Bebel
Paulo Roberto "Bebeto" de Freitas
Roberto
"Bebeto"
Freitas
Carolyn Marie Becker
Marie
Becker
Nick Adrian Becker
Adrian
Becker
Agnieszka Bednarek Kasza
Bednarek
Kasza
Bartosz Bednorz
Bednorz
Oueil Behi Mohamed
Behi
Mohamed
Khaled Bel Ad
Bel
Pierre Blanger
Blanger
Yvon Belin
Belin
Anastasiya Aleksandrovna Belikova
Aleksandrovna
Belikova
Rachel Beliveau
Beliveau
Regla Maritza Bell McKenzie
Maritza
Bell
McKenzie
Giulio Belletti
Belletti
Angel Beltrn Mario
Beltrn
Mario
Lazaro Beltrn Rizo
Beltrn
Rizo
Walid Ben Abbes
Ben
Abbes
Abdel Aziz Ben Abdallah
Aziz
Ben
Abdallah
Faycal Ben Amara
Ben
Amara
Hichem Ben Amira
Ben
Amira
Rafik Ben Amor
Ben
Amor
Mehdi Ben Cheikh
Ben
Cheikh
Bilel Ben Hassine
Ben
Hassine
ElTayeb ElHadj Ben Khelfallah
ElHadj
Ben
Khelfallah
Abderrazak Ben Massaoud
Ben
Massaoud
Hamouda Ben Massaoud
Ben
Massaoud
Naceur Ben Othman
Ben
Othman
Hichem Ben Romdhane
Ben
Romdhane
Mohamed Ben Sheikh
Ben
Sheikh
Lotfi Ben Slimane
Ben
Slimane
Mohamed Ben Slimane
Ben
Slimane
Moncef Ben Soltane
Ben
Soltane
Jlia Bendeov
Bendeov
Christina Benecke
Benecke
Nassima Saleha Benhamouda ep Akouche
Saleha
Benhamouda
Akouche
Edwin Johannes Benne
Johannes
Benne
Zohra Bensalem
Bensalem
Yury Viktorovich Berezhko
Viktorovich
Berezhko
Lindsey Napela Berg
Napela
Berg
Larisa Abramovna Bergen Goncharova
Abramovna
Bergen
Goncharova
Ralph Bergmann
Bergmann
Krimo Bernaoui
Bernaoui
Bernard Rajzman
Rajzman
Lorenzo Bernardi
Bernardi
Bernardo "Bernardinho" Rocha de Rezende
"Bernardinho"
Rocha
Rezende
Mehrez Berriri
Berriri
Maria Catherine Bertelli
Catherine
Bertelli
Sabrina Bertini
Bertini
Franco Bertoli
Bertoli
Aldis Imants Berzins
Imants
Berzins
Monika Beu
Beu
Ana Beatriz "Bia" Francisco das Chagas
Beatriz
"Bia"
Francisco
das
Chagas
Bian Hongmin
Hongmin
Jernimo Anbal Bidegain
Anbal
Bidegain
Volodymyr Ivanovych Bieliaiev
Ivanovych
Bieliaiev
Mateusz Bieniek
Bieniek
Brook Michael Billings
Michael
Billings
Astra Biltauere Rubene
Biltauere
Rubene
Emanuele Birarelli
Birarelli
Carole Bishop
Bishop
va Biszku
Biszku
Zsuzsanna "Zsuzsa" Biszku
"Zsuzsa"
Biszku
Novica Bjelica
Bjelica
Hkan David Gunnarsson Bjrne
David
Gunnarsson
Bjrne
Jelena Blagojevi
Blagojevi
Philippe Blain
Blain
Aleoscar Ruseth Blanco Iriarte
Ruseth
Blanco
Iriarte
Juan Carlos Blanco Macuma
Carlos
Blanco
Macuma
Peter Blang
Blang
Jay Michael Blankenau
Michael
Blankenau
Gbor Bod
Bod
Madeleine Samantha Bodo Essissima
Samantha
Bodo
Essissima
Jacintha Hedwig Jeanne "Cintha" Boersma
Hedwig
Jeanne
"Cintha"
Boersma
Vladimir Bogoevski
Bogoevski
Marcus Bhme
Bhme
Dejan Bojovi
Bojovi
Zsuzsanna "Zsuzsa" BokrosTrk
"Zsuzsa"
BokrosTrk
Dante Boninfante
Boninfante
Antonio Bonini
Bonini
Johannes Cornelius "Rob" Bontje
Cornelius
"Rob"
Bontje
Maurcio Borges Almeida Silva
Borges
Almeida
Silva
Victor Mrio Barcellos Borges
Mrio
Barcellos
Borges
Verka Borisova Stoyanova
Borisova
Stoyanova
Mariya Vladimirovna BorodakovaBorisenko
Vladimirovna
BorodakovaBorisenko
Lyudmila Vasilyevna Borozna Zhigily
Vasilyevna
Borozna
Zhigily
Fernando Marcelo Borrero
Marcelo
Borrero
Evelina Borroto Donner
Borroto
Donner
Viktor Nikolayevich Borshch
Nikolayevich
Borshch
Leticia Boscacci
Boscacci
Ryszard Bosek
Bosek
Caterina Chiara Bosetti
Chiara
Bosetti
Lucia Bosetti
Bosetti
Slobodan Bokan
Bokan
Tijana Bokovi
Bokovi
Willem Bossaerts
Bossaerts
Atika Bouagaa
Bouagaa
Ronald Hermannus "Ron" Boudrie
Hermannus
"Ron"
Boudrie
Safia Boukhima
Boukhima
Walid Boulahya
Boulahya
AlNaceur Bounatouf
Bounatouf
Celia Bourihane
Bourihane
Abdel Aziz Bousarsar
Aziz
Bousarsar
Hedi Bousarsar
Bousarsar
Rashid Bousarsar
Bousarsar
ric Bouvier
Bouvier
Vigor Bovolenta
Bovolenta
Sandra "Sandi" Bowen
"Sandi"
Bowen
Heather Erin Bown
Erin
Bown
Georgi Spasov Boyadzhiev
Spasov
Boyadzhiev
Kevin Currie Boyles
Currie
Boyles
Nataliya Bozhenova
Bozhenova
Tsvetana Bozhurina Fillippini
Bozhurina
Fillippini
Marco Bracci
Bracci
Antonella Bragaglia
Bragaglia
Rachel Emily Bragg
Emily
Bragg
Jovana BrakoeviKancian
BrakoeviKancian
Georgi Sashkov Bratoev
Sashkov
Bratoev
Valentin Sashkov Bratoev
Sashkov
Bratoev
Elizabeth "Liz" Brett
"Liz"
Brett
Carlos Martin Briceno
Martin
Briceno
David Michael "Mike" Bright
Michael
"Mike"
Bright
Patricia Ann Lucas "Patti" Bright
Ann
Lucas
"Patti"
Bright
Erna Augusta Brinkman
Augusta
Brinkman
Barbara "Barb" BroenOuelette
"Barb"
BroenOuelette
Freddy Brooks Bong
Brooks
Bong
Gino Brousseau
Brousseau
Marco Brouwers
Brouwers
Barry Ross Brown
Ross
Brown
Majella Brown
Brown
Bruno "Bruninho" Mossa de Rezende
"Bruninho"
Mossa
Rezende
Nicols Martn Bruno
Martn
Bruno
Dejan Brovi
Brovi
Kerri Ann Buchberger
Ann
Buchberger
Craig Werner Buck
Werner
Buck
Ivans Bugajenkovs
Bugajenkovs
Beate Bhler Faure
Bhler
Faure
Yuliya Buieva
Buieva
Anne Buijs
Buijs
Teunis "Teun" Buijs
"Teun"
Buijs
Lyudmila Stepanovna Buldakova Meshcheryakova
Stepanovna
Buldakova
Meshcheryakova
Katharina Bullin
Bullin
Nikolay Aleksandrovich Burobin
Aleksandrovich
Burobin
Bianka Bua
Bua
KlausDieter Buschle
Buschle
Florencia Natasha Busquets Reyes
Natasha
Busquets
Reyes
Rafa Buszek
Buszek
Simone Buti
Buti
Aleksandr Anatolyevich Butko
Anatolyevich
Butko
Byeon GyeongJa
GyeongJa
Eloisa Cabada
Cabada
Milagros Cabral de la Cruz
Cabral
Cruz
Maurizia Cacciatori
Cacciatori
Luis Felipe Calderon Blet
Felipe
Calderon
Blet
Mercedes Caldern Martnez
Caldern
Martnez
Rosir Calderon Daz
Calderon
Daz
Jol Ignacio Calva Vazquez 
Ignacio
Calva
Vazquez
Milagros Beatriz Cmere Puga
Beatriz
Cmere
Puga
Luke Campbell
Campbell
Bra Cansu
Cansu
Luca Cantagalli
Cantagalli
Cao Ping
Ping
Laurent Capet
Capet
Josefina Capote
Capote
Kenia Carcaces Opn
Carcaces
Opn
Alicia Crdeas
Crdeas
Mara "Gaby" Crdeas
"Gaby"
Crdeas
Virginia Cardona Tapia
Cardona
Tapia
Paola Cardullo
Cardullo
Antnio Carlos "Carlo" Aguilar Gouveia
Carlos
"Carlo"
Aguilar
Gouveia
Carolina "Carol" Demartini de Albuquerque
"Carol"
Demartini
Albuquerque
Carlos Luis Carreo Cejudo
Luis
Carreo
Cejudo
Evelyn Carrera Pichardo
Carrera
Pichardo
Ana Cecilia Carrillo
Cecilia
Carrillo
Nancy Carrillo de la Paz
Carrillo
Paz
Grace Carter
Carter
Magalys Esther Carvajal Rivera
Esther
Carvajal
Rivera
Gloria Casales Ortz
Casales
Ortz
Jos Antonio Casilla Corts
Antonio
Casilla
Corts
Alexandra Caso Sierra
Caso
Sierra
Massimo Castagna
Castagna
Maria Auxiliadora Villar "Dora" Castanheira
Auxiliadora
Villar
"Dora"
Castanheira
Daniel Jorge Castellani
Jorge
Castellani
Ivn Castellani
Castellani
Yael Castiglione
Castiglione
Brenda Castillo
Castillo
Dcio Cattaruzzi
Cattaruzzi
Suzana ebi
ebi
Freddy Ramn Cedeo Mrquez
Ramn
Cedeo
Mrquez
Nancy Celis
Celis
Nadia Centoni
Centoni
Matej Cernic
Cernic
Luisa Haydee Cervera Cevedon
Haydee
Cervera
Cevedon
Mara Cervera
Cervera
Laurent Chambertin
Chambertin
Mohammed Salim AlChekili
Salim
AlChekili
Chen Fengqin
Fengqin
Chen Jing
Jing
Raouf Chenoufi
Chenoufi
Edna Chumo Chepngeno
Chumo
Chepngeno
Yury Konstantinovich Cherednik
Konstantinovich
Cherednik
Vladimir Dmitriyevich Chernyshov
Dmitriyevich
Chernyshov
Lyudmila Georgiyevna Chernyshova Prokoshina
Georgiyevna
Chernyshova
Prokoshina
Yury Borisovich Chesnokov
Borisovich
Chesnokov
Alexandrina Chezan
Chezan
Ioan Mihai Chezan
Mihai
Chezan
Corneliu Valter Chifu
Valter
Chifu
Leyla Felicita Chihun
Felicita
Chihun
Cristina Chirichella
Chirichella
Linda Rae Chisholm
Rae
Chisholm
Marius Cta Chiiga
Cta
Chiiga
Lidia Teresa Chmielnicka muda, Obonczek
Teresa
Chmielnicka
muda,
Obonczek
Choi CheonSik
CheonSik
Choi DonHui
DonHui
Choi GwangHui
GwangHui
Choi JongOk
JongOk
Choi TaeUng
TaeUng
Zane Christensen
Christensen
Micah Makanamaikalani Christenson
Makanamaikalani
Christenson
Chu Jinling
Jinling
Olga Viktorovna Chukanova Khrzhanovskaya
Viktorovna
Chukanova
Khrzhanovskaya
Yefim Aronovich Chulak
Aronovich
Chulak
Raquel Chumpitaz
Chumpitaz
Jn Cifra
Cifra
Cilene Falleiro Rocha Drewnick
Falleiro
Rocha
Drewnick
Alberto Cisolla
Cisolla
Vesna itakoviurisi
itakoviurisi
Angela Clarke
Clarke
Janet Marie Cobbs Mulholland
Marie
Cobbs
Mulholland
Massimo Colaci
Colaci
Sonia Colceru
Colceru
Daniel M. Colla
Colla
Deitre Elaine Collins Parker
Elaine
Collins
Parker
Gabriela Coman
Coman
Javier Octavio Concepcin Rojas
Octavio
Concepcin
Rojas
Franklin Louis "Frank" Constandse
Louis
"Frank"
Constandse
Facundo Conte
Conte
Hugo Nstor Conte
Nstor
Conte
Vernica Contreras Flores
Contreras
Flores
Jose Corbeil
Corbeil
Irma Cordero Bonilla
Cordero
Bonilla
Delia Crdova Uribe Caceres
Crdova
Uribe
Caceres
Samuel Crdova Arvizu
Crdova
Arvizu
Mirko Corsano
Corsano
Marlenis Costa Blanco
Costa
Blanco
Venancio Costa Monge
Costa
Monge
Carolina del Pilar Costagrande
del
Pilar
Costagrande
Mihai Iuliu Coste
Iuliu
Coste
Caroline Ct
Allan Spencer Coulter
Spencer
Coulter
Paolo Alfredo Cozzi
Alfredo
Cozzi
Pablo Crer
Crer
Heleen Crielaard
Crielaard
Albert Maximo Cristina
Maximo
Cristina
Corina Criv Moraru
Criv
Moraru
Paola Croce
Croce
Rita Louise Crockett Buck
Louise
Crockett
Buck
Tara Lavell CrossBattle
Lavell
CrossBattle
urea Esther "Aury" Cruz
Esther
"Aury"
Cruz
Gabriella CsapFekete
CsapFekete
Robert Jan "Bob" Ctvrtlik
Jan
"Bob"
Ctvrtlik
Milan uda
uda
Cui Jianjun
Jianjun
Cui Yongmei
Yongmei
Alcides D. Cuminetti
Cuminetti
Juan Carlos Cuminetti
Carlos
Cuminetti
Bla Czafik
Czafik
Wiesaw Czaja
Czaja
Krystyna CzajkowskaRawska
CzajkowskaRawska
Barbara Czekalla
Czekalla
Eliana Miranda da Costa
Miranda
Costa
Jos Maria Schwartz da Costa
Maria
Schwartz
Costa
Mnica Caetano da Silva
Caetano
Silva
Damian Dacewicz
Dacewicz
Francesco Dall'Olio
Dall'Olio
Barbara Dalton
Dalton
Beatrice "Bea" Daly
"Bea"
Daly
Giancarlo Dametto
Dametto
Anna Danesi
Danesi
Patricia Danii Medac
Danii
Medac
Srgio Danilas
Danilas
Dante Guimares Santos do Amaral
Guimares
Santos
Amaral
Terence "Terry" Danyluk
"Terry"
Danyluk
Dominique Daquin
Daquin
Neslihan Demir Darnel
Demir
Darnel
Santiago Darraidou
Darraidou
Ivonete das Neves
das
Neves
Winthrop "Wink" Davenport, Jr.
"Wink"
Davenport,
Jr.
Nicole Marie Davis
Marie
Davis
Dcio Viotti de Azevedo
Viotti
Azevedo
Luciano de Cecco
Cecco
Monica De Gennaro
Gennaro
Ferdinando De Giorgi
Giorgi
Marjolein Elisabeth de Jong
Elisabeth
Jong
Loc de Kergret
Kergret
Robin de Kruijf
Kruijf
Bethania de la Cruz de Pea
Cruz
Pea
Enrique de la Fuente Santos
Fuente
Santos
Alejandra de la Guerra
Guerra
Laura de la Torre Tur
Torre
Tur
Guido De Luigi
Luigi
Eli Lacerda de Oliveira Neto
Lacerda
Oliveira
Neto
Hamilton Leo de Oliveira
Leo
Oliveira
Jos Esteban De Palma
Esteban
Palma
Leondio Pasquali de Pra Filho
Pasquali
Pra
Filho
Jorge Americo Oliveira de Souza
Americo
Oliveira
Souza
Ana Paula De Tassis
Paula
Tassis
Jacques de Vink
Vink
Frank Dehne
Dehne
Antonella Del Core
Del
Core
Mara del Mar Rey Abad
del
Mar
Rey
Abad
Mara Cecilia del Risco
Cecilia
del
Risco
Jorge Franco Couto Delano
Franco
Couto
Delano
Pedro Delgado Gonzalaz
Delgado
Gonzalaz
Margarita Yolanda Delgado Prada
Yolanda
Delgado
Prada
Yutaka Demachi
Demachi
Mary Dempster
Dempster
Angel Denis Daz
Denis
Daz
Abdel Aziz Derbal
Aziz
Derbal
Eduard Derzsei
Derzsei
Jol Despaigne Charles
Despaigne
Charles
Ivana erisilo Stankovi
erisilo
Stankovi
Mauro Di Bernardo
Bernardo
Claudio Di Coste
Coste
Ral Diago Izquierdo
Diago
Izquierdo
Ana Ibis Daz Martnez
Ibis
Daz
Martnez
Erenia Daz Snchez
Daz
Snchez
Luis Augusto Daz Mayorca
Augusto
Daz
Mayorca
Martijn Dieleman
Dieleman
Leo Dierckx
Dierckx
Ali Dif
Dif
Laura Chantal Dijkema
Chantal
Dijkema
Carlos Dilaut Reitor
Dilaut
Reitor
Dimitar Dimitrov
Dimitrov
Dobromir Dimitrov Dimitrov
Dimitrov
Dimitrov
Ivan Dimitrov
Dimitrov
Stefan Dimitrov
Dimitrov
Rositsa Dimitrova
Dimitrova
Tanya Georgieva Dimitrova Todorova
Georgieva
Dimitrova
Todorova
Stanislav Anatolyevich Dineykin
Anatolyevich
Dineykin
Ding Xia
Xia
Alejandro Diz
Diz
Ileana Dobrovschi Berdil
Dobrovschi
Berdil
Vyacheslav Grigoryevich Domani
Grigoryevich
Domani
Beatrice Dmeland
Dmeland
Asuncin Domenech Domnguez
Domenech
Domnguez
Domingos "Domingos Maracan" Lampariello Neto
"Domingos
Maracan"
Lampariello
Neto
Estela Domnguez Cervio
Domnguez
Cervio
Vladimir Vyacheslavovich Dorokhov
Vyacheslavovich
Dorokhov
Douglas Chiarotti
Chiarotti
RuxantraKontroutsa "Rouxi" Doumitreskou
"Rouxi"
Doumitreskou
Vladan orevi
orevi
Aurel Drgan
Drgan
Petko Dragiev
Dragiev
Fabian Drzyzga
Drzyzga
Wojciech Drzyzga
Drzyzga
Justin Duff
Duff
Patrick Duflos
Duflos
Horrace Smith "Smitty" Duke
Smith
"Smitty"
Duke
Laureniu Dumnoiu
Dumnoiu
Cornelia Dumler
Dumler
Mrio Stiebler Dunlop
Stiebler
Dunlop
Christian Dnnes
Dnnes
Juan Manuel Durn Guterrez
Manuel
Durn
Guterrez
Richard Lloyd "Rich" Duwelius
Lloyd
"Rich"
Duwelius
ore uri
uri
Douglas Scott "Dusty" Dvorak
Scott
"Dusty"
Dvorak
Andrew Earl
Earl
Phillip Daniel "Phil" Eatherton
Daniel
"Phil"
Eatherton
Milad Ebadipour Gharahassanlou
Ebadipour
Gharahassanlou
Yukiko Ebata
Ebata
Karla Miguelina Echenique Medina
Miguelina
Echenique
Medina
der Francis Carbonera
Francis
Carbonera
Thomas Edgar
Edgar
Yumi EgamiMaruyama
EgamiMaruyama
Paola Ogechi Egonu
Ogechi
Egonu
Katalin EichlerSchadek
EichlerSchadek
Ahmed Abdel Aziz ElAskalani
Abdel
Aziz
ElAskalani
Ahmed ElFaghei
ElFaghei
Mohamed ElHusseini
ElHusseini
Adnan ElKhuja
ElKhuja
Ahmed ElKotb
ElKotb
Mustafa ElMusbah
ElMusbah
Hamdy ElSafy Awad
ElSafy
Awad
Samir Loutfi ElSayed
Loutfi
ElSayed
Ahmed ElShamouty
ElShamouty
Mohamed Saleh ElShikshaki
Saleh
ElShikshaki
Shaban ElTantawy
ElTantawy
Abdel Hamid ElWassimy
Hamid
ElWassimy
Aysir Mohamed ElZalabani
Mohamed
ElZalabani
Jorge Alberto Elgueta
Alberto
Elgueta
Elisngela Almeida de Oliveira
Almeida
Oliveira
Annette Ellerbracke
Ellerbracke
Ileana Enculescu Dulu
Enculescu
Dulu
Lori Ann Endicott Vandersnick
Ann
Endicott
Vandersnick
Bernard Endrich
Endrich
Emke nekesSzegedi Vargha
nekesSzegedi
Vargha
Gnther Erich Enescu
Erich
Enescu
Iuliana Enescu
Enescu
Romeo Enescu
Enescu
Stephanie Marie Enright
Marie
Enright
Eda Erdem Dndar
Erdem
Dndar
Keith Raymond Erickson
Raymond
Erickson
Giovanni Errichiello
Errichiello
Srgio "Escadinha" Dutra dos Santos
"Escadinha"
Dutra
dos
Santos
Lisvel Elisa Eve Mejia Castillo
Elisa
Eve
Mejia
Castillo
Jacques Ewalds
Ewalds
Yelena Ezau
Ezau
Fabiana "Fabi" Alvim de Oliveira
"Fabi"
Alvim
Oliveira
Fabiana Marcelino Claudino
Marcelino
Claudino
Alain Fabiani
Fabiani
Josefa Fabola Almeida de Sousa Alves
Fabola
Almeida
Sousa
Alves
Denisse Fajardo Garca
Fajardo
Garca
Ibrahim Fakhr ElDin
Fakhr
ElDin
Miguel ngel Falasca Fernndez
ngel
Falasca
Fernndez
Iris Rocio Falcn Dorita
Rocio
Falcn
Dorita
Fang Yingchao
Yingchao
Mahmoud Mohamed Farag
Mohamed
Farag
Olga Aleksandrovna Fateyeva
Aleksandrovna
Fateyeva
Ibrahim Fathy
Fathy
Marouane AlFehri
AlFehri
Alessandro Fei
Fei
Carlos Eduardo Albano Feitosa
Eduardo
Albano
Feitosa
Judit Fekete Hazsik
Fekete
Hazsik
Feng Kun
Kun
David Ferguson
Ferguson
Fernanda Porto Venturini
Porto
Venturini
Fernando "Fernando" Roscio de vila
"Fernando"
Roscio
vila
Ana Ivis Fernndez Valle
Ivis
Fernndez
Valle
Josefina Fernndez
Fernndez
Fernanda "Fernandinha" Ferreira
"Fernandinha"
Ferreira
Hernn Ferraro
Ferraro
Darienn Ferrer Dels
Ferrer
Dels
Francesca Ferretti
Ferretti
Irina Andreyevna Fetisova
Andreyevna
Fetisova
Brigitte Fetzer Consuegra
Fetzer
Consuegra
Gheorghe Fieraru
Fieraru
Alfredo Figueredo Ricardo
Figueredo
Ricardo
Ericlia "Fil" Bodziak
"Fil"
Bodziak
Sebastin Firpo
Firpo
Laura Jean "Laurie" Flachmeier Corbelli
Jean
"Laurie"
Flachmeier
Corbelli
Emmy Henritte "Ritte" Fledderus
Henritte
"Ritte"
Fledderus
Judith Flemig Pelzer
Flemig
Pelzer
Jenny Catharine "Jerine" Fleurke
Catharine
"Jerine"
Fleurke
Berthrade Simone Flore Bikatal
Simone
Flore
Bikatal
Shirley Margarita Florian Daz
Margarita
Florian
Daz
Tibor Flrin
Flrin
Tsvetan Florov
Florov
Hlia "Fofo" Rogrio de Souza Pinto
"Fofo"
Rogrio
Souza
Pinto
Dmitry Aleksandrovich Fomin
Aleksandrovich
Fomin
Oleksandra Fomina
Fomina
Enrique Fortes La Rosa
Fortes
Rosa
Scott Thomas Fortune
Thomas
Fortune
Stphanie Fotso Mogoung
Fotso
Mogoung
Joo Cludio Frana
Cludio
Frana
Genesis del Carmen Franchesco Machado
del
Carmen
Franchesco
Machado
Mirka Francia Vasconcelos
Francia
Vasconcelos
Sbastien Frangolacci
Frangolacci
Karen Fraser
Fraser
Christopher Robert Frehlick
Robert
Frehlick
Jrgen Freiwald
Freiwald
Nathan Alexander P. French
Alexander
French
Nico Petrus Johannes Freriks
Petrus
Johannes
Freriks
Luca Fresco
Fresco
Luisa Fuentes Quijandria
Fuentes
Quijandria
Yoko Fujimoto Utida
Fujimoto
Utida
Sachiko Fujita
Fujita
Yoshihide Fukao
Fukao
Kiyoko Fukuda
Fukuda
Sachiko Fukunaka
Fukunaka
Tatsuya Fukuzawa
Fukuzawa
Christiane Furst
Furst
Makiko Furukawa
Furukawa
Yasushi Furukawa
Furukawa
Mohamed Gabal
Gabal
Gabriela "Gabi" Braga Guimares
"Gabi"
Braga
Guimares
Piotr Gabrych
Gabrych
Jean Kay Gaertner
Kay
Gaertner
Terrance Antony "Terry" Gagnon
Antony
"Terry"
Gagnon
gnes Irn GajdosHubai
Irn
GajdosHubai
Katarzyna Karolina Gajga Biel, Anio
Karolina
Gajga
Biel,
Anio
Mria Gl
Miriam Gallardo
Gallardo
Claudio Galli
Galli
Lou Sara Galloway Clark, McWilliams
Sara
Galloway
Clark,
McWilliams
Lszl Glos
Glos
Vera Illarionovna GalushkaDuyunova
Illarionovna
GalushkaDuyunova
Joyce Gamborg Senyk
Gamborg
Senyk
Yekaterina Aleksandrovna Gamova
Aleksandrovna
Gamova
Constantin Ganciu
Ganciu
Lyubomir Ganev
Ganev
Gang DuTae
DuTae
Gang HyeMi
HyeMi
Gang ManSu
ManSu
Gang SeongHyeong
SeongHyeong
Gao Lin
Lin
AlMahdi Gara
Gara
Maria Garangouni
Garangouni
Niki Garangouni
Garangouni
Fernanda Garay Rodrigues
Garay
Rodrigues
Jorge Ignacio  Garbey Castillo
Ignacio
Garbey
Castillo
Ana Mara Garca Crespo
Mara
Garca
Crespo
Blanca Garca
Garca
Rosa Gisella Garca Rivas
Gisella
Garca
Rivas
Vctor Garca Campos
Garca
Campos
Yonder Romn Garca lvarez
Romn
Garca
lvarez
Yosenki Garca Daz
Garca
Daz
Andrea Gardini
Gardini
Gabriel Bryan "Gabe" Gardner
Bryan
"Gabe"
Gardner
Jess Garrido Escobar
Garrido
Escobar
Gudrun Grtner
Grtner
Idalmis Gato Moya
Gato
Moya
Ramn Gato Moya
Gato
Moya
Mauro Gavotto
Gavotto
Ivaylo Brunkov Gavrilov
Brunkov
Gavrilov
Wiesaw Stanisaw Gawowski
Stanisaw
Gawowski
Krasimir Gaydarski
Gaydarski
Alessia Gennari
Gennari
Marta Gens Barbera
Gens
Barbera
Corina Georgescu
Georgescu
Victoria Georgescu
Georgescu
Maya Vladimirova Georgieva Stoeva
Vladimirova
Georgieva
Stoeva
Aleksandr Georgiyevich Gerasimov
Georgiyevich
Gerasimov
Andrija Geri
Geri
Farhad Ghaemi
Ghaemi
Amir Ghafour
Ghafour
Riadh Ghandri
Ghandri
Fethi Ghariani
Ghariani
Faycal Gharzouli
Gharzouli
Chaker Ghezal
Ghezal
Adel Gholami
Gholami
Andrea Giani
Giani
Gastn Giani
Giani
Simone Giannelli
Giannelli
Gilberto Amauri "Giba" de Godoy Filho
Amauri
"Giba"
Godoy
Filho
Krzysztof Gierczyski
Gierczyski
Gilson Alves Bernardo
Alves
Bernardo
Randal John Gingera
John
Gingera
Simona Gioli
Gioli
Marios Giourdas
Giourdas
Giovane Farinazzo Gvio
Farinazzo
Gvio
Rodolfo Giovenzana
Giovenzana
Andrea Giovi
Giovi
Dan Grleanu
Grleanu
Kathleen "Kathy" Girvan
"Kathy"
Girvan
Alisha Rebecca Glass
Rebecca
Glass
Kimberly Marie "Kim" Glass
Marie
"Kim"
Glass
Kirsten Joke Hermine Gleis
Joke
Hermine
Gleis
Biljana Gligorovi
Gligorovi
Magorzata GlinkaMogentale
GlinkaMogentale
Desiree Guillermina Glod John
Guillermina
Glod
John
Yelena Mikhaylovna "Lena" Godina
Mikhaylovna
"Lena"
Godina
Tanya Gogova Ayshinova
Gogova
Ayshinova
Adrin Eduardo Goide Arredondo
Eduardo
Goide
Arredondo
Giorgio Goldoni
Goldoni
Bohumil Golian
Golian
Marianna Golimowska Chyliska
Golimowska
Chyliska
Elisabeta Goloie
Goloie
Hossameldin Gomaa
Gomaa
Ernardo Andrs Gmez Caas
Andrs
Gmez
Caas
Nataliya Olegovna GoncharovaObmochayeva
Olegovna
GoncharovaObmochayeva
Gong Xiangyu
Xiangyu
Tatyana Pavlovna Gonobobleva Semyonova
Pavlovna
Gonobobleva
Semyonova
Mercedes Gonzles la Torre
Gonzles
Torre
Alexis Rubn Gonzlez
Rubn
Gonzlez
Demin Gonzlez
Gonzlez
Francisco Gonzlez Suaste
Gonzlez
Suaste
Inmaculada Gonzlez Casado
Gonzlez
Casado
Jos Lus Gonzlez
Lus
Gonzlez
Juana M. Gonzlez Snchez
Gonzlez
Snchez
Yosvani Gonzlez Nicols
Gonzlez
Nicols
Sergey Gorbunov
Gorbunov
Guido Grtzen
Grtzen
Valery Leonidovich Goryushev
Leonidovich
Goryushev
Stanisaw Gociniak
Gociniak
Arkadiusz Goa
Goa
Robert Karl Baldwin "Rob" Grabert
Karl
Baldwin
"Rob"
Grabert
Tatyana Aleksandrovna Gracheva
Aleksandrovna
Gracheva
Thomas "Tom" Graham
"Tom"
Graham
Joo Grangerio
Grangerio
Sergey Yuryevich Grankin
Yuryevich
Grankin
Andrew Grant
Grant
Frantz Granvorka
Granvorka
HansUlrich Grahoff
Grahoff
Paul Gratton
Gratton
Pasquale Gravina
Gravina
Nikola Grbi
Grbi
Vladimir Grbi
Grbi
Jenia Grebennikov
Grebennikov
Sebastiano Giuseppe Greco
Giuseppe
Greco
Deborah "Debbie" Green Vargas
"Debbie"
Green
Vargas
Daniel Robert "Dan" Greenbaum
Robert
"Dan"
Greenbaum
Kent Douglas Greves
Douglas
Greves
William Earl "Bill" Griebenow
Earl
"Bill"
Griebenow
Mihai Grigorovici
Grigorovici
Robert Gijsbertus "Rob" Groenhuyzen
Gijsbertus
"Rob"
Groenhuyzen
Zdenk Groessl
Groessl
Gyrgy "Georg" Grozer
"Georg"
Grozer
Angelina Grn Hbner
Grn
Hbner
Olga Grushko
Grushko
Piotr ukasz Gruszka
ukasz
Gruszka
Gu GiRan
GiRan
Gu MinJeong
MinJeong
Wanda L. Guenette
Guenette
Evandro Motta Guerra
Motta
Guerra
Carlos Fernando Guerra Arias
Fernando
Guerra
Arias
Gui Chaoran
Chaoran
Ghazi Guidara
Guidara
Martina Guiggi
Guiggi
Mavis Guilarte Fernndez
Guilarte
Fernndez
Esra Gm
Stoyan Gunchev
Gunchev
Max Gnthr
Gnthr
Guo Peng
Peng
Gizem Green Karaday
Green
Karaday
Bengt Olof Gustafson
Olof
Gustafson
Gustavo Endres
Endres
Diego Gutirrez
Gutirrez
Gwag YongJa
YongJa
Boris Vasilev Gyuderov
Vasilev
Gyuderov
Ha JongHwa
JongHwa
Ha JunIm
JunIm
Horst Hagen
Hagen
Thomas Allen "Tom" Haine
Allen
"Tom"
Haine
Jason Haldane
Haldane
Keiko Hama
Hama
Aafke Hament
Hament
Richard Bernard "Dick" Hammer
Bernard
"Dick"
Hammer
Salima Hammouche
Hammouche
Han GyeongAe
GyeongAe
Han JangSeok
JangSeok
Han SongI
SongI
Han YuMi
YuMi
Yuriko Handa
Handa
Tayyiba Mumtaz HaneefPark
Mumtaz
HaneefPark
Ute Hankers
Hankers
Kevin Christopher Hansen
Christopher
Hansen
Hideharu Hara
Hara
Benjamin Hardy
Hardy
Christa Deanne HarmottoDietzen
Deanne
HarmottoDietzen
Tanja Hart Schneider
Hart
Schneider
Barbara Jean "Barbie" Harwerth Navia
Jean
"Barbie"
Harwerth
Navia
Omar Hassan
Hassan
Raja Hayder
Hayder
He Qi
Kathryn Ann Heck
Ann
Heck
Jan Gunnar Hedengrd
Gunnar
Hedengrd
Riadh Hedhili
Hedhili
Deborah "Debbie" Heeps
"Debbie"
Heeps
Andrea Heim Markus
Heim
Markus
Manfred Heine
Heine
Hendrik Jan "Henk Jan" Held
Jan
"Henk
Jan"
Held
Andr Heller
Heller
John Thomas Henn
Thomas
Henn
Sehryne Hennaoui
Hennaoui
Hubert Henno
Henno
Aurora Heredia
Heredia
Sonia Isabel Heredia
Isabel
Heredia
Ihosvany Hernndez Riera
Hernndez
Riera
Osvaldo Hernndez Chambert
Hernndez
Chambert
Claritza Herrera Michelena
Herrera
Michelena
Miriam Herrera Leon
Herrera
Leon
Yusleynis Herrera lvarez
Herrera
lvarez
Francisco Manuel Hervs Tirada
Manuel
Hervs
Tirada
Erika Heucke
Heucke
Noureddine Hfaiedh
Hfaiedh
Jacob Alapaki "Jake" Highland
Alapaki
"Jake"
Highland
Rdiger Hild
Hild
Kimberly "Kim" Hill
"Kim"
Hill
Brent William Hilliard
William
Hilliard
Hilma Aparecida Caldeira
Aparecida
Caldeira
Norie Hiro
Hiro
Miyoko Hirose
Hirose
Monica Joan Hitchcock
Joan
Hitchcock
Glenn Hoag
Hoag
Nicholas "Nick" Hoag
"Nick"
Hoag
Megan Hodge
Hodge
Thomas John "Tom" Hoff
John
"Tom"
Hoff
Russell Kenneth Holmes
Kenneth
Holmes
Maxwell Philip "Max" Holt
Philip
"Max"
Holt
Ruth Holzhausen Malkus
Holzhausen
Malkus
Hong JiYeon
JiYeon
Hong NamSeon
NamSeon
Destinee Dante Hooker
Dante
Hooker
Fanny R. Hopeau
Hopeau
Karin Horninger
Horninger
Katherine "Kathy" Horny
"Kathy"
Horny
Robert Horstink
Horstink
Kayo Hoshino
Hoshino
Tomas Georg Hoszek
Georg
Hoszek
Hou Yuzhu
Yuzhu
Daniel "Dan" Howard
"Dan"
Howard
Vra Hrabkov Derflov
Hrabkov
Derflov
Hu InJeong
InJeong
Stefan Hbner
Hbner
Hui Ruoqi
Ruoqi
Zdenk Humhal
Humhal
Daniel Thomas Hunter
Thomas
Hunter
Liudmyla Mykolavna Hureieva
Mykolavna
Hureieva
Mickisha Hazelle Hurley
Hazelle
Hurley
Ihab Ibrahim Hussein
Ibrahim
Hussein
Hugo Huybrechts
Huybrechts
Hwang GyuOk
GyuOk
Hwang HeSuk
HeSuk
Hwang YeonJu
YeonJu
John W. Hyden
Hyden
Flora Jean "Flo" Hyman
Jean
"Flo"
Hyman
Ana Ida Margarita  Alvarez Vieira
Ida
Margarita
Alvarez
Vieira
Krzysztof Ignaczak
Ignaczak
Takako Iida
Iida
Naohiro Ikeda Nakano
Ikeda
Nakano
Ivan Ili
Ili
Brunko Gavrilov Iliev
Gavrilov
Iliev
Khristo Iliev
Iliev
Valentina Ilieva Kharalampieva
Ilieva
Kharalampieva
Dmitry Sergeyevich Ilyinykh
Sergeyevich
Ilyinykh
Kseniya Ilyuchshenko
Ilyuchshenko
Im DoHeon
DoHeon
Im HoDam
HoDam
Im HyeSuk
HyeSuk
Im HyoSuk
HyoSuk
Im TaeHo
TaeHo
Margaret Indakala
Indakala
Fabio Innocenti
Innocenti
Kaori Inoue
Inoue
Setsuko Inoue
Inoue
Yuzuru Inoue
Inoue
Gloria Inzua
Inzua
Cristian Ion
Ion
Mariana Ionescu Popescu
Ionescu
Popescu
Sofia Iordanidou
Iordanidou
Anne Ireland
Ireland
Maria Isabel Barroso Alencar Salgado
Isabel
Barroso
Alencar
Salgado
Kyoko Ishida Noguchi
Ishida
Noguchi
Yuki Ishii
Ishii
Yusuke Ishijima
Ishijima
Michiyo Ishikake
Ishikake
Korina Sergeyevna Ishimtseva
Sergeyevna
Ishimtseva
Sata Isobe Maruyama
Isobe
Maruyama
Vilmos Ivncs
Ivncs
Doina Ivnescu Corbeanu
Ivnescu
Corbeanu
Tetiana Ivaniushkina
Ivaniushkina
Evgeni Ivanov
Ivanov
Ivan Ivanov
Ivanov
Kiril Metodiev Ivanov
Metodiev
Ivanov
Nikolay Vasilev Ivanov
Vasilev
Ivanov
Volodymyr Tymofiyovych Ivanov
Tymofiyovych
Ivanov
Bryan Eric Ivie
Eric
Ivie
Toyoko Iwahara
Iwahara
Stanisaw Iwaniak
Iwaniak
Akihiro Iwashima
Iwashima
Minoru Iwata
Iwata
Lilia Izquierdo Aguirre
Izquierdo
Aguirre
Masayuki Izumikawa
Izumikawa
Sebastin Jabif
Jabif
Francia Jackson Cabrera
Jackson
Cabrera
Thomas "Tom" Jaeschke
"Tom"
Jaeschke
Nathan Jakavicius
Jakavicius
Krystyna Jakubowska Tabaka
Jakubowska
Tabaka
Krzysztof Janczak
Janczak
Janelson dos Santos Carvalho
dos
Santos
Carvalho
Jang ByeongCheol
ByeongCheol
Jang HyeSuk
HyeSuk
Jang OkRim
OkRim
Jang SoYeon
SoYeon
Jang YunChang
YunChang
Jang YunHui
YunHui
Bojan Jani
Jani
Janina Dia Chagas da Conceio
Dia
Chagas
Conceio
Ferenc Jnosi
Jnosi
Daniel Cornelius Jansen Van Doorn
Cornelius
Jansen
Van
Doorn
Jaqueline Maria "Jaque" Pereira de Carvalho Endres
Maria
"Jaque"
Pereira
Carvalho
Endres
Jakub Wadysaw Jarosz
Wadysaw
Jarosz
Maciej Krzysztof Jarosz
Krzysztof
Jarosz
Zbigniew Jasiukiewicz
Jasiukiewicz
Philister Jebet Sang Kitur
Jebet
Sang
Kitur
Barbara Jeli Rui
Jeli
Rui
Ivica Jeli
Jeli
Vesna Pavijan Jeli Peker
Pavijan
Jeli
Peker
Dorota "Dora" Jelnkov Hbnerov
"Dora"
Jelnkov
Hbnerov
Joo Ernesto Jens
Ernesto
Jens
Heike Jensen
Jensen
Grit JensenNaumann Bhnke
JensenNaumann
Bhnke
Jeong DaeYeong
DaeYeong
Jeong DongGi
DongGi
Jeong JeongEun
JeongEun
Jeong MunGyeong
MunGyeong
Jeong SeonHong
SeonHong
Jeong SeonHye
SeonHye
Jeong SunOk
SunOk
Jeong UiTak
UiTak
Ji GyeongHui
GyeongHui
Jiang Fudong
Fudong
Jiang Ying
Ying
Jiao Shuai
Shuai
Eduardo Jimnez
Jimnez
Esperanza Jimnez Prez
Jimnez
Prez
Javier Ernesto Jimnez Scull
Ernesto
Jimnez
Scull
Luis Jimnez Mndez
Jimnez
Mndez
Jin ChangUk
ChangUk
Jin JunTak
JunTak
Jo HyeJeong
HyeJeong
Jo JaeHak
JaeHak
Patrik Emanuel Johansson Jern
Emanuel
Johansson
Jern
Jennifer Claire Joines Tamas
Claire
Joines
Tamas
Rajko Jokanovi
Jokanovi
David "Dave" Jones
"Dave"
Jones
Thomas "Tom" Jones
"Tom"
Jones
Jong OkJin
OkJin
Jorge Edson Souza de Brito
Edson
Souza
Brito
Ninja Louise Jorgensen
Louise
Jorgensen
Arnaud Josserand
Josserand
Boro Jovi
Jovi
Sara Joya Lobaton
Joya
Lobaton
Ju Jixin
Jixin
Osmany Juantorena Portuondo
Juantorena
Portuondo
Juciely Cristina Silva Barreto
Cristina
Silva
Barreto
gnes JuhszBalajcza
JuhszBalajcza
Gordana Juran Tomic
Juran
Tomic
JeanMarc Jurkovitz
Jurkovitz
Vazha K'ach'arava
K'ach'arava
Hichem AlKaabi
AlKaabi
Yekaterina Vladimirovna Kabeshova Ulanova
Vladimirovna
Kabeshova
Ulanova
Joanna Marika Kaczor
Marika
Kaczor
Ahmed AlKadhi
AlKadhi
ukasz Kadziewicz
Kadziewicz
Yoko Kagabu
Kagabu
Hiromichi Kageyama
Kageyama
Rumyana Kaisheva
Kaisheva
Masaki Kaito
Kaito
Alexandre Celso Kalache
Celso
Kalache
Valery Alekseyevich Kalachikhin
Alekseyevich
Kalachikhin
Denys Kaliberda
Kaliberda
Joannis "Jannis" Kalmazidis
"Jannis"
Kalmazidis
Leonidas Kamende
Kamende
Valentina Alekseyevna KamenyokVinogradova
Alekseyevna
KamenyokVinogradova
Lukas Kampa
Kampa
Katsuko Kanesaka Tanaka
Kanesaka
Tanaka
Kang OkSun
OkSun
Bogusaw Kanicki
Kanicki
Maiko Kano
Kano
Miyuki Kano
Kano
Waldo Ariel Kantor
Ariel
Kantor
Elyes AlKaramosly
AlKaramosly
Hosni AlKaramosly
AlKaramosly
Marek Karbarz
Karbarz
Karin Rodrigues
Rodrigues
Mats Ingvar Karlsson Skld
Ingvar
Karlsson
Skld
Dimitar Lyukov Karov
Lyukov
Karov
Olga Karpova
Karpova
Masae Kasai Nakamura
Kasai
Nakamura
Yuse "Yuji" Kasama
"Yuji"
Kasama
Mladen Kai
Kai
Ktia Andreia Caldeira Lopes
Andreia
Caldeira
Lopes
Kiyomi Kato Nakamura
Kato
Nakamura
Marita Viktorovna Katusheva Aven
Viktorovna
Katusheva
Aven
Shunichi Kawai
Kawai
Yuki Kawai
Kawai
Katsumi Kawano
Kawano
Yukari Kawase
Kawase
Glden Kayalar Kuzubaolu
Kayalar
Kuzubaolu
Aleksey Valeryevich Kazakov
Valeryevich
Kazakov
Ilian Mateev Kaziyski
Mateev
Kaziyski
Matey Ilianov Kaziyski
Ilianov
Kaziyski
Steve Keir
Keir
Janis Louise Kelly
Louise
Kelly
Kely Kolasco Fraga
Kolasco
Fraga
Caren Marie Alexis Kemner
Marie
Alexis
Kemner
Almut Kemperdick Neumaier
Kemperdick
Neumaier
Jrgen Kessel
Kessel
Laurel Keye Brassey Kessel
Keye
Brassey
Kessel
Alexander "Alex" Ketrzynski
"Alex"
Ketrzynski
Sayed Khalil Azab
Khalil
Azab
Amel Khamtache
Khamtache
Vadim Anatolyevich Khamuttskikh
Anatolyevich
Khamuttskikh
Theodoros "Akis" Khatziantontiou
"Akis"
Khatziantontiou
Eleftheria Khatzinikou
Khatzinikou
Adel Khechini
Khechini
Konstantinos "Kostas" Khristofidelis
"Kostas"
Khristofidelis
Anka Tomova Khristolova Uzunova, Tomova
Tomova
Khristolova
Uzunova,
Tomova
Plamen Stefanov Khristov
Stefanov
Khristov
Taras Yuryevich Khtey
Yuryevich
Khtey
Gilmar "Kid" Nascimento Teixeira
"Kid"
Nascimento
Teixeira
Oliver Kieffer
Kieffer
rika Kelly "Kiki" Pereira Coimbra
Kelly
"Kiki"
Pereira
Coimbra
Kim ByeongSeon
ByeongSeon
Kim ChungHan
ChungHan
Kim EunHui
EunHui
Kim GeonBong
GeonBong
Kim GilJa
GilJa
Kim GwangSu
GwangSu
Kim GwiHwan
GwiHwan
Kim GwiSun
GwiSun
Kim GyeongHui
GyeongHui
Kim HaeRan
HaeRan
Kim HoCheol
HoCheol
Kim HuiGyeong
HuiGyeong
Kim HuiJin
HuiJin
Kim InSu
InSu
Kim JeongSun
JeongSun
Kim JinHui
JinHui
Kim MiJin
MiJin
Kim MyongSuk
MyongSuk
Kim NamSun
NamSun
Kim OeSun
OeSun
Kim OkSun
OkSun
Kim SaNi
SaNi
Kim SaSeok
SaSeok
Kim SangU
SangU
Kim SeJin
SeJin
Kim SeYeong
SeYeong
Kim SeongGil
SeongGil
Kim SuDae
SuDae
Kim SuJi
SuJi
Kim WanSik
WanSik
Kim YeonGyeong
YeonGyeong
Kim YeongJa
YeongJa
Kim YeongJun
YeongJun
Kim YeunJa
YeunJa
Kim YunHye
YunHye
Kim ZungBok
ZungBok
Kenji Kimura
Kimura
Saori Kimura
Kimura
Eleni Kiosi
Kiosi
Charles Frederick "Karch" Kiraly
Frederick
"Karch"
Kiraly
Gzde Krdar Sonsrma
Krdar
Sonsrma
zge Krdar emberci
Krdar
emberci
Judit KissGerhardt
KissGerhardt
Kristin Magdalen Klein
Magdalen
Klein
Marko Klok
Klok
Kerry Klostermann
Klostermann
Yegor Vasilyevich Klyuka
Vasilyevich
Klyuka
Karol Kos
Kos
William Frederick Knight
Frederick
Knight
Igor Andreyevich Kobzar
Andreyevich
Kobzar
Ivan Petrov Kochev
Petrov
Kochev
Maria Kochwa
Kochwa
Darina Kodajov Halkov
Kodajov
Halkov
Vera Koenen
Koenen
Isao Koizumi
Koizumi
Yukiyo Kojima
Kojima
Olha Vasylivna Kolomiyets
Vasylivna
Kolomiyets
Ussama Komsan
Komsan
Dawid Konarski
Konarski
Masako Kondo
Kondo
Vladimir Grigoryevich Kondra
Grigoryevich
Kondra
Georgi Konstantinov
Konstantinov
Plamen Georgiev Konstantinov
Georgiev
Konstantinov
Joost Kooistra
Kooistra
Jurjaan Christiaan Koolen
Christiaan
Koolen
Petr Kop
Kop
Jaroslav Kopet
Kopet
Danuta KordaczukWagner
KordaczukWagner
Angel B. Koritarov
Koritarov
Aleksandr Vladimirovich Korneyev
Vladimirovich
Korneyev
Yuriy Anatoliyovych Korov'ianskiy
Anatoliyovych
Korov'ianskiy
Jacob Gerard "Jaap" Korsloot
Gerard
"Jaap"
Korsloot
Svetlana Vadimovna Korytova
Vadimovna
Korytova
Aleksandr Borisovich Kosaryev
Borisovich
Kosaryev
Toshiaki Kosedo
Kosedo
Tatyana Sergeyevna Kosheleva
Sergeyevna
Kosheleva
Yu Koshikawa
Koshikawa
Grzegorz Kosok
Kosok
Ute Kostrzewa Meyer
Kostrzewa
Meyer
Yekaterina Vadimovna Kosyanenko Pankova
Vadimovna
Kosyanenko
Pankova
Bernadett Kszegi Szijrt
Kszegi
Szijrt
Ghazi Koubaa
Koubaa
Drahomr Koudelka
Koudelka
Henriette Nadege Koulla
Nadege
Koulla
Vasileios Kournetas
Kournetas
Slobodan Kova
Kova
Nikola Kovaevi
Kovaevi
Uro Kovaevi
Kovaevi
Sava Naydenov Kovachev
Naydenov
Kovachev
Vitaly Aleksandrovich Kovalenko
Aleksandrovich
Kovalenko
Tsutomu Koyama
Koyama
Olha Ihorivna Kozakova
Ihorivna
Kozakova
Lyubov Vladimirovna Kozyreva Timofeyeva
Vladimirovna
Kozyreva
Timofeyeva
Petar S. Krachmarov
Krachmarov
Yevgeny Vitalyevich Krasilnikov
Vitalyevich
Krasilnikov
Andrei Kravarik
Kravarik
Valery Ivanovich Kravchenko
Ivanovich
Kravchenko
Alla Volodymyrivna Kravets
Volodymyrivna
Kravets
Tatyana Aleksandrovna Kraynova Romashkan
Aleksandrovna
Kraynova
Romashkan
Cyril Krej
Krej
Olga Yuryevna Krivosheyeva
Yuryevna
Krivosheyeva
Thomas Krger
Krger
Robert Kromm
Kromm
Nataa Krsmanovi
Krsmanovi
Krystyna Krupa Malinowska
Krupa
Malinowska
Svetlana Valentinovna Kryuchkova
Valentinovna
Kryuchkova
Olena Kryvonosova
Kryvonosova
Valeriy Mykhailovych Kryvov
Mykhailovych
Kryvov
Micha Kubiak
Kubiak
Nataliya Alekseyevna Kudreva
Alekseyevna
Kudreva
Olessya Kulakova
Kulakova
Aleksey Vladimirovich Kuleshov
Vladimirovich
Kuleshov
Zdravko Kulji
Kulji
Yasunori Kumada
Kumada
Marina Yevgenyevna Kumysh
Yevgenyevna
Kumysh
Bartosz Kamil Kurek
Kamil
Kurek
Megumi Kurihara
Kurihara
Junichi Kuriuzawa
Kuriuzawa
Nataliya Grigoryevna Kushnir
Grigoryevna
Kushnir
Yuliya Nikolayevna Kutsko
Nikolayevna
Kutsko
Andrey Ivanovich Kuznetsov
Ivanovich
Kuznetsov
Borislav Kirilov Kyosev
Kirilov
Kyosev
Franck Lafitte
Lafitte
Msaddak Lahmar
Lahmar
Susanne Lahme
Lahme
Lai Yawen
Yawen
Michael Allen "Mike" Lambert
Allen
"Mike"
Lambert
Richard Edward "Rich" Lambourne
Edward
"Rich"
Lambourne
Christopher Lamont
Lamont
Samir Lamouchi
Lamouchi
Daniel Joseph "Dan" Landry
Joseph
"Dan"
Landry
Giovanni Battista Lanfranco
Battista
Lanfranco
Lang Ping
Ping
Ronald Dwayne "Ron" Lang
Dwayne
"Ron"
Lang
Ute Langenau
Langenau
Kathrin Langschwager
Langschwager
Csaba Lantos
Lantos
Vera Stepanovna Lantratova Ganzhenko
Stepanovna
Lantratova
Ganzhenko
Filippo Lanza
Lanza
Diego Jos Lapera Sotolongo
Jos
Lapera
Sotolongo
Ilias Lappas
Lappas
Yevhen Valentynovych Lapynskiy
Valentynovych
Lapynskiy
Christian Dario Lares
Dario
Lares
Faycal Laridhi
Laridhi
Jordan Quinn LarsonBurbach
Quinn
LarsonBurbach
Fedir Serafimovych Lashchonov
Serafimovych
Lashchonov
Michal Eryk Lasko
Eryk
Lasko
Norka Latamblet Daudinot
Latamblet
Daudinot
Misha Jonas Emanuel Latuhihin
Jonas
Emanuel
Latuhihin
Ruth Modupe Lawanson Kenan
Modupe
Lawanson
Kenan
Rachel Anne Laybourne
Anne
Laybourne
Julieta Constanza Lazcano Colodrero
Constanza
Lazcano
Colodrero
Cornelia Lzeanu
Lzeanu
Alessandro Lazzeroni
Lazzeroni
Lech asko
asko
Nicolas Le Goff
Goff
Kvin Le Roux
Roux
Savanah Grace Leaf
Grace
Leaf
Jose Lebel
Lebel
Constance "Connie" Lebrun
"Connie"
Lebrun
Olivier Lecat
Lecat
Jzefa Ledwig Bben
Ledwig
Bben
Lee BeomJu
BeomJu
Lee ByeongYong
ByeongYong
Lee ChaeOn
ChaeOn
Lee ChunPyo
ChunPyo
David Cameron Lee
Cameron
Lee
Lee EunGyeong
EunGyeong
Lee EunOk
EunOk
Lee GeunSu
GeunSu
Lee GyeongSu
GyeongSu
Lee GyuSo
GyuSo
Lee Ho
Lee HuiWon
HuiWon
Lee HyangSim
HyangSim
Lee HyoHee
HyoHee
Lee In
Lee InSuk
InSuk
Lee JaeYeong
JaeYeong
Lee JeongJa
JeongJa
Lee JongGyeong
JongGyeong
Lee MyeongHak
MyeongHak
Lee MyeongHui
MyeongHui
Lee SangYeol
SangYeol
Lee SeonGu
SeonGu
Lee SeongHui
SeongHui
Lee SuJeong
SuJeong
Lee SukJa
SukJa
Lee SunBok
SunBok
Lee SunOk
SunOk
Lee UnIm
UnIm
Lee YeonSun
YeonSun
Lee YeongSeon
YeongSeon
Lee YongGwan
YongGwan
Lee YongSeon
YongSeon
Lee YunHui
YunHui
Marrit Leenstra
Leenstra
Pieter Jan Leeuwerink
Jan
Leeuwerink
Elles Maria Leferink
Maria
Leferink
Manuela Leggeri
Leggeri
Heike Lehmann Grund
Lehmann
Grund
Leila de Gomes de Barros
Gomes
Barros
Vera Helena Mossa Leme
Helena
Mossa
Leme
Vlastimil Lenert
Lenert
Gabriella Lengyel
Lengyel
Nils Urban Lennartsson
Urban
Lennartsson
Silvia Len
Len
Galina Aleksandrovna Leontyeva Yelnitskaya
Aleksandrovna
Leontyeva
Yelnitskaya
Marianne Lepa
Lepa
Nataa Leto Osmokrovi
Leto
Osmokrovi
Laurie Ann Lewis Havel
Ann
Lewis
Havel
Ricardo Leyva
Leyva
Li Guojun
Guojun
Li Juan
Juan
Li Shan
Shan
Li Yan
Yan
Li Yanjun
Yanjun
Li Yueming
Yueming
Liang Yan
Yan
Maria Liktoras
Liktoras
Bruno Lima Basolu
Lima
Basolu
Lin Li
Danielle "Dani" Rodrigues Lins
"Dani"
Rodrigues
Lins
Ioana Liteanu Cotoranu
Liteanu
Cotoranu
Liu Changcheng
Changcheng
Liu Xiaotong
Xiaotong
Liu Yanan
Yanan
Carli Ellen Lloyd
Ellen
Lloyd
Claire Lloyd O'Reilly
Lloyd
O'Reilly
Eleonora Lo Bianco
Bianco
Benjamin "Ben" Loft
"Ben"
Loft
Lidiya Ivanovna Loginova
Ivanovna
Loginova
Viljar Loor
Loor
Hctor Gregorio Lpez Izquierdo
Gregorio
Lpez
Izquierdo
Miguel ngel Lpez Castro
ngel
Lpez
Castro
Ingrid Lorenz
Lorenz
Valery Anatolyevich Losev
Anatolyevich
Losev
Paul Michael Lotman
Michael
Lotman
Atif Loukil
Loukil
Karsta Lowe
Lowe
Wolfgang Lwe
Lwe
Jess Loya
Loya
Slobodan Lozani
Lozani
Grzegorz omacz
omacz
Zbigniew Lubiejewski
Lubiejewski
Ricardo Samuel Lucarelli Santos de Souza
Samuel
Lucarelli
Santos
Souza
Andrea Lucchetta
Lucchetta
Pier Paolo Lucchetta
Paolo
Lucchetta
Alejandrina Mireya Luis Hernndez
Mireya
Luis
Hernndez
Luiz Felipe Marques Fonteles
Felipe
Marques
Fonteles
Ninel Vasilyevna Lukanina Yevteyeva
Vasilyevna
Lukanina
Yevteyeva
Carlos Alberto Luna Contreras
Alberto
Luna
Contreras
Per Arne Anders Lundmark
Arne
Anders
Lundmark
Ricci Judson Luyties
Judson
Luyties
Ma Fang
Fang
Ma GeumJa
GeumJa
Ma NakGil
NakGil
Ma Yunwen
Yunwen
Sorin Radu Macavei
Radu
Macavei
Luiza Pinheiro Machado
Pinheiro
Machado
Irena Machovcak
Machovcak
Trinidad Macas
Macas
Narimne Madani
Madani
Echiko Maeda Tamura
Maeda
Tamura
Roger Maes
Maes
Rose Mary Magers Powell
Mary
Magers
Powell
Mehdi Mahdavi
Mahdavi
Shahram Mahmoudi
Mahmoudi
Wolfgang Maibohm
Maibohm
Ilona MaklryBuzek
MaklryBuzek
Irina Petrovna Makogonova Kolodyazhnaya
Petrovna
Makogonova
Kolodyazhnaya
Jacqueline Makokha
Makokha
Natalia Mara Mlaga Dibos
Mara
Mlaga
Dibos
Sanja Malagurski
Malagurski
Mourad Malaoui
Malaoui
Tijana Maleevi
Maleevi
Radovan Malevi
Malevi
Robert Malinowski
Malinowski
Mria Maliov Javorikov
Maliov
Javorikov
Anna Nikolayevna Malova
Nikolayevna
Malova
Leandro Eugenio Maly
Eugenio
Maly
Darya Nikolayevna Malygina
Nikolayevna
Malygina
Gina Altagracia Mambr Casilla
Altagracia
Mambr
Casilla
Masayoshi Manabe
Manabe
Nawal Mansouri
Mansouri
Mahdi Marandi
Marandi
Spiros Marazios
Marazios
Marcelo "Marcelinho" Elgarten
"Marcelinho"
Elgarten
Jos Osvaldo Marcelino
Osvaldo
Marcelino
Mrcia Regina "Mrcia Fu" Cunha
Regina
"Mrcia
Fu"
Cunha
Marcus Vincius Freire Simes
Vincius
Freire
Simes
Marianne "Mari" Steinbrecher
"Mari"
Steinbrecher
Lazaro de la C. Marin Ortega
Marin
Ortega
Jadwiga MarkoKsiek
MarkoKsiek
Milan Markovi
Markovi
Christian F. "Chris" Marlowe
"Chris"
Marlowe
Miguel ngel Maroto Daz
ngel
Maroto
Daz
Mir Saeid Marouflakrani
Saeid
Marouflakrani
Luc Marquet
Marquet
Ivn Ilitch Mrquez Snchez
Ilitch
Mrquez
Snchez
Leonel Marshall Steward, Sr.
Marshall
Steward,
Sr.
Leonel Marshall Borges, Jr.
Marshall
Borges,
Jr.
Steven James Douglas "Steve" Marshall
James
Douglas
"Steve"
Marshall
Niverka Dharlenis Marte Frica
Dharlenis
Marte
Frica
Jos Luis Martell Flores
Luis
Martell
Flores
Lise Martin
Martin
Olga Martn Rubio
Martn
Rubio
Eduardo Esteban Martnez
Esteban
Martnez
Ernesto Martnez Hernndez
Martnez
Hernndez
Guillermo Jorge Martnez
Jorge
Martnez
Jos Manuel Martnez Rebollar
Manuel
Martnez
Rebollar
Lorenzo Martnez Cordero
Martnez
Cordero
Mayvelis A. Martnez Aldm
Martnez
Aldm
Morena Martnez Franchi
Martnez
Franchi
Matteo Martino
Martino
JeanBaptiste Martzluff
Martzluff
Takashi Maruyama
Maruyama
Elizabeth Lee "Liz" Masakayan
Lee
"Liz"
Masakayan
Roberto Masciarelli
Masciarelli
Mohamed Masoud
Masoud
Luigi Mastrangelo
Mastrangelo
Vita Mateshyk
Mateshyk
Anna Anatolyevna Matiyenko Levchenko
Anatolyevna
Matiyenko
Levchenko
Akihiko Matsuda
Matsuda
Noriko Matsuda
Matsuda
Yoshihiko Matsumoto
Matsumoto
Katsumi Matsumura Tida
Matsumura
Tida
Yoshiko Matsumura Kanda
Matsumura
Kanda
Denise Porto Mattioli
Porto
Mattioli
Mario Mattioli
Mattioli
Vasilijus Matuevas
Matuevas
Inna Vladimirovna Matveyeva
Vladimirovna
Matveyeva
Jrgen Maune
Maune
Maurcio Camargo Lima
Camargo
Lima
Robert Stanley "Butch" May, Jr.
Stanley
"Butch"
May,
Jr.
Renae Lynne Maycock
Lynne
Maycock
Margarita Mayeta Hierrezurlo
Mayeta
Hierrezurlo
Hilda Mazrov Pisarkov
Mazrov
Pisarkov
Herv Mazzon
Mazzon
Chebbi Mbarek
Mbarek
Christian "Chip" McCaw
"Chip"
McCaw
Barbara Briggs "Miki" McFadden
Briggs
"Miki"
McFadden
Mark McGivern
McGivern
Jayne Marie McHugh Gibson
Marie
McHugh
Gibson
David William McKienzie
William
McKienzie
Melissa Therese McLinden Kleespies
Therese
McLinden
Kleespies
Marilyn Louise McReavy Nolen
Louise
McReavy
Nolen
Pablo Miguel Meana
Miguel
Meana
Klaus Meetz
Meetz
Azmi Mohamed Megahed
Mohamed
Megahed
Slim Mehrizi
Mehrizi
Hannelore Meincke
Meincke
Monika Meiner
Meiner
Osniel Lzaro Melgarejo Hernndez
Lzaro
Melgarejo
Hernndez
Ana Paula Rodrgues Mello
Paula
Rodrgues
Mello
Anna Vania Mello
Vania
Mello
Eleni Memetzi
Memetzi
Ronald Jos Mndez Garca
Jos
Mndez
Garca
Carolina Mendoza
Mendoza
Christophe Meneau
Meneau
Tatyana Gennadyevna Menshova
Gennadyevna
Menshova
Marco Meoni
Meoni
Sofia E. Mercedes Heredia
Mercedes
Heredia
Luisa Merea
Merea
Yuliya Viktorovna Merkulova
Viktorovna
Merkulova
Liana Mesa Luaces
Mesa
Luaces
Paul Mestdagh
Mestdagh
ula Meter
Meter
Nancy Jean Metcalf Meendering
Jean
Metcalf
Meendering
Yassine Mezlini
Mezlini
Razi Mhiri
Mhiri
Mi Yang
Yang
Donald Michalski
Michalski
Ciara Kathleen Michel
Kathleen
Michel
Ingrid Mierzwiak Hamann
Mierzwiak
Hamann
Anna Mifkov
Mifkov
Darina Mifkova
Mifkova
Brankica Mihajlovi
Mihajlovi
Vasa Miji
Miji
Mateusz Mika
Mika
Maksim Mikhaylovich Mikhaylov
Mikhaylovich
Mikhaylov
Lyudmila Nikolayevna Mikhaylovskaya Makarova
Nikolayevna
Mikhaylovskaya
Makarova
Josef Mikunda
Mikunda
Milcho Stilyanov Milanov
Stilyanov
Milanov
Milcho Milev
Milev
Marcos Antonio Milinkovic
Antonio
Milinkovic
Ivan Miljkovi
Miljkovi
Flix Milln Casanova
Milln
Casanova
Ryan Madsen Millar
Madsen
Millar
Joel Miller
Miller
Tracy Mills
Mills
Katsuyuki Minami
Minami
Masayuki Minami
Minami
Carmen Beatriz Miranda Martnez
Beatriz
Miranda
Martnez
Mojtaba Mirzajanpour Muvizirjy
Mirzajanpour
Muvizirjy
Kazuya Mitake
Mitake
Konstantin Vasilev Mitev
Vasilev
Mitev
Mihajlo Miti
Miti
Miodrag Miti
Miti
Yevgeny Viktorovich Mitkov
Viktorovich
Mitkov
Aleksandar Mitrovi
Mitrovi
Eizaburo Mitsuhashi
Mitsuhashi
Yasuaki Mitsumori
Mitsumori
Yuko Mitsuya
Mitsuya
Keiko Miyajima
Miyajima
Emiko Miyamoto Terayama
Miyamoto
Terayama
Tamari Miyashiro
Miyashiro
Haruka Miyashita
Miyashita
Ismail Moalla
Moalla
Ana Mocanu
Mocanu
Stelian Moculescu
Moculescu
Ehab Mohamed
Mohamed
Metwali Mohamed Metwali
Mohamed
Metwali
Vilmarie Mojica
Mojica
Christie Mokotupu
Mokotupu
Jozef Mol
Mol
Leszek Ryszard Molenda
Ryszard
Molenda
Briitka Molnar
Molnar
Istvn Molnr
Molnr
Jos Luis Molt Carbonell
Luis
Molt
Carbonell
Oleh Oleksiyovych Molyboha
Oleksiyovych
Molyboha
Latitia Crescence Moma Bassoko
Crescence
Moma
Bassoko
Georgy Grigoryevich Mondzolevsky
Grigoryevich
Mondzolevsky
Jos Montanaro Jnior
Montanaro
Jnior
Vincent Montmeat
Montmeat
Paolo Montorsi
Montorsi
Alida "Linda" Moons
"Linda"
Moons
Lynda Windy Morales
Windy
Morales
Travis Moran
Moran
Antnio Carlos Moreno
Carlos
Moreno
Kenia M. Moreta Prez
Moreta
Prez
Joanne Morgan
Morgan
Jungo Morita
Morita
Kimie Morita
Morita
Teruhisa Moriyama
Moriyama
Nataliya Igorevna Morozova
Igorevna
Morozova
Ana Beatriz Moser
Beatriz
Moser
Elena MoskalovPolkov
MoskalovPolkov
Ivana Moulisov
Moulisov
Seyed Mohammad Mousavi Eraghi
Mohammad
Mousavi
Eraghi
Hany Mouselhy
Mouselhy
Mohamed Mouselhy
Mouselhy
Milagros Alicia Moy Alvarado
Alicia
Moy
Alvarado
Marcin Rafa Modonek
Rafa
Modonek
Marouane M'rabet
M'rabet
Mun GyeongSuk
GyeongSuk
Mun SeonHui
SeonHui
Mun YongGwan
YongGwan
Lori Ann D. Mundt
Ann
Mundt
Anniara Muoz Carrazana
Muoz
Carrazana
Nina Olegovna Muradyan
Olegovna
Muradyan
Dawid Murek
Murek
Murilo Endres
Endres
Kelly Murphy
Murphy
Linda Kathleen Murphy
Kathleen
Murphy
Dmitry Aleksandrovich Musersky
Aleksandrovich
Musersky
Josef Musil
Musil
Viktor Illich Mykhalchuk
Illich
Mykhalchuk
Rehina Myloserdova
Myloserdova
Valentyna Hryhorivna Myshak Voloshchuk
Hryhorivna
Myshak
Voloshchuk
Yurie Nabeya
Nabeya
Ikuyo Naemura
Naemura
Miyu Nagaoka
Nagaoka
Aki Nagatomi
Nagatomi
Hamza Nagga
Nagga
Kumi Nakada
Nakada
Yuichi Nakagaichi
Nakagaichi
Hitomi Nakamichi
Nakamichi
Kazumi Nakamura
Nakamura
Yuzo Nakamura
Nakamura
Chieko Nakanishi
Nakanishi
Dorcas Nakhomicha Ndasaba
Nakhomicha
Ndasaba
Wodzimierz Nalazek
Nalazek
Nalbert Tavares Bitencourt
Tavares
Bitencourt
Nam JiYeon
JiYeon
Nam SunOk
SunOk
Andrea Nannini
Nannini
Ikumi Narita Ogake
Narita
Ogake
Takashi Narita
Narita
Andr Luiz da Silva Nascimento
Luiz
Silva
Nascimento
Olga Vladimirovna Nasedkina
Vladimirovna
Nasedkina
Gladys Wandera Nasikanda
Wandera
Nasikanda
Rassa Nasser
Nasser
Fabrizio Nassi
Nassi
Natlia Zlio Pereira
Zlio
Pereira
Patricia M. Nava Isherwood
Nava
Isherwood
Lyudmil Naydenov
Naydenov
Nayden Stoyanov Naydenov
Stoyanov
Naydenov
Marcelo Teles Negro
Teles
Negro
Marco Negri
Negri
Katsutoshi Nekoda
Nekoda
Miroslav Nekola
Nekola
Charles Tomlinson "Chuck" Nelson
Tomlinson
"Chuck"
Nelson
Andrea Nencini
Nencini
Leandro Vissotto Neves
Vissotto
Neves
Scott Newcomb
Newcomb
Emanuel de Victor Newdon
Victor
Newdon
Earvin N'Gapeth
N'Gapeth
ric N'Gapeth
N'Gapeth
Victoire Pauline L'or Ngon Ntame
Pauline
L'or
Ngon
Ntame
Horaiu Nicolau
Nicolau
Barbara Wiesawa Niemczyk Hermel
Wiesawa
Niemczyk
Hermel
Milo Niki
Niki
Svetlana Dmitriyevna Nikishina Kunysheva
Dmitriyevna
Nikishina
Kunysheva
Olga Viktorovna Nikolayeva
Viktorovna
Nikolayeva
Jelena Nikoli
Nikoli
Nikolay Yanchev Nikolov
Yanchev
Nikolov
Vladimir Milchev Nikolov
Milchev
Nikolov
Marina Anatolyevna NikulinaPankova
Anatolyevna
NikulinaPankova
Lars Roland Nilsson
Roland
Nilsson
Tetsuo Nishimoto
Nishimoto
Paula Yamila Nizetich
Yamila
Nizetich
Ogonna Nneka Nnamani
Nneka
Nnamani
No JinSu
JinSu
Yasuhiro Noguchi
Noguchi
Isabel Nogueira
Nogueira
Hatto Nolte
Nolte
Sarah Beth Noriega
Beth
Noriega
Josef Novotn
Novotn
Marcin Nowak
Nowak
Piotr Nowakowski
Nowakowski
Reinder Aart Nummerdor
Aart
Nummerdor
Sidarka Nez de Los Milagros
Nez
Los
Milagros
Teresa Nuez Laos
Nuez
Laos
Carlos Arthur Nuzman
Arthur
Nuzman
Jeff Wayne Nygaard
Wayne
Nygaard
Nancy Nyongesa
Nyongesa
O CheongJa
CheongJa
O PyeongGil
PyeongGil
O SunOk
SunOk
O UkHwan
UkHwan
Motoko Obayashi
Obayashi
Aleksey Aleksandrovich Obmochayev
Aleksandrovich
Obmochayev
Roselidah Obunaga
Obunaga
Karina Ocasio Clemente
Ocasio
Clemente
Katsumi Oda
Oda
Emiko Odaka
Odaka
Beverly Jean Oden
Jean
Oden
Elaina Joyce Oden
Joyce
Oden
Kimberley Yvette "Kim" Oden
Yvette
"Kim"
Oden
Raisa Mirelda O'Farrill Bolanos
Mirelda
O'Farrill
Bolanos
Helga Offen
Offen
Ikumi Ogake
Ogake
Masaji Ogino
Ogino
Valentina Vitalyevna Ogiyenko
Vitalyevna
Ogiyenko
Maja Ognjenovi
Ognjenovi
Michael Futch "Mike" O'Hara
Futch
"Mike"
O'Hara
Sumie Oinuma
Oinuma
Mariko Okamoto Nakano
Okamoto
Nakano
Seiji Oko
Oko
Hiroaki Okuno
Okuno
Ruslan Iosifovich Olikhver
Iosifovich
Olikhver
Lenice Peluso Oliveira
Peluso
Oliveira
Patricia "Patty" Olson
"Patty"
Olson
Kieran Peter O'Malley
Peter
O'Malley
Kanako Omura
Omura
Jan Martinus Oosterbaan
Martinus
Oosterbaan
Alexandra Oquendo
Oquendo
Gail Patricia O'Rourke Wong
Patricia
O'Rourke
Wong
Rita Mara Ora Larrazbal
Mara
Ora
Larrazbal
Nestor Emmanuel Orellana Hernndez
Emmanuel
Orellana
Hernndez
Sergey Nikolayevich Orlenko
Nikolayevich
Orlenko
Corneliu "Cornel" Oros
"Cornel"
Oros
Alessia Orro
Orro
Tania Ortz Calvo
Ortz
Calvo
Yaima Ortz Charro
Ortz
Charro
Serena Ortolani
Ortolani
Liliya Semenivna Osadcha
Semenivna
Osadcha
Livn Osoria Rodrguez
Osoria
Rodrguez
Aleksey Aleksandrovich Ostapenko
Aleksandrovich
Ostapenko
Mara Ostolaza
Ostolaza
Krystyna OstromckaGuryn
OstromckaGuryn
Csar Osuna Brambila
Osuna
Brambila
Hideyuki Otaka
Otaka
Sachiko Otani
Otani
Ai OtomoYamamoto
OtomoYamamoto
Fatima Zahra Oukazi
Zahra
Oukazi
Lydia Oulmou
Oulmou
Masafumi Oura
Oura
Jelena Ovchinnikovaebukina
Ovchinnikovaebukina
Luis Oviedo Bonilla
Oviedo
Bonilla
Nancy Lee Owen Narbonne, Fortner
Lee
Owen
Narbonne,
Fortner
Kana Oyama
Oyama
Neriman zsoy
zsoy
Hanka Pachale Durante
Pachale
Durante
Russell Thomas Paddock
Thomas
Paddock
Paek MyongSuk
MyongSuk
Paola Paggi
Paggi
Pak SeonMi
SeonMi
Ezequiel Palacios
Palacios
Erzsbet PlinksVarga
PlinksVarga
Andr Felipe "Pampa" Falbo Ferreira
Felipe
"Pampa"
Falbo
Ferreira
Christian Pampel
Pampel
Yuriy Petrovych Panchenko
Petrovych
Panchenko
Petko Khristov Pantaleev
Khristov
Pantaleev
Sotirios Pantaleon
Pantaleon
Alessandro Paparoni
Paparoni
Vasiliki "Viky" Papazoglou
"Viky"
Papazoglou
Samuele Papi
Papi
Park BogYe
BogYe
Park GeumSuk
GeumSuk
Park GiWon
GiWon
Park HuiSang
HuiSang
Park JeongAh
JeongAh
Park JongChan
JongChan
Park MiGeum
MiGeum
Park MiGyeong
MiGyeong
Park MiHui
MiHui
Park SamRyong
SamRyong
Park SeoGwang
SeoGwang
Park SeonChul
SeonChul
Park SuJeong
SuJeong
Irina Vladimirovna Parkhomchuk Kirillova
Vladimirovna
Parkhomchuk
Kirillova
Simone Parodi
Parodi
Robert Douglas "Doug" Partie
Douglas
"Doug"
Partie
Rafael Pascual Corts
Pascual
Corts
Michele Pasinato
Pasinato
Travis Passier
Passier
Aleksandra Arkadyevna Pasynkova
Arkadyevna
Pasynkova
Romuald Paszkiewicz
Paszkiewicz
Mathias Patin
Patin
Vladimir Leonidovich Patkin
Leonidovich
Patkin
Daniel Edward "Danny" Patterson
Edward
"Danny"
Patterson
Leandro Matas Patti
Matas
Patti
Paula Renata Marques Pequeno
Renata
Marques
Pequeno
Paulo Andr "Paulo" Jukoski da Silva
Andr
"Paulo"
Jukoski
Silva
John Paulsen
Paulsen
Karel Paulus
Paulus
Volker Paulus
Paulus
Olha Pavlova
Pavlova
Yelena Vyacheslavovna Pavlova Zhitkeyeva
Vyacheslavovna
Pavlova
Zhitkeyeva
Yessica Mara Paz Hidalgo
Mara
Paz
Hidalgo
Harrison Peacock
Peacock
Jaroslav Penc
Penc
Nikolay Zharkov Penchev
Zharkov
Penchev
Mary Joan "Mary Jo" Peppler
Joan
"Mary
Jo"
Peppler
Jess Alberto Perales Gonzlez
Alberto
Perales
Gonzlez
Pablo Javier Peralta
Javier
Peralta
Cssio Leandro Pereira
Leandro
Pereira
Max Jefferson Pereira
Jefferson
Pereira
Pablo Pereira
Pereira
Regina Uchoa Pereira
Uchoa
Pereira
Mariya Nikolayevna Perepyolkina Duskryadchenko
Nikolayevna
Perepyolkina
Duskryadchenko
Federico Hernn Pereyra
Hernn
Pereyra
Antonio Prez Lpez
Prez
Lpez
Gabriela Lourdes "Gaby" Prez del Solar Cuculiza
Lourdes
"Gaby"
Prez
del
Solar
Cuculiza
Mara Jos Prez Gonzlez
Jos
Prez
Gonzlez
Mercedes Prez Hernndez
Prez
Hernndez
Jorge Prez Vento Machado
Prez
Vento
Machado
John Gordon "Gord" Perrin
Gordon
"Gord"
Perrin
Barbara Beverly "Bobbie" Perry
Beverly
"Bobbie"
Perry
Mary Margaret Perry
Margaret
Perry
Boris Perui
Perui
Irina Petcule
Petcule
Horst Peter
Peter
Sharon Roberta Peterson
Roberta
Peterson
Petko Petkov
Petkov
Vlado Petkovi
Petkovi
Vladimr Petlk
Petlk
arko Petrovi
Petrovi
Silviya Petrunova
Petrunova
Paulo Roberto Petterle
Roberto
Petterle
Prikeba Reed "Keba" Phipps
Reed
"Keba"
Phipps
Ines Pianka
Pianka
Matteo Piano
Piano
Francesca Piccinini
Piccinini
Josef Pick
Pick
Judith Pietersen
Pietersen
AnjaNadin Pietrek
Pietrek
Eckehard Pietzsch
Pietzsch
Carmen Pimentel
Pimentel
Pavel Pimienta Allen
Pimienta
Allen
Fbio "Pinha" Marcelino
"Pinha"
Marcelino
Srgio Pedro Telles Pinheiro
Pedro
Telles
Pinheiro
Andrew Pink
Pink
tefan Pipa
Pipa
Benjamin Allan "Ben" Pipes
Allan
"Ben"
Pipes
Damiano Pippi
Pippi
Elena Piron
Piron
Garth Pischke
Pischke
Teresia "Terry" PlaceBrandel Schttler
"Terry"
PlaceBrandel
Schttler
Celeste Plak
Plak
Lawrence "Larry" Plenert
"Larry"
Plenert
Daniel Mateusz Pliski
Mateusz
Pliski
Davila Plocon
Plocon
Yelena Mikhaylovna Plotnikova
Mikhaylovna
Plotnikova
Mark Plotyczer
Plotyczer
Anna Podolec Miros
Podolec
Miros
Marko Podraanin
Podraanin
Cristian Gabriel Poglajen
Gabriel
Poglajen
Yuriy Mykhailovych Poiarkov
Mykhailovych
Poiarkov
Mariya Poliakova
Poliakova
Anatoliy Antonovych Polishchuk
Antonovych
Polishchuk
Semyon Vladimirovich Poltavsky
Vladimirovich
Poltavsky
Mercedes Pomares Primelles
Pomares
Primelles
Tatyana Petrovna PonyayevaTretyakova
Petrovna
PonyayevaTretyakova
Berto Poosen
Poosen
Nicolae Vasile Pop
Vasile
Pop
Doina Rodica Popescu Coste, Mo, Vinan
Rodica
Popescu
Coste,
Mo,
Vinan
Silvija Popovi
Popovi
Marcus Popp
Popp
Juan Pablo Porello
Pablo
Porello
Birgit Prner
Prner
Gustavo Porporatto
Porporatto
Elbieta PorzecNowak
PorzecNowak
Jan Marcus Posthuma
Marcus
Posthuma
Olga Dmitriyevna Potashova
Dmitriyevna
Potashova
Patrick Robert "Pat" Powers
Robert
"Pat"
Powers
Bruno Prasil
Prasil
Cosme Prenafeta Garca
Prenafeta
Garca
William Reid Priddy
Reid
Priddy
Igor Prielon
Prielon
Gramen Prinov
Prinov
Antonn Prochzka
Prochzka
Mrio Marcos Joubert Procpio
Marcos
Joubert
Procpio
Zana Proniadou
Proniadou
Konstantinos "Kostis" Proussalis
"Kostis"
Proussalis
Ott Prouza
Prouza
Pierre Pujol
Pujol
Karin Pschel Kahlow
Pschel
Kahlow
Vladimir Nikolayevich Putyatov
Nikolayevich
Putyatov
Regina Ptz
Ptz
Tatyana Pyurova
Pyurova
Qiu Aihua
Aihua
Guillermo Quaini
Quaini
Silvia Quevedo
Quevedo
Krizia Gheraldine Quijada Teran
Gheraldine
Quijada
Teran
Jorge Lus Quiones Jazo
Lus
Quiones
Jazo
Ral Nicols Quiroga
Nicols
Quiroga
Rodrigo Daniel Quiroga
Daniel
Quiroga
Ariane Radfan Hornung
Radfan
Hornung
Constance Radfan
Radfan
Hisham Radwan
Radwan
Nadezhda Borisovna Radzevich Zezyulya
Borisovna
Radzevich
Zezyulya
Kathy Radzuweit
Radzuweit
Essam Ramadan
Ramadan
Josias de Oliveira Ramalho
Oliveira
Ramalho
Ana Mara Ramrez Toledo
Mara
Ramrez
Toledo
Daim D. Ramrez Echevarra
Ramrez
Echevarra
Ana Cludia Ramos
Cludia
Ramos
Martn Ramos
Ramos
Paola Ramos Ydora
Ramos
Ydora
Jess Reynold Rangel Hernndez
Reynold
Rangel
Hernndez
Pedro Abraham Rangel Hernndez
Abraham
Rangel
Hernndez
Raquel Peluci Xavier da Silva
Peluci
Xavier
Silva
Ibrahim Rashwan
Rashwan
Milan Rai
Rai
Milena Rai
Rai
Diane Ratnik Cooper
Ratnik
Cooper
Nataliya Nikolayevna Razumova Starshova
Nikolayevna
Razumova
Starshova
Piero Rebaudengo
Rebaudengo
Elizabeth Reid
Reid
Ren Qi
Renan dal Zotto
dal
Zotto
Osniel Cecilio Rendn Gonzlez
Cecilio
Rendn
Gonzlez
Jn Repk
Repk
Pavel ebek
ebek
Diana Carolina Reyes Cruz
Carolina
Reyes
Cruz
Aida Reyna Flores
Reyna
Flores
Leopoldo Reyna
Reyna
Yolanda Reynoso
Reynoso
Milan eznek
eznek
Ri ChunOk
ChunOk
Marijana Ribii
Ribii
Ricarda Raquel Barbosa Lima
Raquel
Barbosa
Lima
Ricardo "Ricardinho" Bermudez Garcia
"Ricardinho"
Bermudez
Garcia
Ana Maria Richa Medeiros
Maria
Richa
Medeiros
Annedore Richter
Richter
Cornelia Rickert
Rickert
Renate Riek Bauer
Riek
Bauer
Beti Rimac Muselinovi
Rimac
Muselinovi
Anton "Toni" Rimrod
"Toni"
Rimrod
Simona Rinieri Dennis
Rinieri
Dennis
Mario Lus Rivera Snchez
Lus
Rivera
Snchez
Prisilla Altagracia Rivera Brens
Altagracia
Rivera
Brens
Tatiana Soledad Rizzo
Soledad
Rizzo
Nathan Roberts
Roberts
Kelsey Robinson
Robinson
Juan Carlos Robles Ania
Carlos
Robles
Ania
Alain Roca Borrego
Roca
Borrego
Mercedes Roca Arias
Roca
Arias
Wagner Antonio da Rocha
Antonio
Rocha
Angela Terese Rock
Terese
Rock
Engelbrecht "Brecht" Rodenburg
"Brecht"
Rodenburg
Rodrigo "Rodrigo" Santana
"Rodrigo"
Santana
Antonio Rodrguez Aguirre
Rodrguez
Aguirre
Cosiris A. Rodrguez Andino
Rodrguez
Andino
Eduardo Miguel Rodrguez
Miguel
Rodrguez
Ernesto Hernn Rodrguez Gmez
Hernn
Rodrguez
Gmez
Mara del Carmen Rodrguez
del
Carmen
Rodrguez
Sandra Rodrguez Villanueva
Rodrguez
Villanueva
Helosa Helena Santos Roese
Helena
Santos
Roese
Paulo Roese
Roese
Karla Roffeis Mgge
Roffeis
Mgge
Andy Agustn Rojas Guevara
Agustn
Rojas
Guevara
Sylvia Roll
Roll
Witold Roman
Roman
Elias Romanchych
Romanchych
David Romann
Romann
Alejandro Romano
Romano
Rogelia Romo Garca
Romo
Garca
Daniel "Dan" Ronan
"Dan"
Ronan
Cindy Carolina Rondn Martnez
Carolina
Rondn
Martnez
Giulia Rondon
Rondon
Sean Michael Rooney
Michael
Rooney
Jonathan Edward "Jon" Root
Edward
"Jon"
Root
Yarimar Rosa Adorno
Rosa
Adorno
Simone Rosalba
Rosalba
Tatyana Aleksandrovna Roshchina Rodionova
Aleksandrovna
Roshchina
Rodionova
Nikola Rosi
Rosi
Milena Maria Rosner
Maria
Rosner
Olivier Rossard
Rossard
Thibault Rossard
Rossard
Salvatore Rossini
Rossini
Hanna Mykolavna Rostova Mazur
Mykolavna
Rostova
Mazur
Raouya Rouabhia
Rouabhia
George Roumain
Roumain
Nikolaos "Nikos" Roumeliotis
"Nikos"
Roumeliotis
Antonin Rouzier
Rouzier
Micha Zygmunt Ruciak
Zygmunt
Ruciak
Kimberly Grace "Kim" Ruddins
Grace
"Kim"
Ruddins
Priscilla Ruddle
Ruddle
Liubov Ivanivna Rudovska Tymofeieva
Ivanivna
Rudovska
Tymofeieva
Rui Campos Nascimento
Campos
Nascimento
Carlos Ruz Lafargue
Ruz
Lafargue
Gonzalo Ruz de la Cruz
Ruz
Cruz
Ivn Benito Ruz Cuesta
Benito
Ruz
Cuesta
Yumilka Ruz Luaces
Ruz
Luaces
Lawrence Dean "Larry" Rundle
Dean
"Larry"
Rundle
Igor Vasilyevich Runov
Vasilyevich
Runov
Ulrike "Rike" Ruschenburg
"Rike"
Ruschenburg
Aaron Russell
Russell
Gregory Russell
Russell
Erminia Russo
Russo
Jadwiga Maria Rutkowska Abisiak, Dobrowolska
Maria
Rutkowska
Abisiak,
Dobrowolska
Wojciech Rutkowski
Rutkowski
Mirosaw Rybaczewski
Rybaczewski
Radosaw Rybak
Rybak
Ryom ChunJa
ChunJa
Inna Valeryevna Ryskal
Valeryevna
Ryskal
Antonina Alekseyevna Ryzhova Moiseyeva
Alekseyevna
Ryzhova
Moiseyeva
PerAnders Sf
Lucas Saatkamp
Saatkamp
Wodzimierz Sadalski
Sadalski
Milena Maria Sadurek Mikoajczyk, Radecka
Maria
Sadurek
Mikoajczyk,
Radecka
Benno Saelens
Saelens
Samid Sagar
Sagar
Clarisa Sagarda
Sagarda
Mika Saiki
Saiki
Nobuharu Saito
Saito
Kiyomi Sakamoto
Sakamoto
Kharikleia "Khara" Sakkoula
"Khara"
Sakkoula
Saori Sakoda
Sakoda
Yuka Sakurai
Sakurai
Carlos Salas Prez
Salas
Prez
Erasmo Salemme
Salemme
Roza Galyamovna Salikhova
Galyamovna
Salikhova
Riley David Salmon
David
Salmon
Steven Edward "Steve" Salmons
Edward
"Steve"
Salmons
Teodor Yovchev Salparov
Yovchev
Salparov
Juan Jos Salvador Jimnez
Jos
Salvador
Jimnez
PhilippeMarie Salvan
Salvan
Marko Samardi
Samardi
Guillaume Samica
Samica
Anastasiya Sergeyevna Samoylenko Shlyakhovaya
Sergeyevna
Samoylenko
Shlyakhovaya
Samuel Fuchs
Fuchs
Orlando Glastn Samuels Blackwood
Glastn
Samuels
Blackwood
Robert Lewis "Bob" Samuelson
Lewis
"Bob"
Samuelson
Demetria Jean Sance
Jean
Sance
Alicia Snchez Ros
Snchez
Ros
Francisco Snchez Jover
Snchez
Jover
Jess Snchez Jover
Snchez
Jover
Marta Snchez Salfrn 
Snchez
Salfrn
Rachel Snchez Prez
Snchez
Prez
Rodolfo Luis Snchez Snchez
Luis
Snchez
Snchez
Janine Lucy Sandell
Lucy
Sandell
Taylor Sander
Sander
Tyler James "TJ" Sanders
James
"TJ"
Sanders
Tonya Denise "Teee" SandersWilliams Slacanin
Denise
"Teee"
SandersWilliams
Slacanin
Sandra Maria Suruagy Lima
Maria
Suruagy
Lima
Yuko Sano
Sano
Daly Elis Santana Morales
Elis
Santana
Morales
Kerly Cristiane Paiva dos Santos
Cristiane
Paiva
dos
Santos
Yanelis Rebeca Santos Allegne
Rebeca
Santos
Allegne
Yury Nikolayevich Sapega
Nikolayevich
Sapega
Aleksandr Mikhaylovich Saprykin
Mikhaylovich
Saprykin
Inessa Yevgenyevna Sargsyan Yemelyanova, Korkmaz
Yevgenyevna
Sargsyan
Yemelyanova,
Korkmaz
Abel Sarmientos Bios
Sarmientos
Bios
Victoriano Sarmientos Bios
Sarmientos
Bios
Mohamed Sarsar
Sarsar
Andrea Sartoretti
Sartoretti
Tatyana Filippovna Sarycheva
Filippovna
Sarycheva
Miki Sasaki
Sasaki
Setsuko Sasaki
Sasaki
Karla akov
akov
Welissa "Sass" de Souza Gonzaga
"Sass"
Souza
Gonzaga
Arisa Sato
Sato
Eric Anthony Teruo Sato
Anthony
Teruo
Sato
Ichiko Sato
Sato
Liane Lissa Sato
Lissa
Sato
Tetsuo Sato
Sato
Yasutaka Sato
Sato
David Patrick "Dave" Saunders
Patrick
"Dave"
Saunders
Andrea Sauvigny
Sauvigny
Cristian Savani
Savani
Ilya Yevgenyevich Savelyev
Yevgenyevich
Savelyev
Jess Savigne Savigne
Savigne
Savigne
Aleksandr Borisovich Savin
Borisovich
Savin
Juana Savinon Prez
Savinon
Prez
Doina Svoiu
Svoiu
Michelle A. Sawatzky Koop
Sawatzky
Koop
Donald "Don" Saxton
"Don"
Saxton
Gertrude "Traute" Schfer
"Traute"
Schfer
Pavel Schenk
Schenk
Julia Schlecht
Schlecht
Judit SchlglBlaumann
SchlglBlaumann
Martina Schmidt Schwarz
Schmidt
Schwarz
Steffi Schmidt
Schmidt
Gavin Charles Schmitt
Charles
Schmitt
Siegfried Schneider
Schneider
Myrthe Schoot
Schoot
Jochen Schps
Schps
William Schreiber
Schreiber
Gerson Albino Schuch
Albino
Schuch
Richard "Rich" Schuil
"Rich"
Schuil
Annette Schultz Klatt
Schultz
Klatt
Christina Schultz
Schultz
Arnold Schulz
Schulz
Rudi Schumann
Schumann
Carlos Eduardo Schwanke
Eduardo
Schwanke
Sebastian Schwarz
Schwarz
Selina Scoble
Scoble
Danielle Raquel ScottArruda
Raquel
ScottArruda
Nurys Sebey Deroncelo
Sebey
Deroncelo
va SebkSzalay
SebkSzalay
Manuela Secolo
Secolo
Mohamed Seif ElNasr
Seif
ElNasr
Debora Louise Seilhamer Anadon
Louise
Seilhamer
Anadon
Avital Haim Selinger
Haim
Selinger
Pvels Seivanovs
Seivanovs
Jana Semeck
Semeck
Jitka Seneck
Seneck
Adel Sennoun
Sennoun
Mourad Sennoun
Sennoun
Seo BanSeok
BanSeok
Seo ChunGang
ChunGang
Seo HuiSuk
HuiSuk
Judith Serenge
Serenge
Paulo Sevciuc
Sevciuc
Oleksandr Shadchyn
Shadchyn
Shan Danna
Danna
Mostafa Sharifat
Sharifat
Oleg Aleksandrovich Shatunov
Aleksandrovich
Shatunov
Yana Valeryevna Shcherban
Valeryevna
Shcherban
Lyudmila Ivanovna Shchetinina
Ivanovna
Shchetinina
Nehad Shehata
Shehata
Sheilla Tavares de Castro Blassioli
Tavares
Castro
Blassioli
Shen Keqin
Keqin
Shen Qiong
Qiong
Marina Igorevna Sheshenina
Igorevna
Sheshenina
Shi Hairong
Hairong
Ayano Shibuki Yaegashi
Shibuki
Yaegashi
Seiko Shimakage
Shimakage
Haruyo Shimamura
Shimamura
Kenji Shimaoka
Shimaoka
Kunihiro Shimizu
Shimizu
Eiji Shimomura
Shimomura
Risa Shinnabe
Shinnabe
Yoko Shinozaki Tamura
Shinozaki
Tamura
Michiko Shiokawa Furuhashi
Shiokawa
Furuhashi
Mamoru Shiragami
Shiragami
Takako Shirai Takagi
Shirai
Takagi
Kunie Shishikura
Shishikura
Pavel Vladimirovich Shishkin
Vladimirovich
Shishkin
Vladimir Petrovich Shkurikhin
Petrovich
Shkurikhin
Olha Dmytrivna Shkurnova Pozdniakova
Dmytrivna
Shkurnova
Pozdniakova
Erik Thomas Shoji
Thomas
Shoji
Kawika Shoji
Shoji
Igor Yuryevich Shulepov
Yuryevich
Shulepov
Stefano Sibani
Sibani
Eduard Fyodorovich Sibiryakov
Fyodorovich
Sibiryakov
Sidnei "Sido" dos Santos Junior
"Sido"
dos
Santos
Junior
Tatyana Ivanovna Sidorenko
Ivanovna
Sidorenko
Mark Siebeck
Siebeck
Yusidey Sili Frmeta
Sili
Frmeta
Fernanda Emerick Silva
Emerick
Silva
Jacqueline Louise "Jackie" da Cruz Silva
Louise
"Jackie"
Cruz
Silva
Joel Alexander Silva Pantoja
Alexander
Silva
Pantoja
Lia Henrique da Silva Nicolosi
Henrique
Silva
Nicolosi
Kaspar Simeonov
Simeonov
Ventzislav Simeonov
Simeonov
Zdravko Simeonov
Simeonov
Wolfgang Simon
Simon
Sin JeongSeop
JeongSeop
Sin JinSik
JinSik
Sin SeonHo
SeonHo
Sin YeongCheol
YeongCheol
Eva irok
irok
Vladimr "Vlado" Sirvo
"Vlado"
Sirvo
Emerencia SiryKirly
SiryKirly
Ingrid ikovi
ikovi
Tadeusz Siwek
Siwek
Eduardo Sixtos
Sixtos
Aleksander Andrzej Skiba
Andrzej
Skiba
Edward Skorek
Skorek
Katarzyna Skorupa
Skorupa
Katarzyna Ewa Skowroska Dolata
Ewa
Skowroska
Dolata
Todor Asenov Skrimov
Asenov
Skrimov
Milan lambor
lambor
Kiril Slavov
Slavov
Slavcho Stoyanov Slavov
Stoyanov
Slavov
Maria liwka Serkiz, Pankowa
liwka
Serkiz,
Pankowa
Lonneke Sletjes
Sletjes
Jaroslav md
Vclav mdl
mdl
Krzysztof migiel
migiel
Irina Anatolyevna SmirnovaIlchenko
Anatolyevna
SmirnovaIlchenko
David Michael Smith
Michael
Smith
Luke Smith
Smith
Suzanne "Suzi" Smith
"Suzi"
Smith
Nina Nikolayevna Smoleyeva Nikitina
Nikolayevna
Smoleyeva
Nikitina
Josef Smolka
Smolka
Koshi Sobu
Sobu
Frantiek Sokol
Sokol
Aleksandr Sergeyevich Sokolov
Sergeyevich
Sokolov
Tsvetan Nikolaev Sokolov
Nikolaev
Sokolov
Lyubov Vladimirovna SokolovaShashkova Kl
Vladimirovna
SokolovaShashkova
Sebastin Rodrigo Sol
Rodrigo
Sol
Olga Anatolyevna Solovova Tseytsina
Anatolyevna
Solovova
Tseytsina
Son YeongWan
YeongWan
Song Jinwei
Jinwei
Song Nina
Nina
Grant Sorensen
Sorensen
Thomas Michael "Tom" Sorensen
Michael
"Tom"
Sorensen
Josef orm
orm
Oleksandr Dmytrovych Sorokalet
Dmytrovych
Sorokalet
Emilce Sosa
Sosa
Diana Patricia Soto
Patricia
Soto
Daniele Pasquale Sottile
Pasquale
Sottile
Brigitte Soucy
Soucy
Douglas Correia de Souza
Correia
Souza
Maurcio Luiz de Souza
Luiz
Souza
Alejandro Ral Spajic
Ral
Spajic
Simeon M. Srandev
Srandev
Goran Srbinovski
Srbinovski
Marina Glebowna Staden Milowidowa
Glebowna
Staden
Milowidowa
Debby StamPilon
StamPilon
Marian Stamate
Stamate
Jaroslav Stano
Stano
Dragan Stankovi
Stankovi
Clayton Iona "Clay" Stanley
Iona
"Clay"
Stanley
Jon C. Stanley
Stanley
Christine Toews Stark
Toews
Stark
Sanja Starovi
Starovi
Saa Starovi
Starovi
Yevgeniya Aleksandrovna Startseva
Aleksandrovna
Startseva
Yury Vasilyevich Starunsky
Vasilyevich
Starunsky
Quinta Steenbergen
Steenbergen
Georgios Stefanou
Stefanou
Wodzimierz Andrzej Stefaski
Andrzej
Stefaski
Pavlna tefkov Kohtov
tefkov
Kohtov
Andrzej Stelmach
Stelmach
Krzysztof Stelmach
Stelmach
Margarethe Margret Stender Herzog
Margret
Stender
Herzog
Ute Steppin Oldenburg
Steppin
Oldenburg
Constantin Sterea
Sterea
Markus Steuerwald
Steuerwald
Jovana Stevanovi
Stevanovi
Martin Stoyanov Stoev
Stoyanov
Stoev
Nicolae "Nicu" Stoian
"Nicu"
Stoian
Femke Stoltenborg
Stoltenborg
Jeffery Malcolm "Jeff" Stork
Malcolm
"Jeff"
Stork
Simone Storm
Storm
Khristo Stoyanov
Stoyanov
Lachezar M. Stoyanov
Stoyanov
Stoyan Stoyanov
Stoyanov
Kostadin Stoykov
Stoykov
Johanna Strotzer Kuhfu
Strotzer
Kuhfu
Vra truncov Linhartov
truncov
Linhartov
Drte Stdemann
Stdemann
Su Huijuan
Huijuan
Su Liqun
Liqun
Jos David Surez Prez
David
Surez
Prez
Jan Such
Such
Luis Pedro Suela Mndez
Pedro
Suela
Mndez
Sadatoshi Sugahara
Sugahara
Kimio Sugimoto
Sugimoto
Akemi Sugiyama
Sugiyama
Kayoko Sugiyama
Sugiyama
Sachiko Sugiyama
Sugiyama
Sui Shengsheng
Shengsheng
Jean Luc "Suo" Rosat
Luc
"Suo"
Rosat
Grigory "Greg" Sukochev
"Greg"
Sukochev
Erik Thomas Sullivan
Thomas
Sullivan
Sun MiSook
MiSook
Sun Yue
Yue
Paul Benedict Sunderland
Benedict
Sunderland
Ernest Emil "Ernie" Suwara, Jr.
Emil
"Ernie"
Suwara,
Jr.
Rudolph "Rudy" Suwara
"Rudy"
Suwara
Donald Suxho
Suxho
Ji Svoboda
Svoboda
Irena Svobodov Pettinari
Svobodov
Pettinari
Alojzy widerek
widerek
Sebastian Krzysztof widerski
Krzysztof
widerski
Pieter "Piet" Swieter
"Piet"
Swieter
Olena Sydorenko
Sydorenko
Stacy Denise Sykora
Denise
Sykora
Miriam Fatime Sylla
Fatime
Sylla
Judith Sylvester Siebert
Sylvester
Siebert
Juliana Szalonna Simon
Szalonna
Simon
Robert Szczerbaniuk
Szczerbaniuk
Zofia Antonina Szczeniewska Bryszewska
Antonina
Szczeniewska
Bryszewska
Zsuzsanna "Zsuzsa" Szloboda
"Zsuzsa"
Szloboda
Iuliu Szcs
Szcs
Jerzy Szymczyk
Szymczyk
Mariusz Szyszko
Szyszko
Foudil Taalba
Taalba
Charlene Johnson Tagaloa
Johnson
Tagaloa
Cecilia Roxana Tait Villacorta
Roxana
Tait
Villacorta
Asako Tajimi
Tajimi
Miyuki Takahashi
Takahashi
Yukiko Takahashi
Takahashi
Suzue Takayama
Takayama
Shoko Takayanagi Yoshida
Takayanagi
Yoshida
Yoshie Takeshita Egusa
Takeshita
Egusa
Reiko Takizawa
Takizawa
Talmo Curto de Oliveira
Curto
Oliveira
Mikiyasu Tanaka
Tanaka
eljko Tanaskovi
Tanaskovi
Tandara Caixeta
Caixeta
Alexandre "Tande" Ramos Samuel
"Tande"
Ramos
Samuel
Kinuko Tanida Idogawa
Tanida
Idogawa
Troy Richard Tanner
Richard
Tanner
Anouer Taouerghi
Taouerghi
Melania Tartabull Carrasco
Tartabull
Carrasco
Abigael Tarus
Tarus
Ivan Tasev
Tasev
Aleksandar Tasevski
Tasevski
Kanami Tashiro
Tashiro
Mihly Tatr
Tatr
Alan Taylor
Taylor
Jennifer Taylor
Taylor
John Franklin Taylor
Franklin
Taylor
Christelle Nana Tchoudjang
Nana
Tchoudjang
Irina Viktorovna Tebenikhina
Viktorovna
Tebenikhina
Mourad AlTebourski
AlTebourski
Martin Teffer
Teffer
Rita de Cssia Teixeira
Cssia
Teixeira
Carlos Arturo Tejeda Rivera
Arturo
Tejeda
Rivera
Dulce Mara Tllez Palacio
Mara
Tllez
Palacio
Imilsis Tllez Quesada
Tllez
Quesada
Faycal Tellouche
Tellouche
Borys Pavlovych Tereshchuk
Pavlovych
Tereshchuk
Sigrid Terstegge
Terstegge
Sergey Yuryevich Tetyukhin
Yuryevich
Tetyukhin
Thasa Daher de Menezes
Daher
Menezes
Mohamed Thakil
Thakil
Hans Peter Tholse
Peter
Tholse
Verneda Estella "Neda" Thomas
Estella
"Neda"
Thomas
Courtney Lynn Thompson
Lynn
Thompson
Brian Charles Thornton
Charles
Thornton
Birgit Thumm
Thumm
Irena Tich Hrdkov
Tich
Hrdkov
Eckhard Tielscher
Tielscher
Tamara Petrovna Tikhonina Kliger
Petrovna
Tikhonina
Kliger
Kvin Tillie
Tillie
Laurent Tillie
Tillie
Steven Dennis "Steve" Timmons
Dennis
"Steve"
Timmons
Yuliya Vladimirovna Timonova
Vladimirovna
Timonova
Cristina "Tina" Pacheco Lopes
"Tina"
Pacheco
Lopes
Johannes Gerardus George "Joop" Tinkhof
Gerardus
George
"Joop"
Tinkhof
Simon Tischer
Tischer
Yelizaveta Ivanovna Tishchenko
Ivanovna
Tishchenko
Lies Tizioualou
Tizioualou
Mitko Todorov
Todorov
Teodor Ivanov Todorov
Ivanov
Todorov
Natalia Todorovschi Cernat
Todorovschi
Cernat
Paolo Tofoli
Tofoli
Elisa Togut
Togut
Bahar Toksoy
Toksoy
Logan Maile Lei Tom
Maile
Lei
Tom
Ladislav Toman
Toman
Jaroslav Tom
Tom
Kosuke Tomonaga
Tomonaga
Dimo Georgiev Tonev
Georgiev
Tonev
Benjamin Toniutti
Toniutti
Chiho Torii
Torii
gnes Torma
Torma
Gina Torrealva
Torrealva
Inmaculada Torres Cerezo
Torres
Cerezo
Regla Radameris Torres Herrera
Radameris
Torres
Herrera
Ana Mara Tostado Domingo
Mara
Tostado
Domingo
Kathryn "Kathy" Tough
"Kathy"
Tough
Majdi Toumi
Toumi
Walter Toussaint
Toussaint
Scott Joseph Touzinsky
Joseph
Touzinsky
Mohammed AlTrabelsi
AlTrabelsi
Dragan Travica
Travica
Ljubomir Travica
Travica
Aleksandar Trenev
Trenev
Emil Trenev
Trenev
Vladimir Trifunovi
Trifunovi
Jeroen Paul Trommel
Paul
Trommel
Murphy Edward Troy
Edward
Troy
Faza Tsabet
Tsabet
Antonios Tsakiropoulos
Tsakiropoulos
Tsano Tsanov
Tsanov
Rainer Tscharke
Tscharke
Katsutoshi Tsumagari
Tsumagari
Khristo Tsvetanov
Tsvetanov
Ferenc Tske
Tske
Ulf Ttken
Ttken
Mircea TutovanCodoi
TutovanCodoi
Aden Tutton
Tutton
Lyubov Nikolayevna Tyurina Yevtushenko
Nikolayevna
Tyurina
Yevtushenko
Georgia Tzanakaki
Tzanakaki
Kerstin Tzscherlich
Tzscherlich
Milagros Jessenica Uceda
Jessenica
Uceda
Gabriel Doru Uditeanu
Doru
Uditeanu
Tatsuya Ueta
Ueta
Vladimir Viktorovich Ulanov
Viktorovich
Ulanov
Leszek Urbanowicz
Urbanowicz
Lucila Urgelles Savon
Urgelles
Savon
Jon Emili Uriarte
Emili
Uriarte
Nicols Uriarte
Uriarte
Cenaida Cebastiana Uribe Medina
Cebastiana
Uribe
Medina
Daisuke Usami
Usami
Konstantin Anatolyevich Ushakov
Anatolyevich
Ushakov
Polen Uslupehlivan
Uslupehlivan
Petar Uzunov
Uzunov
Bernard Vaillant
Vaillant
Pavel Valach
Valach
Emil Valchev
Valchev
Idalberto Valdes Pedro
Valdes
Pedro
Natalia Cristina Valentn Len
Cristina
Valentn
Len
Rodman Jos Valera Capon
Jos
Valera
Capon
Mara Alejandra Valero Balaguer
Alejandra
Valero
Balaguer
Valeska "Valeskinha" dos Santos Menezes
"Valeskinha"
dos
Santos
Menezes
Alexis Valido Moreno
Valido
Moreno
Hidde "Shane" Van Beest
"Shane"
Van
Beest
Sebastiaan Jacques Henri "Bas" van de Goor
Jacques
Henri
"Bas"
van
Goor
Mike Willem Frank van de Goor
Willem
Frank
van
Goor
Johannes "Jan" van der Hoek
"Jan"
van
der
Hoek
Johannes Martinus "Martin" van der Horst
Martinus
"Martin"
van
der
Horst
Roelof Anttonius "Olof" van der Meulen
Anttonius
"Olof"
van
der
Meulen
Dingeman "Dinco" van der Stoep
"Dinco"
van
der
Stoep
Kay van Dijk
van
Dijk
Hendrik Theodorus Petrus "DirkJan" van Gendt
Theodorus
Petrus
"DirkJan"
van
Gendt
Johanna Antoinette Petronella "Saskia" van Hintum Kooijmans
Antoinette
Petronella
"Saskia"
van
Hintum
Kooijmans
Claudia Elisabeth Maria van Thiel
Elisabeth
Maria
van
Thiel
Johan Wilhelm "Hans" van Wijnen
Wilhelm
"Hans"
van
Wijnen
Roger Vandergoten
Vandergoten
Audrey Vandervelden
Vandervelden
Ronald Vandewal
Vandewal
Lia Vanea
Vanea
Ricardo Vantes Rodrguez
Vantes
Rodrguez
Milan Vpenka
Vpenka
Jana Vpenkov Hlkov
Vpenkov
Hlkov
Annerys Victoria Vargas Valdez
Victoria
Vargas
Valdez
Daniel Vargas Osorio
Vargas
Osorio
Janet Daria Vasconzuelos
Daria
Vasconzuelos
Milan Vai
Vai
Yelena Vasilyevna Vasilevskaya
Vasilyevna
Vasilevskaya
Paolo Vecchi
Vecchi
Norma Velarde Alvarez
Velarde
Alvarez
Pedro "Pete" Velasco, Jr.
"Pete"
Velasco,
Jr.
Stefana Veljkovi
Veljkovi
Shara Marie Venegas Medina
Marie
Venegas
Medina
Yuriy Naumovych Venherovskiy
Naumovych
Venherovskiy
Aleksey Igoryevich Verbov
Igoryevich
Verbov
Rudy Verhoeff
Verhoeff
Valerio Vermiglio
Vermiglio
Jovana Vesovi
Vesovi
Vera Aleksandrovna Vetrova Ulyakina
Aleksandrovna
Vetrova
Ulyakina
Luca Vettori
Vettori
Benjamn Vicedo Mayor
Vicedo
Mayor
Graham Vigrass
Vigrass
Ral Vilches More
Vilches
More
Raimonds Vilde
Vilde
Regina dos Santos Vilela
dos
Santos
Vilela
Amarylis Eloina Villar Mayora
Eloina
Villar
Mayora
Claudina Villaurrutia Garca
Villaurrutia
Garca
Ludmila Vindukov Pltenkov
Vindukov
Pltenkov
Virna Cristine Dantes Dias
Cristine
Dantes
Dias
Ingrid Louise Visser
Louise
Visser
Nicolas Ernesto Vives Coffigne
Ernesto
Vives
Coffigne
Ioanna Vlakhou
Vlakhou
Hana Vlaskov Marcoliniov
Vlaskov
Marcoliniov
Aleksandr Aleksandrovich Volkov
Aleksandrovich
Volkov
Dmitry Aleksandrovich Volkov
Aleksandrovich
Volkov
Yelena Pavlovna Volkova
Pavlovna
Volkova
Julie Jo Vollertsen Melli
Vollertsen
Melli
Marco Antnio Volpi
Antnio
Volpi
Artyom Aleksandrovich Volvich
Aleksandrovich
Volvich
HansGeorg von der Ohe
von
der
Ohe
Katrina von Sass
von
Sass
Josef Vondrka
Vondrka
Irina Andreyevna Voronkova
Andreyevna
Voronkova
Dmitry Vyacheslavovich Voskoboynikov
Vyacheslavovich
Voskoboynikov
Regina Vossen
Vossen
Goran Vujevi
Vujevi
Fabio Vullo
Vullo
Igor Vuurovi
Vuurovi
Carlos E. Wagenpfeil
Wagenpfeil
Hubert Aleksander Jerzy Wagner
Aleksander
Jerzy
Wagner
Randolph "Randy" Wagner
"Randy"
Wagner
Fernand Walder
Walder
Marc Robert Waldie
Robert
Waldie
Walewska Moreira de Oliveira
Moreira
Oliveira
Wallace Leandro de Souza
Leandro
Souza
Kerri Lee Walsh Jennings
Lee
Walsh
Jennings
Christine WaltherMummhardt
WaltherMummhardt
Deraldo Peixoto Wanderley
Peixoto
Wanderley
Wang Lina
Lina
Wang Yajun
Yajun
Wang Yi
Wang Yimei
Yimei
Wang Ziling
Ziling
Janet Wanja
Wanja
Doris WanjalaWefwafwa
WanjalaWefwafwa
Catherine Wanjiru
Wanjiru
Jane Lois Ward
Lois
Ward
Nancy Lusanji Waswa
Lusanji
Waswa
Tammy June WebbLiley
June
WebbLiley
Carlos Javier Weber
Javier
Weber
Wolfgang Webner
Webner
Henritte Weersing
Weersing
Wei Qiuyue
Qiuyue
Wolfgang Weise
Weise
Paula Jo Weishoff Hanold
Weishoff
Hanold
Russell Wentworth
Wentworth
Anke Westendorf Maukel
Westendorf
Maukel
Allison Elizabeth Weston
Elizabeth
Weston
Ursula Westphal
Westphal
Emily Wesutila
Wesutila
Mercy Wesutila
Wesutila
Adam White
White
Rachel White
White
Lucy Mauritia Wicks
Mauritia
Wicks
Wanda WiechaWanot
WiechaWanot
Brit Wiedemann
Wiedemann
Sandra Wiegers
Wiegers
Leonardo C. Wiernes
Wiernes
Marcin Wika
Wika
Claudia Wilke Nast
Wilke
Nast
William Carvalho da Silva
Carvalho
Silva
Lincoln Alexander Williams
Alexander
Williams
Mark Williams
Williams
Gregory Neil Williscroft
Neil
Williscroft
Bradley Scott Willock
Scott
Willock
Kim Marie Willoughby
Marie
Willoughby
Micha Winiarski
Winiarski
Brett Howard Winslow
Howard
Winslow
Frdric "Fred" Winters
"Fred"
Winters
Andrew Elmore "Andy" Witt
Elmore
"Andy"
Witt
Gudrun Witte Burschik
Witte
Burschik
Mariusz ukasz Wlazy
ukasz
Wlazy
Pawe Mateusz Woicki
Mateusz
Woicki
Tomasz Wjtowicz
Wjtowicz
ric Wolfer
Wolfer
Susan Jean "Sue" Woodstra
Jean
"Sue"
Woodstra
Wu Dan
Dan
Wu Yongmei
Yongmei
Mrio "Xand" de Oliveira Neto
"Xand"
Oliveira
Neto
Xiao Qingsong
Qingsong
Xu Yunli
Yunli
Xue Ming
Ming
Roman Nikolayevich Yakovlev
Nikolayevich
Yakovlev
Shuji Yamada
Yamada
Mai Yamaguchi
Yamaguchi
Takahiro Yamamoto
Yamamoto
Kota Yamamura
Yamamura
Miyako Yamashita
Yamashita
Noriko Yamashita Nishi
Yamashita
Nishi
Mika Yamauchi
Yamauchi
Yaeko Yamazaki
Yamazaki
Yan Jianming
Jianming
Yan Ni
Shoichi Yanagimoto
Yanagimoto
Yang Fangxu
Fangxu
Yang Hao
Hao
Yang HyoJin
HyoJin
Yang JinSu
JinSu
Yang JinUng
JinUng
Yang Junjing
Junjing
Yang Liqun
Liqun
Yang Xiaojun
Xiaojun
Yang Xilan
Xilan
Hiromi Yano Ikeda
Yano
Ikeda
Yasunori Yasuda
Yasuda
Andrey Nikolayevich Yegorchev
Nikolayevich
Yegorchev
Artyom Sergeyevich Yermakov
Sergeyevich
Yermakov
Aleksandr Borisovich Yermilov
Borisovich
Yermilov
Yeum HyeSeon
HyeSeon
Yelena Igorevna Yezhova Kuzmina
Igorevna
Yezhova
Kuzmina
Yin Yin
Yin
Tadayoshi Yokota
Yokota
Juri Yokoyama Nishikawa
Yokoyama
Nishikawa
Kazutomo Yoneyama
Yoneyama
Boyan Yordanov
Yordanov
Mariko Yoshida
Yoshida
Setsuko Yoshida
Yoshida
Tomoko Yoshihara
Yoshihara
Viktor Ganchev Yosifov
Ganchev
Yosifov
Matthew Young
Young
Elaine Clara Marie Hermenia Youngs
Clara
Marie
Hermenia
Youngs
Saleh Youssef
Youssef
Yu ChunJa
ChunJa
Yu Dawei
Dawei
Yu GyeongHwa
GyeongHwa
Yu JeongHye
JeongHye
Yu Juemin
Juemin
Yu JungTak
JungTak
Yu YeongMi
YeongMi
Yuan Xinyue
Xinyue
Yuan Zhi
Zhi
Igor Yudin
Yudin
Yun JeongHye
JeongHye
Yun JeongSuk
JeongSuk
Yun YeongNae
YeongNae
Zoya Fyodorovna Yusova Kosacheva
Fyodorovna
Yusova
Kosacheva
Pawe Lech Zagumny
Lech
Zagumny
Irina Zaitseva
Zaitseva
Lubomr Zajek
Zajek
Awad Zakka
Zakka
Miloud Zakka
Zakka
Yulissa Noelia Zamudio Orl
Noelia
Zamudio
Orl
Hamzeh Zarini
Zarini
Jamal Zarugh
Zarugh
Irina Vladimirovna Zaryazhko
Vladimirovna
Zaryazhko
Zbigniew Zarzycki
Zarzycki
Pawe Zatorski
Zatorski
Kotoki Zayasu
Zayasu
Leonid Nikolayevich Zayko
Nikolayevich
Zayko
Ivan Zaytsev
Zaytsev
Vyacheslav Alekseyevich Zaytsev
Alekseyevich
Zaytsev
Stanisaw Zduczyk
Zduczyk
Jos Roberto "Z Roberto" Lages Guimares
Roberto
Roberto"
Lages
Guimares
Luiz Eymard Coelho Zech
Eymard
Coelho
Zech
Zeng Chunlei
Chunlei
Mariola Katarzyna Zenik Barbachowska
Katarzyna
Zenik
Barbachowska
Yoko Karin Zetterlund Bush, Hiroshi
Karin
Zetterlund
Bush,
Hiroshi
Zhang Changning
Changning
Zhang Lei
Lei
Zhang Na
Zhang Ping
Ping
Zhang Rongfang
Rongfang
Zhang Xian
Xian
Zhang Yousheng
Yousheng
Zhang Yuehong
Yuehong
Zhao Feng
Feng
Zhao Ruirui
Ruirui
Andrey Zhekov
Zhekov
Nikola Zhelyazkov
Zhelyazkov
Zheng Meizhu
Meizhu
Zhou Hong
Hong
Zhou Suhong
Suhong
Zhu Ling
Ling
Zhu Ting
Ting
Zhu Yunying
Yunying
Nataliya Gennadyevna Zhukova Rykova
Gennadyevna
Zhukova
Rykova
Aidan Zingel
Zingel
Uwe Zitranski
Zitranski
Bojana ivkovi
ivkovi
Dimitar Popov Zlatanov
Popov
Zlatanov
Hristo Zlatanov
Zlatanov
Ronald Zoodsma
Zoodsma
Andrea Zorzi
Zorzi
Hakim Zouari
Zouari
Ahmed Zoubi
Zoubi
Claudio F. Zulianello
Zulianello
Zuo Yue
Yue
Ronald Ferdinand "Ron" Zwerver
Ferdinand
"Ron"
Zwerver
ukasz Tomasz ygado
Tomasz
ygado
